
*** Running vivado
    with args -log axi_traffic_gen_0.vds -m64 -product Vivado -mode batch -messageDb vivado.pb -notrace -source axi_traffic_gen_0.tcl


****** Vivado v2022.2 (64-bit)
  **** SW Build 3671981 on Fri Oct 14 04:59:54 MDT 2022
  **** IP Build 3669848 on Fri Oct 14 08:30:02 MDT 2022
    ** Copyright 1986-2022 Xilinx, Inc. All Rights Reserved.

source axi_traffic_gen_0.tcl -notrace
INFO: [IP_Flow 19-234] Refreshing IP repositories
INFO: [IP_Flow 19-1700] Loaded user IP repository '/home/nagafusa/work/spadi/Fakernet/ip_repo/SAMPA_PON_1_0'.
INFO: [IP_Flow 19-1700] Loaded user IP repository '/home/nagafusa/work/spadi/Fakernet/ip_repo/I2C_Controller_1_0'.
INFO: [IP_Flow 19-1700] Loaded user IP repository '/home/nagafusa/work/spadi/Fakernet/ip_repo/start_i2c_write_1_0'.
WARNING: [IP_Flow 19-2248] Failed to load user IP repository '/home/nagafusa/work/spadi/Fakernet/ip_repo/I2C_controller_1_0'; Can't find the specified path.
If this directory should no longer be in your list of user repositories, go to the IP Settings dialog and remove it.
WARNING: [IP_Flow 19-2207] Repository '/home/nagafusa/work/spadi/Fakernet/ip_repo/I2C_controller_1_0' already exists; ignoring attempt to add it again.
WARNING: [IP_Flow 19-2248] Failed to load user IP repository '/home/nagafusa/work/spadi/Fakernet/ip_repo/I2C_controller_1_0'; Can't find the specified path.
If this directory should no longer be in your list of user repositories, go to the IP Settings dialog and remove it.
INFO: [IP_Flow 19-2313] Loaded Vivado IP repository '/opt/Xilinx/Vivado/2022.2/data/ip'.
INFO: [IP_Flow 19-6924] IPCACHE: Running cache check for IP inst: axi_traffic_gen_0
Command: synth_design -top axi_traffic_gen_0 -part xcau15p-sbvb484-1-i -incremental_mode off -mode out_of_context
Starting synth_design
Attempting to get a license for feature 'Synthesis' and/or device 'xcau15p'
INFO: [Common 17-349] Got license for feature 'Synthesis' and/or device 'xcau15p'
INFO: [Device 21-403] Loading part xcau15p-sbvb484-1-i
INFO: [Synth 8-7079] Multithreading enabled for synth_design using a maximum of 4 processes.
INFO: [Synth 8-7078] Launching helper process for spawning children vivado processes
INFO: [Synth 8-7075] Helper process launched with PID 4053081
INFO: [Synth 8-11241] undeclared symbol 'REGCCE', assumed default net type 'wire' [/opt/Xilinx/Vivado/2022.2/data/verilog/src/unimacro/BRAM_SINGLE_MACRO.v:2170]
WARNING: [Synth 8-10929] literal value 'hff truncated to fit in 7 bits [/home/nagafusa/work/spadi/Fakernet/axi_iic_0_ex/axi_iic_0_ex.gen/sources_1/ip/axi_traffic_gen_0/hdl/axi_traffic_gen_v3_0_rfs.v:1633]
WARNING: [Synth 8-11065] parameter 'bmg_xpm_sel' becomes localparam in 'axi_traffic_gen_v3_0_13_systeminit_dmg' with formal parameter declaration list [/home/nagafusa/work/spadi/Fakernet/axi_iic_0_ex/axi_iic_0_ex.gen/sources_1/ip/axi_traffic_gen_0/hdl/axi_traffic_gen_v3_0_rfs.v:13992]
---------------------------------------------------------------------------------
Starting RTL Elaboration : Time (s): cpu = 00:00:02 ; elapsed = 00:00:03 . Memory (MB): peak = 2150.957 ; gain = 366.625 ; free physical = 30890 ; free virtual = 49123
Synthesis current peak Physical Memory [PSS] (MB): peak = 1402.352; parent = 1259.304; children = 143.048
Synthesis current peak Virtual Memory [VSS] (MB): peak = 3125.406; parent = 2156.898; children = 968.508
---------------------------------------------------------------------------------
INFO: [Synth 8-6157] synthesizing module 'axi_traffic_gen_0' [/home/nagafusa/work/spadi/Fakernet/axi_iic_0_ex/axi_iic_0_ex.gen/sources_1/ip/axi_traffic_gen_0/synth/axi_traffic_gen_0.v:53]
INFO: [Synth 8-6157] synthesizing module 'axi_traffic_gen_v3_0_13_top' [/home/nagafusa/work/spadi/Fakernet/axi_iic_0_ex/axi_iic_0_ex.gen/sources_1/ip/axi_traffic_gen_0/hdl/axi_traffic_gen_v3_0_rfs.v:15463]
INFO: [Synth 8-6157] synthesizing module 'axi_traffic_gen_v3_0_13_systeminit_top' [/home/nagafusa/work/spadi/Fakernet/axi_iic_0_ex/axi_iic_0_ex.gen/sources_1/ip/axi_traffic_gen_0/hdl/axi_traffic_gen_v3_0_rfs.v:15035]
INFO: [Synth 8-6157] synthesizing module 'axi_traffic_gen_v3_0_13_systeminit_dmg' [/home/nagafusa/work/spadi/Fakernet/axi_iic_0_ex/axi_iic_0_ex.gen/sources_1/ip/axi_traffic_gen_0/hdl/axi_traffic_gen_v3_0_rfs.v:13977]
INFO: [Synth 8-6157] synthesizing module 'xpm_memory_spram' [/opt/Xilinx/Vivado/2022.2/data/ip/xpm/xpm_memory/hdl/xpm_memory.sv:8650]
INFO: [Synth 8-6157] synthesizing module 'xpm_memory_base' [/opt/Xilinx/Vivado/2022.2/data/ip/xpm/xpm_memory/hdl/xpm_memory.sv:56]
INFO: [Synth 8-3876] $readmem data file 'axi_traffic_gen_0_mask.mem' is read successfully [/opt/Xilinx/Vivado/2022.2/data/ip/xpm/xpm_memory/hdl/xpm_memory.sv:1132]
INFO: [Synth 8-6155] done synthesizing module 'xpm_memory_base' (0#1) [/opt/Xilinx/Vivado/2022.2/data/ip/xpm/xpm_memory/hdl/xpm_memory.sv:56]
INFO: [Synth 8-6155] done synthesizing module 'xpm_memory_spram' (0#1) [/opt/Xilinx/Vivado/2022.2/data/ip/xpm/xpm_memory/hdl/xpm_memory.sv:8650]
INFO: [Synth 8-6155] done synthesizing module 'axi_traffic_gen_v3_0_13_systeminit_dmg' (0#1) [/home/nagafusa/work/spadi/Fakernet/axi_iic_0_ex/axi_iic_0_ex.gen/sources_1/ip/axi_traffic_gen_0/hdl/axi_traffic_gen_v3_0_rfs.v:13977]
INFO: [Synth 8-6157] synthesizing module 'axi_traffic_gen_v3_0_13_systeminit_dmg__parameterized0' [/home/nagafusa/work/spadi/Fakernet/axi_iic_0_ex/axi_iic_0_ex.gen/sources_1/ip/axi_traffic_gen_0/hdl/axi_traffic_gen_v3_0_rfs.v:13977]
INFO: [Synth 8-6157] synthesizing module 'xpm_memory_spram__parameterized0' [/opt/Xilinx/Vivado/2022.2/data/ip/xpm/xpm_memory/hdl/xpm_memory.sv:8650]
INFO: [Synth 8-6157] synthesizing module 'xpm_memory_base__parameterized0' [/opt/Xilinx/Vivado/2022.2/data/ip/xpm/xpm_memory/hdl/xpm_memory.sv:56]
INFO: [Synth 8-3876] $readmem data file 'axi_traffic_gen_0_ctrl.mem' is read successfully [/opt/Xilinx/Vivado/2022.2/data/ip/xpm/xpm_memory/hdl/xpm_memory.sv:1132]
INFO: [Synth 8-6155] done synthesizing module 'xpm_memory_base__parameterized0' (0#1) [/opt/Xilinx/Vivado/2022.2/data/ip/xpm/xpm_memory/hdl/xpm_memory.sv:56]
INFO: [Synth 8-6155] done synthesizing module 'xpm_memory_spram__parameterized0' (0#1) [/opt/Xilinx/Vivado/2022.2/data/ip/xpm/xpm_memory/hdl/xpm_memory.sv:8650]
INFO: [Synth 8-6155] done synthesizing module 'axi_traffic_gen_v3_0_13_systeminit_dmg__parameterized0' (0#1) [/home/nagafusa/work/spadi/Fakernet/axi_iic_0_ex/axi_iic_0_ex.gen/sources_1/ip/axi_traffic_gen_0/hdl/axi_traffic_gen_v3_0_rfs.v:13977]
INFO: [Synth 8-6157] synthesizing module 'axi_traffic_gen_v3_0_13_systeminit_dmg__parameterized1' [/home/nagafusa/work/spadi/Fakernet/axi_iic_0_ex/axi_iic_0_ex.gen/sources_1/ip/axi_traffic_gen_0/hdl/axi_traffic_gen_v3_0_rfs.v:13977]
INFO: [Synth 8-6157] synthesizing module 'xpm_memory_spram__parameterized1' [/opt/Xilinx/Vivado/2022.2/data/ip/xpm/xpm_memory/hdl/xpm_memory.sv:8650]
INFO: [Synth 8-6157] synthesizing module 'xpm_memory_base__parameterized1' [/opt/Xilinx/Vivado/2022.2/data/ip/xpm/xpm_memory/hdl/xpm_memory.sv:56]
INFO: [Synth 8-3876] $readmem data file 'axi_traffic_gen_0_addr.mem' is read successfully [/opt/Xilinx/Vivado/2022.2/data/ip/xpm/xpm_memory/hdl/xpm_memory.sv:1132]
INFO: [Synth 8-6155] done synthesizing module 'xpm_memory_base__parameterized1' (0#1) [/opt/Xilinx/Vivado/2022.2/data/ip/xpm/xpm_memory/hdl/xpm_memory.sv:56]
INFO: [Synth 8-6155] done synthesizing module 'xpm_memory_spram__parameterized1' (0#1) [/opt/Xilinx/Vivado/2022.2/data/ip/xpm/xpm_memory/hdl/xpm_memory.sv:8650]
INFO: [Synth 8-6155] done synthesizing module 'axi_traffic_gen_v3_0_13_systeminit_dmg__parameterized1' (0#1) [/home/nagafusa/work/spadi/Fakernet/axi_iic_0_ex/axi_iic_0_ex.gen/sources_1/ip/axi_traffic_gen_0/hdl/axi_traffic_gen_v3_0_rfs.v:13977]
INFO: [Synth 8-6157] synthesizing module 'axi_traffic_gen_v3_0_13_systeminit_dmg__parameterized2' [/home/nagafusa/work/spadi/Fakernet/axi_iic_0_ex/axi_iic_0_ex.gen/sources_1/ip/axi_traffic_gen_0/hdl/axi_traffic_gen_v3_0_rfs.v:13977]
INFO: [Synth 8-6157] synthesizing module 'xpm_memory_spram__parameterized2' [/opt/Xilinx/Vivado/2022.2/data/ip/xpm/xpm_memory/hdl/xpm_memory.sv:8650]
INFO: [Synth 8-6157] synthesizing module 'xpm_memory_base__parameterized2' [/opt/Xilinx/Vivado/2022.2/data/ip/xpm/xpm_memory/hdl/xpm_memory.sv:56]
INFO: [Synth 8-3876] $readmem data file 'axi_traffic_gen_0_data.mem' is read successfully [/opt/Xilinx/Vivado/2022.2/data/ip/xpm/xpm_memory/hdl/xpm_memory.sv:1132]
INFO: [Synth 8-6155] done synthesizing module 'xpm_memory_base__parameterized2' (0#1) [/opt/Xilinx/Vivado/2022.2/data/ip/xpm/xpm_memory/hdl/xpm_memory.sv:56]
INFO: [Synth 8-6155] done synthesizing module 'xpm_memory_spram__parameterized2' (0#1) [/opt/Xilinx/Vivado/2022.2/data/ip/xpm/xpm_memory/hdl/xpm_memory.sv:8650]
INFO: [Synth 8-6155] done synthesizing module 'axi_traffic_gen_v3_0_13_systeminit_dmg__parameterized2' (0#1) [/home/nagafusa/work/spadi/Fakernet/axi_iic_0_ex/axi_iic_0_ex.gen/sources_1/ip/axi_traffic_gen_0/hdl/axi_traffic_gen_v3_0_rfs.v:13977]
INFO: [Synth 8-6157] synthesizing module 'axi_traffic_gen_v3_0_13_static_cmdgen' [/home/nagafusa/work/spadi/Fakernet/axi_iic_0_ex/axi_iic_0_ex.gen/sources_1/ip/axi_traffic_gen_0/hdl/axi_traffic_gen_v3_0_rfs.v:9945]
INFO: [Synth 8-6155] done synthesizing module 'axi_traffic_gen_v3_0_13_static_cmdgen' (0#1) [/home/nagafusa/work/spadi/Fakernet/axi_iic_0_ex/axi_iic_0_ex.gen/sources_1/ip/axi_traffic_gen_0/hdl/axi_traffic_gen_v3_0_rfs.v:9945]
INFO: [Synth 8-6157] synthesizing module 'axi_traffic_gen_v3_0_13_systeminit_mrdwr' [/home/nagafusa/work/spadi/Fakernet/axi_iic_0_ex/axi_iic_0_ex.gen/sources_1/ip/axi_traffic_gen_0/hdl/axi_traffic_gen_v3_0_rfs.v:14206]
INFO: [Synth 8-6155] done synthesizing module 'axi_traffic_gen_v3_0_13_systeminit_mrdwr' (0#1) [/home/nagafusa/work/spadi/Fakernet/axi_iic_0_ex/axi_iic_0_ex.gen/sources_1/ip/axi_traffic_gen_0/hdl/axi_traffic_gen_v3_0_rfs.v:14206]
INFO: [Synth 8-6155] done synthesizing module 'axi_traffic_gen_v3_0_13_systeminit_top' (0#1) [/home/nagafusa/work/spadi/Fakernet/axi_iic_0_ex/axi_iic_0_ex.gen/sources_1/ip/axi_traffic_gen_0/hdl/axi_traffic_gen_v3_0_rfs.v:15035]
INFO: [Synth 8-6157] synthesizing module 'axi_traffic_gen_v3_0_13_asynch_rst_ff' [/home/nagafusa/work/spadi/Fakernet/axi_iic_0_ex/axi_iic_0_ex.gen/sources_1/ip/axi_traffic_gen_0/hdl/axi_traffic_gen_v3_0_rfs.v:55]
INFO: [Synth 8-6155] done synthesizing module 'axi_traffic_gen_v3_0_13_asynch_rst_ff' (0#1) [/home/nagafusa/work/spadi/Fakernet/axi_iic_0_ex/axi_iic_0_ex.gen/sources_1/ip/axi_traffic_gen_0/hdl/axi_traffic_gen_v3_0_rfs.v:55]
INFO: [Synth 8-638] synthesizing module 'cdc_sync' [/home/nagafusa/work/spadi/Fakernet/axi_iic_0_ex/axi_iic_0_ex.gen/sources_1/ip/axi_traffic_gen_0/hdl/lib_cdc_v1_0_rfs.vhd:106]
	Parameter INIT bound to: 1'b0 
INFO: [Synth 8-113] binding component instance 'CROSS_PLEVEL_IN2SCNDRY_IN_cdc_to' to cell 'FDR' [/home/nagafusa/work/spadi/Fakernet/axi_iic_0_ex/axi_iic_0_ex.gen/sources_1/ip/axi_traffic_gen_0/hdl/lib_cdc_v1_0_rfs.vhd:514]
	Parameter INIT bound to: 1'b0 
INFO: [Synth 8-113] binding component instance 'CROSS_PLEVEL_IN2SCNDRY_s_level_out_d2' to cell 'FDR' [/home/nagafusa/work/spadi/Fakernet/axi_iic_0_ex/axi_iic_0_ex.gen/sources_1/ip/axi_traffic_gen_0/hdl/lib_cdc_v1_0_rfs.vhd:545]
	Parameter INIT bound to: 1'b0 
INFO: [Synth 8-113] binding component instance 'CROSS_PLEVEL_IN2SCNDRY_s_level_out_d3' to cell 'FDR' [/home/nagafusa/work/spadi/Fakernet/axi_iic_0_ex/axi_iic_0_ex.gen/sources_1/ip/axi_traffic_gen_0/hdl/lib_cdc_v1_0_rfs.vhd:554]
	Parameter INIT bound to: 1'b0 
INFO: [Synth 8-113] binding component instance 'CROSS_PLEVEL_IN2SCNDRY_s_level_out_d4' to cell 'FDR' [/home/nagafusa/work/spadi/Fakernet/axi_iic_0_ex/axi_iic_0_ex.gen/sources_1/ip/axi_traffic_gen_0/hdl/lib_cdc_v1_0_rfs.vhd:564]
	Parameter INIT bound to: 1'b0 
INFO: [Synth 8-113] binding component instance 'CROSS_PLEVEL_IN2SCNDRY_s_level_out_d5' to cell 'FDR' [/home/nagafusa/work/spadi/Fakernet/axi_iic_0_ex/axi_iic_0_ex.gen/sources_1/ip/axi_traffic_gen_0/hdl/lib_cdc_v1_0_rfs.vhd:574]
	Parameter INIT bound to: 1'b0 
INFO: [Synth 8-113] binding component instance 'CROSS_PLEVEL_IN2SCNDRY_s_level_out_d6' to cell 'FDR' [/home/nagafusa/work/spadi/Fakernet/axi_iic_0_ex/axi_iic_0_ex.gen/sources_1/ip/axi_traffic_gen_0/hdl/lib_cdc_v1_0_rfs.vhd:584]
INFO: [Synth 8-256] done synthesizing module 'cdc_sync' (0#1) [/home/nagafusa/work/spadi/Fakernet/axi_iic_0_ex/axi_iic_0_ex.gen/sources_1/ip/axi_traffic_gen_0/hdl/lib_cdc_v1_0_rfs.vhd:106]
INFO: [Synth 8-6155] done synthesizing module 'axi_traffic_gen_v3_0_13_top' (0#1) [/home/nagafusa/work/spadi/Fakernet/axi_iic_0_ex/axi_iic_0_ex.gen/sources_1/ip/axi_traffic_gen_0/hdl/axi_traffic_gen_v3_0_rfs.v:15463]
INFO: [Synth 8-6155] done synthesizing module 'axi_traffic_gen_0' (0#1) [/home/nagafusa/work/spadi/Fakernet/axi_iic_0_ex/axi_iic_0_ex.gen/sources_1/ip/axi_traffic_gen_0/synth/axi_traffic_gen_0.v:53]
WARNING: [Synth 8-3848] Net cmd_out_mr in module/entity axi_traffic_gen_v3_0_13_static_cmdgen does not have driver. [/home/nagafusa/work/spadi/Fakernet/axi_iic_0_ex/axi_iic_0_ex.gen/sources_1/ip/axi_traffic_gen_0/hdl/axi_traffic_gen_v3_0_rfs.v:9965]
WARNING: [Synth 8-6014] Unused sequential element cur_rom_ptr_reg was removed.  [/home/nagafusa/work/spadi/Fakernet/axi_iic_0_ex/axi_iic_0_ex.gen/sources_1/ip/axi_traffic_gen_0/hdl/axi_traffic_gen_v3_0_rfs.v:14842]
WARNING: [Synth 8-3848] Net s_axi_awready in module/entity axi_traffic_gen_v3_0_13_top does not have driver. [/home/nagafusa/work/spadi/Fakernet/axi_iic_0_ex/axi_iic_0_ex.gen/sources_1/ip/axi_traffic_gen_0/hdl/axi_traffic_gen_v3_0_rfs.v:15567]
WARNING: [Synth 8-3848] Net s_axi_wready in module/entity axi_traffic_gen_v3_0_13_top does not have driver. [/home/nagafusa/work/spadi/Fakernet/axi_iic_0_ex/axi_iic_0_ex.gen/sources_1/ip/axi_traffic_gen_0/hdl/axi_traffic_gen_v3_0_rfs.v:15572]
WARNING: [Synth 8-3848] Net s_axi_bid in module/entity axi_traffic_gen_v3_0_13_top does not have driver. [/home/nagafusa/work/spadi/Fakernet/axi_iic_0_ex/axi_iic_0_ex.gen/sources_1/ip/axi_traffic_gen_0/hdl/axi_traffic_gen_v3_0_rfs.v:15573]
WARNING: [Synth 8-3848] Net s_axi_bresp in module/entity axi_traffic_gen_v3_0_13_top does not have driver. [/home/nagafusa/work/spadi/Fakernet/axi_iic_0_ex/axi_iic_0_ex.gen/sources_1/ip/axi_traffic_gen_0/hdl/axi_traffic_gen_v3_0_rfs.v:15574]
WARNING: [Synth 8-3848] Net s_axi_bvalid in module/entity axi_traffic_gen_v3_0_13_top does not have driver. [/home/nagafusa/work/spadi/Fakernet/axi_iic_0_ex/axi_iic_0_ex.gen/sources_1/ip/axi_traffic_gen_0/hdl/axi_traffic_gen_v3_0_rfs.v:15575]
WARNING: [Synth 8-3848] Net s_axi_arready in module/entity axi_traffic_gen_v3_0_13_top does not have driver. [/home/nagafusa/work/spadi/Fakernet/axi_iic_0_ex/axi_iic_0_ex.gen/sources_1/ip/axi_traffic_gen_0/hdl/axi_traffic_gen_v3_0_rfs.v:15589]
WARNING: [Synth 8-3848] Net s_axi_rid in module/entity axi_traffic_gen_v3_0_13_top does not have driver. [/home/nagafusa/work/spadi/Fakernet/axi_iic_0_ex/axi_iic_0_ex.gen/sources_1/ip/axi_traffic_gen_0/hdl/axi_traffic_gen_v3_0_rfs.v:15590]
WARNING: [Synth 8-3848] Net s_axi_rlast in module/entity axi_traffic_gen_v3_0_13_top does not have driver. [/home/nagafusa/work/spadi/Fakernet/axi_iic_0_ex/axi_iic_0_ex.gen/sources_1/ip/axi_traffic_gen_0/hdl/axi_traffic_gen_v3_0_rfs.v:15591]
WARNING: [Synth 8-3848] Net s_axi_rdata in module/entity axi_traffic_gen_v3_0_13_top does not have driver. [/home/nagafusa/work/spadi/Fakernet/axi_iic_0_ex/axi_iic_0_ex.gen/sources_1/ip/axi_traffic_gen_0/hdl/axi_traffic_gen_v3_0_rfs.v:15592]
WARNING: [Synth 8-3848] Net s_axi_rresp in module/entity axi_traffic_gen_v3_0_13_top does not have driver. [/home/nagafusa/work/spadi/Fakernet/axi_iic_0_ex/axi_iic_0_ex.gen/sources_1/ip/axi_traffic_gen_0/hdl/axi_traffic_gen_v3_0_rfs.v:15593]
WARNING: [Synth 8-3848] Net s_axi_rvalid in module/entity axi_traffic_gen_v3_0_13_top does not have driver. [/home/nagafusa/work/spadi/Fakernet/axi_iic_0_ex/axi_iic_0_ex.gen/sources_1/ip/axi_traffic_gen_0/hdl/axi_traffic_gen_v3_0_rfs.v:15594]
WARNING: [Synth 8-3848] Net m_axi_awid in module/entity axi_traffic_gen_v3_0_13_top does not have driver. [/home/nagafusa/work/spadi/Fakernet/axi_iic_0_ex/axi_iic_0_ex.gen/sources_1/ip/axi_traffic_gen_0/hdl/axi_traffic_gen_v3_0_rfs.v:15599]
WARNING: [Synth 8-3848] Net m_axi_awaddr in module/entity axi_traffic_gen_v3_0_13_top does not have driver. [/home/nagafusa/work/spadi/Fakernet/axi_iic_0_ex/axi_iic_0_ex.gen/sources_1/ip/axi_traffic_gen_0/hdl/axi_traffic_gen_v3_0_rfs.v:15600]
WARNING: [Synth 8-3848] Net m_axi_awlen in module/entity axi_traffic_gen_v3_0_13_top does not have driver. [/home/nagafusa/work/spadi/Fakernet/axi_iic_0_ex/axi_iic_0_ex.gen/sources_1/ip/axi_traffic_gen_0/hdl/axi_traffic_gen_v3_0_rfs.v:15601]
WARNING: [Synth 8-3848] Net m_axi_awsize in module/entity axi_traffic_gen_v3_0_13_top does not have driver. [/home/nagafusa/work/spadi/Fakernet/axi_iic_0_ex/axi_iic_0_ex.gen/sources_1/ip/axi_traffic_gen_0/hdl/axi_traffic_gen_v3_0_rfs.v:15602]
WARNING: [Synth 8-3848] Net m_axi_awburst in module/entity axi_traffic_gen_v3_0_13_top does not have driver. [/home/nagafusa/work/spadi/Fakernet/axi_iic_0_ex/axi_iic_0_ex.gen/sources_1/ip/axi_traffic_gen_0/hdl/axi_traffic_gen_v3_0_rfs.v:15603]
WARNING: [Synth 8-3848] Net m_axi_awlock in module/entity axi_traffic_gen_v3_0_13_top does not have driver. [/home/nagafusa/work/spadi/Fakernet/axi_iic_0_ex/axi_iic_0_ex.gen/sources_1/ip/axi_traffic_gen_0/hdl/axi_traffic_gen_v3_0_rfs.v:15604]
WARNING: [Synth 8-3848] Net m_axi_awcache in module/entity axi_traffic_gen_v3_0_13_top does not have driver. [/home/nagafusa/work/spadi/Fakernet/axi_iic_0_ex/axi_iic_0_ex.gen/sources_1/ip/axi_traffic_gen_0/hdl/axi_traffic_gen_v3_0_rfs.v:15605]
WARNING: [Synth 8-3848] Net m_axi_awprot in module/entity axi_traffic_gen_v3_0_13_top does not have driver. [/home/nagafusa/work/spadi/Fakernet/axi_iic_0_ex/axi_iic_0_ex.gen/sources_1/ip/axi_traffic_gen_0/hdl/axi_traffic_gen_v3_0_rfs.v:15606]
WARNING: [Synth 8-3848] Net m_axi_awqos in module/entity axi_traffic_gen_v3_0_13_top does not have driver. [/home/nagafusa/work/spadi/Fakernet/axi_iic_0_ex/axi_iic_0_ex.gen/sources_1/ip/axi_traffic_gen_0/hdl/axi_traffic_gen_v3_0_rfs.v:15607]
WARNING: [Synth 8-3848] Net m_axi_awuser in module/entity axi_traffic_gen_v3_0_13_top does not have driver. [/home/nagafusa/work/spadi/Fakernet/axi_iic_0_ex/axi_iic_0_ex.gen/sources_1/ip/axi_traffic_gen_0/hdl/axi_traffic_gen_v3_0_rfs.v:15608]
WARNING: [Synth 8-3848] Net m_axi_awvalid in module/entity axi_traffic_gen_v3_0_13_top does not have driver. [/home/nagafusa/work/spadi/Fakernet/axi_iic_0_ex/axi_iic_0_ex.gen/sources_1/ip/axi_traffic_gen_0/hdl/axi_traffic_gen_v3_0_rfs.v:15609]
WARNING: [Synth 8-3848] Net m_axi_wlast in module/entity axi_traffic_gen_v3_0_13_top does not have driver. [/home/nagafusa/work/spadi/Fakernet/axi_iic_0_ex/axi_iic_0_ex.gen/sources_1/ip/axi_traffic_gen_0/hdl/axi_traffic_gen_v3_0_rfs.v:15611]
WARNING: [Synth 8-3848] Net m_axi_wdata in module/entity axi_traffic_gen_v3_0_13_top does not have driver. [/home/nagafusa/work/spadi/Fakernet/axi_iic_0_ex/axi_iic_0_ex.gen/sources_1/ip/axi_traffic_gen_0/hdl/axi_traffic_gen_v3_0_rfs.v:15612]
WARNING: [Synth 8-3848] Net m_axi_wstrb in module/entity axi_traffic_gen_v3_0_13_top does not have driver. [/home/nagafusa/work/spadi/Fakernet/axi_iic_0_ex/axi_iic_0_ex.gen/sources_1/ip/axi_traffic_gen_0/hdl/axi_traffic_gen_v3_0_rfs.v:15613]
WARNING: [Synth 8-3848] Net m_axi_wvalid in module/entity axi_traffic_gen_v3_0_13_top does not have driver. [/home/nagafusa/work/spadi/Fakernet/axi_iic_0_ex/axi_iic_0_ex.gen/sources_1/ip/axi_traffic_gen_0/hdl/axi_traffic_gen_v3_0_rfs.v:15614]
WARNING: [Synth 8-3848] Net m_axi_bready in module/entity axi_traffic_gen_v3_0_13_top does not have driver. [/home/nagafusa/work/spadi/Fakernet/axi_iic_0_ex/axi_iic_0_ex.gen/sources_1/ip/axi_traffic_gen_0/hdl/axi_traffic_gen_v3_0_rfs.v:15619]
WARNING: [Synth 8-3848] Net m_axi_arid in module/entity axi_traffic_gen_v3_0_13_top does not have driver. [/home/nagafusa/work/spadi/Fakernet/axi_iic_0_ex/axi_iic_0_ex.gen/sources_1/ip/axi_traffic_gen_0/hdl/axi_traffic_gen_v3_0_rfs.v:15621]
WARNING: [Synth 8-3848] Net m_axi_araddr in module/entity axi_traffic_gen_v3_0_13_top does not have driver. [/home/nagafusa/work/spadi/Fakernet/axi_iic_0_ex/axi_iic_0_ex.gen/sources_1/ip/axi_traffic_gen_0/hdl/axi_traffic_gen_v3_0_rfs.v:15622]
WARNING: [Synth 8-3848] Net m_axi_arlen in module/entity axi_traffic_gen_v3_0_13_top does not have driver. [/home/nagafusa/work/spadi/Fakernet/axi_iic_0_ex/axi_iic_0_ex.gen/sources_1/ip/axi_traffic_gen_0/hdl/axi_traffic_gen_v3_0_rfs.v:15623]
WARNING: [Synth 8-3848] Net m_axi_arsize in module/entity axi_traffic_gen_v3_0_13_top does not have driver. [/home/nagafusa/work/spadi/Fakernet/axi_iic_0_ex/axi_iic_0_ex.gen/sources_1/ip/axi_traffic_gen_0/hdl/axi_traffic_gen_v3_0_rfs.v:15624]
WARNING: [Synth 8-3848] Net m_axi_arburst in module/entity axi_traffic_gen_v3_0_13_top does not have driver. [/home/nagafusa/work/spadi/Fakernet/axi_iic_0_ex/axi_iic_0_ex.gen/sources_1/ip/axi_traffic_gen_0/hdl/axi_traffic_gen_v3_0_rfs.v:15625]
WARNING: [Synth 8-3848] Net m_axi_arlock in module/entity axi_traffic_gen_v3_0_13_top does not have driver. [/home/nagafusa/work/spadi/Fakernet/axi_iic_0_ex/axi_iic_0_ex.gen/sources_1/ip/axi_traffic_gen_0/hdl/axi_traffic_gen_v3_0_rfs.v:15626]
WARNING: [Synth 8-3848] Net m_axi_arcache in module/entity axi_traffic_gen_v3_0_13_top does not have driver. [/home/nagafusa/work/spadi/Fakernet/axi_iic_0_ex/axi_iic_0_ex.gen/sources_1/ip/axi_traffic_gen_0/hdl/axi_traffic_gen_v3_0_rfs.v:15627]
WARNING: [Synth 8-3848] Net m_axi_arprot in module/entity axi_traffic_gen_v3_0_13_top does not have driver. [/home/nagafusa/work/spadi/Fakernet/axi_iic_0_ex/axi_iic_0_ex.gen/sources_1/ip/axi_traffic_gen_0/hdl/axi_traffic_gen_v3_0_rfs.v:15628]
WARNING: [Synth 8-3848] Net m_axi_arqos in module/entity axi_traffic_gen_v3_0_13_top does not have driver. [/home/nagafusa/work/spadi/Fakernet/axi_iic_0_ex/axi_iic_0_ex.gen/sources_1/ip/axi_traffic_gen_0/hdl/axi_traffic_gen_v3_0_rfs.v:15629]
WARNING: [Synth 8-3848] Net m_axi_aruser in module/entity axi_traffic_gen_v3_0_13_top does not have driver. [/home/nagafusa/work/spadi/Fakernet/axi_iic_0_ex/axi_iic_0_ex.gen/sources_1/ip/axi_traffic_gen_0/hdl/axi_traffic_gen_v3_0_rfs.v:15630]
WARNING: [Synth 8-3848] Net m_axi_arvalid in module/entity axi_traffic_gen_v3_0_13_top does not have driver. [/home/nagafusa/work/spadi/Fakernet/axi_iic_0_ex/axi_iic_0_ex.gen/sources_1/ip/axi_traffic_gen_0/hdl/axi_traffic_gen_v3_0_rfs.v:15631]
WARNING: [Synth 8-3848] Net m_axi_rready in module/entity axi_traffic_gen_v3_0_13_top does not have driver. [/home/nagafusa/work/spadi/Fakernet/axi_iic_0_ex/axi_iic_0_ex.gen/sources_1/ip/axi_traffic_gen_0/hdl/axi_traffic_gen_v3_0_rfs.v:15638]
WARNING: [Synth 8-3848] Net m_axis_1_tvalid in module/entity axi_traffic_gen_v3_0_13_top does not have driver. [/home/nagafusa/work/spadi/Fakernet/axi_iic_0_ex/axi_iic_0_ex.gen/sources_1/ip/axi_traffic_gen_0/hdl/axi_traffic_gen_v3_0_rfs.v:15642]
WARNING: [Synth 8-3848] Net m_axis_1_tlast in module/entity axi_traffic_gen_v3_0_13_top does not have driver. [/home/nagafusa/work/spadi/Fakernet/axi_iic_0_ex/axi_iic_0_ex.gen/sources_1/ip/axi_traffic_gen_0/hdl/axi_traffic_gen_v3_0_rfs.v:15643]
WARNING: [Synth 8-3848] Net m_axis_1_tdata in module/entity axi_traffic_gen_v3_0_13_top does not have driver. [/home/nagafusa/work/spadi/Fakernet/axi_iic_0_ex/axi_iic_0_ex.gen/sources_1/ip/axi_traffic_gen_0/hdl/axi_traffic_gen_v3_0_rfs.v:15644]
WARNING: [Synth 8-3848] Net m_axis_1_tstrb in module/entity axi_traffic_gen_v3_0_13_top does not have driver. [/home/nagafusa/work/spadi/Fakernet/axi_iic_0_ex/axi_iic_0_ex.gen/sources_1/ip/axi_traffic_gen_0/hdl/axi_traffic_gen_v3_0_rfs.v:15645]
WARNING: [Synth 8-3848] Net m_axis_1_tkeep in module/entity axi_traffic_gen_v3_0_13_top does not have driver. [/home/nagafusa/work/spadi/Fakernet/axi_iic_0_ex/axi_iic_0_ex.gen/sources_1/ip/axi_traffic_gen_0/hdl/axi_traffic_gen_v3_0_rfs.v:15646]
WARNING: [Synth 8-3848] Net m_axis_1_tuser in module/entity axi_traffic_gen_v3_0_13_top does not have driver. [/home/nagafusa/work/spadi/Fakernet/axi_iic_0_ex/axi_iic_0_ex.gen/sources_1/ip/axi_traffic_gen_0/hdl/axi_traffic_gen_v3_0_rfs.v:15647]
WARNING: [Synth 8-3848] Net m_axis_1_tid in module/entity axi_traffic_gen_v3_0_13_top does not have driver. [/home/nagafusa/work/spadi/Fakernet/axi_iic_0_ex/axi_iic_0_ex.gen/sources_1/ip/axi_traffic_gen_0/hdl/axi_traffic_gen_v3_0_rfs.v:15648]
WARNING: [Synth 8-3848] Net m_axis_1_tdest in module/entity axi_traffic_gen_v3_0_13_top does not have driver. [/home/nagafusa/work/spadi/Fakernet/axi_iic_0_ex/axi_iic_0_ex.gen/sources_1/ip/axi_traffic_gen_0/hdl/axi_traffic_gen_v3_0_rfs.v:15649]
WARNING: [Synth 8-3848] Net s_axis_1_tready in module/entity axi_traffic_gen_v3_0_13_top does not have driver. [/home/nagafusa/work/spadi/Fakernet/axi_iic_0_ex/axi_iic_0_ex.gen/sources_1/ip/axi_traffic_gen_0/hdl/axi_traffic_gen_v3_0_rfs.v:15650]
WARNING: [Synth 8-3848] Net axis_err_count in module/entity axi_traffic_gen_v3_0_13_top does not have driver. [/home/nagafusa/work/spadi/Fakernet/axi_iic_0_ex/axi_iic_0_ex.gen/sources_1/ip/axi_traffic_gen_0/hdl/axi_traffic_gen_v3_0_rfs.v:15659]
WARNING: [Synth 8-3848] Net s_axis_2_tready in module/entity axi_traffic_gen_v3_0_13_top does not have driver. [/home/nagafusa/work/spadi/Fakernet/axi_iic_0_ex/axi_iic_0_ex.gen/sources_1/ip/axi_traffic_gen_0/hdl/axi_traffic_gen_v3_0_rfs.v:15661]
WARNING: [Synth 8-3848] Net m_axis_2_tvalid in module/entity axi_traffic_gen_v3_0_13_top does not have driver. [/home/nagafusa/work/spadi/Fakernet/axi_iic_0_ex/axi_iic_0_ex.gen/sources_1/ip/axi_traffic_gen_0/hdl/axi_traffic_gen_v3_0_rfs.v:15672]
WARNING: [Synth 8-3848] Net m_axis_2_tlast in module/entity axi_traffic_gen_v3_0_13_top does not have driver. [/home/nagafusa/work/spadi/Fakernet/axi_iic_0_ex/axi_iic_0_ex.gen/sources_1/ip/axi_traffic_gen_0/hdl/axi_traffic_gen_v3_0_rfs.v:15673]
WARNING: [Synth 8-3848] Net m_axis_2_tdata in module/entity axi_traffic_gen_v3_0_13_top does not have driver. [/home/nagafusa/work/spadi/Fakernet/axi_iic_0_ex/axi_iic_0_ex.gen/sources_1/ip/axi_traffic_gen_0/hdl/axi_traffic_gen_v3_0_rfs.v:15674]
WARNING: [Synth 8-3848] Net m_axis_2_tstrb in module/entity axi_traffic_gen_v3_0_13_top does not have driver. [/home/nagafusa/work/spadi/Fakernet/axi_iic_0_ex/axi_iic_0_ex.gen/sources_1/ip/axi_traffic_gen_0/hdl/axi_traffic_gen_v3_0_rfs.v:15675]
WARNING: [Synth 8-3848] Net m_axis_2_tkeep in module/entity axi_traffic_gen_v3_0_13_top does not have driver. [/home/nagafusa/work/spadi/Fakernet/axi_iic_0_ex/axi_iic_0_ex.gen/sources_1/ip/axi_traffic_gen_0/hdl/axi_traffic_gen_v3_0_rfs.v:15676]
WARNING: [Synth 8-3848] Net m_axis_2_tuser in module/entity axi_traffic_gen_v3_0_13_top does not have driver. [/home/nagafusa/work/spadi/Fakernet/axi_iic_0_ex/axi_iic_0_ex.gen/sources_1/ip/axi_traffic_gen_0/hdl/axi_traffic_gen_v3_0_rfs.v:15677]
WARNING: [Synth 8-3848] Net m_axis_2_tid in module/entity axi_traffic_gen_v3_0_13_top does not have driver. [/home/nagafusa/work/spadi/Fakernet/axi_iic_0_ex/axi_iic_0_ex.gen/sources_1/ip/axi_traffic_gen_0/hdl/axi_traffic_gen_v3_0_rfs.v:15678]
WARNING: [Synth 8-3848] Net m_axis_2_tdest in module/entity axi_traffic_gen_v3_0_13_top does not have driver. [/home/nagafusa/work/spadi/Fakernet/axi_iic_0_ex/axi_iic_0_ex.gen/sources_1/ip/axi_traffic_gen_0/hdl/axi_traffic_gen_v3_0_rfs.v:15679]
WARNING: [Synth 8-3848] Net err_out in module/entity axi_traffic_gen_v3_0_13_top does not have driver. [/home/nagafusa/work/spadi/Fakernet/axi_iic_0_ex/axi_iic_0_ex.gen/sources_1/ip/axi_traffic_gen_0/hdl/axi_traffic_gen_v3_0_rfs.v:15683]
WARNING: [Synth 8-7129] Port prmry_aclk in module cdc_sync is either unconnected or has no load
WARNING: [Synth 8-7129] Port prmry_resetn in module cdc_sync is either unconnected or has no load
WARNING: [Synth 8-7129] Port prmry_vect_in[0] in module cdc_sync is either unconnected or has no load
WARNING: [Synth 8-7129] Port scndry_resetn in module cdc_sync is either unconnected or has no load
WARNING: [Synth 8-7129] Port ch2_awready_m in module axi_traffic_gen_v3_0_13_systeminit_mrdwr is either unconnected or has no load
WARNING: [Synth 8-7129] Port ch2_wready_m in module axi_traffic_gen_v3_0_13_systeminit_mrdwr is either unconnected or has no load
WARNING: [Synth 8-7129] Port ch2_bresp_m[1] in module axi_traffic_gen_v3_0_13_systeminit_mrdwr is either unconnected or has no load
WARNING: [Synth 8-7129] Port ch2_bresp_m[0] in module axi_traffic_gen_v3_0_13_systeminit_mrdwr is either unconnected or has no load
WARNING: [Synth 8-7129] Port ch2_bvalid_m in module axi_traffic_gen_v3_0_13_systeminit_mrdwr is either unconnected or has no load
WARNING: [Synth 8-7129] Port ch2_arready_m in module axi_traffic_gen_v3_0_13_systeminit_mrdwr is either unconnected or has no load
WARNING: [Synth 8-7129] Port ch2_rdata_m[31] in module axi_traffic_gen_v3_0_13_systeminit_mrdwr is either unconnected or has no load
WARNING: [Synth 8-7129] Port ch2_rdata_m[30] in module axi_traffic_gen_v3_0_13_systeminit_mrdwr is either unconnected or has no load
WARNING: [Synth 8-7129] Port ch2_rdata_m[29] in module axi_traffic_gen_v3_0_13_systeminit_mrdwr is either unconnected or has no load
WARNING: [Synth 8-7129] Port ch2_rdata_m[28] in module axi_traffic_gen_v3_0_13_systeminit_mrdwr is either unconnected or has no load
WARNING: [Synth 8-7129] Port ch2_rdata_m[27] in module axi_traffic_gen_v3_0_13_systeminit_mrdwr is either unconnected or has no load
WARNING: [Synth 8-7129] Port ch2_rdata_m[26] in module axi_traffic_gen_v3_0_13_systeminit_mrdwr is either unconnected or has no load
WARNING: [Synth 8-7129] Port ch2_rdata_m[25] in module axi_traffic_gen_v3_0_13_systeminit_mrdwr is either unconnected or has no load
WARNING: [Synth 8-7129] Port ch2_rdata_m[24] in module axi_traffic_gen_v3_0_13_systeminit_mrdwr is either unconnected or has no load
WARNING: [Synth 8-7129] Port ch2_rdata_m[23] in module axi_traffic_gen_v3_0_13_systeminit_mrdwr is either unconnected or has no load
WARNING: [Synth 8-7129] Port ch2_rdata_m[22] in module axi_traffic_gen_v3_0_13_systeminit_mrdwr is either unconnected or has no load
WARNING: [Synth 8-7129] Port ch2_rdata_m[21] in module axi_traffic_gen_v3_0_13_systeminit_mrdwr is either unconnected or has no load
WARNING: [Synth 8-7129] Port ch2_rdata_m[20] in module axi_traffic_gen_v3_0_13_systeminit_mrdwr is either unconnected or has no load
WARNING: [Synth 8-7129] Port ch2_rdata_m[19] in module axi_traffic_gen_v3_0_13_systeminit_mrdwr is either unconnected or has no load
WARNING: [Synth 8-7129] Port ch2_rdata_m[18] in module axi_traffic_gen_v3_0_13_systeminit_mrdwr is either unconnected or has no load
WARNING: [Synth 8-7129] Port ch2_rdata_m[17] in module axi_traffic_gen_v3_0_13_systeminit_mrdwr is either unconnected or has no load
WARNING: [Synth 8-7129] Port ch2_rdata_m[16] in module axi_traffic_gen_v3_0_13_systeminit_mrdwr is either unconnected or has no load
WARNING: [Synth 8-7129] Port ch2_rdata_m[15] in module axi_traffic_gen_v3_0_13_systeminit_mrdwr is either unconnected or has no load
WARNING: [Synth 8-7129] Port ch2_rdata_m[14] in module axi_traffic_gen_v3_0_13_systeminit_mrdwr is either unconnected or has no load
WARNING: [Synth 8-7129] Port ch2_rdata_m[13] in module axi_traffic_gen_v3_0_13_systeminit_mrdwr is either unconnected or has no load
WARNING: [Synth 8-7129] Port ch2_rdata_m[12] in module axi_traffic_gen_v3_0_13_systeminit_mrdwr is either unconnected or has no load
WARNING: [Synth 8-7129] Port ch2_rdata_m[11] in module axi_traffic_gen_v3_0_13_systeminit_mrdwr is either unconnected or has no load
WARNING: [Synth 8-7129] Port ch2_rdata_m[10] in module axi_traffic_gen_v3_0_13_systeminit_mrdwr is either unconnected or has no load
WARNING: [Synth 8-7129] Port ch2_rdata_m[9] in module axi_traffic_gen_v3_0_13_systeminit_mrdwr is either unconnected or has no load
WARNING: [Synth 8-7129] Port ch2_rdata_m[8] in module axi_traffic_gen_v3_0_13_systeminit_mrdwr is either unconnected or has no load
WARNING: [Synth 8-7129] Port ch2_rdata_m[7] in module axi_traffic_gen_v3_0_13_systeminit_mrdwr is either unconnected or has no load
WARNING: [Synth 8-7129] Port ch2_rdata_m[6] in module axi_traffic_gen_v3_0_13_systeminit_mrdwr is either unconnected or has no load
WARNING: [Synth 8-7129] Port ch2_rdata_m[5] in module axi_traffic_gen_v3_0_13_systeminit_mrdwr is either unconnected or has no load
WARNING: [Synth 8-7129] Port ch2_rdata_m[4] in module axi_traffic_gen_v3_0_13_systeminit_mrdwr is either unconnected or has no load
WARNING: [Synth 8-7129] Port ch2_rdata_m[3] in module axi_traffic_gen_v3_0_13_systeminit_mrdwr is either unconnected or has no load
WARNING: [Synth 8-7129] Port ch2_rdata_m[2] in module axi_traffic_gen_v3_0_13_systeminit_mrdwr is either unconnected or has no load
WARNING: [Synth 8-7129] Port ch2_rdata_m[1] in module axi_traffic_gen_v3_0_13_systeminit_mrdwr is either unconnected or has no load
WARNING: [Synth 8-7129] Port ch2_rdata_m[0] in module axi_traffic_gen_v3_0_13_systeminit_mrdwr is either unconnected or has no load
WARNING: [Synth 8-7129] Port ch2_rvalid_m in module axi_traffic_gen_v3_0_13_systeminit_mrdwr is either unconnected or has no load
WARNING: [Synth 8-7129] Port ch2_rresp_m[1] in module axi_traffic_gen_v3_0_13_systeminit_mrdwr is either unconnected or has no load
WARNING: [Synth 8-7129] Port ch2_rresp_m[0] in module axi_traffic_gen_v3_0_13_systeminit_mrdwr is either unconnected or has no load
WARNING: [Synth 8-7129] Port ch3_awready_m in module axi_traffic_gen_v3_0_13_systeminit_mrdwr is either unconnected or has no load
WARNING: [Synth 8-7129] Port ch3_wready_m in module axi_traffic_gen_v3_0_13_systeminit_mrdwr is either unconnected or has no load
WARNING: [Synth 8-7129] Port ch3_bresp_m[1] in module axi_traffic_gen_v3_0_13_systeminit_mrdwr is either unconnected or has no load
WARNING: [Synth 8-7129] Port ch3_bresp_m[0] in module axi_traffic_gen_v3_0_13_systeminit_mrdwr is either unconnected or has no load
WARNING: [Synth 8-7129] Port ch3_bvalid_m in module axi_traffic_gen_v3_0_13_systeminit_mrdwr is either unconnected or has no load
WARNING: [Synth 8-7129] Port ch3_arready_m in module axi_traffic_gen_v3_0_13_systeminit_mrdwr is either unconnected or has no load
WARNING: [Synth 8-7129] Port ch3_rdata_m[31] in module axi_traffic_gen_v3_0_13_systeminit_mrdwr is either unconnected or has no load
WARNING: [Synth 8-7129] Port ch3_rdata_m[30] in module axi_traffic_gen_v3_0_13_systeminit_mrdwr is either unconnected or has no load
WARNING: [Synth 8-7129] Port ch3_rdata_m[29] in module axi_traffic_gen_v3_0_13_systeminit_mrdwr is either unconnected or has no load
WARNING: [Synth 8-7129] Port ch3_rdata_m[28] in module axi_traffic_gen_v3_0_13_systeminit_mrdwr is either unconnected or has no load
WARNING: [Synth 8-7129] Port ch3_rdata_m[27] in module axi_traffic_gen_v3_0_13_systeminit_mrdwr is either unconnected or has no load
WARNING: [Synth 8-7129] Port ch3_rdata_m[26] in module axi_traffic_gen_v3_0_13_systeminit_mrdwr is either unconnected or has no load
WARNING: [Synth 8-7129] Port ch3_rdata_m[25] in module axi_traffic_gen_v3_0_13_systeminit_mrdwr is either unconnected or has no load
WARNING: [Synth 8-7129] Port ch3_rdata_m[24] in module axi_traffic_gen_v3_0_13_systeminit_mrdwr is either unconnected or has no load
WARNING: [Synth 8-7129] Port ch3_rdata_m[23] in module axi_traffic_gen_v3_0_13_systeminit_mrdwr is either unconnected or has no load
WARNING: [Synth 8-7129] Port ch3_rdata_m[22] in module axi_traffic_gen_v3_0_13_systeminit_mrdwr is either unconnected or has no load
WARNING: [Synth 8-7129] Port ch3_rdata_m[21] in module axi_traffic_gen_v3_0_13_systeminit_mrdwr is either unconnected or has no load
WARNING: [Synth 8-7129] Port ch3_rdata_m[20] in module axi_traffic_gen_v3_0_13_systeminit_mrdwr is either unconnected or has no load
WARNING: [Synth 8-7129] Port ch3_rdata_m[19] in module axi_traffic_gen_v3_0_13_systeminit_mrdwr is either unconnected or has no load
WARNING: [Synth 8-7129] Port ch3_rdata_m[18] in module axi_traffic_gen_v3_0_13_systeminit_mrdwr is either unconnected or has no load
WARNING: [Synth 8-7129] Port ch3_rdata_m[17] in module axi_traffic_gen_v3_0_13_systeminit_mrdwr is either unconnected or has no load
WARNING: [Synth 8-7129] Port ch3_rdata_m[16] in module axi_traffic_gen_v3_0_13_systeminit_mrdwr is either unconnected or has no load
WARNING: [Synth 8-7129] Port ch3_rdata_m[15] in module axi_traffic_gen_v3_0_13_systeminit_mrdwr is either unconnected or has no load
WARNING: [Synth 8-7129] Port ch3_rdata_m[14] in module axi_traffic_gen_v3_0_13_systeminit_mrdwr is either unconnected or has no load
WARNING: [Synth 8-7129] Port ch3_rdata_m[13] in module axi_traffic_gen_v3_0_13_systeminit_mrdwr is either unconnected or has no load
WARNING: [Synth 8-7129] Port ch3_rdata_m[12] in module axi_traffic_gen_v3_0_13_systeminit_mrdwr is either unconnected or has no load
WARNING: [Synth 8-7129] Port ch3_rdata_m[11] in module axi_traffic_gen_v3_0_13_systeminit_mrdwr is either unconnected or has no load
WARNING: [Synth 8-7129] Port ch3_rdata_m[10] in module axi_traffic_gen_v3_0_13_systeminit_mrdwr is either unconnected or has no load
WARNING: [Synth 8-7129] Port ch3_rdata_m[9] in module axi_traffic_gen_v3_0_13_systeminit_mrdwr is either unconnected or has no load
WARNING: [Synth 8-7129] Port ch3_rdata_m[8] in module axi_traffic_gen_v3_0_13_systeminit_mrdwr is either unconnected or has no load
WARNING: [Synth 8-7129] Port ch3_rdata_m[7] in module axi_traffic_gen_v3_0_13_systeminit_mrdwr is either unconnected or has no load
WARNING: [Synth 8-7129] Port ch3_rdata_m[6] in module axi_traffic_gen_v3_0_13_systeminit_mrdwr is either unconnected or has no load
WARNING: [Synth 8-7129] Port ch3_rdata_m[5] in module axi_traffic_gen_v3_0_13_systeminit_mrdwr is either unconnected or has no load
WARNING: [Synth 8-7129] Port ch3_rdata_m[4] in module axi_traffic_gen_v3_0_13_systeminit_mrdwr is either unconnected or has no load
WARNING: [Synth 8-7129] Port ch3_rdata_m[3] in module axi_traffic_gen_v3_0_13_systeminit_mrdwr is either unconnected or has no load
WARNING: [Synth 8-7129] Port ch3_rdata_m[2] in module axi_traffic_gen_v3_0_13_systeminit_mrdwr is either unconnected or has no load
WARNING: [Synth 8-7129] Port ch3_rdata_m[1] in module axi_traffic_gen_v3_0_13_systeminit_mrdwr is either unconnected or has no load
WARNING: [Synth 8-7129] Port ch3_rdata_m[0] in module axi_traffic_gen_v3_0_13_systeminit_mrdwr is either unconnected or has no load
WARNING: [Synth 8-7129] Port ch3_rvalid_m in module axi_traffic_gen_v3_0_13_systeminit_mrdwr is either unconnected or has no load
WARNING: [Synth 8-7129] Port ch3_rresp_m[1] in module axi_traffic_gen_v3_0_13_systeminit_mrdwr is either unconnected or has no load
WARNING: [Synth 8-7129] Port ch3_rresp_m[0] in module axi_traffic_gen_v3_0_13_systeminit_mrdwr is either unconnected or has no load
WARNING: [Synth 8-7129] Port ch4_awready_m in module axi_traffic_gen_v3_0_13_systeminit_mrdwr is either unconnected or has no load
WARNING: [Synth 8-7129] Port ch4_wready_m in module axi_traffic_gen_v3_0_13_systeminit_mrdwr is either unconnected or has no load
WARNING: [Synth 8-7129] Port ch4_bresp_m[1] in module axi_traffic_gen_v3_0_13_systeminit_mrdwr is either unconnected or has no load
WARNING: [Synth 8-7129] Port ch4_bresp_m[0] in module axi_traffic_gen_v3_0_13_systeminit_mrdwr is either unconnected or has no load
WARNING: [Synth 8-7129] Port ch4_bvalid_m in module axi_traffic_gen_v3_0_13_systeminit_mrdwr is either unconnected or has no load
WARNING: [Synth 8-7129] Port ch4_arready_m in module axi_traffic_gen_v3_0_13_systeminit_mrdwr is either unconnected or has no load
WARNING: [Synth 8-7129] Port ch4_rdata_m[31] in module axi_traffic_gen_v3_0_13_systeminit_mrdwr is either unconnected or has no load
WARNING: [Synth 8-7129] Port ch4_rdata_m[30] in module axi_traffic_gen_v3_0_13_systeminit_mrdwr is either unconnected or has no load
WARNING: [Synth 8-7129] Port ch4_rdata_m[29] in module axi_traffic_gen_v3_0_13_systeminit_mrdwr is either unconnected or has no load
WARNING: [Synth 8-7129] Port ch4_rdata_m[28] in module axi_traffic_gen_v3_0_13_systeminit_mrdwr is either unconnected or has no load
WARNING: [Synth 8-7129] Port ch4_rdata_m[27] in module axi_traffic_gen_v3_0_13_systeminit_mrdwr is either unconnected or has no load
WARNING: [Synth 8-7129] Port ch4_rdata_m[26] in module axi_traffic_gen_v3_0_13_systeminit_mrdwr is either unconnected or has no load
WARNING: [Synth 8-7129] Port ch4_rdata_m[25] in module axi_traffic_gen_v3_0_13_systeminit_mrdwr is either unconnected or has no load
WARNING: [Synth 8-7129] Port ch4_rdata_m[24] in module axi_traffic_gen_v3_0_13_systeminit_mrdwr is either unconnected or has no load
INFO: [Common 17-14] Message 'Synth 8-7129' appears 100 times and further instances of the messages will be disabled. Use the Tcl command set_msg_config to change the current settings.
---------------------------------------------------------------------------------
Finished RTL Elaboration : Time (s): cpu = 00:00:04 ; elapsed = 00:00:05 . Memory (MB): peak = 2316.863 ; gain = 532.531 ; free physical = 30896 ; free virtual = 49130
Synthesis current peak Physical Memory [PSS] (MB): peak = 1402.352; parent = 1259.304; children = 143.048
Synthesis current peak Virtual Memory [VSS] (MB): peak = 3285.375; parent = 2316.867; children = 968.508
---------------------------------------------------------------------------------
---------------------------------------------------------------------------------
Start Handling Custom Attributes
---------------------------------------------------------------------------------
---------------------------------------------------------------------------------
Finished Handling Custom Attributes : Time (s): cpu = 00:00:04 ; elapsed = 00:00:05 . Memory (MB): peak = 2328.738 ; gain = 544.406 ; free physical = 30896 ; free virtual = 49130
Synthesis current peak Physical Memory [PSS] (MB): peak = 1402.352; parent = 1259.304; children = 143.048
Synthesis current peak Virtual Memory [VSS] (MB): peak = 3297.250; parent = 2328.742; children = 968.508
---------------------------------------------------------------------------------
---------------------------------------------------------------------------------
Finished RTL Optimization Phase 1 : Time (s): cpu = 00:00:04 ; elapsed = 00:00:05 . Memory (MB): peak = 2328.738 ; gain = 544.406 ; free physical = 30895 ; free virtual = 49129
Synthesis current peak Physical Memory [PSS] (MB): peak = 1402.352; parent = 1259.304; children = 143.048
Synthesis current peak Virtual Memory [VSS] (MB): peak = 3297.250; parent = 2328.742; children = 968.508
---------------------------------------------------------------------------------
Netlist sorting complete. Time (s): cpu = 00:00:00.01 ; elapsed = 00:00:00.01 . Memory (MB): peak = 2334.676 ; gain = 0.000 ; free physical = 30890 ; free virtual = 49124
INFO: [Netlist 29-17] Analyzing 12 Unisim elements for replacement
INFO: [Netlist 29-28] Unisim Transformation completed in 0 CPU seconds
INFO: [Project 1-570] Preparing netlist for logic optimization

Processing XDC Constraints
Initializing timing engine
Parsing XDC File [/home/nagafusa/work/spadi/Fakernet/axi_iic_0_ex/axi_iic_0_ex.gen/sources_1/ip/axi_traffic_gen_0/axi_traffic_gen_0_ooc.xdc] for cell 'inst'
Finished Parsing XDC File [/home/nagafusa/work/spadi/Fakernet/axi_iic_0_ex/axi_iic_0_ex.gen/sources_1/ip/axi_traffic_gen_0/axi_traffic_gen_0_ooc.xdc] for cell 'inst'
Parsing XDC File [/home/nagafusa/work/spadi/Fakernet/axi_iic_0_ex/axi_iic_0_ex.runs/axi_traffic_gen_0_synth_1/dont_touch.xdc]
Finished Parsing XDC File [/home/nagafusa/work/spadi/Fakernet/axi_iic_0_ex/axi_iic_0_ex.runs/axi_traffic_gen_0_synth_1/dont_touch.xdc]
Completed Processing XDC Constraints

Netlist sorting complete. Time (s): cpu = 00:00:00 ; elapsed = 00:00:00 . Memory (MB): peak = 2457.488 ; gain = 0.000 ; free physical = 30901 ; free virtual = 49144
INFO: [Project 1-111] Unisim Transformation Summary:
  A total of 12 instances were transformed.
  FDR => FDRE: 12 instances

Constraint Validation Runtime : Time (s): cpu = 00:00:00.02 ; elapsed = 00:00:00.01 . Memory (MB): peak = 2457.488 ; gain = 0.000 ; free physical = 30900 ; free virtual = 49144
INFO: [Designutils 20-5008] Incremental synthesis strategy off
INFO: [Synth 8-11241] undeclared symbol 'REGCCE', assumed default net type 'wire' [/opt/Xilinx/Vivado/2022.2/data/verilog/src/unimacro/BRAM_SINGLE_MACRO.v:2170]
---------------------------------------------------------------------------------
Finished Constraint Validation : Time (s): cpu = 00:00:09 ; elapsed = 00:00:11 . Memory (MB): peak = 2457.488 ; gain = 673.156 ; free physical = 30637 ; free virtual = 48882
Synthesis current peak Physical Memory [PSS] (MB): peak = 1402.352; parent = 1259.304; children = 143.048
Synthesis current peak Virtual Memory [VSS] (MB): peak = 3393.984; parent = 2425.477; children = 968.508
---------------------------------------------------------------------------------
---------------------------------------------------------------------------------
Start Loading Part and Timing Information
---------------------------------------------------------------------------------
Loading part: xcau15p-sbvb484-1-i
INFO: [Synth 8-6742] Reading net delay rules and data
---------------------------------------------------------------------------------
Finished Loading Part and Timing Information : Time (s): cpu = 00:00:09 ; elapsed = 00:00:11 . Memory (MB): peak = 2457.488 ; gain = 673.156 ; free physical = 30637 ; free virtual = 48882
Synthesis current peak Physical Memory [PSS] (MB): peak = 1402.352; parent = 1259.304; children = 143.048
Synthesis current peak Virtual Memory [VSS] (MB): peak = 3393.984; parent = 2425.477; children = 968.508
---------------------------------------------------------------------------------
---------------------------------------------------------------------------------
Start Applying 'set_property' XDC Constraints
---------------------------------------------------------------------------------
Applied set_property KEEP_HIERARCHY = SOFT for inst. (constraint file  /home/nagafusa/work/spadi/Fakernet/axi_iic_0_ex/axi_iic_0_ex.runs/axi_traffic_gen_0_synth_1/dont_touch.xdc, line 9).
---------------------------------------------------------------------------------
Finished applying 'set_property' XDC Constraints : Time (s): cpu = 00:00:09 ; elapsed = 00:00:11 . Memory (MB): peak = 2457.488 ; gain = 673.156 ; free physical = 30659 ; free virtual = 48903
Synthesis current peak Physical Memory [PSS] (MB): peak = 1402.352; parent = 1259.304; children = 143.048
Synthesis current peak Virtual Memory [VSS] (MB): peak = 3393.984; parent = 2425.477; children = 968.508
---------------------------------------------------------------------------------
---------------------------------------------------------------------------------
Finished RTL Optimization Phase 2 : Time (s): cpu = 00:00:10 ; elapsed = 00:00:11 . Memory (MB): peak = 2457.488 ; gain = 673.156 ; free physical = 30670 ; free virtual = 48916
Synthesis current peak Physical Memory [PSS] (MB): peak = 1402.352; parent = 1259.304; children = 143.048
Synthesis current peak Virtual Memory [VSS] (MB): peak = 3393.984; parent = 2425.477; children = 968.508
---------------------------------------------------------------------------------
---------------------------------------------------------------------------------
Start RTL Component Statistics 
---------------------------------------------------------------------------------
Detailed RTL Component Info : 
+---Registers : 
	               32 Bit    Registers := 10    
	                9 Bit    Registers := 2     
	                2 Bit    Registers := 2     
	                1 Bit    Registers := 24    
+---Muxes : 
	   2 Input   32 Bit        Muxes := 19    
	   4 Input   16 Bit        Muxes := 1     
	   3 Input    9 Bit        Muxes := 1     
	   2 Input    9 Bit        Muxes := 4     
	   2 Input    8 Bit        Muxes := 1     
	   2 Input    2 Bit        Muxes := 1     
	   2 Input    1 Bit        Muxes := 16    
---------------------------------------------------------------------------------
Finished RTL Component Statistics 
---------------------------------------------------------------------------------
---------------------------------------------------------------------------------
Start Part Resource Summary
---------------------------------------------------------------------------------
Part Resources:
DSPs: 576 (col length:72)
BRAMs: 288 (col length: RAMB18 72 RAMB36 36)
---------------------------------------------------------------------------------
Finished Part Resource Summary
---------------------------------------------------------------------------------
---------------------------------------------------------------------------------
Start Cross Boundary and Area Optimization
---------------------------------------------------------------------------------
WARNING: [Synth 8-7080] Parallel synthesis criteria is not met
INFO: [Synth 8-3332] Sequential element (cdc_start_sync/GENERATE_LEVEL_P_S_CDC.SINGLE_BIT.CROSS_PLEVEL_IN2SCNDRY_IN_cdc_to) is unused and will be removed from module axi_traffic_gen_v3_0_13_top.
INFO: [Synth 8-3332] Sequential element (cdc_start_sync/GENERATE_LEVEL_P_S_CDC.SINGLE_BIT.CROSS_PLEVEL_IN2SCNDRY_s_level_out_d2) is unused and will be removed from module axi_traffic_gen_v3_0_13_top.
INFO: [Synth 8-3332] Sequential element (cdc_start_sync/GENERATE_LEVEL_P_S_CDC.SINGLE_BIT.CROSS_PLEVEL_IN2SCNDRY_s_level_out_d3) is unused and will be removed from module axi_traffic_gen_v3_0_13_top.
INFO: [Synth 8-3332] Sequential element (cdc_start_sync/GENERATE_LEVEL_P_S_CDC.SINGLE_BIT.CROSS_PLEVEL_IN2SCNDRY_s_level_out_d4) is unused and will be removed from module axi_traffic_gen_v3_0_13_top.
INFO: [Synth 8-3332] Sequential element (cdc_start_sync/GENERATE_LEVEL_P_S_CDC.SINGLE_BIT.CROSS_PLEVEL_IN2SCNDRY_s_level_out_d5) is unused and will be removed from module axi_traffic_gen_v3_0_13_top.
INFO: [Synth 8-3332] Sequential element (cdc_start_sync/GENERATE_LEVEL_P_S_CDC.SINGLE_BIT.CROSS_PLEVEL_IN2SCNDRY_s_level_out_d6) is unused and will be removed from module axi_traffic_gen_v3_0_13_top.
INFO: [Synth 8-3332] Sequential element (cdc_stop_sync/GENERATE_LEVEL_P_S_CDC.SINGLE_BIT.CROSS_PLEVEL_IN2SCNDRY_IN_cdc_to) is unused and will be removed from module axi_traffic_gen_v3_0_13_top.
INFO: [Synth 8-3332] Sequential element (cdc_stop_sync/GENERATE_LEVEL_P_S_CDC.SINGLE_BIT.CROSS_PLEVEL_IN2SCNDRY_s_level_out_d2) is unused and will be removed from module axi_traffic_gen_v3_0_13_top.
INFO: [Synth 8-3332] Sequential element (cdc_stop_sync/GENERATE_LEVEL_P_S_CDC.SINGLE_BIT.CROSS_PLEVEL_IN2SCNDRY_s_level_out_d3) is unused and will be removed from module axi_traffic_gen_v3_0_13_top.
INFO: [Synth 8-3332] Sequential element (cdc_stop_sync/GENERATE_LEVEL_P_S_CDC.SINGLE_BIT.CROSS_PLEVEL_IN2SCNDRY_s_level_out_d4) is unused and will be removed from module axi_traffic_gen_v3_0_13_top.
INFO: [Synth 8-3332] Sequential element (cdc_stop_sync/GENERATE_LEVEL_P_S_CDC.SINGLE_BIT.CROSS_PLEVEL_IN2SCNDRY_s_level_out_d5) is unused and will be removed from module axi_traffic_gen_v3_0_13_top.
INFO: [Synth 8-3332] Sequential element (cdc_stop_sync/GENERATE_LEVEL_P_S_CDC.SINGLE_BIT.CROSS_PLEVEL_IN2SCNDRY_s_level_out_d6) is unused and will be removed from module axi_traffic_gen_v3_0_13_top.
---------------------------------------------------------------------------------
Finished Cross Boundary and Area Optimization : Time (s): cpu = 00:00:11 ; elapsed = 00:00:12 . Memory (MB): peak = 2457.488 ; gain = 673.156 ; free physical = 30581 ; free virtual = 48831
Synthesis current peak Physical Memory [PSS] (MB): peak = 1402.352; parent = 1259.304; children = 143.048
Synthesis current peak Virtual Memory [VSS] (MB): peak = 3393.984; parent = 2425.477; children = 968.508
---------------------------------------------------------------------------------
---------------------------------------------------------------------------------
Start ROM, RAM, DSP, Shift Register and Retiming Reporting
---------------------------------------------------------------------------------

Distributed RAM: Preliminary Mapping Report (see note below)
+-------------------------------------------------------------------------------------------------------------------------------+--------------------------------------------------+----------------+----------------------+----------------+
|Module Name                                                                                                                    | RTL Object                                       | Inference      | Size (Depth x Width) | Primitives     | 
+-------------------------------------------------------------------------------------------------------------------------------+--------------------------------------------------+----------------+----------------------+----------------+
|inst/\ATG_MODE_SYSTEM_INIT_TEST.systeminit_top/ATG_SYSINIT_DMG.systeminit_dmg_mask/xpm_memory_spram_inst/xpm_memory_base_inst  | gen_wr_a.gen_byte_narrow.for_mem_cols[1].mem_reg | User Attribute | 32 x 32              | RAM32X1S x 32  | 
|inst/\ATG_MODE_SYSTEM_INIT_TEST.systeminit_top/ATG_SYSINIT_DMG.systeminit_dmg_ctrl/xpm_memory_spram_inst/xpm_memory_base_inst  | gen_wr_a.gen_byte_narrow.for_mem_cols[1].mem_reg | User Attribute | 32 x 32              | RAM32X1S x 32  | 
|inst/\ATG_MODE_SYSTEM_INIT_TEST.systeminit_top/systeminit_dmg_addr/xpm_memory_spram_inst/xpm_memory_base_inst                  | gen_wr_a.gen_byte_narrow.for_mem_cols[1].mem_reg | User Attribute | 32 x 32              | RAM32X1S x 32  | 
|inst/\ATG_MODE_SYSTEM_INIT_TEST.systeminit_top/systeminit_dmg_data/xpm_memory_spram_inst/xpm_memory_base_inst                  | gen_wr_a.gen_byte_narrow.for_mem_cols[1].mem_reg | User Attribute | 32 x 32              | RAM32X1S x 32  | 
+-------------------------------------------------------------------------------------------------------------------------------+--------------------------------------------------+----------------+----------------------+----------------+

Note: The table above is a preliminary report that shows the Distributed RAMs at the current stage of the synthesis flow. Some Distributed RAMs may be reimplemented as non Distributed RAM primitives later in the synthesis flow. Multiple instantiated RAMs are reported only once.
---------------------------------------------------------------------------------
Finished ROM, RAM, DSP, Shift Register and Retiming Reporting
---------------------------------------------------------------------------------
---------------------------------------------------------------------------------
Start Applying XDC Timing Constraints
---------------------------------------------------------------------------------
---------------------------------------------------------------------------------
Finished Applying XDC Timing Constraints : Time (s): cpu = 00:00:12 ; elapsed = 00:00:14 . Memory (MB): peak = 2504.230 ; gain = 719.898 ; free physical = 30416 ; free virtual = 48662
Synthesis current peak Physical Memory [PSS] (MB): peak = 1592.481; parent = 1445.323; children = 147.158
Synthesis current peak Virtual Memory [VSS] (MB): peak = 3472.742; parent = 2504.234; children = 968.508
---------------------------------------------------------------------------------
---------------------------------------------------------------------------------
Start Timing Optimization
---------------------------------------------------------------------------------
---------------------------------------------------------------------------------
Finished Timing Optimization : Time (s): cpu = 00:00:12 ; elapsed = 00:00:14 . Memory (MB): peak = 2504.230 ; gain = 719.898 ; free physical = 30417 ; free virtual = 48662
Synthesis current peak Physical Memory [PSS] (MB): peak = 1604.064; parent = 1456.907; children = 147.158
Synthesis current peak Virtual Memory [VSS] (MB): peak = 3472.742; parent = 2504.234; children = 968.508
---------------------------------------------------------------------------------
---------------------------------------------------------------------------------
Start ROM, RAM, DSP, Shift Register and Retiming Reporting
---------------------------------------------------------------------------------

Distributed RAM: Final Mapping Report
+-------------------------------------------------------------------------------------------------------------------------------+--------------------------------------------------+----------------+----------------------+----------------+
|Module Name                                                                                                                    | RTL Object                                       | Inference      | Size (Depth x Width) | Primitives     | 
+-------------------------------------------------------------------------------------------------------------------------------+--------------------------------------------------+----------------+----------------------+----------------+
|inst/\ATG_MODE_SYSTEM_INIT_TEST.systeminit_top/ATG_SYSINIT_DMG.systeminit_dmg_mask/xpm_memory_spram_inst/xpm_memory_base_inst  | gen_wr_a.gen_byte_narrow.for_mem_cols[1].mem_reg | User Attribute | 32 x 32              | RAM32X1S x 32  | 
|inst/\ATG_MODE_SYSTEM_INIT_TEST.systeminit_top/ATG_SYSINIT_DMG.systeminit_dmg_ctrl/xpm_memory_spram_inst/xpm_memory_base_inst  | gen_wr_a.gen_byte_narrow.for_mem_cols[1].mem_reg | User Attribute | 32 x 32              | RAM32X1S x 32  | 
|inst/\ATG_MODE_SYSTEM_INIT_TEST.systeminit_top/systeminit_dmg_addr/xpm_memory_spram_inst/xpm_memory_base_inst                  | gen_wr_a.gen_byte_narrow.for_mem_cols[1].mem_reg | User Attribute | 32 x 32              | RAM32X1S x 32  | 
|inst/\ATG_MODE_SYSTEM_INIT_TEST.systeminit_top/systeminit_dmg_data/xpm_memory_spram_inst/xpm_memory_base_inst                  | gen_wr_a.gen_byte_narrow.for_mem_cols[1].mem_reg | User Attribute | 32 x 32              | RAM32X1S x 32  | 
+-------------------------------------------------------------------------------------------------------------------------------+--------------------------------------------------+----------------+----------------------+----------------+

---------------------------------------------------------------------------------
Finished ROM, RAM, DSP, Shift Register and Retiming Reporting
---------------------------------------------------------------------------------
---------------------------------------------------------------------------------
Start Technology Mapping
---------------------------------------------------------------------------------
---------------------------------------------------------------------------------
Finished Technology Mapping : Time (s): cpu = 00:00:12 ; elapsed = 00:00:15 . Memory (MB): peak = 2504.230 ; gain = 719.898 ; free physical = 30410 ; free virtual = 48655
Synthesis current peak Physical Memory [PSS] (MB): peak = 1604.529; parent = 1457.372; children = 147.158
Synthesis current peak Virtual Memory [VSS] (MB): peak = 3472.742; parent = 2504.234; children = 968.508
---------------------------------------------------------------------------------
---------------------------------------------------------------------------------
Start IO Insertion
---------------------------------------------------------------------------------
---------------------------------------------------------------------------------
Start Flattening Before IO Insertion
---------------------------------------------------------------------------------
---------------------------------------------------------------------------------
Finished Flattening Before IO Insertion
---------------------------------------------------------------------------------
---------------------------------------------------------------------------------
Start Final Netlist Cleanup
---------------------------------------------------------------------------------
---------------------------------------------------------------------------------
Finished Final Netlist Cleanup
---------------------------------------------------------------------------------
---------------------------------------------------------------------------------
Finished IO Insertion : Time (s): cpu = 00:00:14 ; elapsed = 00:00:16 . Memory (MB): peak = 2504.230 ; gain = 719.898 ; free physical = 30380 ; free virtual = 48625
Synthesis current peak Physical Memory [PSS] (MB): peak = 1604.529; parent = 1457.372; children = 147.158
Synthesis current peak Virtual Memory [VSS] (MB): peak = 3472.742; parent = 2504.234; children = 968.508
---------------------------------------------------------------------------------
---------------------------------------------------------------------------------
Start Renaming Generated Instances
---------------------------------------------------------------------------------
---------------------------------------------------------------------------------
Finished Renaming Generated Instances : Time (s): cpu = 00:00:14 ; elapsed = 00:00:16 . Memory (MB): peak = 2504.230 ; gain = 719.898 ; free physical = 30380 ; free virtual = 48625
Synthesis current peak Physical Memory [PSS] (MB): peak = 1604.529; parent = 1457.372; children = 147.158
Synthesis current peak Virtual Memory [VSS] (MB): peak = 3472.742; parent = 2504.234; children = 968.508
---------------------------------------------------------------------------------
---------------------------------------------------------------------------------
Start Rebuilding User Hierarchy
---------------------------------------------------------------------------------
---------------------------------------------------------------------------------
Finished Rebuilding User Hierarchy : Time (s): cpu = 00:00:14 ; elapsed = 00:00:16 . Memory (MB): peak = 2504.230 ; gain = 719.898 ; free physical = 30380 ; free virtual = 48625
Synthesis current peak Physical Memory [PSS] (MB): peak = 1604.560; parent = 1457.402; children = 147.158
Synthesis current peak Virtual Memory [VSS] (MB): peak = 3472.742; parent = 2504.234; children = 968.508
---------------------------------------------------------------------------------
---------------------------------------------------------------------------------
Start Renaming Generated Ports
---------------------------------------------------------------------------------
---------------------------------------------------------------------------------
Finished Renaming Generated Ports : Time (s): cpu = 00:00:14 ; elapsed = 00:00:16 . Memory (MB): peak = 2504.230 ; gain = 719.898 ; free physical = 30380 ; free virtual = 48625
Synthesis current peak Physical Memory [PSS] (MB): peak = 1604.560; parent = 1457.402; children = 147.158
Synthesis current peak Virtual Memory [VSS] (MB): peak = 3472.742; parent = 2504.234; children = 968.508
---------------------------------------------------------------------------------
---------------------------------------------------------------------------------
Start Handling Custom Attributes
---------------------------------------------------------------------------------
---------------------------------------------------------------------------------
Finished Handling Custom Attributes : Time (s): cpu = 00:00:14 ; elapsed = 00:00:17 . Memory (MB): peak = 2504.230 ; gain = 719.898 ; free physical = 30380 ; free virtual = 48625
Synthesis current peak Physical Memory [PSS] (MB): peak = 1604.560; parent = 1457.402; children = 147.158
Synthesis current peak Virtual Memory [VSS] (MB): peak = 3472.742; parent = 2504.234; children = 968.508
---------------------------------------------------------------------------------
---------------------------------------------------------------------------------
Start Renaming Generated Nets
---------------------------------------------------------------------------------
---------------------------------------------------------------------------------
Finished Renaming Generated Nets : Time (s): cpu = 00:00:14 ; elapsed = 00:00:17 . Memory (MB): peak = 2504.230 ; gain = 719.898 ; free physical = 30380 ; free virtual = 48625
Synthesis current peak Physical Memory [PSS] (MB): peak = 1604.560; parent = 1457.402; children = 147.158
Synthesis current peak Virtual Memory [VSS] (MB): peak = 3472.742; parent = 2504.234; children = 968.508
---------------------------------------------------------------------------------
---------------------------------------------------------------------------------
Start Writing Synthesis Report
---------------------------------------------------------------------------------

Report BlackBoxes: 
+-+--------------+----------+
| |BlackBox name |Instances |
+-+--------------+----------+
+-+--------------+----------+

Report Cell Usage: 
+------+---------+------+
|      |Cell     |Count |
+------+---------+------+
|1     |CARRY8   |    20|
|2     |LUT1     |     4|
|3     |LUT2     |     8|
|4     |LUT3     |    11|
|5     |LUT4     |    80|
|6     |LUT5     |    26|
|7     |LUT6     |   101|
|8     |RAM32X1S |   116|
|9     |FDPE     |     4|
|10    |FDRE     |   436|
+------+---------+------+
---------------------------------------------------------------------------------
Finished Writing Synthesis Report : Time (s): cpu = 00:00:14 ; elapsed = 00:00:17 . Memory (MB): peak = 2504.230 ; gain = 719.898 ; free physical = 30380 ; free virtual = 48625
Synthesis current peak Physical Memory [PSS] (MB): peak = 1604.560; parent = 1457.402; children = 147.158
Synthesis current peak Virtual Memory [VSS] (MB): peak = 3472.742; parent = 2504.234; children = 968.508
---------------------------------------------------------------------------------
Synthesis finished with 0 errors, 0 critical warnings and 1075 warnings.
Synthesis Optimization Runtime : Time (s): cpu = 00:00:11 ; elapsed = 00:00:13 . Memory (MB): peak = 2504.230 ; gain = 591.148 ; free physical = 30395 ; free virtual = 48641
Synthesis Optimization Complete : Time (s): cpu = 00:00:14 ; elapsed = 00:00:17 . Memory (MB): peak = 2504.238 ; gain = 719.898 ; free physical = 30396 ; free virtual = 48641
INFO: [Project 1-571] Translating synthesized netlist
Netlist sorting complete. Time (s): cpu = 00:00:00 ; elapsed = 00:00:00.01 . Memory (MB): peak = 2504.238 ; gain = 0.000 ; free physical = 30504 ; free virtual = 48749
INFO: [Netlist 29-17] Analyzing 136 Unisim elements for replacement
INFO: [Netlist 29-28] Unisim Transformation completed in 0 CPU seconds
INFO: [Project 1-570] Preparing netlist for logic optimization
INFO: [Opt 31-138] Pushed 0 inverter(s) to 0 load pin(s).
Netlist sorting complete. Time (s): cpu = 00:00:00 ; elapsed = 00:00:00 . Memory (MB): peak = 2528.242 ; gain = 0.000 ; free physical = 30462 ; free virtual = 48708
INFO: [Project 1-111] Unisim Transformation Summary:
  A total of 116 instances were transformed.
  RAM32X1S => RAM32X1S (RAMS32): 116 instances

Synth Design complete, checksum: dec309c0
INFO: [Common 17-83] Releasing license: Synthesis
87 Infos, 167 Warnings, 0 Critical Warnings and 0 Errors encountered.
synth_design completed successfully
synth_design: Time (s): cpu = 00:00:17 ; elapsed = 00:00:19 . Memory (MB): peak = 2528.242 ; gain = 1205.102 ; free physical = 30676 ; free virtual = 48922
INFO: [Common 17-600] The following parameters have non-default value.
tcl.collectionResultDisplayLimit
INFO: [Common 17-1381] The checkpoint '/home/nagafusa/work/spadi/Fakernet/axi_iic_0_ex/axi_iic_0_ex.runs/axi_traffic_gen_0_synth_1/axi_traffic_gen_0.dcp' has been generated.
INFO: [Coretcl 2-1648] Added synthesis output to IP cache for IP axi_traffic_gen_0, cache-ID = 9e9ba2558bac50bf
INFO: [Coretcl 2-1174] Renamed 19 cell refs.
INFO: [Common 17-1381] The checkpoint '/home/nagafusa/work/spadi/Fakernet/axi_iic_0_ex/axi_iic_0_ex.runs/axi_traffic_gen_0_synth_1/axi_traffic_gen_0.dcp' has been generated.
INFO: [runtcl-4] Executing : report_utilization -file axi_traffic_gen_0_utilization_synth.rpt -pb axi_traffic_gen_0_utilization_synth.pb
INFO: [Common 17-206] Exiting Vivado at Wed Aug  7 15:56:25 2024...
