
*** Running vivado
    with args -log top_block_xpm_cdc_gen_0_1.vds -m64 -product Vivado -mode batch -messageDb vivado.pb -notrace -source top_block_xpm_cdc_gen_0_1.tcl


****** Vivado v2022.2 (64-bit)
  **** SW Build 3671981 on Fri Oct 14 04:59:54 MDT 2022
  **** IP Build 3669848 on Fri Oct 14 08:30:02 MDT 2022
    ** Copyright 1986-2022 Xilinx, Inc. All Rights Reserved.

source top_block_xpm_cdc_gen_0_1.tcl -notrace
INFO: [IP_Flow 19-234] Refreshing IP repositories
INFO: [IP_Flow 19-1700] Loaded user IP repository '/home/nagafusa/work/spadi/Fakernet/ip_repo/I2C_Controller_1_0'.
INFO: [IP_Flow 19-1700] Loaded user IP repository '/home/nagafusa/work/spadi/Fakernet/ip_repo/start_i2c_write_1_0'.
WARNING: [IP_Flow 19-2248] Failed to load user IP repository '/home/nagafusa/work/spadi/Fakernet/ip_repo/I2C_controller_1_0'; Can't find the specified path.
If this directory should no longer be in your list of user repositories, go to the IP Settings dialog and remove it.
WARNING: [IP_Flow 19-2207] Repository '/home/nagafusa/work/spadi/Fakernet/ip_repo/I2C_controller_1_0' already exists; ignoring attempt to add it again.
WARNING: [IP_Flow 19-2248] Failed to load user IP repository '/home/nagafusa/work/spadi/Fakernet/ip_repo/I2C_controller_1_0'; Can't find the specified path.
If this directory should no longer be in your list of user repositories, go to the IP Settings dialog and remove it.
INFO: [IP_Flow 19-2313] Loaded Vivado IP repository '/opt/Xilinx/Vivado/2022.2/data/ip'.
INFO: [IP_Flow 19-6924] IPCACHE: Running cache check for IP inst: top_block_xpm_cdc_gen_0_1
Command: synth_design -top top_block_xpm_cdc_gen_0_1 -part xcau15p-sbvb484-1-i -incremental_mode off -mode out_of_context
Starting synth_design
Attempting to get a license for feature 'Synthesis' and/or device 'xcau15p'
INFO: [Common 17-349] Got license for feature 'Synthesis' and/or device 'xcau15p'
INFO: [Device 21-403] Loading part xcau15p-sbvb484-1-i
INFO: [Synth 8-7079] Multithreading enabled for synth_design using a maximum of 4 processes.
INFO: [Synth 8-7078] Launching helper process for spawning children vivado processes
INFO: [Synth 8-7075] Helper process launched with PID 641039
INFO: [Synth 8-11241] undeclared symbol 'REGCCE', assumed default net type 'wire' [/opt/Xilinx/Vivado/2022.2/data/verilog/src/unimacro/BRAM_SINGLE_MACRO.v:2170]
---------------------------------------------------------------------------------
Starting RTL Elaboration : Time (s): cpu = 00:00:02 ; elapsed = 00:00:02 . Memory (MB): peak = 2146.344 ; gain = 362.727 ; free physical = 32491 ; free virtual = 54365
Synthesis current peak Physical Memory [PSS] (MB): peak = 1389.762; parent = 1250.248; children = 139.514
Synthesis current peak Virtual Memory [VSS] (MB): peak = 3126.762; parent = 2152.285; children = 974.477
---------------------------------------------------------------------------------
INFO: [Synth 8-6157] synthesizing module 'top_block_xpm_cdc_gen_0_1' [/home/nagafusa/work/spadi/Fakernet/SAMIDARE/samidare.gen/sources_1/bd/top_block/ip/top_block_xpm_cdc_gen_0_1/synth/top_block_xpm_cdc_gen_0_1.v:53]
INFO: [Synth 8-6157] synthesizing module 'xpm_cdc_gen_v1_0_2' [/home/nagafusa/work/spadi/Fakernet/SAMIDARE/samidare.gen/sources_1/bd/top_block/ipshared/c636/hdl/xpm_cdc_gen_v1_0_vl_rfs.v:52]
INFO: [Synth 8-6157] synthesizing module 'xpm_cdc_single' [/opt/Xilinx/Vivado/2022.2/data/ip/xpm/xpm_cdc/hdl/xpm_cdc.sv:152]
INFO: [Synth 8-6155] done synthesizing module 'xpm_cdc_single' (0#1) [/opt/Xilinx/Vivado/2022.2/data/ip/xpm/xpm_cdc/hdl/xpm_cdc.sv:152]
INFO: [Synth 8-6155] done synthesizing module 'xpm_cdc_gen_v1_0_2' (0#1) [/home/nagafusa/work/spadi/Fakernet/SAMIDARE/samidare.gen/sources_1/bd/top_block/ipshared/c636/hdl/xpm_cdc_gen_v1_0_vl_rfs.v:52]
INFO: [Synth 8-6155] done synthesizing module 'top_block_xpm_cdc_gen_0_1' (0#1) [/home/nagafusa/work/spadi/Fakernet/SAMIDARE/samidare.gen/sources_1/bd/top_block/ip/top_block_xpm_cdc_gen_0_1/synth/top_block_xpm_cdc_gen_0_1.v:53]
WARNING: [Synth 8-3848] Net dest_out_bin in module/entity xpm_cdc_gen_v1_0_2 does not have driver. [/home/nagafusa/work/spadi/Fakernet/SAMIDARE/samidare.gen/sources_1/bd/top_block/ipshared/c636/hdl/xpm_cdc_gen_v1_0_vl_rfs.v:85]
WARNING: [Synth 8-3848] Net src_rcv in module/entity xpm_cdc_gen_v1_0_2 does not have driver. [/home/nagafusa/work/spadi/Fakernet/SAMIDARE/samidare.gen/sources_1/bd/top_block/ipshared/c636/hdl/xpm_cdc_gen_v1_0_vl_rfs.v:86]
WARNING: [Synth 8-3848] Net dest_req in module/entity xpm_cdc_gen_v1_0_2 does not have driver. [/home/nagafusa/work/spadi/Fakernet/SAMIDARE/samidare.gen/sources_1/bd/top_block/ipshared/c636/hdl/xpm_cdc_gen_v1_0_vl_rfs.v:87]
WARNING: [Synth 8-3848] Net dest_pulse in module/entity xpm_cdc_gen_v1_0_2 does not have driver. [/home/nagafusa/work/spadi/Fakernet/SAMIDARE/samidare.gen/sources_1/bd/top_block/ipshared/c636/hdl/xpm_cdc_gen_v1_0_vl_rfs.v:88]
WARNING: [Synth 8-3848] Net dest_rst_out in module/entity xpm_cdc_gen_v1_0_2 does not have driver. [/home/nagafusa/work/spadi/Fakernet/SAMIDARE/samidare.gen/sources_1/bd/top_block/ipshared/c636/hdl/xpm_cdc_gen_v1_0_vl_rfs.v:89]
WARNING: [Synth 8-3848] Net dest_arst in module/entity xpm_cdc_gen_v1_0_2 does not have driver. [/home/nagafusa/work/spadi/Fakernet/SAMIDARE/samidare.gen/sources_1/bd/top_block/ipshared/c636/hdl/xpm_cdc_gen_v1_0_vl_rfs.v:90]
WARNING: [Synth 8-7129] Port dest_out_bin[0] in module xpm_cdc_gen_v1_0_2 is either unconnected or has no load
WARNING: [Synth 8-7129] Port src_rcv in module xpm_cdc_gen_v1_0_2 is either unconnected or has no load
WARNING: [Synth 8-7129] Port dest_req in module xpm_cdc_gen_v1_0_2 is either unconnected or has no load
WARNING: [Synth 8-7129] Port dest_pulse in module xpm_cdc_gen_v1_0_2 is either unconnected or has no load
WARNING: [Synth 8-7129] Port dest_rst_out in module xpm_cdc_gen_v1_0_2 is either unconnected or has no load
WARNING: [Synth 8-7129] Port dest_arst in module xpm_cdc_gen_v1_0_2 is either unconnected or has no load
WARNING: [Synth 8-7129] Port src_in_bin[0] in module xpm_cdc_gen_v1_0_2 is either unconnected or has no load
WARNING: [Synth 8-7129] Port src_send in module xpm_cdc_gen_v1_0_2 is either unconnected or has no load
WARNING: [Synth 8-7129] Port dest_ack in module xpm_cdc_gen_v1_0_2 is either unconnected or has no load
WARNING: [Synth 8-7129] Port src_pulse in module xpm_cdc_gen_v1_0_2 is either unconnected or has no load
WARNING: [Synth 8-7129] Port src_rst in module xpm_cdc_gen_v1_0_2 is either unconnected or has no load
WARNING: [Synth 8-7129] Port dest_rst_in in module xpm_cdc_gen_v1_0_2 is either unconnected or has no load
WARNING: [Synth 8-7129] Port src_arst in module xpm_cdc_gen_v1_0_2 is either unconnected or has no load
---------------------------------------------------------------------------------
Finished RTL Elaboration : Time (s): cpu = 00:00:02 ; elapsed = 00:00:03 . Memory (MB): peak = 2220.250 ; gain = 436.633 ; free physical = 32816 ; free virtual = 54692
Synthesis current peak Physical Memory [PSS] (MB): peak = 1389.762; parent = 1250.248; children = 142.501
Synthesis current peak Virtual Memory [VSS] (MB): peak = 3194.730; parent = 2220.254; children = 974.477
---------------------------------------------------------------------------------
---------------------------------------------------------------------------------
Start Handling Custom Attributes
---------------------------------------------------------------------------------
---------------------------------------------------------------------------------
Finished Handling Custom Attributes : Time (s): cpu = 00:00:02 ; elapsed = 00:00:03 . Memory (MB): peak = 2238.062 ; gain = 454.445 ; free physical = 32963 ; free virtual = 54838
Synthesis current peak Physical Memory [PSS] (MB): peak = 1389.762; parent = 1250.248; children = 142.501
Synthesis current peak Virtual Memory [VSS] (MB): peak = 3212.543; parent = 2238.066; children = 974.477
---------------------------------------------------------------------------------
---------------------------------------------------------------------------------
Finished RTL Optimization Phase 1 : Time (s): cpu = 00:00:02 ; elapsed = 00:00:03 . Memory (MB): peak = 2238.062 ; gain = 454.445 ; free physical = 32965 ; free virtual = 54841
Synthesis current peak Physical Memory [PSS] (MB): peak = 1389.762; parent = 1250.248; children = 142.501
Synthesis current peak Virtual Memory [VSS] (MB): peak = 3212.543; parent = 2238.066; children = 974.477
---------------------------------------------------------------------------------
Netlist sorting complete. Time (s): cpu = 00:00:00 ; elapsed = 00:00:00 . Memory (MB): peak = 2238.062 ; gain = 0.000 ; free physical = 32954 ; free virtual = 54830
INFO: [Project 1-570] Preparing netlist for logic optimization

Processing XDC Constraints
Initializing timing engine
Parsing XDC File [/home/nagafusa/work/spadi/Fakernet/SAMIDARE/samidare.gen/sources_1/bd/top_block/ip/top_block_xpm_cdc_gen_0_1/synth/top_block_xpm_cdc_gen_0_1_ooc.xdc] for cell 'inst'
Finished Parsing XDC File [/home/nagafusa/work/spadi/Fakernet/SAMIDARE/samidare.gen/sources_1/bd/top_block/ip/top_block_xpm_cdc_gen_0_1/synth/top_block_xpm_cdc_gen_0_1_ooc.xdc] for cell 'inst'
Parsing XDC File [/home/nagafusa/work/spadi/Fakernet/SAMIDARE/samidare.gen/sources_1/bd/top_block/ip/top_block_xpm_cdc_gen_0_1/top_block_xpm_cdc_gen_0_1_ooc.xdc] for cell 'inst'
Finished Parsing XDC File [/home/nagafusa/work/spadi/Fakernet/SAMIDARE/samidare.gen/sources_1/bd/top_block/ip/top_block_xpm_cdc_gen_0_1/top_block_xpm_cdc_gen_0_1_ooc.xdc] for cell 'inst'
Parsing XDC File [/home/nagafusa/work/spadi/Fakernet/SAMIDARE/samidare.runs/top_block_xpm_cdc_gen_0_1_synth_1/dont_touch.xdc]
Finished Parsing XDC File [/home/nagafusa/work/spadi/Fakernet/SAMIDARE/samidare.runs/top_block_xpm_cdc_gen_0_1_synth_1/dont_touch.xdc]
INFO: [Project 1-236] Implementation specific constraints were found while reading constraint file [/opt/Xilinx/Vivado/2022.2/data/ip/xpm/xpm_cdc/tcl/xpm_cdc_single.tcl]. These constraints will be ignored for synthesis but will be used in implementation. Impacted constraints are listed in the file [.Xil/top_block_xpm_cdc_gen_0_1_propImpl.xdc].
Resolution: To avoid this warning, move constraints listed in [.Xil/top_block_xpm_cdc_gen_0_1_propImpl.xdc] to another XDC file and exclude this new file from synthesis with the used_in_synthesis property (File Properties dialog in GUI) and re-run elaboration/synthesis.
INFO: [Project 1-1714] 1 XPM XDC files have been applied to the design.
Completed Processing XDC Constraints

Netlist sorting complete. Time (s): cpu = 00:00:00 ; elapsed = 00:00:00 . Memory (MB): peak = 2328.844 ; gain = 0.000 ; free physical = 32814 ; free virtual = 54698
INFO: [Project 1-111] Unisim Transformation Summary:
No Unisim elements were transformed.

Constraint Validation Runtime : Time (s): cpu = 00:00:00 ; elapsed = 00:00:00 . Memory (MB): peak = 2328.844 ; gain = 0.000 ; free physical = 32811 ; free virtual = 54696
INFO: [Designutils 20-5008] Incremental synthesis strategy off
INFO: [Synth 8-11241] undeclared symbol 'REGCCE', assumed default net type 'wire' [/opt/Xilinx/Vivado/2022.2/data/verilog/src/unimacro/BRAM_SINGLE_MACRO.v:2170]
---------------------------------------------------------------------------------
Finished Constraint Validation : Time (s): cpu = 00:00:07 ; elapsed = 00:00:08 . Memory (MB): peak = 2328.844 ; gain = 545.227 ; free physical = 32409 ; free virtual = 54294
Synthesis current peak Physical Memory [PSS] (MB): peak = 1389.762; parent = 1250.248; children = 142.501
Synthesis current peak Virtual Memory [VSS] (MB): peak = 3271.309; parent = 2296.832; children = 974.477
---------------------------------------------------------------------------------
---------------------------------------------------------------------------------
Start Loading Part and Timing Information
---------------------------------------------------------------------------------
Loading part: xcau15p-sbvb484-1-i
INFO: [Synth 8-6742] Reading net delay rules and data
---------------------------------------------------------------------------------
Finished Loading Part and Timing Information : Time (s): cpu = 00:00:07 ; elapsed = 00:00:08 . Memory (MB): peak = 2328.844 ; gain = 545.227 ; free physical = 32411 ; free virtual = 54295
Synthesis current peak Physical Memory [PSS] (MB): peak = 1389.762; parent = 1250.248; children = 142.501
Synthesis current peak Virtual Memory [VSS] (MB): peak = 3271.309; parent = 2296.832; children = 974.477
---------------------------------------------------------------------------------
---------------------------------------------------------------------------------
Start Applying 'set_property' XDC Constraints
---------------------------------------------------------------------------------
Applied set_property KEEP_HIERARCHY = SOFT for inst. (constraint file  /home/nagafusa/work/spadi/Fakernet/SAMIDARE/samidare.runs/top_block_xpm_cdc_gen_0_1_synth_1/dont_touch.xdc, line 9).
Applied set_property KEEP_HIERARCHY = SOFT for inst/xsingle. (constraint file  auto generated constraint).
---------------------------------------------------------------------------------
Finished applying 'set_property' XDC Constraints : Time (s): cpu = 00:00:07 ; elapsed = 00:00:08 . Memory (MB): peak = 2328.844 ; gain = 545.227 ; free physical = 32411 ; free virtual = 54295
Synthesis current peak Physical Memory [PSS] (MB): peak = 1389.762; parent = 1250.248; children = 142.501
Synthesis current peak Virtual Memory [VSS] (MB): peak = 3271.309; parent = 2296.832; children = 974.477
---------------------------------------------------------------------------------
---------------------------------------------------------------------------------
Finished RTL Optimization Phase 2 : Time (s): cpu = 00:00:08 ; elapsed = 00:00:08 . Memory (MB): peak = 2328.844 ; gain = 545.227 ; free physical = 32411 ; free virtual = 54297
Synthesis current peak Physical Memory [PSS] (MB): peak = 1389.762; parent = 1250.248; children = 142.501
Synthesis current peak Virtual Memory [VSS] (MB): peak = 3271.309; parent = 2296.832; children = 974.477
---------------------------------------------------------------------------------
---------------------------------------------------------------------------------
Start RTL Component Statistics 
---------------------------------------------------------------------------------
Detailed RTL Component Info : 
+---Registers : 
	                4 Bit    Registers := 1     
	                1 Bit    Registers := 1     
---------------------------------------------------------------------------------
Finished RTL Component Statistics 
---------------------------------------------------------------------------------
---------------------------------------------------------------------------------
Start Part Resource Summary
---------------------------------------------------------------------------------
Part Resources:
DSPs: 576 (col length:72)
BRAMs: 288 (col length: RAMB18 72 RAMB36 36)
---------------------------------------------------------------------------------
Finished Part Resource Summary
---------------------------------------------------------------------------------
---------------------------------------------------------------------------------
Start Cross Boundary and Area Optimization
---------------------------------------------------------------------------------
WARNING: [Synth 8-7080] Parallel synthesis criteria is not met
WARNING: [Synth 8-7129] Port dest_out_bin[0] in module xpm_cdc_gen_v1_0_2 is either unconnected or has no load
WARNING: [Synth 8-7129] Port src_rcv in module xpm_cdc_gen_v1_0_2 is either unconnected or has no load
WARNING: [Synth 8-7129] Port dest_req in module xpm_cdc_gen_v1_0_2 is either unconnected or has no load
WARNING: [Synth 8-7129] Port dest_pulse in module xpm_cdc_gen_v1_0_2 is either unconnected or has no load
WARNING: [Synth 8-7129] Port dest_rst_out in module xpm_cdc_gen_v1_0_2 is either unconnected or has no load
WARNING: [Synth 8-7129] Port dest_arst in module xpm_cdc_gen_v1_0_2 is either unconnected or has no load
WARNING: [Synth 8-7129] Port src_in_bin[0] in module xpm_cdc_gen_v1_0_2 is either unconnected or has no load
WARNING: [Synth 8-7129] Port src_send in module xpm_cdc_gen_v1_0_2 is either unconnected or has no load
WARNING: [Synth 8-7129] Port dest_ack in module xpm_cdc_gen_v1_0_2 is either unconnected or has no load
WARNING: [Synth 8-7129] Port src_pulse in module xpm_cdc_gen_v1_0_2 is either unconnected or has no load
WARNING: [Synth 8-7129] Port src_rst in module xpm_cdc_gen_v1_0_2 is either unconnected or has no load
WARNING: [Synth 8-7129] Port dest_rst_in in module xpm_cdc_gen_v1_0_2 is either unconnected or has no load
WARNING: [Synth 8-7129] Port src_arst in module xpm_cdc_gen_v1_0_2 is either unconnected or has no load
---------------------------------------------------------------------------------
Finished Cross Boundary and Area Optimization : Time (s): cpu = 00:00:08 ; elapsed = 00:00:09 . Memory (MB): peak = 2328.844 ; gain = 545.227 ; free physical = 32407 ; free virtual = 54296
Synthesis current peak Physical Memory [PSS] (MB): peak = 1389.762; parent = 1250.248; children = 142.501
Synthesis current peak Virtual Memory [VSS] (MB): peak = 3271.309; parent = 2296.832; children = 974.477
---------------------------------------------------------------------------------
---------------------------------------------------------------------------------
Start Applying XDC Timing Constraints
---------------------------------------------------------------------------------
---------------------------------------------------------------------------------
Finished Applying XDC Timing Constraints : Time (s): cpu = 00:00:09 ; elapsed = 00:00:11 . Memory (MB): peak = 2395.461 ; gain = 611.844 ; free physical = 32746 ; free virtual = 54635
Synthesis current peak Physical Memory [PSS] (MB): peak = 1586.036; parent = 1432.484; children = 153.552
Synthesis current peak Virtual Memory [VSS] (MB): peak = 3369.941; parent = 2395.465; children = 974.477
---------------------------------------------------------------------------------
---------------------------------------------------------------------------------
Start Timing Optimization
---------------------------------------------------------------------------------
---------------------------------------------------------------------------------
Finished Timing Optimization : Time (s): cpu = 00:00:09 ; elapsed = 00:00:11 . Memory (MB): peak = 2395.461 ; gain = 611.844 ; free physical = 32743 ; free virtual = 54632
Synthesis current peak Physical Memory [PSS] (MB): peak = 1586.265; parent = 1432.660; children = 153.604
Synthesis current peak Virtual Memory [VSS] (MB): peak = 3369.941; parent = 2395.465; children = 974.477
---------------------------------------------------------------------------------
---------------------------------------------------------------------------------
Start Technology Mapping
---------------------------------------------------------------------------------
---------------------------------------------------------------------------------
Finished Technology Mapping : Time (s): cpu = 00:00:09 ; elapsed = 00:00:11 . Memory (MB): peak = 2414.492 ; gain = 630.875 ; free physical = 32741 ; free virtual = 54630
Synthesis current peak Physical Memory [PSS] (MB): peak = 1586.425; parent = 1432.893; children = 153.604
Synthesis current peak Virtual Memory [VSS] (MB): peak = 3388.973; parent = 2414.496; children = 974.477
---------------------------------------------------------------------------------
---------------------------------------------------------------------------------
Start IO Insertion
---------------------------------------------------------------------------------
---------------------------------------------------------------------------------
Start Flattening Before IO Insertion
---------------------------------------------------------------------------------
---------------------------------------------------------------------------------
Finished Flattening Before IO Insertion
---------------------------------------------------------------------------------
---------------------------------------------------------------------------------
Start Final Netlist Cleanup
---------------------------------------------------------------------------------
---------------------------------------------------------------------------------
Finished Final Netlist Cleanup
---------------------------------------------------------------------------------
---------------------------------------------------------------------------------
Finished IO Insertion : Time (s): cpu = 00:00:11 ; elapsed = 00:00:12 . Memory (MB): peak = 2420.430 ; gain = 636.812 ; free physical = 33858 ; free virtual = 55737
Synthesis current peak Physical Memory [PSS] (MB): peak = 1600.069; parent = 1441.917; children = 158.152
Synthesis current peak Virtual Memory [VSS] (MB): peak = 3394.910; parent = 2420.434; children = 974.477
---------------------------------------------------------------------------------
---------------------------------------------------------------------------------
Start Renaming Generated Instances
---------------------------------------------------------------------------------
---------------------------------------------------------------------------------
Finished Renaming Generated Instances : Time (s): cpu = 00:00:11 ; elapsed = 00:00:12 . Memory (MB): peak = 2420.430 ; gain = 636.812 ; free physical = 33858 ; free virtual = 55737
Synthesis current peak Physical Memory [PSS] (MB): peak = 1600.085; parent = 1441.933; children = 158.152
Synthesis current peak Virtual Memory [VSS] (MB): peak = 3394.910; parent = 2420.434; children = 974.477
---------------------------------------------------------------------------------
---------------------------------------------------------------------------------
Start Rebuilding User Hierarchy
---------------------------------------------------------------------------------
---------------------------------------------------------------------------------
Finished Rebuilding User Hierarchy : Time (s): cpu = 00:00:11 ; elapsed = 00:00:13 . Memory (MB): peak = 2420.430 ; gain = 636.812 ; free physical = 33858 ; free virtual = 55737
Synthesis current peak Physical Memory [PSS] (MB): peak = 1600.101; parent = 1441.948; children = 158.152
Synthesis current peak Virtual Memory [VSS] (MB): peak = 3394.910; parent = 2420.434; children = 974.477
---------------------------------------------------------------------------------
---------------------------------------------------------------------------------
Start Renaming Generated Ports
---------------------------------------------------------------------------------
---------------------------------------------------------------------------------
Finished Renaming Generated Ports : Time (s): cpu = 00:00:11 ; elapsed = 00:00:13 . Memory (MB): peak = 2420.430 ; gain = 636.812 ; free physical = 33858 ; free virtual = 55737
Synthesis current peak Physical Memory [PSS] (MB): peak = 1600.101; parent = 1441.948; children = 158.152
Synthesis current peak Virtual Memory [VSS] (MB): peak = 3394.910; parent = 2420.434; children = 974.477
---------------------------------------------------------------------------------
---------------------------------------------------------------------------------
Start Handling Custom Attributes
---------------------------------------------------------------------------------
---------------------------------------------------------------------------------
Finished Handling Custom Attributes : Time (s): cpu = 00:00:11 ; elapsed = 00:00:13 . Memory (MB): peak = 2420.430 ; gain = 636.812 ; free physical = 33858 ; free virtual = 55737
Synthesis current peak Physical Memory [PSS] (MB): peak = 1600.101; parent = 1441.948; children = 158.152
Synthesis current peak Virtual Memory [VSS] (MB): peak = 3394.910; parent = 2420.434; children = 974.477
---------------------------------------------------------------------------------
---------------------------------------------------------------------------------
Start Renaming Generated Nets
---------------------------------------------------------------------------------
---------------------------------------------------------------------------------
Finished Renaming Generated Nets : Time (s): cpu = 00:00:11 ; elapsed = 00:00:13 . Memory (MB): peak = 2420.430 ; gain = 636.812 ; free physical = 33858 ; free virtual = 55737
Synthesis current peak Physical Memory [PSS] (MB): peak = 1600.116; parent = 1441.964; children = 158.152
Synthesis current peak Virtual Memory [VSS] (MB): peak = 3394.910; parent = 2420.434; children = 974.477
---------------------------------------------------------------------------------
---------------------------------------------------------------------------------
Start Writing Synthesis Report
---------------------------------------------------------------------------------

Report BlackBoxes: 
+-+--------------+----------+
| |BlackBox name |Instances |
+-+--------------+----------+
+-+--------------+----------+

Report Cell Usage: 
+------+-----+------+
|      |Cell |Count |
+------+-----+------+
|1     |FDRE |     5|
+------+-----+------+
---------------------------------------------------------------------------------
Finished Writing Synthesis Report : Time (s): cpu = 00:00:11 ; elapsed = 00:00:13 . Memory (MB): peak = 2420.430 ; gain = 636.812 ; free physical = 33858 ; free virtual = 55737
Synthesis current peak Physical Memory [PSS] (MB): peak = 1600.147; parent = 1441.995; children = 158.152
Synthesis current peak Virtual Memory [VSS] (MB): peak = 3394.910; parent = 2420.434; children = 974.477
---------------------------------------------------------------------------------
Synthesis finished with 0 errors, 0 critical warnings and 14 warnings.
Synthesis Optimization Runtime : Time (s): cpu = 00:00:08 ; elapsed = 00:00:09 . Memory (MB): peak = 2420.430 ; gain = 546.031 ; free physical = 33874 ; free virtual = 55753
Synthesis Optimization Complete : Time (s): cpu = 00:00:11 ; elapsed = 00:00:13 . Memory (MB): peak = 2420.438 ; gain = 636.812 ; free physical = 33874 ; free virtual = 55753
INFO: [Project 1-571] Translating synthesized netlist
Netlist sorting complete. Time (s): cpu = 00:00:00 ; elapsed = 00:00:00 . Memory (MB): peak = 2429.336 ; gain = 0.000 ; free physical = 33985 ; free virtual = 55864
INFO: [Project 1-570] Preparing netlist for logic optimization
INFO: [Opt 31-138] Pushed 0 inverter(s) to 0 load pin(s).
Netlist sorting complete. Time (s): cpu = 00:00:00 ; elapsed = 00:00:00 . Memory (MB): peak = 2450.148 ; gain = 0.000 ; free physical = 33948 ; free virtual = 55827
INFO: [Project 1-111] Unisim Transformation Summary:
No Unisim elements were transformed.

Synth Design complete, checksum: 6b345c7e
INFO: [Common 17-83] Releasing license: Synthesis
29 Infos, 36 Warnings, 0 Critical Warnings and 0 Errors encountered.
synth_design completed successfully
synth_design: Time (s): cpu = 00:00:14 ; elapsed = 00:00:15 . Memory (MB): peak = 2450.148 ; gain = 1126.004 ; free physical = 34155 ; free virtual = 56034
INFO: [Common 17-600] The following parameters have non-default value.
tcl.collectionResultDisplayLimit
INFO: [Common 17-1381] The checkpoint '/home/nagafusa/work/spadi/Fakernet/SAMIDARE/samidare.runs/top_block_xpm_cdc_gen_0_1_synth_1/top_block_xpm_cdc_gen_0_1.dcp' has been generated.
INFO: [Coretcl 2-1648] Added synthesis output to IP cache for IP top_block_xpm_cdc_gen_0_1, cache-ID = b4ea50bc1f25b672
INFO: [Coretcl 2-1174] Renamed 2 cell refs.
INFO: [Common 17-1381] The checkpoint '/home/nagafusa/work/spadi/Fakernet/SAMIDARE/samidare.runs/top_block_xpm_cdc_gen_0_1_synth_1/top_block_xpm_cdc_gen_0_1.dcp' has been generated.
INFO: [runtcl-4] Executing : report_utilization -file top_block_xpm_cdc_gen_0_1_utilization_synth.rpt -pb top_block_xpm_cdc_gen_0_1_utilization_synth.pb
INFO: [Common 17-206] Exiting Vivado at Wed Aug 21 14:22:45 2024...
