
*** Running vivado
    with args -log top_block_idelay_top_v2_0_0.vds -m64 -product Vivado -mode batch -messageDb vivado.pb -notrace -source top_block_idelay_top_v2_0_0.tcl


****** Vivado v2022.2 (64-bit)
  **** SW Build 3671981 on Fri Oct 14 04:59:54 MDT 2022
  **** IP Build 3669848 on Fri Oct 14 08:30:02 MDT 2022
    ** Copyright 1986-2022 Xilinx, Inc. All Rights Reserved.

source top_block_idelay_top_v2_0_0.tcl -notrace
WARNING: [Common 17-1361] You have specified a new message control rule that is equivalent to an existing rule with attributes ' -id {Timing 38-316}  -suppress '. The existing rule will be replaced.
INFO: [IP_Flow 19-234] Refreshing IP repositories
INFO: [IP_Flow 19-1700] Loaded user IP repository '/home/nagafusa/work/spadi/Fakernet/ip_repo/data_receiver_1_0'.
INFO: [IP_Flow 19-1700] Loaded user IP repository '/home/nagafusa/work/spadi/Fakernet/ip_repo/data_sender_1_0'.
INFO: [IP_Flow 19-1700] Loaded user IP repository '/home/nagafusa/work/spadi/Fakernet/ip_repo/SAMPA_PON_2_0'.
INFO: [IP_Flow 19-1700] Loaded user IP repository '/home/nagafusa/work/spadi/Fakernet/ip_repo/I2C_Controller_1_0'.
INFO: [IP_Flow 19-1700] Loaded user IP repository '/home/nagafusa/work/spadi/Fakernet/ip_repo/start_i2c_write_1_0'.
WARNING: [IP_Flow 19-2248] Failed to load user IP repository '/home/nagafusa/work/spadi/Fakernet/ip_repo/I2C_controller_1_0'; Can't find the specified path.
If this directory should no longer be in your list of user repositories, go to the IP Settings dialog and remove it.
WARNING: [IP_Flow 19-2207] Repository '/home/nagafusa/work/spadi/Fakernet/ip_repo/I2C_controller_1_0' already exists; ignoring attempt to add it again.
WARNING: [IP_Flow 19-2248] Failed to load user IP repository '/home/nagafusa/work/spadi/Fakernet/ip_repo/I2C_controller_1_0'; Can't find the specified path.
If this directory should no longer be in your list of user repositories, go to the IP Settings dialog and remove it.
INFO: [IP_Flow 19-2313] Loaded Vivado IP repository '/opt/Xilinx/Vivado/2022.2/data/ip'.
INFO: [IP_Flow 19-6924] IPCACHE: Running cache check for IP inst: top_block_idelay_top_v2_0_0
Command: synth_design -top top_block_idelay_top_v2_0_0 -part xcau15p-sbvb484-1-i -incremental_mode off -mode out_of_context
Starting synth_design
Attempting to get a license for feature 'Synthesis' and/or device 'xcau15p'
INFO: [Common 17-349] Got license for feature 'Synthesis' and/or device 'xcau15p'
INFO: [Device 21-403] Loading part xcau15p-sbvb484-1-i
INFO: [Synth 8-7079] Multithreading enabled for synth_design using a maximum of 4 processes.
INFO: [Synth 8-7078] Launching helper process for spawning children vivado processes
INFO: [Synth 8-7075] Helper process launched with PID 2230040
INFO: [Synth 8-11241] undeclared symbol 'REGCCE', assumed default net type 'wire' [/opt/Xilinx/Vivado/2022.2/data/verilog/src/unimacro/BRAM_SINGLE_MACRO.v:2170]
INFO: [Synth 8-11241] undeclared symbol 'internal_data', assumed default net type 'wire' [/home/nagafusa/idelay_impl.v:286]
INFO: [Synth 8-11241] undeclared symbol 'ld_signal', assumed default net type 'wire' [/home/nagafusa/idelay_impl.v:290]
INFO: [Synth 8-11241] undeclared symbol 'idelay_rdy', assumed default net type 'wire' [/home/nagafusa/idelay_top_v2.v:43]
---------------------------------------------------------------------------------
Starting RTL Elaboration : Time (s): cpu = 00:00:02 ; elapsed = 00:00:02 . Memory (MB): peak = 2147.766 ; gain = 363.758 ; free physical = 28095 ; free virtual = 57670
Synthesis current peak Physical Memory [PSS] (MB): peak = 1583.979; parent = 1373.781; children = 210.198
Synthesis current peak Virtual Memory [VSS] (MB): peak = 3122.215; parent = 2153.707; children = 968.508
---------------------------------------------------------------------------------
INFO: [Synth 8-6157] synthesizing module 'top_block_idelay_top_v2_0_0' [/home/nagafusa/work/spadi/Fakernet/SAMIDARE/samidare.gen/sources_1/bd/top_block/ip/top_block_idelay_top_v2_0_0/synth/top_block_idelay_top_v2_0_0.v:53]
INFO: [Synth 8-6157] synthesizing module 'idelay_top_v2' [/home/nagafusa/idelay_top_v2.v:3]
INFO: [Synth 8-6157] synthesizing module 'idelay_impl' [/home/nagafusa/idelay_impl.v:9]
INFO: [Synth 8-6157] synthesizing module 'IBUFDS' [/opt/Xilinx/Vivado/2022.2/scripts/rt/data/unisim_comp.v:71342]
INFO: [Synth 8-6155] done synthesizing module 'IBUFDS' (0#1) [/opt/Xilinx/Vivado/2022.2/scripts/rt/data/unisim_comp.v:71342]
INFO: [Synth 8-6157] synthesizing module 'IDELAYE3' [/opt/Xilinx/Vivado/2022.2/scripts/rt/data/unisim_comp.v:73531]
INFO: [Synth 8-6155] done synthesizing module 'IDELAYE3' (0#1) [/opt/Xilinx/Vivado/2022.2/scripts/rt/data/unisim_comp.v:73531]
INFO: [Synth 8-6155] done synthesizing module 'idelay_impl' (0#1) [/home/nagafusa/idelay_impl.v:9]
INFO: [Synth 8-6157] synthesizing module 'idelay_impl__parameterized0' [/home/nagafusa/idelay_impl.v:9]
INFO: [Synth 8-6155] done synthesizing module 'idelay_impl__parameterized0' (0#1) [/home/nagafusa/idelay_impl.v:9]
INFO: [Synth 8-6157] synthesizing module 'IDELAYCTRL' [/opt/Xilinx/Vivado/2022.2/scripts/rt/data/unisim_comp.v:73432]
INFO: [Synth 8-6155] done synthesizing module 'IDELAYCTRL' (0#1) [/opt/Xilinx/Vivado/2022.2/scripts/rt/data/unisim_comp.v:73432]
INFO: [Synth 8-6157] synthesizing module 'idelay_controller' [/home/nagafusa/idelay_controller.v:7]
INFO: [Synth 8-6155] done synthesizing module 'idelay_controller' (0#1) [/home/nagafusa/idelay_controller.v:7]
INFO: [Synth 8-6155] done synthesizing module 'idelay_top_v2' (0#1) [/home/nagafusa/idelay_top_v2.v:3]
INFO: [Synth 8-6155] done synthesizing module 'top_block_idelay_top_v2_0_0' (0#1) [/home/nagafusa/work/spadi/Fakernet/SAMIDARE/samidare.gen/sources_1/bd/top_block/ip/top_block_idelay_top_v2_0_0/synth/top_block_idelay_top_v2_0_0.v:53]
WARNING: [Synth 8-6014] Unused sequential element num_idelay_check_reg was removed.  [/home/nagafusa/idelay_impl.v:95]
WARNING: [Synth 8-6014] Unused sequential element en_idelay_check_reg was removed.  [/home/nagafusa/idelay_impl.v:97]
WARNING: [Synth 8-6014] Unused sequential element sig_idelay_check_reg was removed.  [/home/nagafusa/idelay_impl.v:159]
WARNING: [Synth 8-6014] Unused sequential element num_patt_check_reg was removed.  [/home/nagafusa/idelay_impl.v:183]
WARNING: [Synth 8-6014] Unused sequential element en_bitslip_reg was removed.  [/home/nagafusa/idelay_impl.v:184]
WARNING: [Synth 8-6014] Unused sequential element bit_aligned_reg was removed.  [/home/nagafusa/idelay_impl.v:185]
WARNING: [Synth 8-6014] Unused sequential element bitslip_failure_reg was removed.  [/home/nagafusa/idelay_impl.v:186]
WARNING: [Synth 8-7137] Register en_idle_check_reg in module idelay_impl has both Set and reset with same priority. This may cause simulation mismatches. Consider rewriting code  [/home/nagafusa/idelay_impl.v:195]
WARNING: [Synth 8-3848] Net idelay_check_count in module/entity idelay_impl does not have driver. [/home/nagafusa/idelay_impl.v:64]
WARNING: [Synth 8-3848] Net internal_data in module/entity idelay_impl does not have driver. [/home/nagafusa/idelay_impl.v:286]
WARNING: [Synth 8-3848] Net ld_signal in module/entity idelay_impl does not have driver. [/home/nagafusa/idelay_impl.v:290]
WARNING: [Synth 8-6014] Unused sequential element num_idelay_check_reg was removed.  [/home/nagafusa/idelay_impl.v:95]
WARNING: [Synth 8-6014] Unused sequential element en_idelay_check_reg was removed.  [/home/nagafusa/idelay_impl.v:97]
WARNING: [Synth 8-6014] Unused sequential element sig_idelay_check_reg was removed.  [/home/nagafusa/idelay_impl.v:159]
WARNING: [Synth 8-6014] Unused sequential element num_patt_check_reg was removed.  [/home/nagafusa/idelay_impl.v:183]
WARNING: [Synth 8-6014] Unused sequential element en_bitslip_reg was removed.  [/home/nagafusa/idelay_impl.v:184]
WARNING: [Synth 8-6014] Unused sequential element bit_aligned_reg was removed.  [/home/nagafusa/idelay_impl.v:185]
WARNING: [Synth 8-6014] Unused sequential element bitslip_failure_reg was removed.  [/home/nagafusa/idelay_impl.v:186]
WARNING: [Synth 8-7137] Register en_idle_check_reg in module idelay_impl__parameterized0 has both Set and reset with same priority. This may cause simulation mismatches. Consider rewriting code  [/home/nagafusa/idelay_impl.v:195]
WARNING: [Synth 8-3848] Net idelay_check_count in module/entity idelay_impl__parameterized0 does not have driver. [/home/nagafusa/idelay_impl.v:64]
WARNING: [Synth 8-3848] Net internal_data in module/entity idelay_impl__parameterized0 does not have driver. [/home/nagafusa/idelay_impl.v:286]
WARNING: [Synth 8-3848] Net ld_signal in module/entity idelay_impl__parameterized0 does not have driver. [/home/nagafusa/idelay_impl.v:290]
WARNING: [Synth 8-7129] Port init in module idelay_impl__parameterized0 is either unconnected or has no load
WARNING: [Synth 8-7129] Port init in module idelay_impl is either unconnected or has no load
---------------------------------------------------------------------------------
Finished RTL Elaboration : Time (s): cpu = 00:00:02 ; elapsed = 00:00:03 . Memory (MB): peak = 2227.672 ; gain = 443.664 ; free physical = 28179 ; free virtual = 57754
Synthesis current peak Physical Memory [PSS] (MB): peak = 1583.979; parent = 1373.781; children = 210.198
Synthesis current peak Virtual Memory [VSS] (MB): peak = 3196.184; parent = 2227.676; children = 968.508
---------------------------------------------------------------------------------
---------------------------------------------------------------------------------
Start Handling Custom Attributes
---------------------------------------------------------------------------------
---------------------------------------------------------------------------------
Finished Handling Custom Attributes : Time (s): cpu = 00:00:02 ; elapsed = 00:00:03 . Memory (MB): peak = 2245.484 ; gain = 461.477 ; free physical = 28178 ; free virtual = 57754
Synthesis current peak Physical Memory [PSS] (MB): peak = 1583.979; parent = 1373.781; children = 210.198
Synthesis current peak Virtual Memory [VSS] (MB): peak = 3213.996; parent = 2245.488; children = 968.508
---------------------------------------------------------------------------------
---------------------------------------------------------------------------------
Finished RTL Optimization Phase 1 : Time (s): cpu = 00:00:02 ; elapsed = 00:00:03 . Memory (MB): peak = 2245.484 ; gain = 461.477 ; free physical = 28178 ; free virtual = 57754
Synthesis current peak Physical Memory [PSS] (MB): peak = 1583.979; parent = 1373.781; children = 210.198
Synthesis current peak Virtual Memory [VSS] (MB): peak = 3213.996; parent = 2245.488; children = 968.508
---------------------------------------------------------------------------------
WARNING: [Synth 37-28] Duplicate attribute 'SIM_DEVICE' found for instance 'IDELAYCTRL_inst' of module 'IDELAYCTRL'.
Resolution: Check your design sources near the definition of the module or any related 'include files, looking for duplicate definitions with different values.
Netlist sorting complete. Time (s): cpu = 00:00:00.04 ; elapsed = 00:00:00.04 . Memory (MB): peak = 2251.422 ; gain = 0.000 ; free physical = 28174 ; free virtual = 57750
INFO: [Netlist 29-17] Analyzing 88 Unisim elements for replacement
INFO: [Netlist 29-28] Unisim Transformation completed in 0 CPU seconds
INFO: [Project 1-570] Preparing netlist for logic optimization

Processing XDC Constraints
Initializing timing engine
Completed Processing XDC Constraints

Netlist sorting complete. Time (s): cpu = 00:00:00 ; elapsed = 00:00:00 . Memory (MB): peak = 2373.422 ; gain = 0.000 ; free physical = 28138 ; free virtual = 57714
INFO: [Project 1-111] Unisim Transformation Summary:
  A total of 44 instances were transformed.
  IBUFDS => IBUFDS (DIFFINBUF, IBUFCTRL): 44 instances

Constraint Validation Runtime : Time (s): cpu = 00:00:00.19 ; elapsed = 00:00:00.04 . Memory (MB): peak = 2395.234 ; gain = 21.812 ; free physical = 28133 ; free virtual = 57709
INFO: [Designutils 20-5008] Incremental synthesis strategy off
INFO: [Synth 8-11241] undeclared symbol 'REGCCE', assumed default net type 'wire' [/opt/Xilinx/Vivado/2022.2/data/verilog/src/unimacro/BRAM_SINGLE_MACRO.v:2170]
---------------------------------------------------------------------------------
Finished Constraint Validation : Time (s): cpu = 00:00:05 ; elapsed = 00:00:05 . Memory (MB): peak = 2395.234 ; gain = 611.227 ; free physical = 28164 ; free virtual = 57740
Synthesis current peak Physical Memory [PSS] (MB): peak = 1583.979; parent = 1373.781; children = 210.198
Synthesis current peak Virtual Memory [VSS] (MB): peak = 3331.730; parent = 2363.223; children = 968.508
---------------------------------------------------------------------------------
---------------------------------------------------------------------------------
Start Loading Part and Timing Information
---------------------------------------------------------------------------------
Loading part: xcau15p-sbvb484-1-i
INFO: [Synth 8-6742] Reading net delay rules and data
---------------------------------------------------------------------------------
Finished Loading Part and Timing Information : Time (s): cpu = 00:00:05 ; elapsed = 00:00:06 . Memory (MB): peak = 2395.234 ; gain = 611.227 ; free physical = 28164 ; free virtual = 57740
Synthesis current peak Physical Memory [PSS] (MB): peak = 1583.979; parent = 1373.781; children = 210.198
Synthesis current peak Virtual Memory [VSS] (MB): peak = 3331.730; parent = 2363.223; children = 968.508
---------------------------------------------------------------------------------
---------------------------------------------------------------------------------
Start Applying 'set_property' XDC Constraints
---------------------------------------------------------------------------------
---------------------------------------------------------------------------------
Finished applying 'set_property' XDC Constraints : Time (s): cpu = 00:00:05 ; elapsed = 00:00:06 . Memory (MB): peak = 2395.234 ; gain = 611.227 ; free physical = 28164 ; free virtual = 57740
Synthesis current peak Physical Memory [PSS] (MB): peak = 1583.979; parent = 1373.781; children = 210.198
Synthesis current peak Virtual Memory [VSS] (MB): peak = 3331.730; parent = 2363.223; children = 968.508
---------------------------------------------------------------------------------
INFO: [Synth 8-802] inferred FSM for state register 'state_idelay_reg' in module 'idelay_impl'
INFO: [Synth 8-802] inferred FSM for state register 'state_bitslip_reg' in module 'idelay_impl'
INFO: [Synth 8-802] inferred FSM for state register 'state_idelay_reg' in module 'idelay_impl__parameterized0'
INFO: [Synth 8-802] inferred FSM for state register 'state_bitslip_reg' in module 'idelay_impl__parameterized0'
---------------------------------------------------------------------------------------------------
                   State |                     New Encoding |                Previous Encoding 
---------------------------------------------------------------------------------------------------
          ST_IDELAY_INIT |                              000 |                              000
       ST_IDELAY_WAITPLL |                              001 |                              001
         ST_IDELAY_CHECK |                              010 |                              010
      ST_IDELAY_NUMTRIAL |                              011 |                              011
     ST_IDELAY_DECREMENT |                              100 |                              101
      ST_IDELAY_ADJUSTED |                              101 |                              110
     ST_IDELAY_INCREMENT |                              110 |                              100
---------------------------------------------------------------------------------------------------
INFO: [Synth 8-3354] encoded FSM with state register 'state_idelay_reg' using encoding 'sequential' in module 'idelay_impl'
---------------------------------------------------------------------------------------------------
                   State |                     New Encoding |                Previous Encoding 
---------------------------------------------------------------------------------------------------
                 BS_INIT |                            00001 |                              000
            BS_WAITSTART |                            00010 |                              001
           BS_CHECK_IDLE |                            00100 |                              010
             BS_FINISHED |                            01000 |                              100
              BS_BITSLIP |                            10000 |                              011
---------------------------------------------------------------------------------------------------
INFO: [Synth 8-3354] encoded FSM with state register 'state_bitslip_reg' using encoding 'one-hot' in module 'idelay_impl'
---------------------------------------------------------------------------------------------------
                   State |                     New Encoding |                Previous Encoding 
---------------------------------------------------------------------------------------------------
          ST_IDELAY_INIT |                              000 |                              000
       ST_IDELAY_WAITPLL |                              001 |                              001
         ST_IDELAY_CHECK |                              010 |                              010
      ST_IDELAY_NUMTRIAL |                              011 |                              011
     ST_IDELAY_DECREMENT |                              100 |                              101
      ST_IDELAY_ADJUSTED |                              101 |                              110
     ST_IDELAY_INCREMENT |                              110 |                              100
---------------------------------------------------------------------------------------------------
INFO: [Synth 8-3354] encoded FSM with state register 'state_idelay_reg' using encoding 'sequential' in module 'idelay_impl__parameterized0'
---------------------------------------------------------------------------------------------------
                   State |                     New Encoding |                Previous Encoding 
---------------------------------------------------------------------------------------------------
                 BS_INIT |                            00001 |                              000
            BS_WAITSTART |                            00010 |                              001
           BS_CHECK_IDLE |                            00100 |                              010
             BS_FINISHED |                            01000 |                              100
              BS_BITSLIP |                            10000 |                              011
---------------------------------------------------------------------------------------------------
INFO: [Synth 8-3354] encoded FSM with state register 'state_bitslip_reg' using encoding 'one-hot' in module 'idelay_impl__parameterized0'
---------------------------------------------------------------------------------
Finished RTL Optimization Phase 2 : Time (s): cpu = 00:00:05 ; elapsed = 00:00:06 . Memory (MB): peak = 2395.234 ; gain = 611.227 ; free physical = 28159 ; free virtual = 57736
Synthesis current peak Physical Memory [PSS] (MB): peak = 1583.979; parent = 1373.781; children = 210.198
Synthesis current peak Virtual Memory [VSS] (MB): peak = 3331.730; parent = 2363.223; children = 968.508
---------------------------------------------------------------------------------
---------------------------------------------------------------------------------
Start RTL Component Statistics 
---------------------------------------------------------------------------------
Detailed RTL Component Info : 
+---Adders : 
	   2 Input   32 Bit       Adders := 132   
	   2 Input    6 Bit       Adders := 44    
	   2 Input    5 Bit       Adders := 88    
+---Registers : 
	               32 Bit    Registers := 133   
	                6 Bit    Registers := 44    
	                5 Bit    Registers := 88    
	                4 Bit    Registers := 44    
	                2 Bit    Registers := 1     
	                1 Bit    Registers := 179   
+---Muxes : 
	   2 Input   32 Bit        Muxes := 44    
	   7 Input   32 Bit        Muxes := 44    
	   5 Input   32 Bit        Muxes := 44    
	   7 Input    6 Bit        Muxes := 44    
	   2 Input    5 Bit        Muxes := 88    
	   5 Input    5 Bit        Muxes := 44    
	   2 Input    4 Bit        Muxes := 14    
	  11 Input    4 Bit        Muxes := 8     
	   7 Input    3 Bit        Muxes := 44    
	   2 Input    3 Bit        Muxes := 88    
	   3 Input    3 Bit        Muxes := 5     
	  11 Input    3 Bit        Muxes := 4     
	   2 Input    2 Bit        Muxes := 44    
	   2 Input    1 Bit        Muxes := 309   
	   7 Input    1 Bit        Muxes := 352   
	   3 Input    1 Bit        Muxes := 44    
	   5 Input    1 Bit        Muxes := 176   
---------------------------------------------------------------------------------
Finished RTL Component Statistics 
---------------------------------------------------------------------------------
---------------------------------------------------------------------------------
Start Part Resource Summary
---------------------------------------------------------------------------------
Part Resources:
DSPs: 576 (col length:72)
BRAMs: 288 (col length: RAMB18 72 RAMB36 36)
---------------------------------------------------------------------------------
Finished Part Resource Summary
---------------------------------------------------------------------------------
---------------------------------------------------------------------------------
Start Cross Boundary and Area Optimization
---------------------------------------------------------------------------------
WARNING: [Synth 8-7080] Parallel synthesis criteria is not met
WARNING: [Synth 8-7129] Port init in module idelay_impl__parameterized0 is either unconnected or has no load
WARNING: [Synth 8-7129] Port init in module idelay_impl is either unconnected or has no load
---------------------------------------------------------------------------------
Finished Cross Boundary and Area Optimization : Time (s): cpu = 00:00:08 ; elapsed = 00:00:10 . Memory (MB): peak = 2395.234 ; gain = 611.227 ; free physical = 28131 ; free virtual = 57713
Synthesis current peak Physical Memory [PSS] (MB): peak = 1583.979; parent = 1373.781; children = 210.198
Synthesis current peak Virtual Memory [VSS] (MB): peak = 3331.730; parent = 2363.223; children = 968.508
---------------------------------------------------------------------------------
---------------------------------------------------------------------------------
Start Applying XDC Timing Constraints
---------------------------------------------------------------------------------
---------------------------------------------------------------------------------
Finished Applying XDC Timing Constraints : Time (s): cpu = 00:00:10 ; elapsed = 00:00:11 . Memory (MB): peak = 2441.977 ; gain = 657.969 ; free physical = 27911 ; free virtual = 57493
Synthesis current peak Physical Memory [PSS] (MB): peak = 1794.614; parent = 1584.990; children = 210.198
Synthesis current peak Virtual Memory [VSS] (MB): peak = 3410.488; parent = 2441.980; children = 968.508
---------------------------------------------------------------------------------
---------------------------------------------------------------------------------
Start Timing Optimization
---------------------------------------------------------------------------------
---------------------------------------------------------------------------------
Finished Timing Optimization : Time (s): cpu = 00:00:10 ; elapsed = 00:00:12 . Memory (MB): peak = 2441.977 ; gain = 657.969 ; free physical = 27905 ; free virtual = 57487
Synthesis current peak Physical Memory [PSS] (MB): peak = 1799.825; parent = 1590.201; children = 210.198
Synthesis current peak Virtual Memory [VSS] (MB): peak = 3410.488; parent = 2441.980; children = 968.508
---------------------------------------------------------------------------------
---------------------------------------------------------------------------------
Start Technology Mapping
---------------------------------------------------------------------------------
---------------------------------------------------------------------------------
Finished Technology Mapping : Time (s): cpu = 00:00:10 ; elapsed = 00:00:12 . Memory (MB): peak = 2470.000 ; gain = 685.992 ; free physical = 27894 ; free virtual = 57476
Synthesis current peak Physical Memory [PSS] (MB): peak = 1808.411; parent = 1598.787; children = 210.198
Synthesis current peak Virtual Memory [VSS] (MB): peak = 3438.512; parent = 2470.004; children = 968.508
---------------------------------------------------------------------------------
---------------------------------------------------------------------------------
Start IO Insertion
---------------------------------------------------------------------------------
---------------------------------------------------------------------------------
Start Flattening Before IO Insertion
---------------------------------------------------------------------------------
---------------------------------------------------------------------------------
Finished Flattening Before IO Insertion
---------------------------------------------------------------------------------
---------------------------------------------------------------------------------
Start Final Netlist Cleanup
---------------------------------------------------------------------------------
---------------------------------------------------------------------------------
Finished Final Netlist Cleanup
---------------------------------------------------------------------------------
---------------------------------------------------------------------------------
Finished IO Insertion : Time (s): cpu = 00:00:12 ; elapsed = 00:00:14 . Memory (MB): peak = 2475.938 ; gain = 691.930 ; free physical = 27894 ; free virtual = 57475
Synthesis current peak Physical Memory [PSS] (MB): peak = 1809.251; parent = 1599.627; children = 210.198
Synthesis current peak Virtual Memory [VSS] (MB): peak = 3444.449; parent = 2475.941; children = 968.508
---------------------------------------------------------------------------------
---------------------------------------------------------------------------------
Start Renaming Generated Instances
---------------------------------------------------------------------------------
---------------------------------------------------------------------------------
Finished Renaming Generated Instances : Time (s): cpu = 00:00:12 ; elapsed = 00:00:14 . Memory (MB): peak = 2475.938 ; gain = 691.930 ; free physical = 27894 ; free virtual = 57475
Synthesis current peak Physical Memory [PSS] (MB): peak = 1809.302; parent = 1599.678; children = 210.198
Synthesis current peak Virtual Memory [VSS] (MB): peak = 3444.449; parent = 2475.941; children = 968.508
---------------------------------------------------------------------------------
---------------------------------------------------------------------------------
Start Rebuilding User Hierarchy
---------------------------------------------------------------------------------
---------------------------------------------------------------------------------
Finished Rebuilding User Hierarchy : Time (s): cpu = 00:00:12 ; elapsed = 00:00:14 . Memory (MB): peak = 2475.938 ; gain = 691.930 ; free physical = 27894 ; free virtual = 57475
Synthesis current peak Physical Memory [PSS] (MB): peak = 1810.829; parent = 1601.205; children = 210.198
Synthesis current peak Virtual Memory [VSS] (MB): peak = 3444.449; parent = 2475.941; children = 968.508
---------------------------------------------------------------------------------
---------------------------------------------------------------------------------
Start Renaming Generated Ports
---------------------------------------------------------------------------------
---------------------------------------------------------------------------------
Finished Renaming Generated Ports : Time (s): cpu = 00:00:12 ; elapsed = 00:00:14 . Memory (MB): peak = 2475.938 ; gain = 691.930 ; free physical = 27894 ; free virtual = 57475
Synthesis current peak Physical Memory [PSS] (MB): peak = 1810.829; parent = 1601.205; children = 210.198
Synthesis current peak Virtual Memory [VSS] (MB): peak = 3444.449; parent = 2475.941; children = 968.508
---------------------------------------------------------------------------------
---------------------------------------------------------------------------------
Start Handling Custom Attributes
---------------------------------------------------------------------------------
---------------------------------------------------------------------------------
Finished Handling Custom Attributes : Time (s): cpu = 00:00:12 ; elapsed = 00:00:14 . Memory (MB): peak = 2475.938 ; gain = 691.930 ; free physical = 27894 ; free virtual = 57475
Synthesis current peak Physical Memory [PSS] (MB): peak = 1810.923; parent = 1601.299; children = 210.198
Synthesis current peak Virtual Memory [VSS] (MB): peak = 3444.449; parent = 2475.941; children = 968.508
---------------------------------------------------------------------------------
---------------------------------------------------------------------------------
Start Renaming Generated Nets
---------------------------------------------------------------------------------
---------------------------------------------------------------------------------
Finished Renaming Generated Nets : Time (s): cpu = 00:00:12 ; elapsed = 00:00:14 . Memory (MB): peak = 2475.938 ; gain = 691.930 ; free physical = 27894 ; free virtual = 57475
Synthesis current peak Physical Memory [PSS] (MB): peak = 1810.923; parent = 1601.299; children = 210.198
Synthesis current peak Virtual Memory [VSS] (MB): peak = 3444.449; parent = 2475.941; children = 968.508
---------------------------------------------------------------------------------
---------------------------------------------------------------------------------
Start Writing Synthesis Report
---------------------------------------------------------------------------------

Report BlackBoxes: 
+-+--------------+----------+
| |BlackBox name |Instances |
+-+--------------+----------+
+-+--------------+----------+

Report Cell Usage: 
+------+-----------+------+
|      |Cell       |Count |
+------+-----------+------+
|1     |CARRY8     |   352|
|2     |IDELAYCTRL |     1|
|3     |IDELAYE3   |    44|
|4     |LUT1       |    89|
|5     |LUT2       |  3083|
|6     |LUT3       |   321|
|7     |LUT4       |   236|
|8     |LUT5       |   285|
|9     |LUT6       |   832|
|10    |FDCE       |  3569|
|11    |FDPE       |    88|
|12    |FDRE       |   264|
|13    |IBUFDS     |    44|
+------+-----------+------+
---------------------------------------------------------------------------------
Finished Writing Synthesis Report : Time (s): cpu = 00:00:12 ; elapsed = 00:00:14 . Memory (MB): peak = 2475.938 ; gain = 691.930 ; free physical = 27894 ; free virtual = 57475
Synthesis current peak Physical Memory [PSS] (MB): peak = 1810.954; parent = 1601.330; children = 210.198
Synthesis current peak Virtual Memory [VSS] (MB): peak = 3444.449; parent = 2475.941; children = 968.508
---------------------------------------------------------------------------------
Synthesis finished with 0 errors, 0 critical warnings and 3 warnings.
Synthesis Optimization Runtime : Time (s): cpu = 00:00:11 ; elapsed = 00:00:14 . Memory (MB): peak = 2475.938 ; gain = 542.180 ; free physical = 27906 ; free virtual = 57487
Synthesis Optimization Complete : Time (s): cpu = 00:00:12 ; elapsed = 00:00:14 . Memory (MB): peak = 2475.945 ; gain = 691.930 ; free physical = 27906 ; free virtual = 57487
INFO: [Project 1-571] Translating synthesized netlist
WARNING: [Synth 37-28] Duplicate attribute 'SIM_DEVICE' found for instance 'IDELAYCTRL_inst' of module 'IDELAYCTRL'.
Resolution: Check your design sources near the definition of the module or any related 'include files, looking for duplicate definitions with different values.
Netlist sorting complete. Time (s): cpu = 00:00:00.03 ; elapsed = 00:00:00.03 . Memory (MB): peak = 2475.945 ; gain = 0.000 ; free physical = 28013 ; free virtual = 57594
INFO: [Netlist 29-17] Analyzing 440 Unisim elements for replacement
INFO: [Netlist 29-28] Unisim Transformation completed in 0 CPU seconds
INFO: [Project 1-570] Preparing netlist for logic optimization
INFO: [Opt 31-138] Pushed 0 inverter(s) to 0 load pin(s).
Netlist sorting complete. Time (s): cpu = 00:00:00 ; elapsed = 00:00:00 . Memory (MB): peak = 2521.730 ; gain = 0.000 ; free physical = 27976 ; free virtual = 57557
INFO: [Project 1-111] Unisim Transformation Summary:
  A total of 44 instances were transformed.
  IBUFDS => IBUFDS (DIFFINBUF, IBUFCTRL): 44 instances

Synth Design complete, checksum: 47c6b1a9
INFO: [Common 17-83] Releasing license: Synthesis
55 Infos, 33 Warnings, 0 Critical Warnings and 0 Errors encountered.
synth_design completed successfully
synth_design: Time (s): cpu = 00:00:16 ; elapsed = 00:00:17 . Memory (MB): peak = 2521.730 ; gain = 1196.195 ; free physical = 28187 ; free virtual = 57769
INFO: [Common 17-1381] The checkpoint '/home/nagafusa/work/spadi/Fakernet/SAMIDARE/samidare.runs/top_block_idelay_top_v2_0_0_synth_1/top_block_idelay_top_v2_0_0.dcp' has been generated.
INFO: [Coretcl 2-1648] Added synthesis output to IP cache for IP top_block_idelay_top_v2_0_0, cache-ID = fc89d95238dac2db
INFO: [Coretcl 2-1174] Renamed 46 cell refs.
INFO: [Common 17-1381] The checkpoint '/home/nagafusa/work/spadi/Fakernet/SAMIDARE/samidare.runs/top_block_idelay_top_v2_0_0_synth_1/top_block_idelay_top_v2_0_0.dcp' has been generated.
INFO: [runtcl-4] Executing : report_utilization -file top_block_idelay_top_v2_0_0_utilization_synth.rpt -pb top_block_idelay_top_v2_0_0_utilization_synth.pb
INFO: [Common 17-206] Exiting Vivado at Sat Feb  8 19:52:26 2025...
