
*** Running vivado
    with args -log top_block_xpm_async_fifo_wrapp_0_0.vds -m64 -product Vivado -mode batch -messageDb vivado.pb -notrace -source top_block_xpm_async_fifo_wrapp_0_0.tcl


****** Vivado v2022.2 (64-bit)
  **** SW Build 3671981 on Fri Oct 14 04:59:54 MDT 2022
  **** IP Build 3669848 on Fri Oct 14 08:30:02 MDT 2022
    ** Copyright 1986-2022 Xilinx, Inc. All Rights Reserved.

source top_block_xpm_async_fifo_wrapp_0_0.tcl -notrace
WARNING: [Common 17-1361] You have specified a new message control rule that is equivalent to an existing rule with attributes ' -id {Timing 38-316}  -suppress '. The existing rule will be replaced.
INFO: [IP_Flow 19-234] Refreshing IP repositories
INFO: [IP_Flow 19-1700] Loaded user IP repository '/home/nagafusa/work/spadi/Fakernet/ip_repo/data_receiver_1_0'.
INFO: [IP_Flow 19-1700] Loaded user IP repository '/home/nagafusa/work/spadi/Fakernet/ip_repo/data_sender_1_0'.
INFO: [IP_Flow 19-1700] Loaded user IP repository '/home/nagafusa/work/spadi/Fakernet/ip_repo/SAMPA_PON_2_0'.
INFO: [IP_Flow 19-1700] Loaded user IP repository '/home/nagafusa/work/spadi/Fakernet/ip_repo/I2C_Controller_1_0'.
INFO: [IP_Flow 19-1700] Loaded user IP repository '/home/nagafusa/work/spadi/Fakernet/ip_repo/start_i2c_write_1_0'.
WARNING: [IP_Flow 19-2248] Failed to load user IP repository '/home/nagafusa/work/spadi/Fakernet/ip_repo/I2C_controller_1_0'; Can't find the specified path.
If this directory should no longer be in your list of user repositories, go to the IP Settings dialog and remove it.
WARNING: [IP_Flow 19-2207] Repository '/home/nagafusa/work/spadi/Fakernet/ip_repo/I2C_controller_1_0' already exists; ignoring attempt to add it again.
WARNING: [IP_Flow 19-2248] Failed to load user IP repository '/home/nagafusa/work/spadi/Fakernet/ip_repo/I2C_controller_1_0'; Can't find the specified path.
If this directory should no longer be in your list of user repositories, go to the IP Settings dialog and remove it.
INFO: [IP_Flow 19-2313] Loaded Vivado IP repository '/opt/Xilinx/Vivado/2022.2/data/ip'.
INFO: [IP_Flow 19-6924] IPCACHE: Running cache check for IP inst: top_block_xpm_async_fifo_wrapp_0_0
Command: synth_design -top top_block_xpm_async_fifo_wrapp_0_0 -part xcau15p-sbvb484-1-i -incremental_mode off -mode out_of_context
Starting synth_design
Attempting to get a license for feature 'Synthesis' and/or device 'xcau15p'
INFO: [Common 17-349] Got license for feature 'Synthesis' and/or device 'xcau15p'
INFO: [Device 21-403] Loading part xcau15p-sbvb484-1-i
INFO: [Synth 8-7079] Multithreading enabled for synth_design using a maximum of 4 processes.
INFO: [Synth 8-7078] Launching helper process for spawning children vivado processes
INFO: [Synth 8-7075] Helper process launched with PID 1795054
INFO: [Synth 8-11241] undeclared symbol 'REGCCE', assumed default net type 'wire' [/opt/Xilinx/Vivado/2022.2/data/verilog/src/unimacro/BRAM_SINGLE_MACRO.v:2170]
---------------------------------------------------------------------------------
Starting RTL Elaboration : Time (s): cpu = 00:00:02 ; elapsed = 00:00:02 . Memory (MB): peak = 2147.250 ; gain = 363.727 ; free physical = 34317 ; free virtual = 59626
Synthesis current peak Physical Memory [PSS] (MB): peak = 1583.636; parent = 1373.583; children = 210.053
Synthesis current peak Virtual Memory [VSS] (MB): peak = 3121.695; parent = 2153.191; children = 968.504
---------------------------------------------------------------------------------
INFO: [Synth 8-6157] synthesizing module 'top_block_xpm_async_fifo_wrapp_0_0' [/home/nagafusa/work/spadi/Fakernet/SAMIDARE/samidare.gen/sources_1/bd/top_block/ip/top_block_xpm_async_fifo_wrapp_0_0/synth/top_block_xpm_async_fifo_wrapp_0_0.v:53]
INFO: [Synth 8-6157] synthesizing module 'xpm_async_fifo_wrapper' [/home/nagafusa/work/spadi/Fakernet/SAMIDARE/samidare.srcs/sources_1/new/xpm_fifo_wrapper.v:23]
INFO: [Synth 8-6157] synthesizing module 'xpm_fifo_async' [/opt/Xilinx/Vivado/2022.2/data/ip/xpm/xpm_fifo/hdl/xpm_fifo.sv:2151]
INFO: [Synth 8-6157] synthesizing module 'xpm_fifo_base' [/opt/Xilinx/Vivado/2022.2/data/ip/xpm/xpm_fifo/hdl/xpm_fifo.sv:55]
INFO: [Synth 8-6157] synthesizing module 'xpm_memory_base' [/opt/Xilinx/Vivado/2022.2/data/ip/xpm/xpm_memory/hdl/xpm_memory.sv:56]
INFO: [Synth 8-6059] Synth Info: [XPM_MEMORY 20-1] MEMORY_PRIMITIVE (0) instructs Vivado Synthesis to choose the memory primitive type. Depending on their values, other XPM_MEMORY parameters may preclude the choice of certain memory primitive types. Review XPM_MEMORY documentation and parameter values to understand any limitations, or set MEMORY_PRIMITIVE to a different value.   [/opt/Xilinx/Vivado/2022.2/data/ip/xpm/xpm_memory/hdl/xpm_memory.sv:493]
INFO: [Synth 8-6155] done synthesizing module 'xpm_memory_base' (0#1) [/opt/Xilinx/Vivado/2022.2/data/ip/xpm/xpm_memory/hdl/xpm_memory.sv:56]
INFO: [Synth 8-6157] synthesizing module 'xpm_cdc_gray' [/opt/Xilinx/Vivado/2022.2/data/ip/xpm/xpm_cdc/hdl/xpm_cdc.sv:283]
INFO: [Synth 8-6155] done synthesizing module 'xpm_cdc_gray' (0#1) [/opt/Xilinx/Vivado/2022.2/data/ip/xpm/xpm_cdc/hdl/xpm_cdc.sv:283]
INFO: [Synth 8-6157] synthesizing module 'xpm_fifo_reg_vec' [/opt/Xilinx/Vivado/2022.2/data/ip/xpm/xpm_fifo/hdl/xpm_fifo.sv:1885]
INFO: [Synth 8-6155] done synthesizing module 'xpm_fifo_reg_vec' (0#1) [/opt/Xilinx/Vivado/2022.2/data/ip/xpm/xpm_fifo/hdl/xpm_fifo.sv:1885]
INFO: [Synth 8-6157] synthesizing module 'xpm_cdc_gray__parameterized0' [/opt/Xilinx/Vivado/2022.2/data/ip/xpm/xpm_cdc/hdl/xpm_cdc.sv:283]
INFO: [Synth 8-6155] done synthesizing module 'xpm_cdc_gray__parameterized0' (0#1) [/opt/Xilinx/Vivado/2022.2/data/ip/xpm/xpm_cdc/hdl/xpm_cdc.sv:283]
INFO: [Synth 8-6157] synthesizing module 'xpm_fifo_reg_vec__parameterized0' [/opt/Xilinx/Vivado/2022.2/data/ip/xpm/xpm_fifo/hdl/xpm_fifo.sv:1885]
INFO: [Synth 8-6155] done synthesizing module 'xpm_fifo_reg_vec__parameterized0' (0#1) [/opt/Xilinx/Vivado/2022.2/data/ip/xpm/xpm_fifo/hdl/xpm_fifo.sv:1885]
INFO: [Synth 8-6157] synthesizing module 'xpm_cdc_gray__parameterized1' [/opt/Xilinx/Vivado/2022.2/data/ip/xpm/xpm_cdc/hdl/xpm_cdc.sv:283]
INFO: [Synth 8-6155] done synthesizing module 'xpm_cdc_gray__parameterized1' (0#1) [/opt/Xilinx/Vivado/2022.2/data/ip/xpm/xpm_cdc/hdl/xpm_cdc.sv:283]
INFO: [Synth 8-226] default block is never used [/opt/Xilinx/Vivado/2022.2/data/ip/xpm/xpm_fifo/hdl/xpm_fifo.sv:1207]
INFO: [Synth 8-226] default block is never used [/opt/Xilinx/Vivado/2022.2/data/ip/xpm/xpm_fifo/hdl/xpm_fifo.sv:1274]
INFO: [Synth 8-226] default block is never used [/opt/Xilinx/Vivado/2022.2/data/ip/xpm/xpm_fifo/hdl/xpm_fifo.sv:1296]
INFO: [Synth 8-6157] synthesizing module 'xpm_fifo_reg_bit' [/opt/Xilinx/Vivado/2022.2/data/ip/xpm/xpm_fifo/hdl/xpm_fifo.sv:1907]
INFO: [Synth 8-6155] done synthesizing module 'xpm_fifo_reg_bit' (0#1) [/opt/Xilinx/Vivado/2022.2/data/ip/xpm/xpm_fifo/hdl/xpm_fifo.sv:1907]
INFO: [Synth 8-6157] synthesizing module 'xpm_counter_updn' [/opt/Xilinx/Vivado/2022.2/data/ip/xpm/xpm_fifo/hdl/xpm_fifo.sv:1859]
INFO: [Synth 8-6155] done synthesizing module 'xpm_counter_updn' (0#1) [/opt/Xilinx/Vivado/2022.2/data/ip/xpm/xpm_fifo/hdl/xpm_fifo.sv:1859]
INFO: [Synth 8-6157] synthesizing module 'xpm_fifo_rst' [/opt/Xilinx/Vivado/2022.2/data/ip/xpm/xpm_fifo/hdl/xpm_fifo.sv:1619]
INFO: [Synth 8-6157] synthesizing module 'xpm_cdc_sync_rst' [/opt/Xilinx/Vivado/2022.2/data/ip/xpm/xpm_cdc/hdl/xpm_cdc.sv:1058]
INFO: [Synth 8-6155] done synthesizing module 'xpm_cdc_sync_rst' (0#1) [/opt/Xilinx/Vivado/2022.2/data/ip/xpm/xpm_cdc/hdl/xpm_cdc.sv:1058]
INFO: [Synth 8-6155] done synthesizing module 'xpm_fifo_rst' (0#1) [/opt/Xilinx/Vivado/2022.2/data/ip/xpm/xpm_fifo/hdl/xpm_fifo.sv:1619]
INFO: [Synth 8-6157] synthesizing module 'xpm_counter_updn__parameterized0' [/opt/Xilinx/Vivado/2022.2/data/ip/xpm/xpm_fifo/hdl/xpm_fifo.sv:1859]
INFO: [Synth 8-6155] done synthesizing module 'xpm_counter_updn__parameterized0' (0#1) [/opt/Xilinx/Vivado/2022.2/data/ip/xpm/xpm_fifo/hdl/xpm_fifo.sv:1859]
INFO: [Synth 8-6157] synthesizing module 'xpm_counter_updn__parameterized1' [/opt/Xilinx/Vivado/2022.2/data/ip/xpm/xpm_fifo/hdl/xpm_fifo.sv:1859]
INFO: [Synth 8-6155] done synthesizing module 'xpm_counter_updn__parameterized1' (0#1) [/opt/Xilinx/Vivado/2022.2/data/ip/xpm/xpm_fifo/hdl/xpm_fifo.sv:1859]
INFO: [Synth 8-6157] synthesizing module 'xpm_counter_updn__parameterized2' [/opt/Xilinx/Vivado/2022.2/data/ip/xpm/xpm_fifo/hdl/xpm_fifo.sv:1859]
INFO: [Synth 8-6155] done synthesizing module 'xpm_counter_updn__parameterized2' (0#1) [/opt/Xilinx/Vivado/2022.2/data/ip/xpm/xpm_fifo/hdl/xpm_fifo.sv:1859]
INFO: [Synth 8-6155] done synthesizing module 'xpm_fifo_base' (0#1) [/opt/Xilinx/Vivado/2022.2/data/ip/xpm/xpm_fifo/hdl/xpm_fifo.sv:55]
INFO: [Synth 8-6155] done synthesizing module 'xpm_fifo_async' (0#1) [/opt/Xilinx/Vivado/2022.2/data/ip/xpm/xpm_fifo/hdl/xpm_fifo.sv:2151]
WARNING: [Synth 8-7071] port 'sleep' of module 'xpm_fifo_async' is unconnected for instance 'xpm_fifo_async_inst' [/home/nagafusa/work/spadi/Fakernet/SAMIDARE/samidare.srcs/sources_1/new/xpm_fifo_wrapper.v:46]
WARNING: [Synth 8-7071] port 'prog_full' of module 'xpm_fifo_async' is unconnected for instance 'xpm_fifo_async_inst' [/home/nagafusa/work/spadi/Fakernet/SAMIDARE/samidare.srcs/sources_1/new/xpm_fifo_wrapper.v:46]
WARNING: [Synth 8-7071] port 'wr_data_count' of module 'xpm_fifo_async' is unconnected for instance 'xpm_fifo_async_inst' [/home/nagafusa/work/spadi/Fakernet/SAMIDARE/samidare.srcs/sources_1/new/xpm_fifo_wrapper.v:46]
WARNING: [Synth 8-7071] port 'overflow' of module 'xpm_fifo_async' is unconnected for instance 'xpm_fifo_async_inst' [/home/nagafusa/work/spadi/Fakernet/SAMIDARE/samidare.srcs/sources_1/new/xpm_fifo_wrapper.v:46]
WARNING: [Synth 8-7071] port 'almost_full' of module 'xpm_fifo_async' is unconnected for instance 'xpm_fifo_async_inst' [/home/nagafusa/work/spadi/Fakernet/SAMIDARE/samidare.srcs/sources_1/new/xpm_fifo_wrapper.v:46]
WARNING: [Synth 8-7071] port 'wr_ack' of module 'xpm_fifo_async' is unconnected for instance 'xpm_fifo_async_inst' [/home/nagafusa/work/spadi/Fakernet/SAMIDARE/samidare.srcs/sources_1/new/xpm_fifo_wrapper.v:46]
WARNING: [Synth 8-7071] port 'prog_empty' of module 'xpm_fifo_async' is unconnected for instance 'xpm_fifo_async_inst' [/home/nagafusa/work/spadi/Fakernet/SAMIDARE/samidare.srcs/sources_1/new/xpm_fifo_wrapper.v:46]
WARNING: [Synth 8-7071] port 'rd_data_count' of module 'xpm_fifo_async' is unconnected for instance 'xpm_fifo_async_inst' [/home/nagafusa/work/spadi/Fakernet/SAMIDARE/samidare.srcs/sources_1/new/xpm_fifo_wrapper.v:46]
WARNING: [Synth 8-7071] port 'underflow' of module 'xpm_fifo_async' is unconnected for instance 'xpm_fifo_async_inst' [/home/nagafusa/work/spadi/Fakernet/SAMIDARE/samidare.srcs/sources_1/new/xpm_fifo_wrapper.v:46]
WARNING: [Synth 8-7071] port 'almost_empty' of module 'xpm_fifo_async' is unconnected for instance 'xpm_fifo_async_inst' [/home/nagafusa/work/spadi/Fakernet/SAMIDARE/samidare.srcs/sources_1/new/xpm_fifo_wrapper.v:46]
WARNING: [Synth 8-7071] port 'data_valid' of module 'xpm_fifo_async' is unconnected for instance 'xpm_fifo_async_inst' [/home/nagafusa/work/spadi/Fakernet/SAMIDARE/samidare.srcs/sources_1/new/xpm_fifo_wrapper.v:46]
WARNING: [Synth 8-7071] port 'injectsbiterr' of module 'xpm_fifo_async' is unconnected for instance 'xpm_fifo_async_inst' [/home/nagafusa/work/spadi/Fakernet/SAMIDARE/samidare.srcs/sources_1/new/xpm_fifo_wrapper.v:46]
WARNING: [Synth 8-7071] port 'injectdbiterr' of module 'xpm_fifo_async' is unconnected for instance 'xpm_fifo_async_inst' [/home/nagafusa/work/spadi/Fakernet/SAMIDARE/samidare.srcs/sources_1/new/xpm_fifo_wrapper.v:46]
WARNING: [Synth 8-7071] port 'sbiterr' of module 'xpm_fifo_async' is unconnected for instance 'xpm_fifo_async_inst' [/home/nagafusa/work/spadi/Fakernet/SAMIDARE/samidare.srcs/sources_1/new/xpm_fifo_wrapper.v:46]
WARNING: [Synth 8-7071] port 'dbiterr' of module 'xpm_fifo_async' is unconnected for instance 'xpm_fifo_async_inst' [/home/nagafusa/work/spadi/Fakernet/SAMIDARE/samidare.srcs/sources_1/new/xpm_fifo_wrapper.v:46]
WARNING: [Synth 8-7023] instance 'xpm_fifo_async_inst' of module 'xpm_fifo_async' has 26 connections declared, but only 11 given [/home/nagafusa/work/spadi/Fakernet/SAMIDARE/samidare.srcs/sources_1/new/xpm_fifo_wrapper.v:46]
INFO: [Synth 8-6155] done synthesizing module 'xpm_async_fifo_wrapper' (0#1) [/home/nagafusa/work/spadi/Fakernet/SAMIDARE/samidare.srcs/sources_1/new/xpm_fifo_wrapper.v:23]
INFO: [Synth 8-6155] done synthesizing module 'top_block_xpm_async_fifo_wrapp_0_0' (0#1) [/home/nagafusa/work/spadi/Fakernet/SAMIDARE/samidare.gen/sources_1/bd/top_block/ip/top_block_xpm_async_fifo_wrapp_0_0/synth/top_block_xpm_async_fifo_wrapp_0_0.v:53]
WARNING: [Synth 8-6014] Unused sequential element gen_rd_b.gen_doutb_pipe.enb_pipe_reg[0] was removed.  [/opt/Xilinx/Vivado/2022.2/data/ip/xpm/xpm_memory/hdl/xpm_memory.sv:3017]
WARNING: [Synth 8-6014] Unused sequential element dest_out_bin_ff_reg was removed.  [/opt/Xilinx/Vivado/2022.2/data/ip/xpm/xpm_cdc/hdl/xpm_cdc.sv:417]
WARNING: [Synth 8-6014] Unused sequential element dest_out_bin_ff_reg was removed.  [/opt/Xilinx/Vivado/2022.2/data/ip/xpm/xpm_cdc/hdl/xpm_cdc.sv:417]
WARNING: [Synth 8-6014] Unused sequential element dest_out_bin_ff_reg was removed.  [/opt/Xilinx/Vivado/2022.2/data/ip/xpm/xpm_cdc/hdl/xpm_cdc.sv:417]
WARNING: [Synth 8-6014] Unused sequential element gen_fwft.empty_fwft_fb_reg was removed.  [/opt/Xilinx/Vivado/2022.2/data/ip/xpm/xpm_fifo/hdl/xpm_fifo.sv:1391]
WARNING: [Synth 8-7129] Port sleep in module xpm_memory_base is either unconnected or has no load
WARNING: [Synth 8-7129] Port rsta in module xpm_memory_base is either unconnected or has no load
WARNING: [Synth 8-7129] Port regcea in module xpm_memory_base is either unconnected or has no load
WARNING: [Synth 8-7129] Port injectsbiterra in module xpm_memory_base is either unconnected or has no load
WARNING: [Synth 8-7129] Port injectdbiterra in module xpm_memory_base is either unconnected or has no load
WARNING: [Synth 8-7129] Port dinb[319] in module xpm_memory_base is either unconnected or has no load
WARNING: [Synth 8-7129] Port dinb[318] in module xpm_memory_base is either unconnected or has no load
WARNING: [Synth 8-7129] Port dinb[317] in module xpm_memory_base is either unconnected or has no load
WARNING: [Synth 8-7129] Port dinb[316] in module xpm_memory_base is either unconnected or has no load
WARNING: [Synth 8-7129] Port dinb[315] in module xpm_memory_base is either unconnected or has no load
WARNING: [Synth 8-7129] Port dinb[314] in module xpm_memory_base is either unconnected or has no load
WARNING: [Synth 8-7129] Port dinb[313] in module xpm_memory_base is either unconnected or has no load
WARNING: [Synth 8-7129] Port dinb[312] in module xpm_memory_base is either unconnected or has no load
WARNING: [Synth 8-7129] Port dinb[311] in module xpm_memory_base is either unconnected or has no load
WARNING: [Synth 8-7129] Port dinb[310] in module xpm_memory_base is either unconnected or has no load
WARNING: [Synth 8-7129] Port dinb[309] in module xpm_memory_base is either unconnected or has no load
WARNING: [Synth 8-7129] Port dinb[308] in module xpm_memory_base is either unconnected or has no load
WARNING: [Synth 8-7129] Port dinb[307] in module xpm_memory_base is either unconnected or has no load
WARNING: [Synth 8-7129] Port dinb[306] in module xpm_memory_base is either unconnected or has no load
WARNING: [Synth 8-7129] Port dinb[305] in module xpm_memory_base is either unconnected or has no load
WARNING: [Synth 8-7129] Port dinb[304] in module xpm_memory_base is either unconnected or has no load
WARNING: [Synth 8-7129] Port dinb[303] in module xpm_memory_base is either unconnected or has no load
WARNING: [Synth 8-7129] Port dinb[302] in module xpm_memory_base is either unconnected or has no load
WARNING: [Synth 8-7129] Port dinb[301] in module xpm_memory_base is either unconnected or has no load
WARNING: [Synth 8-7129] Port dinb[300] in module xpm_memory_base is either unconnected or has no load
WARNING: [Synth 8-7129] Port dinb[299] in module xpm_memory_base is either unconnected or has no load
WARNING: [Synth 8-7129] Port dinb[298] in module xpm_memory_base is either unconnected or has no load
WARNING: [Synth 8-7129] Port dinb[297] in module xpm_memory_base is either unconnected or has no load
WARNING: [Synth 8-7129] Port dinb[296] in module xpm_memory_base is either unconnected or has no load
WARNING: [Synth 8-7129] Port dinb[295] in module xpm_memory_base is either unconnected or has no load
WARNING: [Synth 8-7129] Port dinb[294] in module xpm_memory_base is either unconnected or has no load
WARNING: [Synth 8-7129] Port dinb[293] in module xpm_memory_base is either unconnected or has no load
WARNING: [Synth 8-7129] Port dinb[292] in module xpm_memory_base is either unconnected or has no load
WARNING: [Synth 8-7129] Port dinb[291] in module xpm_memory_base is either unconnected or has no load
WARNING: [Synth 8-7129] Port dinb[290] in module xpm_memory_base is either unconnected or has no load
WARNING: [Synth 8-7129] Port dinb[289] in module xpm_memory_base is either unconnected or has no load
WARNING: [Synth 8-7129] Port dinb[288] in module xpm_memory_base is either unconnected or has no load
WARNING: [Synth 8-7129] Port dinb[287] in module xpm_memory_base is either unconnected or has no load
WARNING: [Synth 8-7129] Port dinb[286] in module xpm_memory_base is either unconnected or has no load
WARNING: [Synth 8-7129] Port dinb[285] in module xpm_memory_base is either unconnected or has no load
WARNING: [Synth 8-7129] Port dinb[284] in module xpm_memory_base is either unconnected or has no load
WARNING: [Synth 8-7129] Port dinb[283] in module xpm_memory_base is either unconnected or has no load
WARNING: [Synth 8-7129] Port dinb[282] in module xpm_memory_base is either unconnected or has no load
WARNING: [Synth 8-7129] Port dinb[281] in module xpm_memory_base is either unconnected or has no load
WARNING: [Synth 8-7129] Port dinb[280] in module xpm_memory_base is either unconnected or has no load
WARNING: [Synth 8-7129] Port dinb[279] in module xpm_memory_base is either unconnected or has no load
WARNING: [Synth 8-7129] Port dinb[278] in module xpm_memory_base is either unconnected or has no load
WARNING: [Synth 8-7129] Port dinb[277] in module xpm_memory_base is either unconnected or has no load
WARNING: [Synth 8-7129] Port dinb[276] in module xpm_memory_base is either unconnected or has no load
WARNING: [Synth 8-7129] Port dinb[275] in module xpm_memory_base is either unconnected or has no load
WARNING: [Synth 8-7129] Port dinb[274] in module xpm_memory_base is either unconnected or has no load
WARNING: [Synth 8-7129] Port dinb[273] in module xpm_memory_base is either unconnected or has no load
WARNING: [Synth 8-7129] Port dinb[272] in module xpm_memory_base is either unconnected or has no load
WARNING: [Synth 8-7129] Port dinb[271] in module xpm_memory_base is either unconnected or has no load
WARNING: [Synth 8-7129] Port dinb[270] in module xpm_memory_base is either unconnected or has no load
WARNING: [Synth 8-7129] Port dinb[269] in module xpm_memory_base is either unconnected or has no load
WARNING: [Synth 8-7129] Port dinb[268] in module xpm_memory_base is either unconnected or has no load
WARNING: [Synth 8-7129] Port dinb[267] in module xpm_memory_base is either unconnected or has no load
WARNING: [Synth 8-7129] Port dinb[266] in module xpm_memory_base is either unconnected or has no load
WARNING: [Synth 8-7129] Port dinb[265] in module xpm_memory_base is either unconnected or has no load
WARNING: [Synth 8-7129] Port dinb[264] in module xpm_memory_base is either unconnected or has no load
WARNING: [Synth 8-7129] Port dinb[263] in module xpm_memory_base is either unconnected or has no load
WARNING: [Synth 8-7129] Port dinb[262] in module xpm_memory_base is either unconnected or has no load
WARNING: [Synth 8-7129] Port dinb[261] in module xpm_memory_base is either unconnected or has no load
WARNING: [Synth 8-7129] Port dinb[260] in module xpm_memory_base is either unconnected or has no load
WARNING: [Synth 8-7129] Port dinb[259] in module xpm_memory_base is either unconnected or has no load
WARNING: [Synth 8-7129] Port dinb[258] in module xpm_memory_base is either unconnected or has no load
WARNING: [Synth 8-7129] Port dinb[257] in module xpm_memory_base is either unconnected or has no load
WARNING: [Synth 8-7129] Port dinb[256] in module xpm_memory_base is either unconnected or has no load
WARNING: [Synth 8-7129] Port dinb[255] in module xpm_memory_base is either unconnected or has no load
WARNING: [Synth 8-7129] Port dinb[254] in module xpm_memory_base is either unconnected or has no load
WARNING: [Synth 8-7129] Port dinb[253] in module xpm_memory_base is either unconnected or has no load
WARNING: [Synth 8-7129] Port dinb[252] in module xpm_memory_base is either unconnected or has no load
WARNING: [Synth 8-7129] Port dinb[251] in module xpm_memory_base is either unconnected or has no load
WARNING: [Synth 8-7129] Port dinb[250] in module xpm_memory_base is either unconnected or has no load
WARNING: [Synth 8-7129] Port dinb[249] in module xpm_memory_base is either unconnected or has no load
WARNING: [Synth 8-7129] Port dinb[248] in module xpm_memory_base is either unconnected or has no load
WARNING: [Synth 8-7129] Port dinb[247] in module xpm_memory_base is either unconnected or has no load
WARNING: [Synth 8-7129] Port dinb[246] in module xpm_memory_base is either unconnected or has no load
WARNING: [Synth 8-7129] Port dinb[245] in module xpm_memory_base is either unconnected or has no load
WARNING: [Synth 8-7129] Port dinb[244] in module xpm_memory_base is either unconnected or has no load
WARNING: [Synth 8-7129] Port dinb[243] in module xpm_memory_base is either unconnected or has no load
WARNING: [Synth 8-7129] Port dinb[242] in module xpm_memory_base is either unconnected or has no load
WARNING: [Synth 8-7129] Port dinb[241] in module xpm_memory_base is either unconnected or has no load
WARNING: [Synth 8-7129] Port dinb[240] in module xpm_memory_base is either unconnected or has no load
WARNING: [Synth 8-7129] Port dinb[239] in module xpm_memory_base is either unconnected or has no load
WARNING: [Synth 8-7129] Port dinb[238] in module xpm_memory_base is either unconnected or has no load
WARNING: [Synth 8-7129] Port dinb[237] in module xpm_memory_base is either unconnected or has no load
WARNING: [Synth 8-7129] Port dinb[236] in module xpm_memory_base is either unconnected or has no load
WARNING: [Synth 8-7129] Port dinb[235] in module xpm_memory_base is either unconnected or has no load
WARNING: [Synth 8-7129] Port dinb[234] in module xpm_memory_base is either unconnected or has no load
WARNING: [Synth 8-7129] Port dinb[233] in module xpm_memory_base is either unconnected or has no load
WARNING: [Synth 8-7129] Port dinb[232] in module xpm_memory_base is either unconnected or has no load
WARNING: [Synth 8-7129] Port dinb[231] in module xpm_memory_base is either unconnected or has no load
WARNING: [Synth 8-7129] Port dinb[230] in module xpm_memory_base is either unconnected or has no load
WARNING: [Synth 8-7129] Port dinb[229] in module xpm_memory_base is either unconnected or has no load
WARNING: [Synth 8-7129] Port dinb[228] in module xpm_memory_base is either unconnected or has no load
WARNING: [Synth 8-7129] Port dinb[227] in module xpm_memory_base is either unconnected or has no load
WARNING: [Synth 8-7129] Port dinb[226] in module xpm_memory_base is either unconnected or has no load
WARNING: [Synth 8-7129] Port dinb[225] in module xpm_memory_base is either unconnected or has no load
INFO: [Common 17-14] Message 'Synth 8-7129' appears 100 times and further instances of the messages will be disabled. Use the Tcl command set_msg_config to change the current settings.
---------------------------------------------------------------------------------
Finished RTL Elaboration : Time (s): cpu = 00:00:02 ; elapsed = 00:00:03 . Memory (MB): peak = 2224.156 ; gain = 440.633 ; free physical = 34402 ; free virtual = 59712
Synthesis current peak Physical Memory [PSS] (MB): peak = 1583.636; parent = 1373.583; children = 210.053
Synthesis current peak Virtual Memory [VSS] (MB): peak = 3192.664; parent = 2224.160; children = 968.504
---------------------------------------------------------------------------------
---------------------------------------------------------------------------------
Start Handling Custom Attributes
---------------------------------------------------------------------------------
---------------------------------------------------------------------------------
Finished Handling Custom Attributes : Time (s): cpu = 00:00:02 ; elapsed = 00:00:03 . Memory (MB): peak = 2241.969 ; gain = 458.445 ; free physical = 34403 ; free virtual = 59713
Synthesis current peak Physical Memory [PSS] (MB): peak = 1583.636; parent = 1373.583; children = 210.053
Synthesis current peak Virtual Memory [VSS] (MB): peak = 3210.477; parent = 2241.973; children = 968.504
---------------------------------------------------------------------------------
---------------------------------------------------------------------------------
Finished RTL Optimization Phase 1 : Time (s): cpu = 00:00:02 ; elapsed = 00:00:03 . Memory (MB): peak = 2241.969 ; gain = 458.445 ; free physical = 34403 ; free virtual = 59713
Synthesis current peak Physical Memory [PSS] (MB): peak = 1583.636; parent = 1373.583; children = 210.053
Synthesis current peak Virtual Memory [VSS] (MB): peak = 3210.477; parent = 2241.973; children = 968.504
---------------------------------------------------------------------------------
Netlist sorting complete. Time (s): cpu = 00:00:00 ; elapsed = 00:00:00.01 . Memory (MB): peak = 2241.969 ; gain = 0.000 ; free physical = 34398 ; free virtual = 59708
INFO: [Project 1-570] Preparing netlist for logic optimization

Processing XDC Constraints
Initializing timing engine
INFO: [Project 1-236] Implementation specific constraints were found while reading constraint file [/opt/Xilinx/Vivado/2022.2/data/ip/xpm/xpm_cdc/tcl/xpm_cdc_gray.tcl]. These constraints will be ignored for synthesis but will be used in implementation. Impacted constraints are listed in the file [.Xil/top_block_xpm_async_fifo_wrapp_0_0_propImpl.xdc].
Resolution: To avoid this warning, move constraints listed in [.Xil/top_block_xpm_async_fifo_wrapp_0_0_propImpl.xdc] to another XDC file and exclude this new file from synthesis with the used_in_synthesis property (File Properties dialog in GUI) and re-run elaboration/synthesis.
INFO: [Project 1-236] Implementation specific constraints were found while reading constraint file [/opt/Xilinx/Vivado/2022.2/data/ip/xpm/xpm_fifo/tcl/xpm_fifo_rst.tcl]. These constraints will be ignored for synthesis but will be used in implementation. Impacted constraints are listed in the file [.Xil/top_block_xpm_async_fifo_wrapp_0_0_propImpl.xdc].
Resolution: To avoid this warning, move constraints listed in [.Xil/top_block_xpm_async_fifo_wrapp_0_0_propImpl.xdc] to another XDC file and exclude this new file from synthesis with the used_in_synthesis property (File Properties dialog in GUI) and re-run elaboration/synthesis.
INFO: [Project 1-1714] 7 XPM XDC files have been applied to the design.
Completed Processing XDC Constraints

Netlist sorting complete. Time (s): cpu = 00:00:00 ; elapsed = 00:00:00 . Memory (MB): peak = 2362.906 ; gain = 0.000 ; free physical = 34368 ; free virtual = 59677
INFO: [Project 1-111] Unisim Transformation Summary:
No Unisim elements were transformed.

Constraint Validation Runtime : Time (s): cpu = 00:00:00.01 ; elapsed = 00:00:00.01 . Memory (MB): peak = 2386.719 ; gain = 23.812 ; free physical = 34368 ; free virtual = 59677
INFO: [Designutils 20-5008] Incremental synthesis strategy off
INFO: [Synth 8-11241] undeclared symbol 'REGCCE', assumed default net type 'wire' [/opt/Xilinx/Vivado/2022.2/data/verilog/src/unimacro/BRAM_SINGLE_MACRO.v:2170]
---------------------------------------------------------------------------------
Finished Constraint Validation : Time (s): cpu = 00:00:04 ; elapsed = 00:00:05 . Memory (MB): peak = 2386.719 ; gain = 603.195 ; free physical = 34379 ; free virtual = 59689
Synthesis current peak Physical Memory [PSS] (MB): peak = 1583.636; parent = 1373.583; children = 210.053
Synthesis current peak Virtual Memory [VSS] (MB): peak = 3323.211; parent = 2354.707; children = 968.504
---------------------------------------------------------------------------------
---------------------------------------------------------------------------------
Start Loading Part and Timing Information
---------------------------------------------------------------------------------
Loading part: xcau15p-sbvb484-1-i
INFO: [Synth 8-6742] Reading net delay rules and data
---------------------------------------------------------------------------------
Finished Loading Part and Timing Information : Time (s): cpu = 00:00:04 ; elapsed = 00:00:05 . Memory (MB): peak = 2386.719 ; gain = 603.195 ; free physical = 34379 ; free virtual = 59689
Synthesis current peak Physical Memory [PSS] (MB): peak = 1583.636; parent = 1373.583; children = 210.053
Synthesis current peak Virtual Memory [VSS] (MB): peak = 3323.211; parent = 2354.707; children = 968.504
---------------------------------------------------------------------------------
---------------------------------------------------------------------------------
Start Applying 'set_property' XDC Constraints
---------------------------------------------------------------------------------
Applied set_property KEEP_HIERARCHY = SOFT for inst/xpm_fifo_async_inst/\gnuram_async_fifo.xpm_fifo_base_inst /\gen_cdc_pntr.rd_pntr_cdc_inst . (constraint file  auto generated constraint).
Applied set_property KEEP_HIERARCHY = SOFT for inst/xpm_fifo_async_inst/\gnuram_async_fifo.xpm_fifo_base_inst /\gen_cdc_pntr.wr_pntr_cdc_inst . (constraint file  auto generated constraint).
Applied set_property KEEP_HIERARCHY = SOFT for inst/xpm_fifo_async_inst/\gnuram_async_fifo.xpm_fifo_base_inst /\gen_cdc_pntr.rd_pntr_cdc_dc_inst . (constraint file  auto generated constraint).
Applied set_property KEEP_HIERARCHY = SOFT for inst/xpm_fifo_async_inst/\gnuram_async_fifo.xpm_fifo_base_inst /\gen_cdc_pntr.wr_pntr_cdc_dc_inst . (constraint file  auto generated constraint).
Applied set_property KEEP_HIERARCHY = SOFT for inst/xpm_fifo_async_inst/\gnuram_async_fifo.xpm_fifo_base_inst /xpm_fifo_rst_inst/\gen_rst_ic.rrst_wr_inst . (constraint file  auto generated constraint).
Applied set_property KEEP_HIERARCHY = SOFT for inst/xpm_fifo_async_inst/\gnuram_async_fifo.xpm_fifo_base_inst /xpm_fifo_rst_inst/\gen_rst_ic.wrst_rd_inst . (constraint file  auto generated constraint).
Applied set_property KEEP_HIERARCHY = SOFT for inst/xpm_fifo_async_inst. (constraint file  auto generated constraint).
---------------------------------------------------------------------------------
Finished applying 'set_property' XDC Constraints : Time (s): cpu = 00:00:04 ; elapsed = 00:00:05 . Memory (MB): peak = 2386.719 ; gain = 603.195 ; free physical = 34379 ; free virtual = 59689
Synthesis current peak Physical Memory [PSS] (MB): peak = 1583.636; parent = 1373.583; children = 210.053
Synthesis current peak Virtual Memory [VSS] (MB): peak = 3323.211; parent = 2354.707; children = 968.504
---------------------------------------------------------------------------------
INFO: [Synth 8-802] inferred FSM for state register 'gen_rst_ic.curr_wrst_state_reg' in module 'xpm_fifo_rst'
INFO: [Synth 8-802] inferred FSM for state register 'gen_rst_ic.curr_rrst_state_reg' in module 'xpm_fifo_rst'
INFO: [Synth 8-802] inferred FSM for state register 'gen_fwft.curr_fwft_state_reg' in module 'xpm_fifo_base'
INFO: [Synth 8-6904] The RAM "xpm_memory_base:/gen_wr_a.gen_word_narrow.mem_reg" of size (depth=32 x width=320) is automatically implemented using LUTRAM. BRAM implementation would be inefficient 
INFO: [Synth 8-5552] Implemented safe state 'default_state' for state register 'gen_rst_ic.curr_wrst_state_reg' in module 'xpm_fifo_rst'
---------------------------------------------------------------------------------------------------
                   State |                     New Encoding |                Previous Encoding 
---------------------------------------------------------------------------------------------------
*
               WRST_IDLE |                            00001 |                              000
                 WRST_IN |                            00010 |                              010
                WRST_OUT |                            00100 |                              111
               WRST_EXIT |                            01000 |                              110
            WRST_GO2IDLE |                            10000 |                              100
---------------------------------------------------------------------------------------------------
INFO: [Synth 8-3354] encoded FSM with state register 'gen_rst_ic.curr_wrst_state_reg' using encoding 'one-hot' in module 'xpm_fifo_rst'
INFO: [Synth 8-5552] Implemented safe state 'default_state' for state register 'gen_rst_ic.curr_rrst_state_reg' in module 'xpm_fifo_rst'
---------------------------------------------------------------------------------------------------
                   State |                     New Encoding |                Previous Encoding 
---------------------------------------------------------------------------------------------------
*
               RRST_IDLE |                               00 |                               00
                 RRST_IN |                               01 |                               10
                RRST_OUT |                               10 |                               11
               RRST_EXIT |                               11 |                               01
---------------------------------------------------------------------------------------------------
INFO: [Synth 8-3354] encoded FSM with state register 'gen_rst_ic.curr_rrst_state_reg' using encoding 'sequential' in module 'xpm_fifo_rst'
---------------------------------------------------------------------------------------------------
                   State |                     New Encoding |                Previous Encoding 
---------------------------------------------------------------------------------------------------
                 invalid |                               00 |                               00
            stage1_valid |                               01 |                               10
       both_stages_valid |                               10 |                               11
            stage2_valid |                               11 |                               01
---------------------------------------------------------------------------------------------------
INFO: [Synth 8-3354] encoded FSM with state register 'gen_fwft.curr_fwft_state_reg' using encoding 'sequential' in module 'xpm_fifo_base'
---------------------------------------------------------------------------------
Finished RTL Optimization Phase 2 : Time (s): cpu = 00:00:05 ; elapsed = 00:00:05 . Memory (MB): peak = 2386.719 ; gain = 603.195 ; free physical = 34374 ; free virtual = 59685
Synthesis current peak Physical Memory [PSS] (MB): peak = 1583.636; parent = 1373.583; children = 210.053
Synthesis current peak Virtual Memory [VSS] (MB): peak = 3323.211; parent = 2354.707; children = 968.504
---------------------------------------------------------------------------------
---------------------------------------------------------------------------------
Start RTL Component Statistics 
---------------------------------------------------------------------------------
Detailed RTL Component Info : 
+---Adders : 
	   4 Input    6 Bit       Adders := 2     
	   2 Input    6 Bit       Adders := 2     
	   4 Input    5 Bit       Adders := 3     
	   4 Input    2 Bit       Adders := 1     
+---XORs : 
	   2 Input      6 Bit         XORs := 2     
	   2 Input      5 Bit         XORs := 2     
	   2 Input      1 Bit         XORs := 18    
+---Registers : 
	              320 Bit    Registers := 2     
	                6 Bit    Registers := 12    
	                5 Bit    Registers := 11    
	                2 Bit    Registers := 4     
	                1 Bit    Registers := 13    
+---RAMs : 
	              10K Bit	(32 X 320 bit)          RAMs := 1     
+---Muxes : 
	   6 Input    5 Bit        Muxes := 1     
	   2 Input    5 Bit        Muxes := 8     
	   5 Input    2 Bit        Muxes := 1     
	   2 Input    2 Bit        Muxes := 33    
	   4 Input    2 Bit        Muxes := 7     
	   2 Input    1 Bit        Muxes := 5     
	   6 Input    1 Bit        Muxes := 2     
	   5 Input    1 Bit        Muxes := 3     
	   4 Input    1 Bit        Muxes := 2     
---------------------------------------------------------------------------------
Finished RTL Component Statistics 
---------------------------------------------------------------------------------
---------------------------------------------------------------------------------
Start Part Resource Summary
---------------------------------------------------------------------------------
Part Resources:
DSPs: 576 (col length:72)
BRAMs: 288 (col length: RAMB18 72 RAMB36 36)
---------------------------------------------------------------------------------
Finished Part Resource Summary
---------------------------------------------------------------------------------
---------------------------------------------------------------------------------
Start Cross Boundary and Area Optimization
---------------------------------------------------------------------------------
WARNING: [Synth 8-7080] Parallel synthesis criteria is not met
INFO: [Synth 8-6904] The RAM "\inst/xpm_fifo_async_inst /\gnuram_async_fifo.xpm_fifo_base_inst /\gen_sdpram.xpm_memory_base_inst/gen_wr_a.gen_word_narrow.mem_reg " of size (depth=32 x width=320) is automatically implemented using LUTRAM. BRAM implementation would be inefficient 
INFO: [Synth 8-6904] The RAM "\inst/xpm_fifo_async_inst /\gnuram_async_fifo.xpm_fifo_base_inst /\gen_sdpram.xpm_memory_base_inst/gen_wr_a.gen_word_narrow.mem_reg " of size (depth=32 x width=320) is automatically implemented using LUTRAM. BRAM implementation would be inefficient 
---------------------------------------------------------------------------------
Finished Cross Boundary and Area Optimization : Time (s): cpu = 00:00:05 ; elapsed = 00:00:06 . Memory (MB): peak = 2386.719 ; gain = 603.195 ; free physical = 34363 ; free virtual = 59678
Synthesis current peak Physical Memory [PSS] (MB): peak = 1583.636; parent = 1373.583; children = 210.053
Synthesis current peak Virtual Memory [VSS] (MB): peak = 3323.211; parent = 2354.707; children = 968.504
---------------------------------------------------------------------------------
---------------------------------------------------------------------------------
Start ROM, RAM, DSP, Shift Register and Retiming Reporting
---------------------------------------------------------------------------------

Distributed RAM: Preliminary Mapping Report (see note below)
+----------------------------------------------------------------------------------------------------+----------------------------------+-----------+----------------------+----------------+
|Module Name                                                                                         | RTL Object                       | Inference | Size (Depth x Width) | Primitives     | 
+----------------------------------------------------------------------------------------------------+----------------------------------+-----------+----------------------+----------------+
|\inst/xpm_fifo_async_inst /\gnuram_async_fifo.xpm_fifo_base_inst /\gen_sdpram.xpm_memory_base_inst  | gen_wr_a.gen_word_narrow.mem_reg | Implied   | 32 x 320             | RAM32M16 x 23  | 
+----------------------------------------------------------------------------------------------------+----------------------------------+-----------+----------------------+----------------+

Note: The table above is a preliminary report that shows the Distributed RAMs at the current stage of the synthesis flow. Some Distributed RAMs may be reimplemented as non Distributed RAM primitives later in the synthesis flow. Multiple instantiated RAMs are reported only once.
---------------------------------------------------------------------------------
Finished ROM, RAM, DSP, Shift Register and Retiming Reporting
---------------------------------------------------------------------------------
---------------------------------------------------------------------------------
Start Applying XDC Timing Constraints
---------------------------------------------------------------------------------
---------------------------------------------------------------------------------
Finished Applying XDC Timing Constraints : Time (s): cpu = 00:00:06 ; elapsed = 00:00:08 . Memory (MB): peak = 2433.461 ; gain = 649.938 ; free physical = 34139 ; free virtual = 59454
Synthesis current peak Physical Memory [PSS] (MB): peak = 1788.769; parent = 1579.298; children = 210.053
Synthesis current peak Virtual Memory [VSS] (MB): peak = 3401.969; parent = 2433.465; children = 968.504
---------------------------------------------------------------------------------
---------------------------------------------------------------------------------
Start Timing Optimization
---------------------------------------------------------------------------------
---------------------------------------------------------------------------------
Finished Timing Optimization : Time (s): cpu = 00:00:07 ; elapsed = 00:00:08 . Memory (MB): peak = 2433.461 ; gain = 649.938 ; free physical = 34138 ; free virtual = 59453
Synthesis current peak Physical Memory [PSS] (MB): peak = 1789.972; parent = 1580.511; children = 210.053
Synthesis current peak Virtual Memory [VSS] (MB): peak = 3401.969; parent = 2433.465; children = 968.504
---------------------------------------------------------------------------------
---------------------------------------------------------------------------------
Start ROM, RAM, DSP, Shift Register and Retiming Reporting
---------------------------------------------------------------------------------

Distributed RAM: Final Mapping Report
+----------------------------------------------------------------------------------------------------+----------------------------------+-----------+----------------------+----------------+
|Module Name                                                                                         | RTL Object                       | Inference | Size (Depth x Width) | Primitives     | 
+----------------------------------------------------------------------------------------------------+----------------------------------+-----------+----------------------+----------------+
|\inst/xpm_fifo_async_inst /\gnuram_async_fifo.xpm_fifo_base_inst /\gen_sdpram.xpm_memory_base_inst  | gen_wr_a.gen_word_narrow.mem_reg | Implied   | 32 x 320             | RAM32M16 x 23  | 
+----------------------------------------------------------------------------------------------------+----------------------------------+-----------+----------------------+----------------+

---------------------------------------------------------------------------------
Finished ROM, RAM, DSP, Shift Register and Retiming Reporting
---------------------------------------------------------------------------------
---------------------------------------------------------------------------------
Start Technology Mapping
---------------------------------------------------------------------------------
---------------------------------------------------------------------------------
Finished Technology Mapping : Time (s): cpu = 00:00:07 ; elapsed = 00:00:08 . Memory (MB): peak = 2449.477 ; gain = 665.953 ; free physical = 34135 ; free virtual = 59450
Synthesis current peak Physical Memory [PSS] (MB): peak = 1791.979; parent = 1582.519; children = 210.053
Synthesis current peak Virtual Memory [VSS] (MB): peak = 3417.984; parent = 2449.480; children = 968.504
---------------------------------------------------------------------------------
---------------------------------------------------------------------------------
Start IO Insertion
---------------------------------------------------------------------------------
---------------------------------------------------------------------------------
Start Flattening Before IO Insertion
---------------------------------------------------------------------------------
---------------------------------------------------------------------------------
Finished Flattening Before IO Insertion
---------------------------------------------------------------------------------
---------------------------------------------------------------------------------
Start Final Netlist Cleanup
---------------------------------------------------------------------------------
---------------------------------------------------------------------------------
Finished Final Netlist Cleanup
---------------------------------------------------------------------------------
INFO: [Synth 8-3295] tying undriven pin inst/xpm_fifo_async_inst:sleep to constant 0
---------------------------------------------------------------------------------
Finished IO Insertion : Time (s): cpu = 00:00:08 ; elapsed = 00:00:10 . Memory (MB): peak = 2449.477 ; gain = 665.953 ; free physical = 34135 ; free virtual = 59450
Synthesis current peak Physical Memory [PSS] (MB): peak = 1792.788; parent = 1583.327; children = 210.053
Synthesis current peak Virtual Memory [VSS] (MB): peak = 3417.984; parent = 2449.480; children = 968.504
---------------------------------------------------------------------------------
---------------------------------------------------------------------------------
Start Renaming Generated Instances
---------------------------------------------------------------------------------
---------------------------------------------------------------------------------
Finished Renaming Generated Instances : Time (s): cpu = 00:00:08 ; elapsed = 00:00:10 . Memory (MB): peak = 2449.477 ; gain = 665.953 ; free physical = 34135 ; free virtual = 59450
Synthesis current peak Physical Memory [PSS] (MB): peak = 1792.788; parent = 1583.327; children = 210.053
Synthesis current peak Virtual Memory [VSS] (MB): peak = 3417.984; parent = 2449.480; children = 968.504
---------------------------------------------------------------------------------
---------------------------------------------------------------------------------
Start Rebuilding User Hierarchy
---------------------------------------------------------------------------------
---------------------------------------------------------------------------------
Finished Rebuilding User Hierarchy : Time (s): cpu = 00:00:08 ; elapsed = 00:00:10 . Memory (MB): peak = 2449.477 ; gain = 665.953 ; free physical = 34135 ; free virtual = 59450
Synthesis current peak Physical Memory [PSS] (MB): peak = 1792.874; parent = 1583.413; children = 210.053
Synthesis current peak Virtual Memory [VSS] (MB): peak = 3417.984; parent = 2449.480; children = 968.504
---------------------------------------------------------------------------------
---------------------------------------------------------------------------------
Start Renaming Generated Ports
---------------------------------------------------------------------------------
---------------------------------------------------------------------------------
Finished Renaming Generated Ports : Time (s): cpu = 00:00:08 ; elapsed = 00:00:10 . Memory (MB): peak = 2449.477 ; gain = 665.953 ; free physical = 34135 ; free virtual = 59450
Synthesis current peak Physical Memory [PSS] (MB): peak = 1792.874; parent = 1583.413; children = 210.053
Synthesis current peak Virtual Memory [VSS] (MB): peak = 3417.984; parent = 2449.480; children = 968.504
---------------------------------------------------------------------------------
---------------------------------------------------------------------------------
Start Handling Custom Attributes
---------------------------------------------------------------------------------
---------------------------------------------------------------------------------
Finished Handling Custom Attributes : Time (s): cpu = 00:00:08 ; elapsed = 00:00:10 . Memory (MB): peak = 2449.477 ; gain = 665.953 ; free physical = 34135 ; free virtual = 59450
Synthesis current peak Physical Memory [PSS] (MB): peak = 1792.874; parent = 1583.413; children = 210.053
Synthesis current peak Virtual Memory [VSS] (MB): peak = 3417.984; parent = 2449.480; children = 968.504
---------------------------------------------------------------------------------
---------------------------------------------------------------------------------
Start Renaming Generated Nets
---------------------------------------------------------------------------------
---------------------------------------------------------------------------------
Finished Renaming Generated Nets : Time (s): cpu = 00:00:08 ; elapsed = 00:00:10 . Memory (MB): peak = 2449.477 ; gain = 665.953 ; free physical = 34135 ; free virtual = 59450
Synthesis current peak Physical Memory [PSS] (MB): peak = 1792.874; parent = 1583.413; children = 210.053
Synthesis current peak Virtual Memory [VSS] (MB): peak = 3417.984; parent = 2449.480; children = 968.504
---------------------------------------------------------------------------------
---------------------------------------------------------------------------------
Start Writing Synthesis Report
---------------------------------------------------------------------------------

Report BlackBoxes: 
+-+--------------+----------+
| |BlackBox name |Instances |
+-+--------------+----------+
+-+--------------+----------+

Report Cell Usage: 
+------+---------+------+
|      |Cell     |Count |
+------+---------+------+
|1     |LUT1     |     4|
|2     |LUT2     |    29|
|3     |LUT3     |    13|
|4     |LUT4     |    24|
|5     |LUT5     |    25|
|6     |LUT6     |    16|
|7     |RAM32M16 |    23|
|8     |FDRE     |   775|
|9     |FDSE     |     5|
+------+---------+------+
---------------------------------------------------------------------------------
Finished Writing Synthesis Report : Time (s): cpu = 00:00:08 ; elapsed = 00:00:10 . Memory (MB): peak = 2449.477 ; gain = 665.953 ; free physical = 34135 ; free virtual = 59450
Synthesis current peak Physical Memory [PSS] (MB): peak = 1792.890; parent = 1583.429; children = 210.053
Synthesis current peak Virtual Memory [VSS] (MB): peak = 3417.984; parent = 2449.480; children = 968.504
---------------------------------------------------------------------------------
Synthesis finished with 0 errors, 0 critical warnings and 327 warnings.
Synthesis Optimization Runtime : Time (s): cpu = 00:00:08 ; elapsed = 00:00:10 . Memory (MB): peak = 2449.477 ; gain = 521.203 ; free physical = 34149 ; free virtual = 59464
Synthesis Optimization Complete : Time (s): cpu = 00:00:08 ; elapsed = 00:00:10 . Memory (MB): peak = 2449.484 ; gain = 665.953 ; free physical = 34149 ; free virtual = 59464
INFO: [Project 1-571] Translating synthesized netlist
Netlist sorting complete. Time (s): cpu = 00:00:00.01 ; elapsed = 00:00:00.01 . Memory (MB): peak = 2453.445 ; gain = 0.000 ; free physical = 34257 ; free virtual = 59572
INFO: [Netlist 29-17] Analyzing 23 Unisim elements for replacement
INFO: [Netlist 29-28] Unisim Transformation completed in 0 CPU seconds
INFO: [Project 1-570] Preparing netlist for logic optimization
INFO: [Opt 31-138] Pushed 0 inverter(s) to 0 load pin(s).
Netlist sorting complete. Time (s): cpu = 00:00:00 ; elapsed = 00:00:00 . Memory (MB): peak = 2497.270 ; gain = 0.000 ; free physical = 34220 ; free virtual = 59535
INFO: [Project 1-111] Unisim Transformation Summary:
  A total of 23 instances were transformed.
  RAM32M16 => RAM32M16 (RAMD32(x14), RAMS32(x2)): 23 instances

Synth Design complete, checksum: 20cc120f
INFO: [Common 17-83] Releasing license: Synthesis
80 Infos, 126 Warnings, 0 Critical Warnings and 0 Errors encountered.
synth_design completed successfully
synth_design: Time (s): cpu = 00:00:11 ; elapsed = 00:00:12 . Memory (MB): peak = 2497.270 ; gain = 1203.672 ; free physical = 34430 ; free virtual = 59745
INFO: [Common 17-1381] The checkpoint '/home/nagafusa/work/spadi/Fakernet/SAMIDARE/samidare.runs/top_block_xpm_async_fifo_wrapp_0_0_synth_1/top_block_xpm_async_fifo_wrapp_0_0.dcp' has been generated.
INFO: [Coretcl 2-1648] Added synthesis output to IP cache for IP top_block_xpm_async_fifo_wrapp_0_0, cache-ID = 40c08b41568ef1c3
INFO: [Coretcl 2-1174] Renamed 20 cell refs.
INFO: [Common 17-1381] The checkpoint '/home/nagafusa/work/spadi/Fakernet/SAMIDARE/samidare.runs/top_block_xpm_async_fifo_wrapp_0_0_synth_1/top_block_xpm_async_fifo_wrapp_0_0.dcp' has been generated.
INFO: [runtcl-4] Executing : report_utilization -file top_block_xpm_async_fifo_wrapp_0_0_utilization_synth.rpt -pb top_block_xpm_async_fifo_wrapp_0_0_utilization_synth.pb
INFO: [Common 17-206] Exiting Vivado at Thu Jan 16 17:29:42 2025...
