
---------- Resource Summary (begin) ----------
Inputs: 17 / 1076 (1.58%)
Outputs: 25 / 1263 (1.98%)
Clocks: 3 / 16 (18.75%)
Logic Elements: 6859 / 112128 (6.12%)
	LE: LUTs/Adders: 5049 / 112128 (4.50%)
	LE: Registers: 3255 / 107520 (3.03%)
Memory Blocks: 107 / 1056 (10.13%)
Multipliers: 0 / 320 (0.00%)
---------- Resource Summary (end) ----------


---------- Resource Summary (begin) ----------
Inputs: 17 / 1076 (1.58%)
Outputs: 25 / 1263 (1.98%)
Clocks: 3 / 16 (18.75%)
Logic Elements: 6859 / 112128 (6.12%)
	LE: LUTs/Adders: 5049 / 112128 (4.50%)
	LE: Registers: 3255 / 107520 (3.03%)
Memory Blocks: 107 / 1056 (10.13%)
Multipliers: 0 / 320 (0.00%)
---------- Resource Summary (end) ----------

