
Efinity Interface Designer Timing Report
Version: 2022.2.322
Date: 2023-03-14 10:48

Copyright (C) 2017 - 2022 Efinix Inc. All rights reserved.

Device: T120F324
Project: fnetriong
Timing Model: I4 (final)

---------- 1. PLL Timing Report (begin) ----------

+-------+-------------+-----------------------+
| Clock | Period (ns) | Phase Shift (degrees) |
+-------+-------------+-----------------------+
|  clk  |    8.0000   |           0           |
| clkex |    8.0000   |           90          |
+-------+-------------+-----------------------+

---------- PLL Timing Report (end) ----------

---------- 2. GPIO Timing Report (begin) ----------

Clock Network Delay:
=====================

+------------+----------+----------+
| Clock Pin  | Max (ns) | Min (ns) |
+------------+----------+----------+
|    clk     |  5.310   |  2.655   |
|   clkex    |  5.310   |  2.655   |
| eth_rx_clk |  5.310   |  2.655   |
+------------+----------+----------+

Non-registered GPIO Configuration:
===================================

+---------------+------------+-------------+----------+----------+
| Instance Name |  Pin Name  |  Parameter  | Max (ns) | Min (ns) |
+---------------+------------+-------------+----------+----------+
|     CLKIN     |   CLKIN    |   GPIO_IN   |  1.476   |  0.738   |
|   eth_rx_clk  | eth_rx_clk | GPIO_CLK_IN |  1.275   |  0.637   |
+---------------+------------+-------------+----------+----------+

Registered GPIO Configuration:
===============================

+---------------+------------+----------------+----------------+---------------+---------------+-----------------------+-----------------------+
| Instance Name | Clock Pin  | Max Setup (ns) | Min Setup (ns) | Max Hold (ns) | Min Hold (ns) | Max Clock To Out (ns) | Min Clock To Out (ns) |
+---------------+------------+----------------+----------------+---------------+---------------+-----------------------+-----------------------+
|   eth_rxd[0]  | eth_rx_clk |     -3.419     |     -1.709     |     5.162     |     2.581     |                       |                       |
|   eth_rxd[1]  | eth_rx_clk |     -3.419     |     -1.709     |     5.162     |     2.581     |                       |                       |
|   eth_rxd[2]  | eth_rx_clk |     -3.419     |     -1.709     |     5.162     |     2.581     |                       |                       |
|   eth_rxd[3]  | eth_rx_clk |     -3.419     |     -1.709     |     5.162     |     2.581     |                       |                       |
|  eth_gtx_clk  |   ~clkex   |                |                |               |               |         9.452         |         4.726         |
|   eth_txd[0]  |    ~clk    |                |                |               |               |         9.692         |         4.846         |
|   eth_txd[1]  |    ~clk    |                |                |               |               |         9.772         |         4.886         |
|   eth_txd[2]  |    ~clk    |                |                |               |               |         9.852         |         4.926         |
|   eth_txd[3]  |    ~clk    |                |                |               |               |         9.772         |         4.886         |
+---------------+------------+----------------+----------------+---------------+---------------+-----------------------+-----------------------+

---------- GPIO Timing Report (end) ----------

---------- 3. LVDS Rx Timing Report (begin) ----------

Clock Network Delay:
=====================

+------------+----------+----------+
| Clock Pin  | Max (ns) | Min (ns) |
+------------+----------+----------+
|    clk     |  5.310   |  2.655   |
| eth_rx_clk |  5.310   |  2.655   |
+------------+----------+----------+

Non-registered LVDS GPIO Configuration:
========================================

+---------------+--------------+-----------+----------+----------+
| Instance Name |   Pin Name   | Parameter | Max (ns) | Min (ns) |
+---------------+--------------+-----------+----------+----------+
|     sw[0]     |    sw[0]     |  GPIO_IN  |  1.714   |  0.857   |
|     sw[1]     |    sw[1]     |  GPIO_IN  |  1.714   |  0.857   |
|     sw[2]     |    sw[2]     |  GPIO_IN  |  1.714   |  0.857   |
|     sw[3]     |    sw[3]     |  GPIO_IN  |  1.714   |  0.857   |
|    eth_mdc    |   eth_mdc    |  GPIO_OUT |  2.242   |  1.121   |
|    eth_rstn   |   eth_rstn   |  GPIO_OUT |  3.542   |  1.771   |
|     led[0]    |    led[0]    |  GPIO_OUT |  3.542   |  1.771   |
|     led[1]    |    led[1]    |  GPIO_OUT |  3.542   |  1.771   |
|     led[2]    |    led[2]    |  GPIO_OUT |  3.542   |  1.771   |
|     led[3]    |    led[3]    |  GPIO_OUT |  3.542   |  1.771   |
|   phymon[0]   |  phymon[0]   |  GPIO_OUT |  2.700   |  1.350   |
|   phymon[1]   |  phymon[1]   |  GPIO_OUT |  2.700   |  1.350   |
|   phymon[2]   |  phymon[2]   |  GPIO_OUT |  2.700   |  1.350   |
|   phymon[3]   |  phymon[3]   |  GPIO_OUT |  2.700   |  1.350   |
|   phymon[4]   |  phymon[4]   |  GPIO_OUT |  2.700   |  1.350   |
|   phymon[5]   |  phymon[5]   |  GPIO_OUT |  2.700   |  1.350   |
|    eth_mdio   | eth_mdio_in  |  GPIO_IN  |  1.714   |  0.857   |
|    eth_mdio   | eth_mdio_out |  GPIO_OUT |  2.242   |  1.121   |
|    eth_mdio   | eth_mdio_oe  |  GPIO_OUT |  2.200   |  1.100   |
+---------------+--------------+-----------+----------+----------+

Registered LVDS GPIO Configuration:
====================================

+---------------+------------+----------------+----------------+---------------+---------------+-----------------------+-----------------------+
| Instance Name | Clock Pin  | Max Setup (ns) | Min Setup (ns) | Max Hold (ns) | Min Hold (ns) | Max Clock To Out (ns) | Min Clock To Out (ns) |
+---------------+------------+----------------+----------------+---------------+---------------+-----------------------+-----------------------+
|   eth_rx_dv   | eth_rx_clk |     -4.073     |     -2.036     |     4.210     |     2.105     |                       |                       |
|   eth_tx_en   |    clk     |                |                |               |               |         7.918         |         3.959         |
+---------------+------------+----------------+----------------+---------------+---------------+-----------------------+-----------------------+

---------- LVDS Rx Timing Report (end) ----------
