Copyright 1986-2022 Xilinx, Inc. All Rights Reserved.
-----------------------------------------------------------------------------------------------------------------------------------------------------------------------------------
| Tool Version : Vivado v.2022.2 (lin64) Build 3671981 Fri Oct 14 04:59:54 MDT 2022
| Date         : Fri Aug  9 13:06:42 2024
| Host         : e16fpga01 running 64-bit Ubuntu 22.04.4 LTS
| Command      : report_methodology -file axi_iic_1_exdes_methodology_drc_routed.rpt -pb axi_iic_1_exdes_methodology_drc_routed.pb -rpx axi_iic_1_exdes_methodology_drc_routed.rpx
| Design       : axi_iic_1_exdes
| Device       : xcau15p-sbvb484-1-i
| Speed File   : -1
| Design State : Fully Routed
-----------------------------------------------------------------------------------------------------------------------------------------------------------------------------------

Report Methodology

Table of Contents
-----------------
1. REPORT SUMMARY
2. REPORT DETAILS

1. REPORT SUMMARY
-----------------
            Netlist: netlist
          Floorplan: checkpoint_axi_iic_1_exdes
      Design limits: <entire design considered>
             Max violations: <unlimited>
             Violations found: 0
+------+----------+-------------+------------+
| Rule | Severity | Description | Violations |
+------+----------+-------------+------------+
+------+----------+-------------+------------+

2. REPORT DETAILS
-----------------

