Copyright 1986-2022 Xilinx, Inc. All Rights Reserved.
--------------------------------------------------------------------------------------------
| Tool Version : Vivado v.2022.2 (lin64) Build 3671981 Fri Oct 14 04:59:54 MDT 2022
| Date         : Fri Aug  9 13:06:36 2024
| Host         : e16fpga01 running 64-bit Ubuntu 22.04.4 LTS
| Command      : report_control_sets -verbose -file axi_iic_1_exdes_control_sets_placed.rpt
| Design       : axi_iic_1_exdes
| Device       : xcau15p
--------------------------------------------------------------------------------------------

Control Set Information

Table of Contents
-----------------
1. Summary
2. Histogram
3. Flip-Flop Distribution
4. Detailed Control Set Information

1. Summary
----------

+----------------------------------------------------------+-------+
|                          Status                          | Count |
+----------------------------------------------------------+-------+
| Total control sets                                       |    50 |
|    Minimum number of control sets                        |    50 |
|    Addition due to synthesis replication                 |     0 |
|    Addition due to physical synthesis replication        |     0 |
| Unused register locations in slices containing registers |    70 |
+----------------------------------------------------------+-------+
* Control sets can be merged at opt_design using control_set_merge or merge_equivalent_drivers
** Run report_qor_suggestions for automated merging and remapping suggestions


2. Histogram
------------

+--------------------+-------+
|       Fanout       | Count |
+--------------------+-------+
| Total control sets |    50 |
| >= 0 to < 4        |     7 |
| >= 4 to < 6        |     7 |
| >= 6 to < 8        |     4 |
| >= 8 to < 10       |    18 |
| >= 10 to < 12      |     3 |
| >= 12 to < 14      |     0 |
| >= 14 to < 16      |     0 |
| >= 16              |    11 |
+--------------------+-------+
* Control sets can be remapped at either synth_design or opt_design


3. Flip-Flop Distribution
-------------------------

+--------------+-----------------------+------------------------+-----------------+--------------+
| Clock Enable | Synchronous Set/Reset | Asynchronous Set/Reset | Total Registers | Total Slices |
+--------------+-----------------------+------------------------+-----------------+--------------+
| No           | No                    | No                     |              45 |           19 |
| No           | No                    | Yes                    |               0 |            0 |
| No           | Yes                   | No                     |             240 |           50 |
| Yes          | No                    | No                     |               0 |            0 |
| Yes          | No                    | Yes                    |               0 |            0 |
| Yes          | Yes                   | No                     |             441 |           81 |
+--------------+-----------------------+------------------------+-----------------+--------------+


4. Detailed Control Set Information
-----------------------------------

+----------------------------------------+-----------------------------------------------------------------------------------------------+-------------------------------------------------------------------------------------------+------------------+----------------+--------------+
|              Clock Signal              |                                         Enable Signal                                         |                                      Set/Reset Signal                                     | Slice Load Count | Bel Load Count | Bels / Slice |
+----------------------------------------+-----------------------------------------------------------------------------------------------+-------------------------------------------------------------------------------------------+------------------+----------------+--------------+
|  CLOCK_GEN_INST/CLOCKING/inst/clk_out1 | DUT/U0/X_IIC/REG_INTERFACE_I/p_3_in                                                           | DUT/U0/X_IIC/REG_INTERFACE_I/Tx_fifo_rst                                                  |                1 |              1 |         1.00 |
|  CLOCK_GEN_INST/CLOCKING/inst/clk_out1 | DUT/U0/X_IIC/WRITE_FIFO_CTRL_I/CI                                                             |                                                                                           |                1 |              2 |         2.00 |
|  CLOCK_GEN_INST/CLOCKING/inst/clk_out1 |                                                                                               | DUT/U0/X_IIC/IIC_CONTROL_I/detect_stop_i_1_n_0                                            |                1 |              2 |         2.00 |
|  CLOCK_GEN_INST/CLOCKING/inst/clk_out1 |                                                                                               | DUT/U0/X_IIC/REG_INTERFACE_I/FIFO_GEN_DTR.Tx_fifo_rst_reg_0                               |                1 |              2 |         2.00 |
|  CLOCK_GEN_INST/CLOCKING/inst/clk_out1 | DUT/U0/X_IIC/X_AXI_IPIF_SSP1/AXI_LITE_IPIF_I/I_SLAVE_ATTACHMENT/is_read_i_1_n_0               | DUT/U0/X_IIC/X_AXI_IPIF_SSP1/AXI_LITE_IPIF_I/I_SLAVE_ATTACHMENT/rst                       |                1 |              2 |         2.00 |
|  CLOCK_GEN_INST/CLOCKING/inst/clk_out1 | DUT/U0/X_IIC/IIC_CONTROL_I/BITCNT/E[0]                                                        | DUT/U0/X_IIC/IIC_CONTROL_I/state0                                                         |                1 |              3 |         3.00 |
|  CLOCK_GEN_INST/CLOCKING/inst/clk_out1 | DUT/U0/X_IIC/X_AXI_IPIF_SSP1/AXI_LITE_IPIF_I/I_SLAVE_ATTACHMENT/I_DECODER/Bus2IIC_WrCE[9]     | DUT/U0/X_IIC/X_AXI_IPIF_SSP1/X_SOFT_RESET/SR[0]                                           |                1 |              3 |         3.00 |
|  CLOCK_GEN_INST/CLOCKING/inst/clk_out1 | DUT/U0/X_IIC/WRITE_FIFO_CTRL_I/Data_Exists_DFF_0                                              | DUT/U0/X_IIC/REG_INTERFACE_I/Tx_fifo_rst                                                  |                1 |              4 |         4.00 |
|  CLOCK_GEN_INST/CLOCKING/inst/clk_out1 | DUT/U0/X_IIC/IIC_CONTROL_I/BITCNT/q_int[0]_i_1__0_n_0                                         | DUT/U0/X_IIC/REG_INTERFACE_I/Q[0]                                                         |                1 |              4 |         4.00 |
|  CLOCK_GEN_INST/CLOCKING/inst/clk_out1 |                                                                                               | DUT/U0/X_IIC/X_AXI_IPIF_SSP1/AXI_LITE_IPIF_I/I_SLAVE_ATTACHMENT/clear                     |                1 |              4 |         4.00 |
|  CLOCK_GEN_INST/CLOCKING/inst/clk_out1 | DUT/U0/X_IIC/READ_FIFO_I/Rc_Data_Exists                                                       | DUT/U0/X_IIC/X_AXI_IPIF_SSP1/X_SOFT_RESET/SR[0]                                           |                1 |              4 |         4.00 |
|  CLOCK_GEN_INST/CLOCKING/inst/clk_out1 | DUT/U0/X_IIC/WRITE_FIFO_I/Tx_data_exists_sgl                                                  | DUT/U0/X_IIC/REG_INTERFACE_I/Tx_fifo_rst                                                  |                1 |              4 |         4.00 |
|  CLOCK_GEN_INST/CLOCKING/inst/clk_out1 | DUT/U0/X_IIC/X_AXI_IPIF_SSP1/AXI_LITE_IPIF_I/I_SLAVE_ATTACHMENT/I_DECODER/Bus2IIC_WrCE[8]     | DUT/U0/X_IIC/X_AXI_IPIF_SSP1/X_SOFT_RESET/SR[0]                                           |                3 |              4 |         1.33 |
|  CLOCK_GEN_INST/CLOCKING/inst/clk_out1 | DUT/U0/X_IIC/X_AXI_IPIF_SSP1/AXI_LITE_IPIF_I/I_SLAVE_ATTACHMENT/I_DECODER/Bus2IIC_WrCE[12]    | DUT/U0/X_IIC/X_AXI_IPIF_SSP1/X_SOFT_RESET/SR[0]                                           |                3 |              5 |         1.67 |
|  CLOCK_GEN_INST/CLOCKING/inst/clk_out1 | ATG1/inst/ATG_MODE_SYSTEM_INIT_TEST.systeminit_top/static_mrdwr/rom_ptr_ff[5]_i_1_n_0         | CLOCK_GEN_INST/CLOCKING/inst/locked                                                       |                2 |              6 |         3.00 |
|  CLOCK_GEN_INST/CLOCKING/inst/clk_out1 | ATG1/inst/ATG_MODE_SYSTEM_INIT_TEST.systeminit_top/static_mrdwr/cur_trn_done                  | CLOCK_GEN_INST/CLOCKING/inst/locked                                                       |                2 |              6 |         3.00 |
|  CLOCK_GEN_INST/CLOCKING/inst/clk_out1 |                                                                                               | DUT/U0/X_IIC/REG_INTERFACE_I/Tx_fifo_rst                                                  |                4 |              6 |         1.50 |
|  CLOCK_GEN_INST/CLOCKING/inst/clk_out1 | DUT/U0/X_IIC/X_AXI_IPIF_SSP1/AXI_LITE_IPIF_I/I_SLAVE_ATTACHMENT/I_DECODER/Bus2IIC_WrCE[10]    | DUT/U0/X_IIC/X_AXI_IPIF_SSP1/X_SOFT_RESET/SR[0]                                           |                3 |              7 |         2.33 |
|  CLOCK_GEN_INST/CLOCKING/inst/clk_out1 | DUT/U0/X_IIC/READ_FIFO_I/CI                                                                   |                                                                                           |                1 |              8 |         8.00 |
|  CLOCK_GEN_INST/CLOCKING/inst/clk_out1 | DUT/U0/X_IIC/IIC_CONTROL_I/data_i2c_i0                                                        | DUT/U0/X_IIC/REG_INTERFACE_I/Q[0]                                                         |                2 |              8 |         4.00 |
|  CLOCK_GEN_INST/CLOCKING/inst/clk_out1 | DUT/U0/X_IIC/IIC_CONTROL_I/I2CDATA_REG/data_int[7]_i_1_n_0                                    | DUT/U0/X_IIC/REG_INTERFACE_I/Q[0]                                                         |                2 |              8 |         4.00 |
|  CLOCK_GEN_INST/CLOCKING/inst/clk_out1 | DUT/U0/X_IIC/IIC_CONTROL_I/i2c_header_en                                                      | DUT/U0/X_IIC/REG_INTERFACE_I/Q[0]                                                         |                3 |              8 |         2.67 |
|  CLOCK_GEN_INST/CLOCKING/inst/clk_out1 | DUT/U0/X_IIC/DYN_MASTER_I/rdByteCntr[0]_i_1_n_0                                               | DUT/U0/X_IIC/REG_INTERFACE_I/Tx_fifo_rst                                                  |                3 |              8 |         2.67 |
|  CLOCK_GEN_INST/CLOCKING/inst/clk_out1 | DUT/U0/X_IIC/X_AXI_IPIF_SSP1/AXI_LITE_IPIF_I/I_SLAVE_ATTACHMENT/I_DECODER/E[0]                | DUT/U0/X_IIC/X_AXI_IPIF_SSP1/X_SOFT_RESET/SR[0]                                           |                4 |              8 |         2.00 |
|  CLOCK_GEN_INST/CLOCKING/inst/clk_out1 | DUT/U0/X_IIC/WRITE_FIFO_I/CI                                                                  |                                                                                           |                1 |              8 |         8.00 |
|  CLOCK_GEN_INST/CLOCKING/inst/clk_out1 | DUT/U0/X_IIC/X_AXI_IPIF_SSP1/AXI_LITE_IPIF_I/I_SLAVE_ATTACHMENT/I_DECODER/Bus2IIC_WrCE[1]     | DUT/U0/X_IIC/X_AXI_IPIF_SSP1/X_SOFT_RESET/SR[0]                                           |                3 |              9 |         3.00 |
|  CLOCK_GEN_INST/CLOCKING/inst/clk_out1 | DUT/U0/X_IIC/X_AXI_IPIF_SSP1/AXI_LITE_IPIF_I/I_SLAVE_ATTACHMENT/I_DECODER/Bus2IIC_WrCE[7]     | DUT/U0/X_IIC/X_AXI_IPIF_SSP1/X_SOFT_RESET/SR[0]                                           |                2 |              9 |         4.50 |
|  CLOCK_GEN_INST/CLOCKING/inst/clk_out1 | DUT/U0/X_IIC/IIC_CONTROL_I/CLKCNT/q_int[0]_i_1__1_n_0                                         | DUT/U0/X_IIC/REG_INTERFACE_I/Q[0]                                                         |                4 |              9 |         2.25 |
|  CLOCK_GEN_INST/CLOCKING/inst/clk_out1 | DUT/U0/X_IIC/X_AXI_IPIF_SSP1/AXI_LITE_IPIF_I/I_SLAVE_ATTACHMENT/I_DECODER/Bus2IIC_WrCE[3]     | DUT/U0/X_IIC/X_AXI_IPIF_SSP1/X_SOFT_RESET/SR[0]                                           |                4 |              9 |         2.25 |
|  CLOCK_GEN_INST/CLOCKING/inst/clk_out1 | DUT/U0/X_IIC/X_AXI_IPIF_SSP1/AXI_LITE_IPIF_I/I_SLAVE_ATTACHMENT/I_DECODER/Bus2IIC_WrCE[4]     | DUT/U0/X_IIC/X_AXI_IPIF_SSP1/X_SOFT_RESET/SR[0]                                           |                6 |              9 |         1.50 |
|  CLOCK_GEN_INST/CLOCKING/inst/clk_out1 | DUT/U0/X_IIC/X_AXI_IPIF_SSP1/AXI_LITE_IPIF_I/I_SLAVE_ATTACHMENT/I_DECODER/Bus2IIC_WrCE[5]     | DUT/U0/X_IIC/X_AXI_IPIF_SSP1/X_SOFT_RESET/SR[0]                                           |                3 |              9 |         3.00 |
|  CLOCK_GEN_INST/CLOCKING/inst/clk_out1 | DUT/U0/X_IIC/X_AXI_IPIF_SSP1/AXI_LITE_IPIF_I/I_SLAVE_ATTACHMENT/I_DECODER/Bus2IIC_WrCE[0]     | DUT/U0/X_IIC/X_AXI_IPIF_SSP1/X_SOFT_RESET/SR[0]                                           |                2 |              9 |         4.50 |
|  CLOCK_GEN_INST/CLOCKING/inst/clk_out1 | DUT/U0/X_IIC/X_AXI_IPIF_SSP1/AXI_LITE_IPIF_I/I_SLAVE_ATTACHMENT/I_DECODER/Bus2IIC_WrCE[6]     | DUT/U0/X_IIC/X_AXI_IPIF_SSP1/X_SOFT_RESET/SR[0]                                           |                3 |              9 |         3.00 |
|  CLOCK_GEN_INST/CLOCKING/inst/clk_out1 |                                                                                               | DUT/U0/X_IIC/X_AXI_IPIF_SSP1/AXI_LITE_IPIF_I/I_SLAVE_ATTACHMENT/rst                       |                2 |              9 |         4.50 |
|  CLOCK_GEN_INST/CLOCKING/inst/clk_out1 | DUT/U0/X_IIC/IIC_CONTROL_I/SETUP_CNT/q_int[0]_i_1_n_0                                         | DUT/U0/X_IIC/REG_INTERFACE_I/Q[0]                                                         |                3 |              9 |         3.00 |
|  CLOCK_GEN_INST/CLOCKING/inst/clk_out1 | DUT/U0/X_IIC/X_AXI_IPIF_SSP1/AXI_LITE_IPIF_I/I_SLAVE_ATTACHMENT/I_DECODER/Bus2IIC_WrCE[2]     | DUT/U0/X_IIC/X_AXI_IPIF_SSP1/X_SOFT_RESET/SR[0]                                           |                5 |              9 |         1.80 |
|  CLOCK_GEN_INST/CLOCKING/inst/clk_out1 | DUT/U0/X_IIC/IIC_CONTROL_I/FSM_onehot_scl_state[9]_i_2_n_0                                    | DUT/U0/X_IIC/REG_INTERFACE_I/Q[0]                                                         |                4 |             10 |         2.50 |
|  CLOCK_GEN_INST/CLOCKING/inst/clk_out1 | DUT/U0/X_IIC/X_AXI_IPIF_SSP1/AXI_LITE_IPIF_I/I_SLAVE_ATTACHMENT/bus2ip_addr_i[8]_i_1_n_0      | DUT/U0/X_IIC/X_AXI_IPIF_SSP1/AXI_LITE_IPIF_I/I_SLAVE_ATTACHMENT/rst                       |                2 |             10 |         5.00 |
|  CLOCK_GEN_INST/CLOCKING/inst/clk_out1 | DUT/U0/X_IIC/X_AXI_IPIF_SSP1/AXI_LITE_IPIF_I/I_SLAVE_ATTACHMENT/s_axi_rresp_i                 | DUT/U0/X_IIC/X_AXI_IPIF_SSP1/AXI_LITE_IPIF_I/I_SLAVE_ATTACHMENT/rst                       |                7 |             11 |         1.57 |
|  CLOCK_GEN_INST/CLOCKING/inst/clk_out1 | DUT/U0/X_IIC/X_AXI_IPIF_SSP1/AXI_LITE_IPIF_I/I_SLAVE_ATTACHMENT/start2                        | DUT/U0/X_IIC/X_AXI_IPIF_SSP1/AXI_LITE_IPIF_I/I_SLAVE_ATTACHMENT/I_DECODER/cs_ce_clr       |                8 |             24 |         3.00 |
|  CLOCK_GEN_INST/CLOCKING/inst/clk_out1 | ATG1/inst/ATG_MODE_SYSTEM_INIT_TEST.systeminit_top/static_mrdwr/cur_trn_addr_0                | CLOCK_GEN_INST/CLOCKING/inst/locked                                                       |               10 |             32 |         3.20 |
|  CLOCK_GEN_INST/CLOCKING/inst/clk_out1 | ATG1/inst/ATG_MODE_SYSTEM_INIT_TEST.systeminit_top/static_mrdwr/max_test_time_cntr[0]_i_1_n_0 | CLOCK_GEN_INST/CLOCKING/inst/locked                                                       |                4 |             32 |         8.00 |
|  CLOCK_GEN_INST/CLOCKING/inst/clk_out1 | ATG1/inst/ATG_MODE_SYSTEM_INIT_TEST.systeminit_top/static_mrdwr/new_trn_addr[31]_i_1_n_0      | CLOCK_GEN_INST/CLOCKING/inst/locked                                                       |                9 |             32 |         3.56 |
|  CLOCK_GEN_INST/CLOCKING/inst/clk_out1 | ATG1/inst/ATG_MODE_SYSTEM_INIT_TEST.systeminit_top/static_mrdwr/max_retry_cntr0               | ATG1/inst/ATG_MODE_SYSTEM_INIT_TEST.systeminit_top/static_mrdwr/max_retry_cntr[0]_i_1_n_0 |                4 |             32 |         8.00 |
|  CLOCK_GEN_INST/CLOCKING/inst/clk_out1 | ATG1/inst/ATG_MODE_SYSTEM_INIT_TEST.systeminit_top/static_mrdwr/launch_new_rd                 | CLOCK_GEN_INST/CLOCKING/inst/locked                                                       |               12 |             32 |         2.67 |
|  CLOCK_GEN_INST/CLOCKING/inst/clk_out1 |                                                                                               | DUT/U0/X_IIC/X_AXI_IPIF_SSP1/X_SOFT_RESET/SR[0]                                           |               15 |             42 |         2.80 |
|  CLOCK_GEN_INST/CLOCKING/inst/clk_out1 | ATG1/inst/ATG_MODE_SYSTEM_INIT_TEST.systeminit_top/static_mrdwr/launch_new_wr                 | CLOCK_GEN_INST/CLOCKING/inst/locked                                                       |               13 |             43 |         3.31 |
|  CLOCK_GEN_INST/CLOCKING/inst/clk_out1 |                                                                                               | DUT/U0/X_IIC/REG_INTERFACE_I/Q[0]                                                         |               16 |             46 |         2.88 |
|  CLOCK_GEN_INST/CLOCKING/inst/clk_out1 |                                                                                               | CLOCK_GEN_INST/CLOCKING/inst/locked                                                       |               13 |            129 |         9.92 |
|  CLOCK_GEN_INST/CLOCKING/inst/clk_out1 |                                                                                               |                                                                                           |               26 |            156 |         6.00 |
+----------------------------------------+-----------------------------------------------------------------------------------------------+-------------------------------------------------------------------------------------------+------------------+----------------+--------------+


