Copyright 1986-2022 Xilinx, Inc. All Rights Reserved.
-------------------------------------------------------------------------------------------------------------------------------------------------------------------
| Tool Version     : Vivado v.2022.2 (lin64) Build 3671981 Fri Oct 14 04:59:54 MDT 2022
| Date             : Fri Aug  9 13:06:43 2024
| Host             : e16fpga01 running 64-bit Ubuntu 22.04.4 LTS
| Command          : report_power -file axi_iic_1_exdes_power_routed.rpt -pb axi_iic_1_exdes_power_summary_routed.pb -rpx axi_iic_1_exdes_power_routed.rpx
| Design           : axi_iic_1_exdes
| Device           : xcau15p-sbvb484-1-i
| Design State     : routed
| Grade            : industrial
| Process          : typical
| Characterization : Production
-------------------------------------------------------------------------------------------------------------------------------------------------------------------

Power Report

Table of Contents
-----------------
1. Summary
1.1 On-Chip Components
1.2 Power Supply Summary
1.3 Confidence Level
2. Settings
2.1 Environment
2.2 Clock Constraints
3. Detailed Reports
3.1 By Hierarchy

1. Summary
----------

+--------------------------+--------------+
| Total On-Chip Power (W)  | 0.340        |
| Design Power Budget (W)  | Unspecified* |
| Power Budget Margin (W)  | NA           |
| Dynamic (W)              | 0.102        |
| Device Static (W)        | 0.238        |
| Effective TJA (C/W)      | 2.7          |
| Max Ambient (C)          | 99.1         |
| Junction Temperature (C) | 25.9         |
| Confidence Level         | Medium       |
| Setting File             | ---          |
| Simulation Activity File | ---          |
| Design Nets Matched      | NA           |
+--------------------------+--------------+
* Specify Design Power Budget using, set_operating_conditions -design_power_budget <value in Watts>


1.1 On-Chip Components
----------------------

+--------------------------+-----------+----------+-----------+-----------------+
| On-Chip                  | Power (W) | Used     | Available | Utilization (%) |
+--------------------------+-----------+----------+-----------+-----------------+
| Clocks                   |    <0.001 |        4 |       --- |             --- |
| CLB Logic                |    <0.001 |     1585 |       --- |             --- |
|   LUT as Logic           |    <0.001 |      538 |     77760 |            0.69 |
|   LUT as Shift Register  |    <0.001 |       18 |     40320 |            0.04 |
|   Register               |    <0.001 |      726 |    155520 |            0.47 |
|   CARRY8                 |    <0.001 |       20 |      9720 |            0.21 |
|   Others                 |     0.000 |       51 |       --- |             --- |
|   LUT as Distributed RAM |     0.000 |       56 |     40320 |            0.14 |
|   F7/F8 Muxes            |     0.000 |       12 |     77760 |            0.02 |
| Signals                  |    <0.001 |     1112 |       --- |             --- |
| MMCM                     |     0.098 |        0 |       --- |             --- |
| I/O                      |     0.003 |        7 |       204 |            3.43 |
| Static Power             |     0.238 |          |           |                 |
| Total                    |     0.340 |          |           |                 |
+--------------------------+-----------+----------+-----------+-----------------+


1.2 Power Supply Summary
------------------------

+-----------+-------------+-----------+-------------+------------+-------------+-------------+------------+
| Source    | Voltage (V) | Total (A) | Dynamic (A) | Static (A) | Powerup (A) | Budget (A)  | Margin (A) |
+-----------+-------------+-----------+-------------+------------+-------------+-------------+------------+
| Vccint    |       0.850 |     0.051 |       0.002 |      0.049 |       NA    | Unspecified | NA         |
| Vccint_io |       0.850 |     0.027 |       0.001 |      0.027 |       NA    | Unspecified | NA         |
| Vccbram   |       0.850 |     0.001 |       0.000 |      0.001 |       NA    | Unspecified | NA         |
| Vccaux    |       1.800 |     0.119 |       0.054 |      0.065 |       NA    | Unspecified | NA         |
| Vccaux_io |       1.800 |     0.025 |       0.002 |      0.023 |       NA    | Unspecified | NA         |
| Vcco33    |       3.300 |     0.000 |       0.000 |      0.000 |       NA    | Unspecified | NA         |
| Vcco25    |       2.500 |     0.000 |       0.000 |      0.000 |       NA    | Unspecified | NA         |
| Vcco18    |       1.800 |     0.000 |       0.000 |      0.000 |       NA    | Unspecified | NA         |
| Vcco15    |       1.500 |     0.000 |       0.000 |      0.000 |       NA    | Unspecified | NA         |
| Vcco135   |       1.350 |     0.000 |       0.000 |      0.000 |       NA    | Unspecified | NA         |
| Vcco12    |       1.200 |     0.000 |       0.000 |      0.000 |       NA    | Unspecified | NA         |
| Vcco10    |       1.000 |     0.000 |       0.000 |      0.000 |       NA    | Unspecified | NA         |
| Vccadc    |       1.800 |     0.008 |       0.000 |      0.008 |       NA    | Unspecified | NA         |
| MGTAVcc   |       0.900 |     0.000 |       0.000 |      0.000 |       NA    | Unspecified | NA         |
| MGTAVtt   |       1.200 |     0.000 |       0.000 |      0.000 |       NA    | Unspecified | NA         |
| MGTVccaux |       1.800 |     0.000 |       0.000 |      0.000 |       NA    | Unspecified | NA         |
+-----------+-------------+-----------+-------------+------------+-------------+-------------+------------+


1.3 Confidence Level
--------------------

+-----------------------------+------------+-------------------------------------------------------+------------------------------------------------------------------------------------------------------------+
| User Input Data             | Confidence | Details                                               | Action                                                                                                     |
+-----------------------------+------------+-------------------------------------------------------+------------------------------------------------------------------------------------------------------------+
| Design implementation state | High       | Design is routed                                      |                                                                                                            |
| Clock nodes activity        | High       | User specified more than 95% of clocks                |                                                                                                            |
| I/O nodes activity          | Medium     | More than 5% of inputs are missing user specification | Provide missing input activity with simulation results or by editing the "By Resource Type -> I/Os" view   |
| Internal nodes activity     | Medium     | User specified less than 25% of internal nodes        | Provide missing internal nodes activity with simulation results or by editing the "By Resource Type" views |
| Device models               | High       | Device models are Production                          |                                                                                                            |
|                             |            |                                                       |                                                                                                            |
| Overall confidence level    | Medium     |                                                       |                                                                                                            |
+-----------------------------+------------+-------------------------------------------------------+------------------------------------------------------------------------------------------------------------+


2. Settings
-----------

2.1 Environment
---------------

+-----------------------+--------------------------+
| Ambient Temp (C)      | 25.0                     |
| ThetaJA (C/W)         | 2.7                      |
| Airflow (LFM)         | 250                      |
| Heat Sink             | medium (Medium Profile)  |
| ThetaSA (C/W)         | 8.8                      |
| Board Selection       | medium (10"x10")         |
| # of Board Layers     | 12to15 (12 to 15 Layers) |
| Board Temperature (C) | 25.0                     |
+-----------------------+--------------------------+


2.2 Clock Constraints
---------------------

+--------------------+-------------------------------------------------+-----------------+
| Clock              | Domain                                          | Constraint (ns) |
+--------------------+-------------------------------------------------+-----------------+
| clk_in1_p          | clk_in1_p                                       |             5.0 |
| clk_out1_clk_wiz_0 | CLOCK_GEN_INST/CLOCKING/inst/clk_out1_clk_wiz_0 |            25.0 |
+--------------------+-------------------------------------------------+-----------------+


3. Detailed Reports
-------------------

3.1 By Hierarchy
----------------

+------------------+-----------+
| Name             | Power (W) |
+------------------+-----------+
| axi_iic_1_exdes  |     0.102 |
|   CLOCK_GEN_INST |     0.101 |
|     CLOCKING     |     0.101 |
|       inst       |     0.101 |
+------------------+-----------+


