Copyright 1986-2022 Xilinx, Inc. All Rights Reserved.
---------------------------------------------------------------------------------------------------------------------------
| Tool Version : Vivado v.2022.2 (lin64) Build 3671981 Fri Oct 14 04:59:54 MDT 2022
| Date         : Fri Aug  9 13:06:36 2024
| Host         : e16fpga01 running 64-bit Ubuntu 22.04.4 LTS
| Command      : report_utilization -file axi_iic_1_exdes_utilization_placed.rpt -pb axi_iic_1_exdes_utilization_placed.pb
| Design       : axi_iic_1_exdes
| Device       : xcau15p-sbvb484-1-i
| Speed File   : -1
| Design State : Fully Placed
---------------------------------------------------------------------------------------------------------------------------

Utilization Design Information

Table of Contents
-----------------
1. CLB Logic
1.1 Summary of Registers by Type
2. CLB Logic Distribution
3. BLOCKRAM
4. ARITHMETIC
5. I/O
6. CLOCK
7. ADVANCED
8. CONFIGURATION
9. Primitives
10. Black Boxes
11. Instantiated Netlists

1. CLB Logic
------------

+----------------------------+------+-------+------------+-----------+-------+
|          Site Type         | Used | Fixed | Prohibited | Available | Util% |
+----------------------------+------+-------+------------+-----------+-------+
| CLB LUTs                   |  612 |     0 |          0 |     77760 |  0.79 |
|   LUT as Logic             |  538 |     0 |          0 |     77760 |  0.69 |
|   LUT as Memory            |   74 |     0 |          0 |     40320 |  0.18 |
|     LUT as Distributed RAM |   56 |     0 |            |           |       |
|     LUT as Shift Register  |   18 |     0 |            |           |       |
| CLB Registers              |  726 |     0 |          0 |    155520 |  0.47 |
|   Register as Flip Flop    |  726 |     0 |          0 |    155520 |  0.47 |
|   Register as Latch        |    0 |     0 |          0 |    155520 |  0.00 |
| CARRY8                     |   20 |     0 |          0 |      9720 |  0.21 |
| F7 Muxes                   |    8 |     0 |          0 |     38880 |  0.02 |
| F8 Muxes                   |    4 |     0 |          0 |     19440 |  0.02 |
| F9 Muxes                   |    0 |     0 |          0 |      9720 |  0.00 |
+----------------------------+------+-------+------------+-----------+-------+
* Warning! LUT value is adjusted to account for LUT combining.


1.1 Summary of Registers by Type
--------------------------------

+-------+--------------+-------------+--------------+
| Total | Clock Enable | Synchronous | Asynchronous |
+-------+--------------+-------------+--------------+
| 0     |            _ |           - |            - |
| 0     |            _ |           - |          Set |
| 0     |            _ |           - |        Reset |
| 0     |            _ |         Set |            - |
| 0     |            _ |       Reset |            - |
| 0     |          Yes |           - |            - |
| 4     |          Yes |           - |          Set |
| 0     |          Yes |           - |        Reset |
| 31    |          Yes |         Set |            - |
| 691   |          Yes |       Reset |            - |
+-------+--------------+-------------+--------------+


2. CLB Logic Distribution
-------------------------

+--------------------------------------------+------+-------+------------+-----------+-------+
|                  Site Type                 | Used | Fixed | Prohibited | Available | Util% |
+--------------------------------------------+------+-------+------------+-----------+-------+
| CLB                                        |  128 |     0 |          0 |      9720 |  1.32 |
|   CLBL                                     |   58 |     0 |            |           |       |
|   CLBM                                     |   70 |     0 |            |           |       |
| LUT as Logic                               |  538 |     0 |          0 |     77760 |  0.69 |
|   using O5 output only                     |   18 |       |            |           |       |
|   using O6 output only                     |  411 |       |            |           |       |
|   using O5 and O6                          |  109 |       |            |           |       |
| LUT as Memory                              |   74 |     0 |          0 |     40320 |  0.18 |
|   LUT as Distributed RAM                   |   56 |     0 |            |           |       |
|     using O5 output only                   |    0 |       |            |           |       |
|     using O6 output only                   |    1 |       |            |           |       |
|     using O5 and O6                        |   55 |       |            |           |       |
|   LUT as Shift Register                    |   18 |     0 |            |           |       |
|     using O5 output only                   |    0 |       |            |           |       |
|     using O6 output only                   |   18 |       |            |           |       |
|     using O5 and O6                        |    0 |       |            |           |       |
| CLB Registers                              |  726 |     0 |          0 |    155520 |  0.47 |
|   Register driven from within the CLB      |  406 |       |            |           |       |
|   Register driven from outside the CLB     |  320 |       |            |           |       |
|     LUT in front of the register is unused |  125 |       |            |           |       |
|     LUT in front of the register is used   |  195 |       |            |           |       |
| Unique Control Sets                        |   50 |       |          0 |     19440 |  0.26 |
+--------------------------------------------+------+-------+------------+-----------+-------+
* * Note: Available Control Sets calculated as Slices * 2, Review the Control Sets Report for more information regarding control sets.


3. BLOCKRAM
-----------

+----------------+------+-------+------------+-----------+-------+
|    Site Type   | Used | Fixed | Prohibited | Available | Util% |
+----------------+------+-------+------------+-----------+-------+
| Block RAM Tile |    0 |     0 |          0 |       144 |  0.00 |
|   RAMB36/FIFO* |    0 |     0 |          0 |       144 |  0.00 |
|   RAMB18       |    0 |     0 |          0 |       288 |  0.00 |
+----------------+------+-------+------------+-----------+-------+
* Note: Each Block RAM Tile only has one FIFO logic available and therefore can accommodate only one FIFO36E2 or one FIFO18E2. However, if a FIFO18E2 occupies a Block RAM Tile, that tile can still accommodate a RAMB18E2


4. ARITHMETIC
-------------

+-----------+------+-------+------------+-----------+-------+
| Site Type | Used | Fixed | Prohibited | Available | Util% |
+-----------+------+-------+------------+-----------+-------+
| DSPs      |    0 |     0 |          0 |       576 |  0.00 |
+-----------+------+-------+------------+-----------+-------+


5. I/O
------

+------------------+------+-------+------------+-----------+-------+
|     Site Type    | Used | Fixed | Prohibited | Available | Util% |
+------------------+------+-------+------------+-----------+-------+
| Bonded IOB       |    7 |     0 |          0 |       204 |  3.43 |
| HPIOB_M          |    1 |     0 |          0 |        72 |  1.39 |
|   INPUT          |    1 |       |            |           |       |
|   OUTPUT         |    0 |       |            |           |       |
|   BIDIR          |    0 |       |            |           |       |
| HPIOB_S          |    1 |     0 |          0 |        72 |  1.39 |
|   INPUT          |    1 |       |            |           |       |
|   OUTPUT         |    0 |       |            |           |       |
|   BIDIR          |    0 |       |            |           |       |
| HDIOB_M          |    3 |     0 |          0 |        24 | 12.50 |
|   INPUT          |    1 |       |            |           |       |
|   OUTPUT         |    1 |       |            |           |       |
|   BIDIR          |    1 |       |            |           |       |
| HDIOB_S          |    2 |     0 |          0 |        24 |  8.33 |
|   INPUT          |    0 |       |            |           |       |
|   OUTPUT         |    1 |       |            |           |       |
|   BIDIR          |    1 |       |            |           |       |
| HPIOB_SNGL       |    0 |     0 |          0 |        12 |  0.00 |
| HPIOBDIFFINBUF   |    1 |     0 |          0 |        72 |  1.39 |
|   DIFFINBUF      |    1 |       |            |           |       |
| HPIOBDIFFOUTBUF  |    0 |     0 |          0 |        72 |  0.00 |
| HDIOBDIFFINBUF   |    0 |     0 |          0 |        36 |  0.00 |
| BITSLICE_CONTROL |    0 |     0 |          0 |        24 |  0.00 |
| BITSLICE_RX_TX   |    0 |     0 |          0 |       936 |  0.00 |
| BITSLICE_TX      |    0 |     0 |          0 |        24 |  0.00 |
| RIU_OR           |    0 |     0 |          0 |        12 |  0.00 |
+------------------+------+-------+------------+-----------+-------+


6. CLOCK
--------

+----------------------+------+-------+------------+-----------+-------+
|       Site Type      | Used | Fixed | Prohibited | Available | Util% |
+----------------------+------+-------+------------+-----------+-------+
| GLOBAL CLOCK BUFFERs |    1 |     0 |          0 |       192 |  0.52 |
|   BUFGCE             |    1 |     0 |          0 |        84 |  1.19 |
|   BUFGCE_DIV         |    0 |     0 |          0 |        12 |  0.00 |
|   BUFG_GT            |    0 |     0 |          0 |        72 |  0.00 |
|   BUFGCTRL*          |    0 |     0 |          0 |        24 |  0.00 |
| PLL                  |    0 |     0 |          0 |         6 |  0.00 |
| MMCM                 |    1 |     0 |          0 |         3 | 33.33 |
+----------------------+------+-------+------------+-----------+-------+
* Note: Each used BUFGCTRL counts as two GLOBAL CLOCK BUFFERs. This table does not include global clocking resources, only buffer cell usage. See the Clock Utilization Report (report_clock_utilization) for detailed accounting of global clocking resource availability.


7. ADVANCED
-----------

+-----------------+------+-------+------------+-----------+-------+
|    Site Type    | Used | Fixed | Prohibited | Available | Util% |
+-----------------+------+-------+------------+-----------+-------+
| GTHE4_CHANNEL   |    0 |     0 |          0 |        12 |  0.00 |
| GTHE4_COMMON    |    0 |     0 |          0 |         3 |  0.00 |
| OBUFDS_GTE4     |    0 |     0 |          0 |         6 |  0.00 |
| OBUFDS_GTE4_ADV |    0 |     0 |          0 |         6 |  0.00 |
| PCIE4CE4        |    0 |     0 |          0 |         1 |  0.00 |
| SYSMONE4        |    0 |     0 |          0 |         1 |  0.00 |
+-----------------+------+-------+------------+-----------+-------+


8. CONFIGURATION
----------------

+-------------+------+-------+------------+-----------+-------+
|  Site Type  | Used | Fixed | Prohibited | Available | Util% |
+-------------+------+-------+------------+-----------+-------+
| BSCANE2     |    0 |     0 |          0 |         4 |  0.00 |
| DNA_PORTE2  |    0 |     0 |          0 |         1 |  0.00 |
| EFUSE_USR   |    0 |     0 |          0 |         1 |  0.00 |
| FRAME_ECCE4 |    0 |     0 |          0 |         1 |  0.00 |
| ICAPE3      |    0 |     0 |          0 |         2 |  0.00 |
| MASTER_JTAG |    0 |     0 |          0 |         1 |  0.00 |
| STARTUPE3   |    0 |     0 |          0 |         1 |  0.00 |
+-------------+------+-------+------------+-----------+-------+


9. Primitives
-------------

+------------+------+---------------------+
|  Ref Name  | Used | Functional Category |
+------------+------+---------------------+
| FDRE       |  691 |            Register |
| LUT6       |  228 |                 CLB |
| LUT4       |  184 |                 CLB |
| RAMS32     |  111 |                 CLB |
| LUT5       |   98 |                 CLB |
| LUT3       |   71 |                 CLB |
| LUT2       |   58 |                 CLB |
| FDSE       |   31 |            Register |
| CARRY8     |   20 |                 CLB |
| SRL16E     |   18 |                 CLB |
| MUXF7      |    8 |                 CLB |
| LUT1       |    8 |                 CLB |
| MUXF8      |    4 |                 CLB |
| IBUFCTRL   |    4 |              Others |
| FDPE       |    4 |            Register |
| INBUF      |    3 |                 I/O |
| OBUFT      |    2 |                 I/O |
| OBUF       |    2 |                 I/O |
| MMCME4_ADV |    1 |               Clock |
| DIFFINBUF  |    1 |                 I/O |
| BUFGCE     |    1 |               Clock |
+------------+------+---------------------+


10. Black Boxes
---------------

+----------+------+
| Ref Name | Used |
+----------+------+


11. Instantiated Netlists
-------------------------

+-------------------+------+
|      Ref Name     | Used |
+-------------------+------+
| clk_wiz_0         |    1 |
| axi_traffic_gen_0 |    1 |
| axi_iic_1         |    1 |
+-------------------+------+


