
*** Running vivado
    with args -log top_block_GPIO_Controller_0_0.vds -m64 -product Vivado -mode batch -messageDb vivado.pb -notrace -source top_block_GPIO_Controller_0_0.tcl


****** Vivado v2022.2 (64-bit)
  **** SW Build 3671981 on Fri Oct 14 04:59:54 MDT 2022
  **** IP Build 3669848 on Fri Oct 14 08:30:02 MDT 2022
    ** Copyright 1986-2022 Xilinx, Inc. All Rights Reserved.

source top_block_GPIO_Controller_0_0.tcl -notrace
INFO: [IP_Flow 19-234] Refreshing IP repositories
INFO: [IP_Flow 19-1700] Loaded user IP repository '/home/nagafusa/work/spadi/Fakernet/ip_repo/I2C_Controller_1_0'.
INFO: [IP_Flow 19-1700] Loaded user IP repository '/home/nagafusa/work/spadi/Fakernet/ip_repo/start_i2c_write_1_0'.
WARNING: [IP_Flow 19-2248] Failed to load user IP repository '/home/nagafusa/work/spadi/Fakernet/ip_repo/I2C_controller_1_0'; Can't find the specified path.
If this directory should no longer be in your list of user repositories, go to the IP Settings dialog and remove it.
WARNING: [IP_Flow 19-2207] Repository '/home/nagafusa/work/spadi/Fakernet/ip_repo/I2C_controller_1_0' already exists; ignoring attempt to add it again.
WARNING: [IP_Flow 19-2248] Failed to load user IP repository '/home/nagafusa/work/spadi/Fakernet/ip_repo/I2C_controller_1_0'; Can't find the specified path.
If this directory should no longer be in your list of user repositories, go to the IP Settings dialog and remove it.
INFO: [IP_Flow 19-2313] Loaded Vivado IP repository '/opt/Xilinx/Vivado/2022.2/data/ip'.
INFO: [IP_Flow 19-6924] IPCACHE: Running cache check for IP inst: top_block_GPIO_Controller_0_0
Command: synth_design -top top_block_GPIO_Controller_0_0 -part xcau15p-sbvb484-1-i -incremental_mode off -mode out_of_context
Starting synth_design
Attempting to get a license for feature 'Synthesis' and/or device 'xcau15p'
INFO: [Common 17-349] Got license for feature 'Synthesis' and/or device 'xcau15p'
INFO: [Device 21-403] Loading part xcau15p-sbvb484-1-i
INFO: [Synth 8-7079] Multithreading enabled for synth_design using a maximum of 4 processes.
INFO: [Synth 8-7078] Launching helper process for spawning children vivado processes
INFO: [Synth 8-7075] Helper process launched with PID 3688813
INFO: [Synth 8-11241] undeclared symbol 'REGCCE', assumed default net type 'wire' [/opt/Xilinx/Vivado/2022.2/data/verilog/src/unimacro/BRAM_SINGLE_MACRO.v:2170]
---------------------------------------------------------------------------------
Starting RTL Elaboration : Time (s): cpu = 00:00:02 ; elapsed = 00:00:02 . Memory (MB): peak = 2147.281 ; gain = 363.727 ; free physical = 28639 ; free virtual = 53399
Synthesis current peak Physical Memory [PSS] (MB): peak = 1451.273; parent = 1284.308; children = 166.966
Synthesis current peak Virtual Memory [VSS] (MB): peak = 3121.727; parent = 2153.223; children = 968.504
---------------------------------------------------------------------------------
INFO: [Synth 8-6157] synthesizing module 'top_block_GPIO_Controller_0_0' [/home/nagafusa/work/spadi/Fakernet/SAMIDARE/samidare.gen/sources_1/bd/top_block/ip/top_block_GPIO_Controller_0_0/synth/top_block_GPIO_Controller_0_0.v:53]
INFO: [Synth 8-6157] synthesizing module 'GPIO_Controller' [/home/nagafusa/work/spadi/Fakernet/SAMIDARE/samidare.srcs/sources_1/new/GPIO_Controller.v:23]
INFO: [Synth 8-6155] done synthesizing module 'GPIO_Controller' (0#1) [/home/nagafusa/work/spadi/Fakernet/SAMIDARE/samidare.srcs/sources_1/new/GPIO_Controller.v:23]
INFO: [Synth 8-6155] done synthesizing module 'top_block_GPIO_Controller_0_0' (0#1) [/home/nagafusa/work/spadi/Fakernet/SAMIDARE/samidare.gen/sources_1/bd/top_block/ip/top_block_GPIO_Controller_0_0/synth/top_block_GPIO_Controller_0_0.v:53]
INFO: [Synth 8-6071] Mark debug on the nets applies keep_hierarchy on instance 'inst'. This will prevent further optimization [/home/nagafusa/work/spadi/Fakernet/SAMIDARE/samidare.gen/sources_1/bd/top_block/ip/top_block_GPIO_Controller_0_0/synth/top_block_GPIO_Controller_0_0.v:76]
---------------------------------------------------------------------------------
Finished RTL Elaboration : Time (s): cpu = 00:00:02 ; elapsed = 00:00:03 . Memory (MB): peak = 2221.188 ; gain = 437.633 ; free physical = 28728 ; free virtual = 53489
Synthesis current peak Physical Memory [PSS] (MB): peak = 1451.273; parent = 1284.308; children = 166.966
Synthesis current peak Virtual Memory [VSS] (MB): peak = 3189.695; parent = 2221.191; children = 968.504
---------------------------------------------------------------------------------
---------------------------------------------------------------------------------
Start Handling Custom Attributes
---------------------------------------------------------------------------------
---------------------------------------------------------------------------------
Finished Handling Custom Attributes : Time (s): cpu = 00:00:02 ; elapsed = 00:00:03 . Memory (MB): peak = 2236.031 ; gain = 452.477 ; free physical = 28728 ; free virtual = 53490
Synthesis current peak Physical Memory [PSS] (MB): peak = 1451.273; parent = 1284.308; children = 166.966
Synthesis current peak Virtual Memory [VSS] (MB): peak = 3204.539; parent = 2236.035; children = 968.504
---------------------------------------------------------------------------------
---------------------------------------------------------------------------------
Finished RTL Optimization Phase 1 : Time (s): cpu = 00:00:02 ; elapsed = 00:00:03 . Memory (MB): peak = 2236.031 ; gain = 452.477 ; free physical = 28728 ; free virtual = 53490
Synthesis current peak Physical Memory [PSS] (MB): peak = 1451.273; parent = 1284.308; children = 166.966
Synthesis current peak Virtual Memory [VSS] (MB): peak = 3204.539; parent = 2236.035; children = 968.504
---------------------------------------------------------------------------------
Netlist sorting complete. Time (s): cpu = 00:00:00 ; elapsed = 00:00:00 . Memory (MB): peak = 2241.969 ; gain = 0.000 ; free physical = 28721 ; free virtual = 53482
INFO: [Project 1-570] Preparing netlist for logic optimization

Processing XDC Constraints
Initializing timing engine
Completed Processing XDC Constraints

Netlist sorting complete. Time (s): cpu = 00:00:00 ; elapsed = 00:00:00 . Memory (MB): peak = 2344.969 ; gain = 0.000 ; free physical = 28713 ; free virtual = 53473
INFO: [Project 1-111] Unisim Transformation Summary:
No Unisim elements were transformed.

Constraint Validation Runtime : Time (s): cpu = 00:00:00 ; elapsed = 00:00:00 . Memory (MB): peak = 2368.781 ; gain = 23.812 ; free physical = 28713 ; free virtual = 53473
INFO: [Designutils 20-5008] Incremental synthesis strategy off
INFO: [Synth 8-11241] undeclared symbol 'REGCCE', assumed default net type 'wire' [/opt/Xilinx/Vivado/2022.2/data/verilog/src/unimacro/BRAM_SINGLE_MACRO.v:2170]
---------------------------------------------------------------------------------
Finished Constraint Validation : Time (s): cpu = 00:00:04 ; elapsed = 00:00:05 . Memory (MB): peak = 2368.781 ; gain = 585.227 ; free physical = 28721 ; free virtual = 53481
Synthesis current peak Physical Memory [PSS] (MB): peak = 1451.273; parent = 1284.308; children = 166.966
Synthesis current peak Virtual Memory [VSS] (MB): peak = 3305.273; parent = 2336.770; children = 968.504
---------------------------------------------------------------------------------
---------------------------------------------------------------------------------
Start Loading Part and Timing Information
---------------------------------------------------------------------------------
Loading part: xcau15p-sbvb484-1-i
INFO: [Synth 8-6742] Reading net delay rules and data
---------------------------------------------------------------------------------
Finished Loading Part and Timing Information : Time (s): cpu = 00:00:04 ; elapsed = 00:00:05 . Memory (MB): peak = 2368.781 ; gain = 585.227 ; free physical = 28721 ; free virtual = 53481
Synthesis current peak Physical Memory [PSS] (MB): peak = 1451.273; parent = 1284.308; children = 166.966
Synthesis current peak Virtual Memory [VSS] (MB): peak = 3305.273; parent = 2336.770; children = 968.504
---------------------------------------------------------------------------------
---------------------------------------------------------------------------------
Start Applying 'set_property' XDC Constraints
---------------------------------------------------------------------------------
---------------------------------------------------------------------------------
Finished applying 'set_property' XDC Constraints : Time (s): cpu = 00:00:04 ; elapsed = 00:00:05 . Memory (MB): peak = 2368.781 ; gain = 585.227 ; free physical = 28721 ; free virtual = 53481
Synthesis current peak Physical Memory [PSS] (MB): peak = 1451.273; parent = 1284.308; children = 166.966
Synthesis current peak Virtual Memory [VSS] (MB): peak = 3305.273; parent = 2336.770; children = 968.504
---------------------------------------------------------------------------------
---------------------------------------------------------------------------------
Finished RTL Optimization Phase 2 : Time (s): cpu = 00:00:05 ; elapsed = 00:00:05 . Memory (MB): peak = 2368.781 ; gain = 585.227 ; free physical = 28730 ; free virtual = 53491
Synthesis current peak Physical Memory [PSS] (MB): peak = 1451.273; parent = 1284.308; children = 166.966
Synthesis current peak Virtual Memory [VSS] (MB): peak = 3305.273; parent = 2336.770; children = 968.504
---------------------------------------------------------------------------------
---------------------------------------------------------------------------------
Start RTL Component Statistics 
---------------------------------------------------------------------------------
Detailed RTL Component Info : 
+---Registers : 
	                8 Bit    Registers := 2     
---------------------------------------------------------------------------------
Finished RTL Component Statistics 
---------------------------------------------------------------------------------
---------------------------------------------------------------------------------
Start Part Resource Summary
---------------------------------------------------------------------------------
Part Resources:
DSPs: 576 (col length:72)
BRAMs: 288 (col length: RAMB18 72 RAMB36 36)
---------------------------------------------------------------------------------
Finished Part Resource Summary
---------------------------------------------------------------------------------
---------------------------------------------------------------------------------
Start Cross Boundary and Area Optimization
---------------------------------------------------------------------------------
WARNING: [Synth 8-7080] Parallel synthesis criteria is not met
---------------------------------------------------------------------------------
Finished Cross Boundary and Area Optimization : Time (s): cpu = 00:00:05 ; elapsed = 00:00:06 . Memory (MB): peak = 2368.781 ; gain = 585.227 ; free physical = 28717 ; free virtual = 53481
Synthesis current peak Physical Memory [PSS] (MB): peak = 1451.273; parent = 1284.308; children = 166.966
Synthesis current peak Virtual Memory [VSS] (MB): peak = 3305.273; parent = 2336.770; children = 968.504
---------------------------------------------------------------------------------
---------------------------------------------------------------------------------
Start Applying XDC Timing Constraints
---------------------------------------------------------------------------------
---------------------------------------------------------------------------------
Finished Applying XDC Timing Constraints : Time (s): cpu = 00:00:06 ; elapsed = 00:00:08 . Memory (MB): peak = 2415.523 ; gain = 631.969 ; free physical = 28493 ; free virtual = 53258
Synthesis current peak Physical Memory [PSS] (MB): peak = 1642.034; parent = 1475.569; children = 166.966
Synthesis current peak Virtual Memory [VSS] (MB): peak = 3384.031; parent = 2415.527; children = 968.504
---------------------------------------------------------------------------------
---------------------------------------------------------------------------------
Start Timing Optimization
---------------------------------------------------------------------------------
---------------------------------------------------------------------------------
Finished Timing Optimization : Time (s): cpu = 00:00:06 ; elapsed = 00:00:08 . Memory (MB): peak = 2415.523 ; gain = 631.969 ; free physical = 28493 ; free virtual = 53258
Synthesis current peak Physical Memory [PSS] (MB): peak = 1642.054; parent = 1475.589; children = 166.966
Synthesis current peak Virtual Memory [VSS] (MB): peak = 3384.031; parent = 2415.527; children = 968.504
---------------------------------------------------------------------------------
---------------------------------------------------------------------------------
Start Technology Mapping
---------------------------------------------------------------------------------
---------------------------------------------------------------------------------
Finished Technology Mapping : Time (s): cpu = 00:00:06 ; elapsed = 00:00:08 . Memory (MB): peak = 2423.531 ; gain = 639.977 ; free physical = 28492 ; free virtual = 53256
Synthesis current peak Physical Memory [PSS] (MB): peak = 1642.601; parent = 1476.157; children = 166.966
Synthesis current peak Virtual Memory [VSS] (MB): peak = 3392.039; parent = 2423.535; children = 968.504
---------------------------------------------------------------------------------
---------------------------------------------------------------------------------
Start IO Insertion
---------------------------------------------------------------------------------
---------------------------------------------------------------------------------
Start Flattening Before IO Insertion
---------------------------------------------------------------------------------
---------------------------------------------------------------------------------
Finished Flattening Before IO Insertion
---------------------------------------------------------------------------------
---------------------------------------------------------------------------------
Start Final Netlist Cleanup
---------------------------------------------------------------------------------
---------------------------------------------------------------------------------
Finished Final Netlist Cleanup
---------------------------------------------------------------------------------
INFO: [Synth 8-3295] tying undriven pin GPIO_T_inferred:in0[7] to constant 0
INFO: [Synth 8-3295] tying undriven pin GPIO_T_inferred:in0[6] to constant 0
INFO: [Synth 8-3295] tying undriven pin GPIO_T_inferred:in0[5] to constant 0
INFO: [Synth 8-3295] tying undriven pin GPIO_T_inferred:in0[4] to constant 0
INFO: [Synth 8-3295] tying undriven pin GPIO_T_inferred:in0[3] to constant 0
INFO: [Synth 8-3295] tying undriven pin GPIO_T_inferred:in0[2] to constant 0
INFO: [Synth 8-3295] tying undriven pin GPIO_T_inferred:in0[1] to constant 0
INFO: [Synth 8-3295] tying undriven pin GPIO_T_inferred:in0[0] to constant 0
INFO: [Synth 8-3295] tying undriven pin trgout_inferred:in0 to constant 0
---------------------------------------------------------------------------------
Finished IO Insertion : Time (s): cpu = 00:00:08 ; elapsed = 00:00:09 . Memory (MB): peak = 2429.469 ; gain = 645.914 ; free physical = 28492 ; free virtual = 53256
Synthesis current peak Physical Memory [PSS] (MB): peak = 1642.761; parent = 1476.317; children = 166.966
Synthesis current peak Virtual Memory [VSS] (MB): peak = 3397.977; parent = 2429.473; children = 968.504
---------------------------------------------------------------------------------
---------------------------------------------------------------------------------
Start Renaming Generated Instances
---------------------------------------------------------------------------------
---------------------------------------------------------------------------------
Finished Renaming Generated Instances : Time (s): cpu = 00:00:08 ; elapsed = 00:00:09 . Memory (MB): peak = 2429.469 ; gain = 645.914 ; free physical = 28492 ; free virtual = 53256
Synthesis current peak Physical Memory [PSS] (MB): peak = 1642.776; parent = 1476.333; children = 166.966
Synthesis current peak Virtual Memory [VSS] (MB): peak = 3397.977; parent = 2429.473; children = 968.504
---------------------------------------------------------------------------------
---------------------------------------------------------------------------------
Start Rebuilding User Hierarchy
---------------------------------------------------------------------------------
---------------------------------------------------------------------------------
Finished Rebuilding User Hierarchy : Time (s): cpu = 00:00:08 ; elapsed = 00:00:09 . Memory (MB): peak = 2429.469 ; gain = 645.914 ; free physical = 28492 ; free virtual = 53256
Synthesis current peak Physical Memory [PSS] (MB): peak = 1642.792; parent = 1476.349; children = 166.966
Synthesis current peak Virtual Memory [VSS] (MB): peak = 3397.977; parent = 2429.473; children = 968.504
---------------------------------------------------------------------------------
---------------------------------------------------------------------------------
Start Renaming Generated Ports
---------------------------------------------------------------------------------
---------------------------------------------------------------------------------
Finished Renaming Generated Ports : Time (s): cpu = 00:00:08 ; elapsed = 00:00:09 . Memory (MB): peak = 2429.469 ; gain = 645.914 ; free physical = 28492 ; free virtual = 53256
Synthesis current peak Physical Memory [PSS] (MB): peak = 1642.792; parent = 1476.349; children = 166.966
Synthesis current peak Virtual Memory [VSS] (MB): peak = 3397.977; parent = 2429.473; children = 968.504
---------------------------------------------------------------------------------
---------------------------------------------------------------------------------
Start Handling Custom Attributes
---------------------------------------------------------------------------------
---------------------------------------------------------------------------------
Finished Handling Custom Attributes : Time (s): cpu = 00:00:08 ; elapsed = 00:00:09 . Memory (MB): peak = 2429.469 ; gain = 645.914 ; free physical = 28492 ; free virtual = 53256
Synthesis current peak Physical Memory [PSS] (MB): peak = 1642.792; parent = 1476.349; children = 166.966
Synthesis current peak Virtual Memory [VSS] (MB): peak = 3397.977; parent = 2429.473; children = 968.504
---------------------------------------------------------------------------------
---------------------------------------------------------------------------------
Start Renaming Generated Nets
---------------------------------------------------------------------------------
---------------------------------------------------------------------------------
Finished Renaming Generated Nets : Time (s): cpu = 00:00:08 ; elapsed = 00:00:09 . Memory (MB): peak = 2429.469 ; gain = 645.914 ; free physical = 28492 ; free virtual = 53256
Synthesis current peak Physical Memory [PSS] (MB): peak = 1642.808; parent = 1476.364; children = 166.966
Synthesis current peak Virtual Memory [VSS] (MB): peak = 3397.977; parent = 2429.473; children = 968.504
---------------------------------------------------------------------------------
---------------------------------------------------------------------------------
Start Writing Synthesis Report
---------------------------------------------------------------------------------

Report BlackBoxes: 
+-+--------------+----------+
| |BlackBox name |Instances |
+-+--------------+----------+
+-+--------------+----------+

Report Cell Usage: 
+------+-------+------+
|      |Cell   |Count |
+------+-------+------+
|1     |CARRY8 |     2|
|2     |LUT1   |    18|
|3     |FDRE   |    29|
+------+-------+------+
---------------------------------------------------------------------------------
Finished Writing Synthesis Report : Time (s): cpu = 00:00:08 ; elapsed = 00:00:09 . Memory (MB): peak = 2429.469 ; gain = 645.914 ; free physical = 28492 ; free virtual = 53256
Synthesis current peak Physical Memory [PSS] (MB): peak = 1642.839; parent = 1476.396; children = 166.966
Synthesis current peak Virtual Memory [VSS] (MB): peak = 3397.977; parent = 2429.473; children = 968.504
---------------------------------------------------------------------------------
Synthesis finished with 0 errors, 0 critical warnings and 1 warnings.
Synthesis Optimization Runtime : Time (s): cpu = 00:00:08 ; elapsed = 00:00:09 . Memory (MB): peak = 2429.469 ; gain = 513.164 ; free physical = 28504 ; free virtual = 53269
Synthesis Optimization Complete : Time (s): cpu = 00:00:08 ; elapsed = 00:00:10 . Memory (MB): peak = 2429.477 ; gain = 645.914 ; free physical = 28504 ; free virtual = 53269
INFO: [Project 1-571] Translating synthesized netlist
Netlist sorting complete. Time (s): cpu = 00:00:00 ; elapsed = 00:00:00 . Memory (MB): peak = 2429.477 ; gain = 0.000 ; free physical = 28500 ; free virtual = 53264
INFO: [Netlist 29-17] Analyzing 2 Unisim elements for replacement
INFO: [Netlist 29-28] Unisim Transformation completed in 0 CPU seconds
INFO: [Project 1-570] Preparing netlist for logic optimization
INFO: [Opt 31-138] Pushed 0 inverter(s) to 0 load pin(s).
Netlist sorting complete. Time (s): cpu = 00:00:00 ; elapsed = 00:00:00 . Memory (MB): peak = 2455.250 ; gain = 0.000 ; free physical = 28575 ; free virtual = 53340
INFO: [Project 1-111] Unisim Transformation Summary:
No Unisim elements were transformed.

Synth Design complete, checksum: e236fc7b
INFO: [Common 17-83] Releasing license: Synthesis
37 Infos, 4 Warnings, 0 Critical Warnings and 0 Errors encountered.
synth_design completed successfully
synth_design: Time (s): cpu = 00:00:11 ; elapsed = 00:00:12 . Memory (MB): peak = 2455.250 ; gain = 1131.168 ; free physical = 28783 ; free virtual = 53548
INFO: [Common 17-1381] The checkpoint '/home/nagafusa/work/spadi/Fakernet/SAMIDARE/samidare.runs/top_block_GPIO_Controller_0_0_synth_1/top_block_GPIO_Controller_0_0.dcp' has been generated.
INFO: [Coretcl 2-1648] Added synthesis output to IP cache for IP top_block_GPIO_Controller_0_0, cache-ID = 6b48b1e030d0575f
INFO: [Common 17-1381] The checkpoint '/home/nagafusa/work/spadi/Fakernet/SAMIDARE/samidare.runs/top_block_GPIO_Controller_0_0_synth_1/top_block_GPIO_Controller_0_0.dcp' has been generated.
INFO: [runtcl-4] Executing : report_utilization -file top_block_GPIO_Controller_0_0_utilization_synth.rpt -pb top_block_GPIO_Controller_0_0_utilization_synth.pb
INFO: [Common 17-206] Exiting Vivado at Mon Dec  9 11:00:14 2024...
