#-----------------------------------------------------------
# Vivado v2022.2 (64-bit)
# SW Build 3671981 on Fri Oct 14 04:59:54 MDT 2022
# IP Build 3669848 on Fri Oct 14 08:30:02 MDT 2022
# Start of session at: Wed Aug  7 16:48:29 2024
# Process ID: 4080814
# Current directory: /home/nagafusa/work/spadi/Fakernet/axi_iic_1_ex
# Command line: vivado -notrace -source /home/nagafusa/work/spadi/Fakernet/SAMIDARE/.Xil/axi_iic_1/axi_iic_1_ex.tcl
# Log file: /home/nagafusa/work/spadi/Fakernet/axi_iic_1_ex/vivado.log
# Journal file: /home/nagafusa/work/spadi/Fakernet/axi_iic_1_ex/vivado.jou
# Running On: e16fpga01, OS: Linux, CPU Frequency: 3000.000 MHz, CPU Physical cores: 32, Host memory: 66513 MB
#-----------------------------------------------------------
start_gui
source /home/nagafusa/work/spadi/Fakernet/SAMIDARE/.Xil/axi_iic_1/axi_iic_1_ex.tcl -notrace
INFO: [open_example_project] Creating new example project...
WARNING: [Board 49-26] cannot add Board Part xilinx.com:k26c:part0:1.2 available at /opt/Xilinx/Vivado/2022.2/data/xhub/boards/XilinxBoardStore/boards/Xilinx/k26c/1.2/board.xml as part xck26-sfvc784-2lv-c specified in board_part file is either invalid or not available
WARNING: [Board 49-26] cannot add Board Part xilinx.com:k26c:part0:1.3 available at /opt/Xilinx/Vivado/2022.2/data/xhub/boards/XilinxBoardStore/boards/Xilinx/k26c/1.3/board.xml as part xck26-sfvc784-2lv-c specified in board_part file is either invalid or not available
WARNING: [Board 49-26] cannot add Board Part xilinx.com:k26c:part0:1.4 available at /opt/Xilinx/Vivado/2022.2/data/xhub/boards/XilinxBoardStore/boards/Xilinx/k26c/1.4/board.xml as part xck26-sfvc784-2lv-c specified in board_part file is either invalid or not available
WARNING: [Board 49-26] cannot add Board Part xilinx.com:k26i:part0:1.2 available at /opt/Xilinx/Vivado/2022.2/data/xhub/boards/XilinxBoardStore/boards/Xilinx/k26i/1.2/board.xml as part xck26-sfvc784-2lvi-i specified in board_part file is either invalid or not available
WARNING: [Board 49-26] cannot add Board Part xilinx.com:k26i:part0:1.3 available at /opt/Xilinx/Vivado/2022.2/data/xhub/boards/XilinxBoardStore/boards/Xilinx/k26i/1.3/board.xml as part xck26-sfvc784-2lvi-i specified in board_part file is either invalid or not available
WARNING: [Board 49-26] cannot add Board Part xilinx.com:k26i:part0:1.4 available at /opt/Xilinx/Vivado/2022.2/data/xhub/boards/XilinxBoardStore/boards/Xilinx/k26i/1.4/board.xml as part xck26-sfvc784-2lvi-i specified in board_part file is either invalid or not available
WARNING: [Board 49-26] cannot add Board Part xilinx.com:kcu105:part0:1.6 available at /opt/Xilinx/Vivado/2022.2/data/xhub/boards/XilinxBoardStore/boards/Xilinx/kcu105/1.6/board.xml as part xcku040-ffva1156-2-e specified in board_part file is either invalid or not available
WARNING: [Board 49-26] cannot add Board Part xilinx.com:kcu105:part0:1.7 available at /opt/Xilinx/Vivado/2022.2/data/xhub/boards/XilinxBoardStore/boards/Xilinx/kcu105/1.7/board.xml as part xcku040-ffva1156-2-e specified in board_part file is either invalid or not available
WARNING: [Board 49-26] cannot add Board Part xilinx.com:kcu116:part0:1.4 available at /opt/Xilinx/Vivado/2022.2/data/xhub/boards/XilinxBoardStore/boards/Xilinx/kcu116/1.4/board.xml as part xcku5p-ffvb676-2-e specified in board_part file is either invalid or not available
WARNING: [Board 49-26] cannot add Board Part xilinx.com:kcu116:part0:1.5 available at /opt/Xilinx/Vivado/2022.2/data/xhub/boards/XilinxBoardStore/boards/Xilinx/kcu116/1.5/board.xml as part xcku5p-ffvb676-2-e specified in board_part file is either invalid or not available
WARNING: [Board 49-26] cannot add Board Part xilinx.com:kcu1500:part0:1.2 available at /opt/Xilinx/Vivado/2022.2/data/xhub/boards/XilinxBoardStore/boards/Xilinx/kcu1500/1.2/board.xml as part xcku115-flvb2104-2-e specified in board_part file is either invalid or not available
WARNING: [Board 49-26] cannot add Board Part xilinx.com:kr260_som:part0:1.0 available at /opt/Xilinx/Vivado/2022.2/data/xhub/boards/XilinxBoardStore/boards/Xilinx/kr260_som/1.0/board.xml as part xck26-sfvc784-2lv-c specified in board_part file is either invalid or not available
WARNING: [Board 49-26] cannot add Board Part xilinx.com:kr260_som:part0:1.1 available at /opt/Xilinx/Vivado/2022.2/data/xhub/boards/XilinxBoardStore/boards/Xilinx/kr260_som/1.1/board.xml as part xck26-sfvc784-2lv-c specified in board_part file is either invalid or not available
WARNING: [Board 49-26] cannot add Board Part xilinx.com:kv260_som:part0:1.2 available at /opt/Xilinx/Vivado/2022.2/data/xhub/boards/XilinxBoardStore/boards/Xilinx/kv260_som/1.2/board.xml as part xck26-sfvc784-2lv-c specified in board_part file is either invalid or not available
WARNING: [Board 49-26] cannot add Board Part xilinx.com:kv260_som:part0:1.3 available at /opt/Xilinx/Vivado/2022.2/data/xhub/boards/XilinxBoardStore/boards/Xilinx/kv260_som/1.3/board.xml as part xck26-sfvc784-2lv-c specified in board_part file is either invalid or not available
WARNING: [Board 49-26] cannot add Board Part xilinx.com:kv260_som:part0:1.4 available at /opt/Xilinx/Vivado/2022.2/data/xhub/boards/XilinxBoardStore/boards/Xilinx/kv260_som/1.4/board.xml as part xck26-sfvc784-2lv-c specified in board_part file is either invalid or not available
WARNING: [Board 49-26] cannot add Board Part xilinx.com:vck190:part0:2.2 available at /opt/Xilinx/Vivado/2022.2/data/xhub/boards/XilinxBoardStore/boards/Xilinx/vck190/production/2.2/board.xml as part xcvc1902-vsva2197-2mp-e-s specified in board_part file is either invalid or not available
WARNING: [Board 49-26] cannot add Board Part xilinx.com:vck190:part0:3.0 available at /opt/Xilinx/Vivado/2022.2/data/xhub/boards/XilinxBoardStore/boards/Xilinx/vck190/production/3.0/board.xml as part xcvc1902-vsva2197-2mp-e-s specified in board_part file is either invalid or not available
WARNING: [Board 49-26] cannot add Board Part xilinx.com:vck190:part0:3.1 available at /opt/Xilinx/Vivado/2022.2/data/xhub/boards/XilinxBoardStore/boards/Xilinx/vck190/production/3.1/board.xml as part xcvc1902-vsva2197-2mp-e-s specified in board_part file is either invalid or not available
WARNING: [Board 49-26] cannot add Board Part xilinx.com:vck190_newl:part0:1.0 available at /opt/Xilinx/Vivado/2022.2/data/xhub/boards/XilinxBoardStore/boards/Xilinx/vck190_newl/production/1.0/board.xml as part xcvc1902-vsva2197-2mp-e-s specified in board_part file is either invalid or not available
WARNING: [Board 49-26] cannot add Board Part xilinx.com:vcu108:part0:1.6 available at /opt/Xilinx/Vivado/2022.2/data/xhub/boards/XilinxBoardStore/boards/Xilinx/vcu108/1.6/board.xml as part xcvu095-ffva2104-2-e specified in board_part file is either invalid or not available
WARNING: [Board 49-26] cannot add Board Part xilinx.com:vcu108:part0:1.7 available at /opt/Xilinx/Vivado/2022.2/data/xhub/boards/XilinxBoardStore/boards/Xilinx/vcu108/1.7/board.xml as part xcvu095-ffva2104-2-e specified in board_part file is either invalid or not available
WARNING: [Board 49-26] cannot add Board Part xilinx.com:vcu110:part0:1.4 available at /opt/Xilinx/Vivado/2022.2/data/xhub/boards/XilinxBoardStore/boards/Xilinx/vcu110/1.4/board.xml as part xcvu190-flgc2104-2-e specified in board_part file is either invalid or not available
WARNING: [Board 49-26] cannot add Board Part xilinx.com:vcu118:part0:2.0 available at /opt/Xilinx/Vivado/2022.2/data/xhub/boards/XilinxBoardStore/boards/Xilinx/vcu118/2.0/board.xml as part xcvu9p-flga2104-2l-e specified in board_part file is either invalid or not available
WARNING: [Board 49-26] cannot add Board Part xilinx.com:vcu118:part0:2.3 available at /opt/Xilinx/Vivado/2022.2/data/xhub/boards/XilinxBoardStore/boards/Xilinx/vcu118/2.3/board.xml as part xcvu9p-flga2104-2l-e specified in board_part file is either invalid or not available
WARNING: [Board 49-26] cannot add Board Part xilinx.com:vcu118:part0:2.4 available at /opt/Xilinx/Vivado/2022.2/data/xhub/boards/XilinxBoardStore/boards/Xilinx/vcu118/2.4/board.xml as part xcvu9p-flga2104-2l-e specified in board_part file is either invalid or not available
WARNING: [Board 49-26] cannot add Board Part xilinx.com:vcu128:part0:1.0 available at /opt/Xilinx/Vivado/2022.2/data/xhub/boards/XilinxBoardStore/boards/Xilinx/vcu128/production/1.0/board.xml as part xcvu37p-fsvh2892-2l-e specified in board_part file is either invalid or not available
WARNING: [Board 49-26] cannot add Board Part xilinx.com:vcu129:part0:1.0 available at /opt/Xilinx/Vivado/2022.2/data/xhub/boards/XilinxBoardStore/boards/Xilinx/vcu129/production/1.0/board.xml as part xcvu29p-fsga2577-2l-e specified in board_part file is either invalid or not available
WARNING: [Board 49-26] cannot add Board Part xilinx.com:vcu1525:part0:1.3 available at /opt/Xilinx/Vivado/2022.2/data/xhub/boards/XilinxBoardStore/boards/Xilinx/vcu1525/1.3/board.xml as part xcvu9p-fsgd2104-2l-e specified in board_part file is either invalid or not available
WARNING: [Board 49-26] cannot add Board Part xilinx.com:vek280_es:part0:1.0 available at /opt/Xilinx/Vivado/2022.2/data/xhub/boards/XilinxBoardStore/boards/Xilinx/vek280/es/1.0/board.xml as part xcve2802-vsvh1760-2lp-e-s-es1 specified in board_part file is either invalid or not available
WARNING: [Board 49-26] cannot add Board Part xilinx.com:vermeo_t1_mpsoc:part0:1.0 available at /opt/Xilinx/Vivado/2022.2/data/xhub/boards/XilinxBoardStore/boards/Xilinx/vermeo_t1_mpsoc/1.0/board.xml as part xczu19eg-ffvd1760-2l-e specified in board_part file is either invalid or not available
WARNING: [Board 49-26] cannot add Board Part xilinx.com:vermeo_t1_rfsoc:part0:1.0 available at /opt/Xilinx/Vivado/2022.2/data/xhub/boards/XilinxBoardStore/boards/Xilinx/vermeo_t1_rfsoc/1.0/board.xml as part xczu21dr-ffvd1156-2l-e specified in board_part file is either invalid or not available
WARNING: [Board 49-26] cannot add Board Part xilinx.com:vhk158_es:part0:1.0 available at /opt/Xilinx/Vivado/2022.2/data/xhub/boards/XilinxBoardStore/boards/Xilinx/vhk158/es/1.0/board.xml as part xcvh1582-vsva3697-2mp-e-s-es1 specified in board_part file is either invalid or not available
WARNING: [Board 49-26] cannot add Board Part xilinx.com:vmk180:part0:2.2 available at /opt/Xilinx/Vivado/2022.2/data/xhub/boards/XilinxBoardStore/boards/Xilinx/vmk180/production/2.2/board.xml as part xcvm1802-vsva2197-2mp-e-s specified in board_part file is either invalid or not available
WARNING: [Board 49-26] cannot add Board Part xilinx.com:vmk180:part0:3.0 available at /opt/Xilinx/Vivado/2022.2/data/xhub/boards/XilinxBoardStore/boards/Xilinx/vmk180/production/3.0/board.xml as part xcvm1802-vsva2197-2mp-e-s specified in board_part file is either invalid or not available
WARNING: [Board 49-26] cannot add Board Part xilinx.com:vmk180:part0:3.1 available at /opt/Xilinx/Vivado/2022.2/data/xhub/boards/XilinxBoardStore/boards/Xilinx/vmk180/production/3.1/board.xml as part xcvm1802-vsva2197-2mp-e-s specified in board_part file is either invalid or not available
WARNING: [Board 49-26] cannot add Board Part xilinx.com:vmk180_newl:part0:1.0 available at /opt/Xilinx/Vivado/2022.2/data/xhub/boards/XilinxBoardStore/boards/Xilinx/vmk180_newl/production/1.0/board.xml as part xcvm1802-vsva2197-2mp-e-s specified in board_part file is either invalid or not available
WARNING: [Board 49-26] cannot add Board Part xilinx.com:vpk120:part0:1.0 available at /opt/Xilinx/Vivado/2022.2/data/xhub/boards/XilinxBoardStore/boards/Xilinx/vpk120/production/1.0/board.xml as part xcvp1202-vsva2785-2mp-e-s specified in board_part file is either invalid or not available
WARNING: [Board 49-26] cannot add Board Part xilinx.com:vpk120_es:part0:1.2 available at /opt/Xilinx/Vivado/2022.2/data/xhub/boards/XilinxBoardStore/boards/Xilinx/vpk120/es/1.2/board.xml as part xcvp1202-vsva2785-2mp-e-s-es1 specified in board_part file is either invalid or not available
WARNING: [Board 49-26] cannot add Board Part xilinx.com:vpk120_es_revb:part0:1.0 available at /opt/Xilinx/Vivado/2022.2/data/xhub/boards/XilinxBoardStore/boards/Xilinx/vpk120_revb/es/1.0/board.xml as part xcvp1202-vsva2785-2mp-e-s-es1 specified in board_part file is either invalid or not available
WARNING: [Board 49-26] cannot add Board Part xilinx.com:vpk180_es:part0:1.0 available at /opt/Xilinx/Vivado/2022.2/data/xhub/boards/XilinxBoardStore/boards/Xilinx/vpk180/es/1.0/board.xml as part xcvp1802-lsvc4072-2mp-e-s-es1 specified in board_part file is either invalid or not available
WARNING: [Board 49-26] cannot add Board Part xilinx.com:zc702:part0:1.4 available at /opt/Xilinx/Vivado/2022.2/data/xhub/boards/XilinxBoardStore/boards/Xilinx/zc702/1.4/board.xml as part xc7z020clg484-1 specified in board_part file is either invalid or not available
WARNING: [Board 49-26] cannot add Board Part xilinx.com:zc706:part0:1.4 available at /opt/Xilinx/Vivado/2022.2/data/xhub/boards/XilinxBoardStore/boards/Xilinx/zc706/1.4/board.xml as part xc7z045ffg900-2 specified in board_part file is either invalid or not available
WARNING: [Board 49-26] cannot add Board Part xilinx.com:zcu102:part0:3.3 available at /opt/Xilinx/Vivado/2022.2/data/xhub/boards/XilinxBoardStore/boards/Xilinx/zcu102/3.3/board.xml as part xczu9eg-ffvb1156-2-e specified in board_part file is either invalid or not available
WARNING: [Board 49-26] cannot add Board Part xilinx.com:zcu102:part0:3.4 available at /opt/Xilinx/Vivado/2022.2/data/xhub/boards/XilinxBoardStore/boards/Xilinx/zcu102/3.4/board.xml as part xczu9eg-ffvb1156-2-e specified in board_part file is either invalid or not available
WARNING: [Board 49-26] cannot add Board Part xilinx.com:zcu104:part0:1.1 available at /opt/Xilinx/Vivado/2022.2/data/xhub/boards/XilinxBoardStore/boards/Xilinx/zcu104/1.1/board.xml as part xczu7ev-ffvc1156-2-e specified in board_part file is either invalid or not available
WARNING: [Board 49-26] cannot add Board Part xilinx.com:zcu106:part0:2.4 available at /opt/Xilinx/Vivado/2022.2/data/xhub/boards/XilinxBoardStore/boards/Xilinx/zcu106/2.4/board.xml as part xczu7ev-ffvc1156-2-e specified in board_part file is either invalid or not available
WARNING: [Board 49-26] cannot add Board Part xilinx.com:zcu106:part0:2.5 available at /opt/Xilinx/Vivado/2022.2/data/xhub/boards/XilinxBoardStore/boards/Xilinx/zcu106/2.5/board.xml as part xczu7ev-ffvc1156-2-e specified in board_part file is either invalid or not available
WARNING: [Board 49-26] cannot add Board Part xilinx.com:zcu106:part0:2.6 available at /opt/Xilinx/Vivado/2022.2/data/xhub/boards/XilinxBoardStore/boards/Xilinx/zcu106/2.6/board.xml as part xczu7ev-ffvc1156-2-e specified in board_part file is either invalid or not available
WARNING: [Board 49-26] cannot add Board Part xilinx.com:zcu111:part0:1.2 available at /opt/Xilinx/Vivado/2022.2/data/xhub/boards/XilinxBoardStore/boards/Xilinx/zcu111/1.2/board.xml as part xczu28dr-ffvg1517-2-e specified in board_part file is either invalid or not available
WARNING: [Board 49-26] cannot add Board Part xilinx.com:zcu111:part0:1.3 available at /opt/Xilinx/Vivado/2022.2/data/xhub/boards/XilinxBoardStore/boards/Xilinx/zcu111/1.3/board.xml as part xczu28dr-ffvg1517-2-e specified in board_part file is either invalid or not available
WARNING: [Board 49-26] cannot add Board Part xilinx.com:zcu111:part0:1.4 available at /opt/Xilinx/Vivado/2022.2/data/xhub/boards/XilinxBoardStore/boards/Xilinx/zcu111/1.4/board.xml as part xczu28dr-ffvg1517-2-e specified in board_part file is either invalid or not available
WARNING: [Board 49-26] cannot add Board Part xilinx.com:zcu1275:part0:1.0 available at /opt/Xilinx/Vivado/2022.2/data/xhub/boards/XilinxBoardStore/boards/Xilinx/zcu1275/1.0/board.xml as part xczu29dr-ffvf1760-2-e specified in board_part file is either invalid or not available
WARNING: [Board 49-26] cannot add Board Part xilinx.com:zcu1285:part0:1.0 available at /opt/Xilinx/Vivado/2022.2/data/xhub/boards/XilinxBoardStore/boards/Xilinx/zcu1285/1.0/board.xml as part xczu39dr-ffvf1760-2-i specified in board_part file is either invalid or not available
WARNING: [Board 49-26] cannot add Board Part xilinx.com:zcu208:part0:2.0 available at /opt/Xilinx/Vivado/2022.2/data/xhub/boards/XilinxBoardStore/boards/Xilinx/zcu208/production/2.0/board.xml as part xczu48dr-fsvg1517-2-e specified in board_part file is either invalid or not available
WARNING: [Board 49-26] cannot add Board Part xilinx.com:zcu208ld:part0:2.0 available at /opt/Xilinx/Vivado/2022.2/data/xhub/boards/XilinxBoardStore/boards/Xilinx/zcu208ld/production/2.0/board.xml as part xczu58dr-fsvg1517-2-i specified in board_part file is either invalid or not available
WARNING: [Board 49-26] cannot add Board Part xilinx.com:zcu216:part0:2.0 available at /opt/Xilinx/Vivado/2022.2/data/xhub/boards/XilinxBoardStore/boards/Xilinx/zcu216/production/2.0/board.xml as part xczu49dr-ffvf1760-2-e specified in board_part file is either invalid or not available
WARNING: [Board 49-26] cannot add Board Part xilinx.com:zcu216ld:part0:2.0 available at /opt/Xilinx/Vivado/2022.2/data/xhub/boards/XilinxBoardStore/boards/Xilinx/zcu216ld/production/2.0/board.xml as part xczu59dr-ffvf1760-2-i specified in board_part file is either invalid or not available
WARNING: [Board 49-26] cannot add Board Part xilinx.com:zcu670:part0:2.0 available at /opt/Xilinx/Vivado/2022.2/data/xhub/boards/XilinxBoardStore/boards/Xilinx/zcu670/2.0/board.xml as part xczu67dr-fsve1156-2-i specified in board_part file is either invalid or not available
WARNING: [Board 49-26] cannot add Board Part xilinx.com:zcu670ld:part0:1.0 available at /opt/Xilinx/Vivado/2022.2/data/xhub/boards/XilinxBoardStore/boards/Xilinx/zcu670ld/1.0/board.xml as part xczu57dr-fsve1156-2-i specified in board_part file is either invalid or not available
INFO: [IP_Flow 19-234] Refreshing IP repositories
INFO: [IP_Flow 19-1704] No user IP repositories specified
INFO: [IP_Flow 19-2313] Loaded Vivado IP repository '/opt/Xilinx/Vivado/2022.2/data/ip'.
INFO: [open_example_project] Loading IP Catalog...
INFO: [IP_Flow 19-234] Refreshing IP repositories
INFO: [IP_Flow 19-1700] Loaded user IP repository '/home/nagafusa/work/spadi/Fakernet/ip_repo/SAMPA_PON_1_0'.
INFO: [IP_Flow 19-1700] Loaded user IP repository '/home/nagafusa/work/spadi/Fakernet/ip_repo/I2C_Controller_1_0'.
INFO: [IP_Flow 19-1700] Loaded user IP repository '/home/nagafusa/work/spadi/Fakernet/ip_repo/start_i2c_write_1_0'.
WARNING: [IP_Flow 19-2248] Failed to load user IP repository '/home/nagafusa/work/spadi/Fakernet/ip_repo/I2C_controller_1_0'; Can't find the specified path.
If this directory should no longer be in your list of user repositories, go to the IP Settings dialog and remove it.
WARNING: [IP_Flow 19-2207] Repository '/home/nagafusa/work/spadi/Fakernet/ip_repo/I2C_controller_1_0' already exists; ignoring attempt to add it again.
WARNING: [IP_Flow 19-2248] Failed to load user IP repository '/home/nagafusa/work/spadi/Fakernet/ip_repo/I2C_controller_1_0'; Can't find the specified path.
If this directory should no longer be in your list of user repositories, go to the IP Settings dialog and remove it.
INFO: [open_example_project] Importing original IP ...
INFO: [open_example_project] Generating the example project IP ...
INFO: [IP_Flow 19-1686] Generating 'Instantiation Template' target for IP 'SAMPA_I2C_wrapper/axi_iic_0'...
INFO: [IP_Flow 19-1686] Generating 'Synthesis' target for IP 'SAMPA_I2C_wrapper/axi_iic_0'...
INFO: [IP_Flow 19-1686] Generating 'Simulation' target for IP 'SAMPA_I2C_wrapper/axi_iic_0'...
INFO: [IP_Flow 19-1686] Generating 'Implementation' target for IP 'SAMPA_I2C_wrapper/axi_iic_0'...
INFO: [open_example_project] Adding example synthesis HDL files ...
INFO: [open_example_project] Adding example synthesis miscellaneous files ...
INFO: [open_example_project] Adding example XDC files ...
INFO: [open_example_project] Adding simulation HDL files ...
INFO: [open_example_project] Sourcing example extension scripts ...
INFO: [open_example_project] Sourcing extension script: axi_iic_1/example_design/top_set.tcl
INFO: [IP_Flow 19-1686] Generating 'Instantiation Template' target for IP 'clk_wiz_0'...
INFO: [IP_Flow 19-1686] Generating 'Synthesis' target for IP 'clk_wiz_0'...
INFO: [IP_Flow 19-1686] Generating 'Simulation' target for IP 'clk_wiz_0'...
INFO: [IP_Flow 19-1686] Generating 'Implementation' target for IP 'clk_wiz_0'...
INFO: [IP_Flow 19-1686] Generating 'Change Log' target for IP 'clk_wiz_0'...
INFO: [IP_Flow 19-3484] Absolute path of file '/home/nagafusa/work/spadi/Fakernet/axi_iic_1_ex/imports/atg_data.coe' provided. It will be converted relative to IP Instance files '../../../../imports/atg_data.coe'
INFO: [IP_Flow 19-3484] Absolute path of file '/home/nagafusa/work/spadi/Fakernet/axi_iic_1_ex/imports/atg_addr.coe' provided. It will be converted relative to IP Instance files '../../../../imports/atg_addr.coe'
INFO: [IP_Flow 19-3484] Absolute path of file '/home/nagafusa/work/spadi/Fakernet/axi_iic_1_ex/imports/atg_mask.coe' provided. It will be converted relative to IP Instance files '../../../../imports/atg_mask.coe'
INFO: [IP_Flow 19-3484] Absolute path of file '/home/nagafusa/work/spadi/Fakernet/axi_iic_1_ex/imports/atg_ctrl.coe' provided. It will be converted relative to IP Instance files '../../../../imports/atg_ctrl.coe'
INFO: [IP_Flow 19-1686] Generating 'Instantiation Template' target for IP 'axi_traffic_gen_0'...
INFO: [IP_Flow 19-1686] Generating 'Synthesis' target for IP 'axi_traffic_gen_0'...
INFO: [IP_Flow 19-1686] Generating 'Simulation' target for IP 'axi_traffic_gen_0'...
INFO: [IP_Flow 19-1686] Generating 'Change Log' target for IP 'axi_traffic_gen_0'...
INFO: [open_example_project] Rebuilding top IP...
INFO: [IP_Flow 19-1686] Generating 'Change Log' target for IP 'SAMPA_I2C_wrapper/axi_iic_0'...
INFO: [exportsim-Tcl-40] Using compiled simulation libraries for IPs
INFO: [SIM-utils-72] Using boost library from '/opt/Xilinx/Vivado/2022.2/tps/boost_1_72_0'
INFO: [exportsim-Tcl-35] Exporting simulation files for "XSIM" (Xilinx Vivado Simulator)...
INFO: [exportsim-Tcl-29] Pre-compiled simulation library path: '/opt/Xilinx/Vivado/2022.2/data/xsim'
INFO: [exportsim-Tcl-29] Script generated: '/home/nagafusa/work/spadi/Fakernet/axi_iic_1_ex/axi_iic_1_ex.ip_user_files/sim_scripts/axi_iic_1/xsim/axi_iic_1.sh'
INFO: [exportsim-Tcl-35] Exporting simulation files for "MODELSIM" (Mentor Graphics ModelSim Simulator)...
INFO: [exportsim-Tcl-29] Pre-compiled simulation library path: '/home/nagafusa/work/spadi/Fakernet/axi_iic_1_ex/axi_iic_1_ex.cache/compile_simlib/modelsim'
INFO: [exportsim-Tcl-29] Script generated: '/home/nagafusa/work/spadi/Fakernet/axi_iic_1_ex/axi_iic_1_ex.ip_user_files/sim_scripts/axi_iic_1/modelsim/axi_iic_1.sh'
INFO: [exportsim-Tcl-35] Exporting simulation files for "QUESTA" (Mentor Graphics Questa Advanced Simulator)...
INFO: [exportsim-Tcl-29] Pre-compiled simulation library path: '/home/nagafusa/work/spadi/Fakernet/axi_iic_1_ex/axi_iic_1_ex.cache/compile_simlib/questa'
INFO: [exportsim-Tcl-29] Script generated: '/home/nagafusa/work/spadi/Fakernet/axi_iic_1_ex/axi_iic_1_ex.ip_user_files/sim_scripts/axi_iic_1/questa/axi_iic_1.sh'
INFO: [exportsim-Tcl-35] Exporting simulation files for "XCELIUM" (Cadence Xcelium Parallel Simulator)...
INFO: [exportsim-Tcl-29] Pre-compiled simulation library path: '/home/nagafusa/work/spadi/Fakernet/axi_iic_1_ex/axi_iic_1_ex.cache/compile_simlib/xcelium'
INFO: [exportsim-Tcl-29] Script generated: '/home/nagafusa/work/spadi/Fakernet/axi_iic_1_ex/axi_iic_1_ex.ip_user_files/sim_scripts/axi_iic_1/xcelium/axi_iic_1.sh'
INFO: [exportsim-Tcl-35] Exporting simulation files for "VCS" (Synopsys Verilog Compiler Simulator)...
INFO: [exportsim-Tcl-29] Pre-compiled simulation library path: '/home/nagafusa/work/spadi/Fakernet/axi_iic_1_ex/axi_iic_1_ex.cache/compile_simlib/vcs'
INFO: [exportsim-Tcl-29] Script generated: '/home/nagafusa/work/spadi/Fakernet/axi_iic_1_ex/axi_iic_1_ex.ip_user_files/sim_scripts/axi_iic_1/vcs/axi_iic_1.sh'
INFO: [exportsim-Tcl-35] Exporting simulation files for "RIVIERA" (Aldec Riviera-PRO Simulator)...
INFO: [exportsim-Tcl-29] Pre-compiled simulation library path: '/home/nagafusa/work/spadi/Fakernet/axi_iic_1_ex/axi_iic_1_ex.cache/compile_simlib/riviera'
INFO: [exportsim-Tcl-29] Script generated: '/home/nagafusa/work/spadi/Fakernet/axi_iic_1_ex/axi_iic_1_ex.ip_user_files/sim_scripts/axi_iic_1/riviera/axi_iic_1.sh'
INFO: [exportsim-Tcl-35] Exporting simulation files for "ACTIVEHDL" (Aldec Active-HDL Simulator)...
INFO: [exportsim-Tcl-29] Pre-compiled simulation library path: '/home/nagafusa/work/spadi/Fakernet/axi_iic_1_ex/axi_iic_1_ex.cache/compile_simlib/activehdl'
INFO: [exportsim-Tcl-29] Script generated: '/home/nagafusa/work/spadi/Fakernet/axi_iic_1_ex/axi_iic_1_ex.ip_user_files/sim_scripts/axi_iic_1/activehdl/axi_iic_1.sh'
INFO: [exportsim-Tcl-40] Using compiled simulation libraries for IPs
INFO: [SIM-utils-72] Using boost library from '/opt/Xilinx/Vivado/2022.2/tps/boost_1_72_0'
INFO: [exportsim-Tcl-35] Exporting simulation files for "XSIM" (Xilinx Vivado Simulator)...
INFO: [exportsim-Tcl-29] Pre-compiled simulation library path: '/opt/Xilinx/Vivado/2022.2/data/xsim'
INFO: [exportsim-Tcl-29] Script generated: '/home/nagafusa/work/spadi/Fakernet/axi_iic_1_ex/axi_iic_1_ex.ip_user_files/sim_scripts/axi_traffic_gen_0/xsim/axi_traffic_gen_0.sh'
INFO: [SIM-utils-43] Exported '/home/nagafusa/work/spadi/Fakernet/axi_iic_1_ex/axi_iic_1_ex.ip_user_files/sim_scripts/axi_traffic_gen_0/xsim/atg_data.coe'
INFO: [SIM-utils-43] Exported '/home/nagafusa/work/spadi/Fakernet/axi_iic_1_ex/axi_iic_1_ex.ip_user_files/sim_scripts/axi_traffic_gen_0/xsim/atg_addr.coe'
INFO: [SIM-utils-43] Exported '/home/nagafusa/work/spadi/Fakernet/axi_iic_1_ex/axi_iic_1_ex.ip_user_files/sim_scripts/axi_traffic_gen_0/xsim/atg_mask.coe'
INFO: [SIM-utils-43] Exported '/home/nagafusa/work/spadi/Fakernet/axi_iic_1_ex/axi_iic_1_ex.ip_user_files/sim_scripts/axi_traffic_gen_0/xsim/atg_ctrl.coe'
INFO: [SIM-utils-43] Exported '/home/nagafusa/work/spadi/Fakernet/axi_iic_1_ex/axi_iic_1_ex.ip_user_files/sim_scripts/axi_traffic_gen_0/xsim/default_prm.coe'
INFO: [SIM-utils-43] Exported '/home/nagafusa/work/spadi/Fakernet/axi_iic_1_ex/axi_iic_1_ex.ip_user_files/sim_scripts/axi_traffic_gen_0/xsim/axi_traffic_gen_0_default_prmram.mem'
INFO: [SIM-utils-43] Exported '/home/nagafusa/work/spadi/Fakernet/axi_iic_1_ex/axi_iic_1_ex.ip_user_files/sim_scripts/axi_traffic_gen_0/xsim/default_adr.coe'
INFO: [SIM-utils-43] Exported '/home/nagafusa/work/spadi/Fakernet/axi_iic_1_ex/axi_iic_1_ex.ip_user_files/sim_scripts/axi_traffic_gen_0/xsim/axi_traffic_gen_0_default_addrram.mem'
INFO: [SIM-utils-43] Exported '/home/nagafusa/work/spadi/Fakernet/axi_iic_1_ex/axi_iic_1_ex.ip_user_files/sim_scripts/axi_traffic_gen_0/xsim/default_mst.coe'
INFO: [SIM-utils-43] Exported '/home/nagafusa/work/spadi/Fakernet/axi_iic_1_ex/axi_iic_1_ex.ip_user_files/sim_scripts/axi_traffic_gen_0/xsim/axi_traffic_gen_0_default_mstram.mem'
INFO: [SIM-utils-43] Exported '/home/nagafusa/work/spadi/Fakernet/axi_iic_1_ex/axi_iic_1_ex.ip_user_files/sim_scripts/axi_traffic_gen_0/xsim/default_cmd.coe'
INFO: [SIM-utils-43] Exported '/home/nagafusa/work/spadi/Fakernet/axi_iic_1_ex/axi_iic_1_ex.ip_user_files/sim_scripts/axi_traffic_gen_0/xsim/axi_traffic_gen_0_default_cmdram.mem'
INFO: [SIM-utils-43] Exported '/home/nagafusa/work/spadi/Fakernet/axi_iic_1_ex/axi_iic_1_ex.ip_user_files/sim_scripts/axi_traffic_gen_0/xsim/axi_traffic_gen_0_addr.mem'
INFO: [SIM-utils-43] Exported '/home/nagafusa/work/spadi/Fakernet/axi_iic_1_ex/axi_iic_1_ex.ip_user_files/sim_scripts/axi_traffic_gen_0/xsim/axi_traffic_gen_0_data.mem'
INFO: [SIM-utils-43] Exported '/home/nagafusa/work/spadi/Fakernet/axi_iic_1_ex/axi_iic_1_ex.ip_user_files/sim_scripts/axi_traffic_gen_0/xsim/axi_traffic_gen_0_ctrl.mem'
INFO: [SIM-utils-43] Exported '/home/nagafusa/work/spadi/Fakernet/axi_iic_1_ex/axi_iic_1_ex.ip_user_files/sim_scripts/axi_traffic_gen_0/xsim/axi_traffic_gen_0_mask.mem'
INFO: [exportsim-Tcl-35] Exporting simulation files for "MODELSIM" (Mentor Graphics ModelSim Simulator)...
INFO: [exportsim-Tcl-29] Pre-compiled simulation library path: '/home/nagafusa/work/spadi/Fakernet/axi_iic_1_ex/axi_iic_1_ex.cache/compile_simlib/modelsim'
INFO: [exportsim-Tcl-29] Script generated: '/home/nagafusa/work/spadi/Fakernet/axi_iic_1_ex/axi_iic_1_ex.ip_user_files/sim_scripts/axi_traffic_gen_0/modelsim/axi_traffic_gen_0.sh'
INFO: [SIM-utils-43] Exported '/home/nagafusa/work/spadi/Fakernet/axi_iic_1_ex/axi_iic_1_ex.ip_user_files/sim_scripts/axi_traffic_gen_0/modelsim/atg_data.coe'
INFO: [SIM-utils-43] Exported '/home/nagafusa/work/spadi/Fakernet/axi_iic_1_ex/axi_iic_1_ex.ip_user_files/sim_scripts/axi_traffic_gen_0/modelsim/atg_addr.coe'
INFO: [SIM-utils-43] Exported '/home/nagafusa/work/spadi/Fakernet/axi_iic_1_ex/axi_iic_1_ex.ip_user_files/sim_scripts/axi_traffic_gen_0/modelsim/atg_mask.coe'
INFO: [SIM-utils-43] Exported '/home/nagafusa/work/spadi/Fakernet/axi_iic_1_ex/axi_iic_1_ex.ip_user_files/sim_scripts/axi_traffic_gen_0/modelsim/atg_ctrl.coe'
INFO: [SIM-utils-43] Exported '/home/nagafusa/work/spadi/Fakernet/axi_iic_1_ex/axi_iic_1_ex.ip_user_files/sim_scripts/axi_traffic_gen_0/modelsim/default_prm.coe'
INFO: [SIM-utils-43] Exported '/home/nagafusa/work/spadi/Fakernet/axi_iic_1_ex/axi_iic_1_ex.ip_user_files/sim_scripts/axi_traffic_gen_0/modelsim/axi_traffic_gen_0_default_prmram.mem'
INFO: [SIM-utils-43] Exported '/home/nagafusa/work/spadi/Fakernet/axi_iic_1_ex/axi_iic_1_ex.ip_user_files/sim_scripts/axi_traffic_gen_0/modelsim/default_adr.coe'
INFO: [SIM-utils-43] Exported '/home/nagafusa/work/spadi/Fakernet/axi_iic_1_ex/axi_iic_1_ex.ip_user_files/sim_scripts/axi_traffic_gen_0/modelsim/axi_traffic_gen_0_default_addrram.mem'
INFO: [SIM-utils-43] Exported '/home/nagafusa/work/spadi/Fakernet/axi_iic_1_ex/axi_iic_1_ex.ip_user_files/sim_scripts/axi_traffic_gen_0/modelsim/default_mst.coe'
INFO: [SIM-utils-43] Exported '/home/nagafusa/work/spadi/Fakernet/axi_iic_1_ex/axi_iic_1_ex.ip_user_files/sim_scripts/axi_traffic_gen_0/modelsim/axi_traffic_gen_0_default_mstram.mem'
INFO: [SIM-utils-43] Exported '/home/nagafusa/work/spadi/Fakernet/axi_iic_1_ex/axi_iic_1_ex.ip_user_files/sim_scripts/axi_traffic_gen_0/modelsim/default_cmd.coe'
INFO: [SIM-utils-43] Exported '/home/nagafusa/work/spadi/Fakernet/axi_iic_1_ex/axi_iic_1_ex.ip_user_files/sim_scripts/axi_traffic_gen_0/modelsim/axi_traffic_gen_0_default_cmdram.mem'
INFO: [SIM-utils-43] Exported '/home/nagafusa/work/spadi/Fakernet/axi_iic_1_ex/axi_iic_1_ex.ip_user_files/sim_scripts/axi_traffic_gen_0/modelsim/axi_traffic_gen_0_addr.mem'
INFO: [SIM-utils-43] Exported '/home/nagafusa/work/spadi/Fakernet/axi_iic_1_ex/axi_iic_1_ex.ip_user_files/sim_scripts/axi_traffic_gen_0/modelsim/axi_traffic_gen_0_data.mem'
INFO: [SIM-utils-43] Exported '/home/nagafusa/work/spadi/Fakernet/axi_iic_1_ex/axi_iic_1_ex.ip_user_files/sim_scripts/axi_traffic_gen_0/modelsim/axi_traffic_gen_0_ctrl.mem'
INFO: [SIM-utils-43] Exported '/home/nagafusa/work/spadi/Fakernet/axi_iic_1_ex/axi_iic_1_ex.ip_user_files/sim_scripts/axi_traffic_gen_0/modelsim/axi_traffic_gen_0_mask.mem'
INFO: [exportsim-Tcl-35] Exporting simulation files for "QUESTA" (Mentor Graphics Questa Advanced Simulator)...
INFO: [exportsim-Tcl-29] Pre-compiled simulation library path: '/home/nagafusa/work/spadi/Fakernet/axi_iic_1_ex/axi_iic_1_ex.cache/compile_simlib/questa'
INFO: [exportsim-Tcl-29] Script generated: '/home/nagafusa/work/spadi/Fakernet/axi_iic_1_ex/axi_iic_1_ex.ip_user_files/sim_scripts/axi_traffic_gen_0/questa/axi_traffic_gen_0.sh'
INFO: [SIM-utils-43] Exported '/home/nagafusa/work/spadi/Fakernet/axi_iic_1_ex/axi_iic_1_ex.ip_user_files/sim_scripts/axi_traffic_gen_0/questa/atg_data.coe'
INFO: [SIM-utils-43] Exported '/home/nagafusa/work/spadi/Fakernet/axi_iic_1_ex/axi_iic_1_ex.ip_user_files/sim_scripts/axi_traffic_gen_0/questa/atg_addr.coe'
INFO: [SIM-utils-43] Exported '/home/nagafusa/work/spadi/Fakernet/axi_iic_1_ex/axi_iic_1_ex.ip_user_files/sim_scripts/axi_traffic_gen_0/questa/atg_mask.coe'
INFO: [SIM-utils-43] Exported '/home/nagafusa/work/spadi/Fakernet/axi_iic_1_ex/axi_iic_1_ex.ip_user_files/sim_scripts/axi_traffic_gen_0/questa/atg_ctrl.coe'
INFO: [SIM-utils-43] Exported '/home/nagafusa/work/spadi/Fakernet/axi_iic_1_ex/axi_iic_1_ex.ip_user_files/sim_scripts/axi_traffic_gen_0/questa/default_prm.coe'
INFO: [SIM-utils-43] Exported '/home/nagafusa/work/spadi/Fakernet/axi_iic_1_ex/axi_iic_1_ex.ip_user_files/sim_scripts/axi_traffic_gen_0/questa/axi_traffic_gen_0_default_prmram.mem'
INFO: [SIM-utils-43] Exported '/home/nagafusa/work/spadi/Fakernet/axi_iic_1_ex/axi_iic_1_ex.ip_user_files/sim_scripts/axi_traffic_gen_0/questa/default_adr.coe'
INFO: [SIM-utils-43] Exported '/home/nagafusa/work/spadi/Fakernet/axi_iic_1_ex/axi_iic_1_ex.ip_user_files/sim_scripts/axi_traffic_gen_0/questa/axi_traffic_gen_0_default_addrram.mem'
INFO: [SIM-utils-43] Exported '/home/nagafusa/work/spadi/Fakernet/axi_iic_1_ex/axi_iic_1_ex.ip_user_files/sim_scripts/axi_traffic_gen_0/questa/default_mst.coe'
INFO: [SIM-utils-43] Exported '/home/nagafusa/work/spadi/Fakernet/axi_iic_1_ex/axi_iic_1_ex.ip_user_files/sim_scripts/axi_traffic_gen_0/questa/axi_traffic_gen_0_default_mstram.mem'
INFO: [SIM-utils-43] Exported '/home/nagafusa/work/spadi/Fakernet/axi_iic_1_ex/axi_iic_1_ex.ip_user_files/sim_scripts/axi_traffic_gen_0/questa/default_cmd.coe'
INFO: [SIM-utils-43] Exported '/home/nagafusa/work/spadi/Fakernet/axi_iic_1_ex/axi_iic_1_ex.ip_user_files/sim_scripts/axi_traffic_gen_0/questa/axi_traffic_gen_0_default_cmdram.mem'
INFO: [SIM-utils-43] Exported '/home/nagafusa/work/spadi/Fakernet/axi_iic_1_ex/axi_iic_1_ex.ip_user_files/sim_scripts/axi_traffic_gen_0/questa/axi_traffic_gen_0_addr.mem'
INFO: [SIM-utils-43] Exported '/home/nagafusa/work/spadi/Fakernet/axi_iic_1_ex/axi_iic_1_ex.ip_user_files/sim_scripts/axi_traffic_gen_0/questa/axi_traffic_gen_0_data.mem'
INFO: [SIM-utils-43] Exported '/home/nagafusa/work/spadi/Fakernet/axi_iic_1_ex/axi_iic_1_ex.ip_user_files/sim_scripts/axi_traffic_gen_0/questa/axi_traffic_gen_0_ctrl.mem'
INFO: [SIM-utils-43] Exported '/home/nagafusa/work/spadi/Fakernet/axi_iic_1_ex/axi_iic_1_ex.ip_user_files/sim_scripts/axi_traffic_gen_0/questa/axi_traffic_gen_0_mask.mem'
INFO: [exportsim-Tcl-35] Exporting simulation files for "XCELIUM" (Cadence Xcelium Parallel Simulator)...
INFO: [exportsim-Tcl-29] Pre-compiled simulation library path: '/home/nagafusa/work/spadi/Fakernet/axi_iic_1_ex/axi_iic_1_ex.cache/compile_simlib/xcelium'
INFO: [exportsim-Tcl-29] Script generated: '/home/nagafusa/work/spadi/Fakernet/axi_iic_1_ex/axi_iic_1_ex.ip_user_files/sim_scripts/axi_traffic_gen_0/xcelium/axi_traffic_gen_0.sh'
INFO: [SIM-utils-43] Exported '/home/nagafusa/work/spadi/Fakernet/axi_iic_1_ex/axi_iic_1_ex.ip_user_files/sim_scripts/axi_traffic_gen_0/xcelium/atg_data.coe'
INFO: [SIM-utils-43] Exported '/home/nagafusa/work/spadi/Fakernet/axi_iic_1_ex/axi_iic_1_ex.ip_user_files/sim_scripts/axi_traffic_gen_0/xcelium/atg_addr.coe'
INFO: [SIM-utils-43] Exported '/home/nagafusa/work/spadi/Fakernet/axi_iic_1_ex/axi_iic_1_ex.ip_user_files/sim_scripts/axi_traffic_gen_0/xcelium/atg_mask.coe'
INFO: [SIM-utils-43] Exported '/home/nagafusa/work/spadi/Fakernet/axi_iic_1_ex/axi_iic_1_ex.ip_user_files/sim_scripts/axi_traffic_gen_0/xcelium/atg_ctrl.coe'
INFO: [SIM-utils-43] Exported '/home/nagafusa/work/spadi/Fakernet/axi_iic_1_ex/axi_iic_1_ex.ip_user_files/sim_scripts/axi_traffic_gen_0/xcelium/default_prm.coe'
INFO: [SIM-utils-43] Exported '/home/nagafusa/work/spadi/Fakernet/axi_iic_1_ex/axi_iic_1_ex.ip_user_files/sim_scripts/axi_traffic_gen_0/xcelium/axi_traffic_gen_0_default_prmram.mem'
INFO: [SIM-utils-43] Exported '/home/nagafusa/work/spadi/Fakernet/axi_iic_1_ex/axi_iic_1_ex.ip_user_files/sim_scripts/axi_traffic_gen_0/xcelium/default_adr.coe'
INFO: [SIM-utils-43] Exported '/home/nagafusa/work/spadi/Fakernet/axi_iic_1_ex/axi_iic_1_ex.ip_user_files/sim_scripts/axi_traffic_gen_0/xcelium/axi_traffic_gen_0_default_addrram.mem'
INFO: [SIM-utils-43] Exported '/home/nagafusa/work/spadi/Fakernet/axi_iic_1_ex/axi_iic_1_ex.ip_user_files/sim_scripts/axi_traffic_gen_0/xcelium/default_mst.coe'
INFO: [SIM-utils-43] Exported '/home/nagafusa/work/spadi/Fakernet/axi_iic_1_ex/axi_iic_1_ex.ip_user_files/sim_scripts/axi_traffic_gen_0/xcelium/axi_traffic_gen_0_default_mstram.mem'
INFO: [SIM-utils-43] Exported '/home/nagafusa/work/spadi/Fakernet/axi_iic_1_ex/axi_iic_1_ex.ip_user_files/sim_scripts/axi_traffic_gen_0/xcelium/default_cmd.coe'
INFO: [SIM-utils-43] Exported '/home/nagafusa/work/spadi/Fakernet/axi_iic_1_ex/axi_iic_1_ex.ip_user_files/sim_scripts/axi_traffic_gen_0/xcelium/axi_traffic_gen_0_default_cmdram.mem'
INFO: [SIM-utils-43] Exported '/home/nagafusa/work/spadi/Fakernet/axi_iic_1_ex/axi_iic_1_ex.ip_user_files/sim_scripts/axi_traffic_gen_0/xcelium/axi_traffic_gen_0_addr.mem'
INFO: [SIM-utils-43] Exported '/home/nagafusa/work/spadi/Fakernet/axi_iic_1_ex/axi_iic_1_ex.ip_user_files/sim_scripts/axi_traffic_gen_0/xcelium/axi_traffic_gen_0_data.mem'
INFO: [SIM-utils-43] Exported '/home/nagafusa/work/spadi/Fakernet/axi_iic_1_ex/axi_iic_1_ex.ip_user_files/sim_scripts/axi_traffic_gen_0/xcelium/axi_traffic_gen_0_ctrl.mem'
INFO: [SIM-utils-43] Exported '/home/nagafusa/work/spadi/Fakernet/axi_iic_1_ex/axi_iic_1_ex.ip_user_files/sim_scripts/axi_traffic_gen_0/xcelium/axi_traffic_gen_0_mask.mem'
INFO: [exportsim-Tcl-35] Exporting simulation files for "VCS" (Synopsys Verilog Compiler Simulator)...
INFO: [exportsim-Tcl-29] Pre-compiled simulation library path: '/home/nagafusa/work/spadi/Fakernet/axi_iic_1_ex/axi_iic_1_ex.cache/compile_simlib/vcs'
INFO: [exportsim-Tcl-29] Script generated: '/home/nagafusa/work/spadi/Fakernet/axi_iic_1_ex/axi_iic_1_ex.ip_user_files/sim_scripts/axi_traffic_gen_0/vcs/axi_traffic_gen_0.sh'
INFO: [SIM-utils-43] Exported '/home/nagafusa/work/spadi/Fakernet/axi_iic_1_ex/axi_iic_1_ex.ip_user_files/sim_scripts/axi_traffic_gen_0/vcs/atg_data.coe'
INFO: [SIM-utils-43] Exported '/home/nagafusa/work/spadi/Fakernet/axi_iic_1_ex/axi_iic_1_ex.ip_user_files/sim_scripts/axi_traffic_gen_0/vcs/atg_addr.coe'
INFO: [SIM-utils-43] Exported '/home/nagafusa/work/spadi/Fakernet/axi_iic_1_ex/axi_iic_1_ex.ip_user_files/sim_scripts/axi_traffic_gen_0/vcs/atg_mask.coe'
INFO: [SIM-utils-43] Exported '/home/nagafusa/work/spadi/Fakernet/axi_iic_1_ex/axi_iic_1_ex.ip_user_files/sim_scripts/axi_traffic_gen_0/vcs/atg_ctrl.coe'
INFO: [SIM-utils-43] Exported '/home/nagafusa/work/spadi/Fakernet/axi_iic_1_ex/axi_iic_1_ex.ip_user_files/sim_scripts/axi_traffic_gen_0/vcs/default_prm.coe'
INFO: [SIM-utils-43] Exported '/home/nagafusa/work/spadi/Fakernet/axi_iic_1_ex/axi_iic_1_ex.ip_user_files/sim_scripts/axi_traffic_gen_0/vcs/axi_traffic_gen_0_default_prmram.mem'
INFO: [SIM-utils-43] Exported '/home/nagafusa/work/spadi/Fakernet/axi_iic_1_ex/axi_iic_1_ex.ip_user_files/sim_scripts/axi_traffic_gen_0/vcs/default_adr.coe'
INFO: [SIM-utils-43] Exported '/home/nagafusa/work/spadi/Fakernet/axi_iic_1_ex/axi_iic_1_ex.ip_user_files/sim_scripts/axi_traffic_gen_0/vcs/axi_traffic_gen_0_default_addrram.mem'
INFO: [SIM-utils-43] Exported '/home/nagafusa/work/spadi/Fakernet/axi_iic_1_ex/axi_iic_1_ex.ip_user_files/sim_scripts/axi_traffic_gen_0/vcs/default_mst.coe'
INFO: [SIM-utils-43] Exported '/home/nagafusa/work/spadi/Fakernet/axi_iic_1_ex/axi_iic_1_ex.ip_user_files/sim_scripts/axi_traffic_gen_0/vcs/axi_traffic_gen_0_default_mstram.mem'
INFO: [SIM-utils-43] Exported '/home/nagafusa/work/spadi/Fakernet/axi_iic_1_ex/axi_iic_1_ex.ip_user_files/sim_scripts/axi_traffic_gen_0/vcs/default_cmd.coe'
INFO: [SIM-utils-43] Exported '/home/nagafusa/work/spadi/Fakernet/axi_iic_1_ex/axi_iic_1_ex.ip_user_files/sim_scripts/axi_traffic_gen_0/vcs/axi_traffic_gen_0_default_cmdram.mem'
INFO: [SIM-utils-43] Exported '/home/nagafusa/work/spadi/Fakernet/axi_iic_1_ex/axi_iic_1_ex.ip_user_files/sim_scripts/axi_traffic_gen_0/vcs/axi_traffic_gen_0_addr.mem'
INFO: [SIM-utils-43] Exported '/home/nagafusa/work/spadi/Fakernet/axi_iic_1_ex/axi_iic_1_ex.ip_user_files/sim_scripts/axi_traffic_gen_0/vcs/axi_traffic_gen_0_data.mem'
INFO: [SIM-utils-43] Exported '/home/nagafusa/work/spadi/Fakernet/axi_iic_1_ex/axi_iic_1_ex.ip_user_files/sim_scripts/axi_traffic_gen_0/vcs/axi_traffic_gen_0_ctrl.mem'
INFO: [SIM-utils-43] Exported '/home/nagafusa/work/spadi/Fakernet/axi_iic_1_ex/axi_iic_1_ex.ip_user_files/sim_scripts/axi_traffic_gen_0/vcs/axi_traffic_gen_0_mask.mem'
INFO: [exportsim-Tcl-35] Exporting simulation files for "RIVIERA" (Aldec Riviera-PRO Simulator)...
INFO: [exportsim-Tcl-29] Pre-compiled simulation library path: '/home/nagafusa/work/spadi/Fakernet/axi_iic_1_ex/axi_iic_1_ex.cache/compile_simlib/riviera'
INFO: [exportsim-Tcl-29] Script generated: '/home/nagafusa/work/spadi/Fakernet/axi_iic_1_ex/axi_iic_1_ex.ip_user_files/sim_scripts/axi_traffic_gen_0/riviera/axi_traffic_gen_0.sh'
INFO: [SIM-utils-43] Exported '/home/nagafusa/work/spadi/Fakernet/axi_iic_1_ex/axi_iic_1_ex.ip_user_files/sim_scripts/axi_traffic_gen_0/riviera/atg_data.coe'
INFO: [SIM-utils-43] Exported '/home/nagafusa/work/spadi/Fakernet/axi_iic_1_ex/axi_iic_1_ex.ip_user_files/sim_scripts/axi_traffic_gen_0/riviera/atg_addr.coe'
INFO: [SIM-utils-43] Exported '/home/nagafusa/work/spadi/Fakernet/axi_iic_1_ex/axi_iic_1_ex.ip_user_files/sim_scripts/axi_traffic_gen_0/riviera/atg_mask.coe'
INFO: [SIM-utils-43] Exported '/home/nagafusa/work/spadi/Fakernet/axi_iic_1_ex/axi_iic_1_ex.ip_user_files/sim_scripts/axi_traffic_gen_0/riviera/atg_ctrl.coe'
INFO: [SIM-utils-43] Exported '/home/nagafusa/work/spadi/Fakernet/axi_iic_1_ex/axi_iic_1_ex.ip_user_files/sim_scripts/axi_traffic_gen_0/riviera/default_prm.coe'
INFO: [SIM-utils-43] Exported '/home/nagafusa/work/spadi/Fakernet/axi_iic_1_ex/axi_iic_1_ex.ip_user_files/sim_scripts/axi_traffic_gen_0/riviera/axi_traffic_gen_0_default_prmram.mem'
INFO: [SIM-utils-43] Exported '/home/nagafusa/work/spadi/Fakernet/axi_iic_1_ex/axi_iic_1_ex.ip_user_files/sim_scripts/axi_traffic_gen_0/riviera/default_adr.coe'
INFO: [SIM-utils-43] Exported '/home/nagafusa/work/spadi/Fakernet/axi_iic_1_ex/axi_iic_1_ex.ip_user_files/sim_scripts/axi_traffic_gen_0/riviera/axi_traffic_gen_0_default_addrram.mem'
INFO: [SIM-utils-43] Exported '/home/nagafusa/work/spadi/Fakernet/axi_iic_1_ex/axi_iic_1_ex.ip_user_files/sim_scripts/axi_traffic_gen_0/riviera/default_mst.coe'
INFO: [SIM-utils-43] Exported '/home/nagafusa/work/spadi/Fakernet/axi_iic_1_ex/axi_iic_1_ex.ip_user_files/sim_scripts/axi_traffic_gen_0/riviera/axi_traffic_gen_0_default_mstram.mem'
INFO: [SIM-utils-43] Exported '/home/nagafusa/work/spadi/Fakernet/axi_iic_1_ex/axi_iic_1_ex.ip_user_files/sim_scripts/axi_traffic_gen_0/riviera/default_cmd.coe'
INFO: [SIM-utils-43] Exported '/home/nagafusa/work/spadi/Fakernet/axi_iic_1_ex/axi_iic_1_ex.ip_user_files/sim_scripts/axi_traffic_gen_0/riviera/axi_traffic_gen_0_default_cmdram.mem'
INFO: [SIM-utils-43] Exported '/home/nagafusa/work/spadi/Fakernet/axi_iic_1_ex/axi_iic_1_ex.ip_user_files/sim_scripts/axi_traffic_gen_0/riviera/axi_traffic_gen_0_addr.mem'
INFO: [SIM-utils-43] Exported '/home/nagafusa/work/spadi/Fakernet/axi_iic_1_ex/axi_iic_1_ex.ip_user_files/sim_scripts/axi_traffic_gen_0/riviera/axi_traffic_gen_0_data.mem'
INFO: [SIM-utils-43] Exported '/home/nagafusa/work/spadi/Fakernet/axi_iic_1_ex/axi_iic_1_ex.ip_user_files/sim_scripts/axi_traffic_gen_0/riviera/axi_traffic_gen_0_ctrl.mem'
INFO: [SIM-utils-43] Exported '/home/nagafusa/work/spadi/Fakernet/axi_iic_1_ex/axi_iic_1_ex.ip_user_files/sim_scripts/axi_traffic_gen_0/riviera/axi_traffic_gen_0_mask.mem'
INFO: [exportsim-Tcl-35] Exporting simulation files for "ACTIVEHDL" (Aldec Active-HDL Simulator)...
INFO: [exportsim-Tcl-29] Pre-compiled simulation library path: '/home/nagafusa/work/spadi/Fakernet/axi_iic_1_ex/axi_iic_1_ex.cache/compile_simlib/activehdl'
INFO: [exportsim-Tcl-29] Script generated: '/home/nagafusa/work/spadi/Fakernet/axi_iic_1_ex/axi_iic_1_ex.ip_user_files/sim_scripts/axi_traffic_gen_0/activehdl/axi_traffic_gen_0.sh'
INFO: [SIM-utils-43] Exported '/home/nagafusa/work/spadi/Fakernet/axi_iic_1_ex/axi_iic_1_ex.ip_user_files/sim_scripts/axi_traffic_gen_0/activehdl/atg_data.coe'
INFO: [SIM-utils-43] Exported '/home/nagafusa/work/spadi/Fakernet/axi_iic_1_ex/axi_iic_1_ex.ip_user_files/sim_scripts/axi_traffic_gen_0/activehdl/atg_addr.coe'
INFO: [SIM-utils-43] Exported '/home/nagafusa/work/spadi/Fakernet/axi_iic_1_ex/axi_iic_1_ex.ip_user_files/sim_scripts/axi_traffic_gen_0/activehdl/atg_mask.coe'
INFO: [SIM-utils-43] Exported '/home/nagafusa/work/spadi/Fakernet/axi_iic_1_ex/axi_iic_1_ex.ip_user_files/sim_scripts/axi_traffic_gen_0/activehdl/atg_ctrl.coe'
INFO: [Common 17-14] Message 'SIM-utils 43' appears 100 times and further instances of the messages will be disabled. Use the Tcl command set_msg_config to change the current settings.
INFO: [exportsim-Tcl-40] Using compiled simulation libraries for IPs
INFO: [SIM-utils-72] Using boost library from '/opt/Xilinx/Vivado/2022.2/tps/boost_1_72_0'
INFO: [exportsim-Tcl-35] Exporting simulation files for "XSIM" (Xilinx Vivado Simulator)...
INFO: [exportsim-Tcl-29] Pre-compiled simulation library path: '/opt/Xilinx/Vivado/2022.2/data/xsim'
INFO: [exportsim-Tcl-29] Script generated: '/home/nagafusa/work/spadi/Fakernet/axi_iic_1_ex/axi_iic_1_ex.ip_user_files/sim_scripts/clk_wiz_0/xsim/clk_wiz_0.sh'
INFO: [exportsim-Tcl-35] Exporting simulation files for "MODELSIM" (Mentor Graphics ModelSim Simulator)...
INFO: [exportsim-Tcl-29] Pre-compiled simulation library path: '/home/nagafusa/work/spadi/Fakernet/axi_iic_1_ex/axi_iic_1_ex.cache/compile_simlib/modelsim'
INFO: [exportsim-Tcl-29] Script generated: '/home/nagafusa/work/spadi/Fakernet/axi_iic_1_ex/axi_iic_1_ex.ip_user_files/sim_scripts/clk_wiz_0/modelsim/clk_wiz_0.sh'
INFO: [exportsim-Tcl-35] Exporting simulation files for "QUESTA" (Mentor Graphics Questa Advanced Simulator)...
INFO: [exportsim-Tcl-29] Pre-compiled simulation library path: '/home/nagafusa/work/spadi/Fakernet/axi_iic_1_ex/axi_iic_1_ex.cache/compile_simlib/questa'
INFO: [exportsim-Tcl-29] Script generated: '/home/nagafusa/work/spadi/Fakernet/axi_iic_1_ex/axi_iic_1_ex.ip_user_files/sim_scripts/clk_wiz_0/questa/clk_wiz_0.sh'
INFO: [exportsim-Tcl-35] Exporting simulation files for "XCELIUM" (Cadence Xcelium Parallel Simulator)...
INFO: [exportsim-Tcl-29] Pre-compiled simulation library path: '/home/nagafusa/work/spadi/Fakernet/axi_iic_1_ex/axi_iic_1_ex.cache/compile_simlib/xcelium'
INFO: [exportsim-Tcl-29] Script generated: '/home/nagafusa/work/spadi/Fakernet/axi_iic_1_ex/axi_iic_1_ex.ip_user_files/sim_scripts/clk_wiz_0/xcelium/clk_wiz_0.sh'
INFO: [exportsim-Tcl-35] Exporting simulation files for "VCS" (Synopsys Verilog Compiler Simulator)...
INFO: [exportsim-Tcl-29] Pre-compiled simulation library path: '/home/nagafusa/work/spadi/Fakernet/axi_iic_1_ex/axi_iic_1_ex.cache/compile_simlib/vcs'
INFO: [exportsim-Tcl-29] Script generated: '/home/nagafusa/work/spadi/Fakernet/axi_iic_1_ex/axi_iic_1_ex.ip_user_files/sim_scripts/clk_wiz_0/vcs/clk_wiz_0.sh'
INFO: [exportsim-Tcl-35] Exporting simulation files for "RIVIERA" (Aldec Riviera-PRO Simulator)...
INFO: [exportsim-Tcl-29] Pre-compiled simulation library path: '/home/nagafusa/work/spadi/Fakernet/axi_iic_1_ex/axi_iic_1_ex.cache/compile_simlib/riviera'
INFO: [exportsim-Tcl-29] Script generated: '/home/nagafusa/work/spadi/Fakernet/axi_iic_1_ex/axi_iic_1_ex.ip_user_files/sim_scripts/clk_wiz_0/riviera/clk_wiz_0.sh'
INFO: [exportsim-Tcl-35] Exporting simulation files for "ACTIVEHDL" (Aldec Active-HDL Simulator)...
INFO: [exportsim-Tcl-29] Pre-compiled simulation library path: '/home/nagafusa/work/spadi/Fakernet/axi_iic_1_ex/axi_iic_1_ex.cache/compile_simlib/activehdl'
INFO: [exportsim-Tcl-29] Script generated: '/home/nagafusa/work/spadi/Fakernet/axi_iic_1_ex/axi_iic_1_ex.ip_user_files/sim_scripts/clk_wiz_0/activehdl/clk_wiz_0.sh'
INFO: [open_example_project] Open Example Project completed
update_compile_order -fileset sources_1
launch_runs synth_1 -jobs 32
INFO: [IP_Flow 19-6924] IPCACHE: Running cache check for IP inst: axi_iic_1
INFO: [IP_Flow 19-6924] IPCACHE: Running cache check for IP inst: axi_traffic_gen_0
INFO: [IP_Flow 19-6924] IPCACHE: Running cache check for IP inst: clk_wiz_0
WARNING: [Vivado 12-7122] Auto Incremental Compile:: No reference checkpoint was found in run synth_1. Auto-incremental flow will not be run, the standard flow will be run instead.
[Wed Aug  7 16:48:54 2024] Launched axi_iic_1_synth_1, axi_traffic_gen_0_synth_1, clk_wiz_0_synth_1...
Run output will be captured here:
axi_iic_1_synth_1: /home/nagafusa/work/spadi/Fakernet/axi_iic_1_ex/axi_iic_1_ex.runs/axi_iic_1_synth_1/runme.log
axi_traffic_gen_0_synth_1: /home/nagafusa/work/spadi/Fakernet/axi_iic_1_ex/axi_iic_1_ex.runs/axi_traffic_gen_0_synth_1/runme.log
clk_wiz_0_synth_1: /home/nagafusa/work/spadi/Fakernet/axi_iic_1_ex/axi_iic_1_ex.runs/clk_wiz_0_synth_1/runme.log
[Wed Aug  7 16:48:54 2024] Launched synth_1...
Run output will be captured here: /home/nagafusa/work/spadi/Fakernet/axi_iic_1_ex/axi_iic_1_ex.runs/synth_1/runme.log
open_run synth_1 -name synth_1
Design is defaulting to impl run constrset: constrs_1
Design is defaulting to synth run part: xcau15p-sbvb484-1-i
INFO: [Device 21-403] Loading part xcau15p-sbvb484-1-i
INFO: [Project 1-454] Reading design checkpoint '/home/nagafusa/work/spadi/Fakernet/axi_iic_1_ex/axi_iic_1_ex.gen/sources_1/ip/axi_traffic_gen_0/axi_traffic_gen_0.dcp' for cell 'ATG1'
INFO: [Project 1-454] Reading design checkpoint '/home/nagafusa/work/spadi/Fakernet/axi_iic_1_ex/axi_iic_1_ex.gen/sources_1/ip/axi_iic_1/axi_iic_1.dcp' for cell 'DUT'
INFO: [Project 1-454] Reading design checkpoint '/home/nagafusa/work/spadi/Fakernet/axi_iic_1_ex/axi_iic_1_ex.gen/sources_1/ip/clk_wiz_0/clk_wiz_0.dcp' for cell 'CLOCK_GEN_INST/CLOCKING'
Netlist sorting complete. Time (s): cpu = 00:00:00.01 ; elapsed = 00:00:00.01 . Memory (MB): peak = 7243.027 ; gain = 0.000 ; free physical = 34326 ; free virtual = 52529
INFO: [Netlist 29-17] Analyzing 157 Unisim elements for replacement
INFO: [Netlist 29-28] Unisim Transformation completed in 0 CPU seconds
INFO: [Project 1-479] Netlist was created with Vivado 2022.2
INFO: [Project 1-570] Preparing netlist for logic optimization
Parsing XDC File [/home/nagafusa/work/spadi/Fakernet/axi_iic_1_ex/axi_iic_1_ex.gen/sources_1/ip/axi_iic_1/axi_iic_1_board.xdc] for cell 'DUT/U0'
Finished Parsing XDC File [/home/nagafusa/work/spadi/Fakernet/axi_iic_1_ex/axi_iic_1_ex.gen/sources_1/ip/axi_iic_1/axi_iic_1_board.xdc] for cell 'DUT/U0'
Parsing XDC File [/home/nagafusa/work/spadi/Fakernet/axi_iic_1_ex/axi_iic_1_ex.gen/sources_1/ip/clk_wiz_0/clk_wiz_0_board.xdc] for cell 'CLOCK_GEN_INST/CLOCKING/inst'
Finished Parsing XDC File [/home/nagafusa/work/spadi/Fakernet/axi_iic_1_ex/axi_iic_1_ex.gen/sources_1/ip/clk_wiz_0/clk_wiz_0_board.xdc] for cell 'CLOCK_GEN_INST/CLOCKING/inst'
Parsing XDC File [/home/nagafusa/work/spadi/Fakernet/axi_iic_1_ex/axi_iic_1_ex.gen/sources_1/ip/clk_wiz_0/clk_wiz_0.xdc] for cell 'CLOCK_GEN_INST/CLOCKING/inst'
INFO: [Timing 38-35] Done setting XDC timing constraints. [/home/nagafusa/work/spadi/Fakernet/axi_iic_1_ex/axi_iic_1_ex.gen/sources_1/ip/clk_wiz_0/clk_wiz_0.xdc:57]
INFO: [Timing 38-2] Deriving generated clocks [/home/nagafusa/work/spadi/Fakernet/axi_iic_1_ex/axi_iic_1_ex.gen/sources_1/ip/clk_wiz_0/clk_wiz_0.xdc:57]
Finished Parsing XDC File [/home/nagafusa/work/spadi/Fakernet/axi_iic_1_ex/axi_iic_1_ex.gen/sources_1/ip/clk_wiz_0/clk_wiz_0.xdc] for cell 'CLOCK_GEN_INST/CLOCKING/inst'
Parsing XDC File [/home/nagafusa/work/spadi/Fakernet/axi_iic_1_ex/imports/axi_iic_1_exdes.xdc]
Finished Parsing XDC File [/home/nagafusa/work/spadi/Fakernet/axi_iic_1_ex/imports/axi_iic_1_exdes.xdc]
INFO: [Opt 31-138] Pushed 0 inverter(s) to 0 load pin(s).
Netlist sorting complete. Time (s): cpu = 00:00:00 ; elapsed = 00:00:00 . Memory (MB): peak = 7744.281 ; gain = 0.000 ; free physical = 34086 ; free virtual = 52289
INFO: [Project 1-111] Unisim Transformation Summary:
  A total of 120 instances were transformed.
  IBUF => IBUF (IBUFCTRL, INBUF): 1 instance 
  IBUFDS => IBUFDS (DIFFINBUF, IBUFCTRL): 1 instance 
  IOBUF => IOBUF (IBUFCTRL, INBUF, OBUFT): 2 instances
  RAM32X1S => RAM32X1S (RAMS32): 116 instances

open_run: Time (s): cpu = 00:00:13 ; elapsed = 00:00:06 . Memory (MB): peak = 7949.516 ; gain = 780.117 ; free physical = 33862 ; free virtual = 52065
launch_runs impl_1 -jobs 32
INFO: [Timing 38-480] Writing timing data to binary archive.
[Fri Aug  9 13:06:10 2024] Launched impl_1...
Run output will be captured here: /home/nagafusa/work/spadi/Fakernet/axi_iic_1_ex/axi_iic_1_ex.runs/impl_1/runme.log
open_run impl_1
Netlist sorting complete. Time (s): cpu = 00:00:00.01 ; elapsed = 00:00:00.01 . Memory (MB): peak = 8067.395 ; gain = 0.000 ; free physical = 34099 ; free virtual = 53009
INFO: [Netlist 29-17] Analyzing 148 Unisim elements for replacement
INFO: [Netlist 29-28] Unisim Transformation completed in 0 CPU seconds
INFO: [Project 1-479] Netlist was created with Vivado 2022.2
INFO: [Project 1-570] Preparing netlist for logic optimization
INFO: [Timing 38-478] Restoring timing data from binary archive.
INFO: [Timing 38-479] Binary timing data restore complete.
INFO: [Project 1-856] Restoring constraints from binary archive.
INFO: [Project 1-853] Binary constraint restore complete.
Reading XDEF placement.
Reading placer database...
Reading XDEF routing.
Read XDEF Files: Time (s): cpu = 00:00:00.06 ; elapsed = 00:00:00.05 . Memory (MB): peak = 8196.941 ; gain = 0.000 ; free physical = 35945 ; free virtual = 54856
Restored from archive | CPU: 0.060000 secs | Memory: 1.372185 MB |
Finished XDEF File Restore: Time (s): cpu = 00:00:00.06 ; elapsed = 00:00:00.05 . Memory (MB): peak = 8196.941 ; gain = 0.000 ; free physical = 35945 ; free virtual = 54856
Netlist sorting complete. Time (s): cpu = 00:00:00 ; elapsed = 00:00:00 . Memory (MB): peak = 8196.941 ; gain = 0.000 ; free physical = 35945 ; free virtual = 54856
INFO: [Project 1-111] Unisim Transformation Summary:
  A total of 115 instances were transformed.
  IBUF => IBUF (IBUFCTRL, INBUF): 1 instance 
  IBUFDS => IBUFDS (DIFFINBUF, IBUFCTRL): 1 instance 
  IOBUF => IOBUF (IBUFCTRL, INBUF, OBUFT): 2 instances
  RAM32X1S => RAM32X1S (RAMS32): 111 instances

exit
INFO: [Common 17-206] Exiting Vivado at Thu Aug 15 11:56:44 2024...
