
*** Running vivado
    with args -log top_block_SAMPA_TRG_EN_v1_0_0_0.vds -m64 -product Vivado -mode batch -messageDb vivado.pb -notrace -source top_block_SAMPA_TRG_EN_v1_0_0_0.tcl


****** Vivado v2022.2 (64-bit)
  **** SW Build 3671981 on Fri Oct 14 04:59:54 MDT 2022
  **** IP Build 3669848 on Fri Oct 14 08:30:02 MDT 2022
    ** Copyright 1986-2022 Xilinx, Inc. All Rights Reserved.

source top_block_SAMPA_TRG_EN_v1_0_0_0.tcl -notrace
WARNING: [Common 17-1361] You have specified a new message control rule that is equivalent to an existing rule with attributes ' -id {Timing 38-316}  -suppress '. The existing rule will be replaced.
INFO: [IP_Flow 19-234] Refreshing IP repositories
INFO: [IP_Flow 19-1700] Loaded user IP repository '/home/nagafusa/work/spadi/Fakernet/ip_repo/init_i2c_1_0'.
INFO: [IP_Flow 19-1700] Loaded user IP repository '/home/nagafusa/work/spadi/Fakernet/ip_repo/INIT_I2C_1_0'.
INFO: [IP_Flow 19-1700] Loaded user IP repository '/home/nagafusa/work/spadi/Fakernet/ip_repo/SAMPA_TRG_EN_1_0'.
INFO: [IP_Flow 19-1700] Loaded user IP repository '/home/nagafusa/work/spadi/Fakernet/ip_repo/data_receiver_1_0'.
INFO: [IP_Flow 19-1700] Loaded user IP repository '/home/nagafusa/work/spadi/Fakernet/ip_repo/data_sender_1_0'.
INFO: [IP_Flow 19-1700] Loaded user IP repository '/home/nagafusa/work/spadi/Fakernet/ip_repo/SAMPA_PON_2_0'.
INFO: [IP_Flow 19-1700] Loaded user IP repository '/home/nagafusa/work/spadi/Fakernet/ip_repo/I2C_Controller_1_0'.
INFO: [IP_Flow 19-1700] Loaded user IP repository '/home/nagafusa/work/spadi/Fakernet/ip_repo/start_i2c_write_1_0'.
WARNING: [IP_Flow 19-2248] Failed to load user IP repository '/home/nagafusa/work/spadi/Fakernet/ip_repo/I2C_controller_1_0'; Can't find the specified path.
If this directory should no longer be in your list of user repositories, go to the IP Settings dialog and remove it.
WARNING: [IP_Flow 19-2207] Repository '/home/nagafusa/work/spadi/Fakernet/ip_repo/I2C_controller_1_0' already exists; ignoring attempt to add it again.
WARNING: [IP_Flow 19-2248] Failed to load user IP repository '/home/nagafusa/work/spadi/Fakernet/ip_repo/I2C_controller_1_0'; Can't find the specified path.
If this directory should no longer be in your list of user repositories, go to the IP Settings dialog and remove it.
INFO: [IP_Flow 19-2313] Loaded Vivado IP repository '/opt/Xilinx/Vivado/2022.2/data/ip'.
INFO: [IP_Flow 19-6924] IPCACHE: Running cache check for IP inst: top_block_SAMPA_TRG_EN_v1_0_0_0
Command: synth_design -top top_block_SAMPA_TRG_EN_v1_0_0_0 -part xcau15p-sbvb484-1-i -incremental_mode off -mode out_of_context
Starting synth_design
Attempting to get a license for feature 'Synthesis' and/or device 'xcau15p'
INFO: [Common 17-349] Got license for feature 'Synthesis' and/or device 'xcau15p'
INFO: [Device 21-403] Loading part xcau15p-sbvb484-1-i
INFO: [Synth 8-7079] Multithreading enabled for synth_design using a maximum of 4 processes.
INFO: [Synth 8-7078] Launching helper process for spawning children vivado processes
INFO: [Synth 8-7075] Helper process launched with PID 2036266
INFO: [Synth 8-11241] undeclared symbol 'REGCCE', assumed default net type 'wire' [/opt/Xilinx/Vivado/2022.2/data/verilog/src/unimacro/BRAM_SINGLE_MACRO.v:2170]
WARNING: [Synth 8-10714] extra semicolon is not allowed here in this dialect; use SystemVerilog mode instead [/home/nagafusa/work/spadi/Fakernet/ip_repo/SAMPA_TRG_EN_1_0/hdl/SAMPA_TRG_EN_v1_0_M00_AXI.v:207]
WARNING: [Synth 8-11065] parameter 'IDLE' becomes localparam in 'SAMPA_REGREAD_v1_0_M00_AXI' with formal parameter declaration list [/home/nagafusa/work/spadi/Fakernet/ip_repo/SAMPA_TRG_EN_1_0/hdl/SAMPA_TRG_EN_v1_0_M00_AXI.v:118]
WARNING: [Synth 8-11065] parameter 'INIT_WRITE' becomes localparam in 'SAMPA_REGREAD_v1_0_M00_AXI' with formal parameter declaration list [/home/nagafusa/work/spadi/Fakernet/ip_repo/SAMPA_TRG_EN_1_0/hdl/SAMPA_TRG_EN_v1_0_M00_AXI.v:121]
WARNING: [Synth 8-11065] parameter 'INIT_READ' becomes localparam in 'SAMPA_REGREAD_v1_0_M00_AXI' with formal parameter declaration list [/home/nagafusa/work/spadi/Fakernet/ip_repo/SAMPA_TRG_EN_1_0/hdl/SAMPA_TRG_EN_v1_0_M00_AXI.v:124]
WARNING: [Synth 8-11065] parameter 'INIT_COMPARE' becomes localparam in 'SAMPA_REGREAD_v1_0_M00_AXI' with formal parameter declaration list [/home/nagafusa/work/spadi/Fakernet/ip_repo/SAMPA_TRG_EN_1_0/hdl/SAMPA_TRG_EN_v1_0_M00_AXI.v:127]
INFO: [Synth 8-11241] undeclared symbol 'txn', assumed default net type 'wire' [/home/nagafusa/work/spadi/Fakernet/ip_repo/SAMPA_TRG_EN_1_0/hdl/SAMPA_TRG_EN_v1_0.v:67]
WARNING: [Synth 8-8895] 'txn' is already implicitly declared on line 67 [/home/nagafusa/work/spadi/Fakernet/ip_repo/SAMPA_TRG_EN_1_0/hdl/SAMPA_TRG_EN_v1_0.v:96]
---------------------------------------------------------------------------------
Starting RTL Elaboration : Time (s): cpu = 00:00:02 ; elapsed = 00:00:02 . Memory (MB): peak = 2147.523 ; gain = 363.719 ; free physical = 48080 ; free virtual = 61256
Synthesis current peak Physical Memory [PSS] (MB): peak = 1583.704; parent = 1373.751; children = 209.953
Synthesis current peak Virtual Memory [VSS] (MB): peak = 3121.863; parent = 2153.465; children = 968.398
---------------------------------------------------------------------------------
INFO: [Synth 8-6157] synthesizing module 'top_block_SAMPA_TRG_EN_v1_0_0_0' [/home/nagafusa/work/spadi/Fakernet/SAMIDARE/samidare.gen/sources_1/bd/top_block/ip/top_block_SAMPA_TRG_EN_v1_0_0_0/synth/top_block_SAMPA_TRG_EN_v1_0_0_0.v:53]
INFO: [Synth 8-6157] synthesizing module 'SAMPA_TRG_EN_v1_0' [/home/nagafusa/work/spadi/Fakernet/ip_repo/SAMPA_TRG_EN_1_0/hdl/SAMPA_TRG_EN_v1_0.v:4]
INFO: [Synth 8-6157] synthesizing module 'SAMPA_REGREAD_v1_0_M00_AXI' [/home/nagafusa/work/spadi/Fakernet/ip_repo/SAMPA_TRG_EN_1_0/hdl/SAMPA_TRG_EN_v1_0_M00_AXI.v:4]
INFO: [Synth 8-6155] done synthesizing module 'SAMPA_REGREAD_v1_0_M00_AXI' (0#1) [/home/nagafusa/work/spadi/Fakernet/ip_repo/SAMPA_TRG_EN_1_0/hdl/SAMPA_TRG_EN_v1_0_M00_AXI.v:4]
INFO: [Synth 8-6155] done synthesizing module 'SAMPA_TRG_EN_v1_0' (0#1) [/home/nagafusa/work/spadi/Fakernet/ip_repo/SAMPA_TRG_EN_1_0/hdl/SAMPA_TRG_EN_v1_0.v:4]
INFO: [Synth 8-6155] done synthesizing module 'top_block_SAMPA_TRG_EN_v1_0_0_0' (0#1) [/home/nagafusa/work/spadi/Fakernet/SAMIDARE/samidare.gen/sources_1/bd/top_block/ip/top_block_SAMPA_TRG_EN_v1_0_0_0/synth/top_block_SAMPA_TRG_EN_v1_0_0_0.v:53]
WARNING: [Synth 8-6014] Unused sequential element compare_done_reg was removed.  [/home/nagafusa/work/spadi/Fakernet/ip_repo/SAMPA_TRG_EN_1_0/hdl/SAMPA_TRG_EN_v1_0_M00_AXI.v:532]
WARNING: [Synth 8-6014] Unused sequential element read_mismatch_reg was removed.  [/home/nagafusa/work/spadi/Fakernet/ip_repo/SAMPA_TRG_EN_1_0/hdl/SAMPA_TRG_EN_v1_0_M00_AXI.v:706]
WARNING: [Synth 8-6014] Unused sequential element error_reg_reg was removed.  [/home/nagafusa/work/spadi/Fakernet/ip_repo/SAMPA_TRG_EN_1_0/hdl/SAMPA_TRG_EN_v1_0_M00_AXI.v:719]
WARNING: [Synth 8-3848] Net axi_awaddr in module/entity SAMPA_REGREAD_v1_0_M00_AXI does not have driver. [/home/nagafusa/work/spadi/Fakernet/ip_repo/SAMPA_TRG_EN_1_0/hdl/SAMPA_TRG_EN_v1_0_M00_AXI.v:144]
WARNING: [Synth 8-3848] Net axi_wdata in module/entity SAMPA_REGREAD_v1_0_M00_AXI does not have driver. [/home/nagafusa/work/spadi/Fakernet/ip_repo/SAMPA_TRG_EN_1_0/hdl/SAMPA_TRG_EN_v1_0_M00_AXI.v:146]
INFO: [Synth 8-6071] Mark debug on the nets applies keep_hierarchy on instance 'inst'. This will prevent further optimization [/home/nagafusa/work/spadi/Fakernet/SAMIDARE/samidare.gen/sources_1/bd/top_block/ip/top_block_SAMPA_TRG_EN_v1_0_0_0/synth/top_block_SAMPA_TRG_EN_v1_0_0_0.v:145]
WARNING: [Synth 8-7129] Port M_AXI_WDATA[31] in module SAMPA_REGREAD_v1_0_M00_AXI is either unconnected or has no load
WARNING: [Synth 8-7129] Port M_AXI_WDATA[30] in module SAMPA_REGREAD_v1_0_M00_AXI is either unconnected or has no load
WARNING: [Synth 8-7129] Port M_AXI_WDATA[29] in module SAMPA_REGREAD_v1_0_M00_AXI is either unconnected or has no load
WARNING: [Synth 8-7129] Port M_AXI_WDATA[28] in module SAMPA_REGREAD_v1_0_M00_AXI is either unconnected or has no load
WARNING: [Synth 8-7129] Port M_AXI_WDATA[27] in module SAMPA_REGREAD_v1_0_M00_AXI is either unconnected or has no load
WARNING: [Synth 8-7129] Port M_AXI_WDATA[26] in module SAMPA_REGREAD_v1_0_M00_AXI is either unconnected or has no load
WARNING: [Synth 8-7129] Port M_AXI_WDATA[25] in module SAMPA_REGREAD_v1_0_M00_AXI is either unconnected or has no load
WARNING: [Synth 8-7129] Port M_AXI_WDATA[24] in module SAMPA_REGREAD_v1_0_M00_AXI is either unconnected or has no load
WARNING: [Synth 8-7129] Port M_AXI_WDATA[23] in module SAMPA_REGREAD_v1_0_M00_AXI is either unconnected or has no load
WARNING: [Synth 8-7129] Port M_AXI_WDATA[22] in module SAMPA_REGREAD_v1_0_M00_AXI is either unconnected or has no load
WARNING: [Synth 8-7129] Port M_AXI_WDATA[21] in module SAMPA_REGREAD_v1_0_M00_AXI is either unconnected or has no load
WARNING: [Synth 8-7129] Port M_AXI_WDATA[20] in module SAMPA_REGREAD_v1_0_M00_AXI is either unconnected or has no load
WARNING: [Synth 8-7129] Port M_AXI_WDATA[19] in module SAMPA_REGREAD_v1_0_M00_AXI is either unconnected or has no load
WARNING: [Synth 8-7129] Port M_AXI_WDATA[18] in module SAMPA_REGREAD_v1_0_M00_AXI is either unconnected or has no load
WARNING: [Synth 8-7129] Port M_AXI_WDATA[17] in module SAMPA_REGREAD_v1_0_M00_AXI is either unconnected or has no load
WARNING: [Synth 8-7129] Port M_AXI_WDATA[16] in module SAMPA_REGREAD_v1_0_M00_AXI is either unconnected or has no load
WARNING: [Synth 8-7129] Port M_AXI_WDATA[15] in module SAMPA_REGREAD_v1_0_M00_AXI is either unconnected or has no load
WARNING: [Synth 8-7129] Port M_AXI_WDATA[14] in module SAMPA_REGREAD_v1_0_M00_AXI is either unconnected or has no load
WARNING: [Synth 8-7129] Port M_AXI_WDATA[13] in module SAMPA_REGREAD_v1_0_M00_AXI is either unconnected or has no load
WARNING: [Synth 8-7129] Port M_AXI_WDATA[12] in module SAMPA_REGREAD_v1_0_M00_AXI is either unconnected or has no load
WARNING: [Synth 8-7129] Port M_AXI_WDATA[11] in module SAMPA_REGREAD_v1_0_M00_AXI is either unconnected or has no load
WARNING: [Synth 8-7129] Port M_AXI_WDATA[10] in module SAMPA_REGREAD_v1_0_M00_AXI is either unconnected or has no load
WARNING: [Synth 8-7129] Port M_AXI_WDATA[9] in module SAMPA_REGREAD_v1_0_M00_AXI is either unconnected or has no load
WARNING: [Synth 8-7129] Port M_AXI_WDATA[8] in module SAMPA_REGREAD_v1_0_M00_AXI is either unconnected or has no load
WARNING: [Synth 8-7129] Port M_AXI_WDATA[7] in module SAMPA_REGREAD_v1_0_M00_AXI is either unconnected or has no load
WARNING: [Synth 8-7129] Port M_AXI_WDATA[6] in module SAMPA_REGREAD_v1_0_M00_AXI is either unconnected or has no load
WARNING: [Synth 8-7129] Port M_AXI_WDATA[5] in module SAMPA_REGREAD_v1_0_M00_AXI is either unconnected or has no load
WARNING: [Synth 8-7129] Port M_AXI_WDATA[4] in module SAMPA_REGREAD_v1_0_M00_AXI is either unconnected or has no load
WARNING: [Synth 8-7129] Port M_AXI_WDATA[3] in module SAMPA_REGREAD_v1_0_M00_AXI is either unconnected or has no load
WARNING: [Synth 8-7129] Port M_AXI_WDATA[2] in module SAMPA_REGREAD_v1_0_M00_AXI is either unconnected or has no load
WARNING: [Synth 8-7129] Port M_AXI_WDATA[1] in module SAMPA_REGREAD_v1_0_M00_AXI is either unconnected or has no load
WARNING: [Synth 8-7129] Port M_AXI_WDATA[0] in module SAMPA_REGREAD_v1_0_M00_AXI is either unconnected or has no load
WARNING: [Synth 8-7129] Port M_AXI_BRESP[1] in module SAMPA_REGREAD_v1_0_M00_AXI is either unconnected or has no load
WARNING: [Synth 8-7129] Port M_AXI_BRESP[0] in module SAMPA_REGREAD_v1_0_M00_AXI is either unconnected or has no load
WARNING: [Synth 8-7129] Port M_AXI_RRESP[1] in module SAMPA_REGREAD_v1_0_M00_AXI is either unconnected or has no load
WARNING: [Synth 8-7129] Port M_AXI_RRESP[0] in module SAMPA_REGREAD_v1_0_M00_AXI is either unconnected or has no load
WARNING: [Synth 8-7129] Port m00_axi_init_axi_txn in module SAMPA_TRG_EN_v1_0 is either unconnected or has no load
---------------------------------------------------------------------------------
Finished RTL Elaboration : Time (s): cpu = 00:00:02 ; elapsed = 00:00:02 . Memory (MB): peak = 2222.430 ; gain = 438.625 ; free physical = 48167 ; free virtual = 61344
Synthesis current peak Physical Memory [PSS] (MB): peak = 1583.704; parent = 1373.751; children = 209.953
Synthesis current peak Virtual Memory [VSS] (MB): peak = 3190.832; parent = 2222.434; children = 968.398
---------------------------------------------------------------------------------
---------------------------------------------------------------------------------
Start Handling Custom Attributes
---------------------------------------------------------------------------------
---------------------------------------------------------------------------------
Finished Handling Custom Attributes : Time (s): cpu = 00:00:02 ; elapsed = 00:00:03 . Memory (MB): peak = 2237.273 ; gain = 453.469 ; free physical = 48168 ; free virtual = 61345
Synthesis current peak Physical Memory [PSS] (MB): peak = 1583.704; parent = 1373.751; children = 209.953
Synthesis current peak Virtual Memory [VSS] (MB): peak = 3205.676; parent = 2237.277; children = 968.398
---------------------------------------------------------------------------------
---------------------------------------------------------------------------------
Finished RTL Optimization Phase 1 : Time (s): cpu = 00:00:02 ; elapsed = 00:00:03 . Memory (MB): peak = 2237.273 ; gain = 453.469 ; free physical = 48168 ; free virtual = 61345
Synthesis current peak Physical Memory [PSS] (MB): peak = 1583.704; parent = 1373.751; children = 209.953
Synthesis current peak Virtual Memory [VSS] (MB): peak = 3205.676; parent = 2237.277; children = 968.398
---------------------------------------------------------------------------------
Netlist sorting complete. Time (s): cpu = 00:00:00 ; elapsed = 00:00:00 . Memory (MB): peak = 2237.273 ; gain = 0.000 ; free physical = 48164 ; free virtual = 61340
INFO: [Project 1-570] Preparing netlist for logic optimization

Processing XDC Constraints
Initializing timing engine
Completed Processing XDC Constraints

Netlist sorting complete. Time (s): cpu = 00:00:00 ; elapsed = 00:00:00 . Memory (MB): peak = 2361.211 ; gain = 0.000 ; free physical = 48135 ; free virtual = 61311
INFO: [Project 1-111] Unisim Transformation Summary:
No Unisim elements were transformed.

Constraint Validation Runtime : Time (s): cpu = 00:00:00.01 ; elapsed = 00:00:00.01 . Memory (MB): peak = 2384.023 ; gain = 22.812 ; free physical = 48135 ; free virtual = 61311
INFO: [Designutils 20-5008] Incremental synthesis strategy off
INFO: [Synth 8-11241] undeclared symbol 'REGCCE', assumed default net type 'wire' [/opt/Xilinx/Vivado/2022.2/data/verilog/src/unimacro/BRAM_SINGLE_MACRO.v:2170]
---------------------------------------------------------------------------------
Finished Constraint Validation : Time (s): cpu = 00:00:04 ; elapsed = 00:00:05 . Memory (MB): peak = 2384.023 ; gain = 600.219 ; free physical = 48145 ; free virtual = 61321
Synthesis current peak Physical Memory [PSS] (MB): peak = 1583.704; parent = 1373.751; children = 209.953
Synthesis current peak Virtual Memory [VSS] (MB): peak = 3320.410; parent = 2352.012; children = 968.398
---------------------------------------------------------------------------------
---------------------------------------------------------------------------------
Start Loading Part and Timing Information
---------------------------------------------------------------------------------
Loading part: xcau15p-sbvb484-1-i
INFO: [Synth 8-6742] Reading net delay rules and data
---------------------------------------------------------------------------------
Finished Loading Part and Timing Information : Time (s): cpu = 00:00:04 ; elapsed = 00:00:05 . Memory (MB): peak = 2384.023 ; gain = 600.219 ; free physical = 48145 ; free virtual = 61321
Synthesis current peak Physical Memory [PSS] (MB): peak = 1583.704; parent = 1373.751; children = 209.953
Synthesis current peak Virtual Memory [VSS] (MB): peak = 3320.410; parent = 2352.012; children = 968.398
---------------------------------------------------------------------------------
---------------------------------------------------------------------------------
Start Applying 'set_property' XDC Constraints
---------------------------------------------------------------------------------
---------------------------------------------------------------------------------
Finished applying 'set_property' XDC Constraints : Time (s): cpu = 00:00:04 ; elapsed = 00:00:05 . Memory (MB): peak = 2384.023 ; gain = 600.219 ; free physical = 48145 ; free virtual = 61321
Synthesis current peak Physical Memory [PSS] (MB): peak = 1583.704; parent = 1373.751; children = 209.953
Synthesis current peak Virtual Memory [VSS] (MB): peak = 3320.410; parent = 2352.012; children = 968.398
---------------------------------------------------------------------------------
INFO: [Synth 8-802] inferred FSM for state register 'mst_exec_state_reg' in module 'SAMPA_REGREAD_v1_0_M00_AXI'
---------------------------------------------------------------------------------------------------
                   State |                     New Encoding |                Previous Encoding 
---------------------------------------------------------------------------------------------------
                    IDLE |                                0 |                               00
               INIT_READ |                                1 |                               10
---------------------------------------------------------------------------------------------------
INFO: [Synth 8-3354] encoded FSM with state register 'mst_exec_state_reg' using encoding 'sequential' in module 'SAMPA_REGREAD_v1_0_M00_AXI'
---------------------------------------------------------------------------------
Finished RTL Optimization Phase 2 : Time (s): cpu = 00:00:04 ; elapsed = 00:00:05 . Memory (MB): peak = 2384.023 ; gain = 600.219 ; free physical = 48138 ; free virtual = 61316
Synthesis current peak Physical Memory [PSS] (MB): peak = 1583.704; parent = 1373.751; children = 209.953
Synthesis current peak Virtual Memory [VSS] (MB): peak = 3320.410; parent = 2352.012; children = 968.398
---------------------------------------------------------------------------------
---------------------------------------------------------------------------------
Start RTL Component Statistics 
---------------------------------------------------------------------------------
Detailed RTL Component Info : 
+---Adders : 
	   2 Input   32 Bit       Adders := 2     
	   2 Input    3 Bit       Adders := 2     
+---Registers : 
	               32 Bit    Registers := 2     
	                3 Bit    Registers := 2     
	                1 Bit    Registers := 17    
+---Muxes : 
	   2 Input    1 Bit        Muxes := 13    
---------------------------------------------------------------------------------
Finished RTL Component Statistics 
---------------------------------------------------------------------------------
---------------------------------------------------------------------------------
Start Part Resource Summary
---------------------------------------------------------------------------------
Part Resources:
DSPs: 576 (col length:72)
BRAMs: 288 (col length: RAMB18 72 RAMB36 36)
---------------------------------------------------------------------------------
Finished Part Resource Summary
---------------------------------------------------------------------------------
---------------------------------------------------------------------------------
Start Cross Boundary and Area Optimization
---------------------------------------------------------------------------------
WARNING: [Synth 8-7080] Parallel synthesis criteria is not met
WARNING: [Synth 8-3936] Found unconnected internal register 'SAMPA_REGREAD_v1_0_M00_AXI_inst/regval_r_reg' and it is trimmed from '32' to '1' bits. [/home/nagafusa/work/spadi/Fakernet/ip_repo/SAMPA_TRG_EN_1_0/hdl/SAMPA_TRG_EN_v1_0_M00_AXI.v:733]
WARNING: [Synth 8-7129] Port m00_axi_wdata[31] in module SAMPA_TRG_EN_v1_0 is either unconnected or has no load
WARNING: [Synth 8-7129] Port m00_axi_wdata[30] in module SAMPA_TRG_EN_v1_0 is either unconnected or has no load
WARNING: [Synth 8-7129] Port m00_axi_wdata[29] in module SAMPA_TRG_EN_v1_0 is either unconnected or has no load
WARNING: [Synth 8-7129] Port m00_axi_wdata[28] in module SAMPA_TRG_EN_v1_0 is either unconnected or has no load
WARNING: [Synth 8-7129] Port m00_axi_wdata[27] in module SAMPA_TRG_EN_v1_0 is either unconnected or has no load
WARNING: [Synth 8-7129] Port m00_axi_wdata[26] in module SAMPA_TRG_EN_v1_0 is either unconnected or has no load
WARNING: [Synth 8-7129] Port m00_axi_wdata[25] in module SAMPA_TRG_EN_v1_0 is either unconnected or has no load
WARNING: [Synth 8-7129] Port m00_axi_wdata[24] in module SAMPA_TRG_EN_v1_0 is either unconnected or has no load
WARNING: [Synth 8-7129] Port m00_axi_wdata[23] in module SAMPA_TRG_EN_v1_0 is either unconnected or has no load
WARNING: [Synth 8-7129] Port m00_axi_wdata[22] in module SAMPA_TRG_EN_v1_0 is either unconnected or has no load
WARNING: [Synth 8-7129] Port m00_axi_wdata[21] in module SAMPA_TRG_EN_v1_0 is either unconnected or has no load
WARNING: [Synth 8-7129] Port m00_axi_wdata[20] in module SAMPA_TRG_EN_v1_0 is either unconnected or has no load
WARNING: [Synth 8-7129] Port m00_axi_wdata[19] in module SAMPA_TRG_EN_v1_0 is either unconnected or has no load
WARNING: [Synth 8-7129] Port m00_axi_wdata[18] in module SAMPA_TRG_EN_v1_0 is either unconnected or has no load
WARNING: [Synth 8-7129] Port m00_axi_wdata[17] in module SAMPA_TRG_EN_v1_0 is either unconnected or has no load
WARNING: [Synth 8-7129] Port m00_axi_wdata[16] in module SAMPA_TRG_EN_v1_0 is either unconnected or has no load
WARNING: [Synth 8-7129] Port m00_axi_wdata[15] in module SAMPA_TRG_EN_v1_0 is either unconnected or has no load
WARNING: [Synth 8-7129] Port m00_axi_wdata[14] in module SAMPA_TRG_EN_v1_0 is either unconnected or has no load
WARNING: [Synth 8-7129] Port m00_axi_wdata[13] in module SAMPA_TRG_EN_v1_0 is either unconnected or has no load
WARNING: [Synth 8-7129] Port m00_axi_wdata[12] in module SAMPA_TRG_EN_v1_0 is either unconnected or has no load
WARNING: [Synth 8-7129] Port m00_axi_wdata[11] in module SAMPA_TRG_EN_v1_0 is either unconnected or has no load
WARNING: [Synth 8-7129] Port m00_axi_wdata[10] in module SAMPA_TRG_EN_v1_0 is either unconnected or has no load
WARNING: [Synth 8-7129] Port m00_axi_wdata[9] in module SAMPA_TRG_EN_v1_0 is either unconnected or has no load
WARNING: [Synth 8-7129] Port m00_axi_wdata[8] in module SAMPA_TRG_EN_v1_0 is either unconnected or has no load
WARNING: [Synth 8-7129] Port m00_axi_wdata[7] in module SAMPA_TRG_EN_v1_0 is either unconnected or has no load
WARNING: [Synth 8-7129] Port m00_axi_wdata[6] in module SAMPA_TRG_EN_v1_0 is either unconnected or has no load
WARNING: [Synth 8-7129] Port m00_axi_wdata[5] in module SAMPA_TRG_EN_v1_0 is either unconnected or has no load
WARNING: [Synth 8-7129] Port m00_axi_wdata[4] in module SAMPA_TRG_EN_v1_0 is either unconnected or has no load
WARNING: [Synth 8-7129] Port m00_axi_wdata[3] in module SAMPA_TRG_EN_v1_0 is either unconnected or has no load
WARNING: [Synth 8-7129] Port m00_axi_wdata[2] in module SAMPA_TRG_EN_v1_0 is either unconnected or has no load
WARNING: [Synth 8-7129] Port m00_axi_wdata[1] in module SAMPA_TRG_EN_v1_0 is either unconnected or has no load
WARNING: [Synth 8-7129] Port m00_axi_wdata[0] in module SAMPA_TRG_EN_v1_0 is either unconnected or has no load
WARNING: [Synth 8-7129] Port m00_axi_init_axi_txn in module SAMPA_TRG_EN_v1_0 is either unconnected or has no load
WARNING: [Synth 8-7129] Port m00_axi_bresp[1] in module SAMPA_TRG_EN_v1_0 is either unconnected or has no load
WARNING: [Synth 8-7129] Port m00_axi_bresp[0] in module SAMPA_TRG_EN_v1_0 is either unconnected or has no load
WARNING: [Synth 8-7129] Port m00_axi_rdata[31] in module SAMPA_TRG_EN_v1_0 is either unconnected or has no load
WARNING: [Synth 8-7129] Port m00_axi_rdata[30] in module SAMPA_TRG_EN_v1_0 is either unconnected or has no load
WARNING: [Synth 8-7129] Port m00_axi_rdata[29] in module SAMPA_TRG_EN_v1_0 is either unconnected or has no load
WARNING: [Synth 8-7129] Port m00_axi_rdata[28] in module SAMPA_TRG_EN_v1_0 is either unconnected or has no load
WARNING: [Synth 8-7129] Port m00_axi_rdata[27] in module SAMPA_TRG_EN_v1_0 is either unconnected or has no load
WARNING: [Synth 8-7129] Port m00_axi_rdata[26] in module SAMPA_TRG_EN_v1_0 is either unconnected or has no load
WARNING: [Synth 8-7129] Port m00_axi_rdata[25] in module SAMPA_TRG_EN_v1_0 is either unconnected or has no load
WARNING: [Synth 8-7129] Port m00_axi_rdata[24] in module SAMPA_TRG_EN_v1_0 is either unconnected or has no load
WARNING: [Synth 8-7129] Port m00_axi_rdata[23] in module SAMPA_TRG_EN_v1_0 is either unconnected or has no load
WARNING: [Synth 8-7129] Port m00_axi_rdata[22] in module SAMPA_TRG_EN_v1_0 is either unconnected or has no load
WARNING: [Synth 8-7129] Port m00_axi_rdata[21] in module SAMPA_TRG_EN_v1_0 is either unconnected or has no load
WARNING: [Synth 8-7129] Port m00_axi_rdata[20] in module SAMPA_TRG_EN_v1_0 is either unconnected or has no load
WARNING: [Synth 8-7129] Port m00_axi_rdata[19] in module SAMPA_TRG_EN_v1_0 is either unconnected or has no load
WARNING: [Synth 8-7129] Port m00_axi_rdata[18] in module SAMPA_TRG_EN_v1_0 is either unconnected or has no load
WARNING: [Synth 8-7129] Port m00_axi_rdata[17] in module SAMPA_TRG_EN_v1_0 is either unconnected or has no load
WARNING: [Synth 8-7129] Port m00_axi_rdata[16] in module SAMPA_TRG_EN_v1_0 is either unconnected or has no load
WARNING: [Synth 8-7129] Port m00_axi_rdata[15] in module SAMPA_TRG_EN_v1_0 is either unconnected or has no load
WARNING: [Synth 8-7129] Port m00_axi_rdata[14] in module SAMPA_TRG_EN_v1_0 is either unconnected or has no load
WARNING: [Synth 8-7129] Port m00_axi_rdata[13] in module SAMPA_TRG_EN_v1_0 is either unconnected or has no load
WARNING: [Synth 8-7129] Port m00_axi_rdata[12] in module SAMPA_TRG_EN_v1_0 is either unconnected or has no load
WARNING: [Synth 8-7129] Port m00_axi_rdata[11] in module SAMPA_TRG_EN_v1_0 is either unconnected or has no load
WARNING: [Synth 8-7129] Port m00_axi_rdata[10] in module SAMPA_TRG_EN_v1_0 is either unconnected or has no load
WARNING: [Synth 8-7129] Port m00_axi_rdata[9] in module SAMPA_TRG_EN_v1_0 is either unconnected or has no load
WARNING: [Synth 8-7129] Port m00_axi_rdata[8] in module SAMPA_TRG_EN_v1_0 is either unconnected or has no load
WARNING: [Synth 8-7129] Port m00_axi_rdata[7] in module SAMPA_TRG_EN_v1_0 is either unconnected or has no load
WARNING: [Synth 8-7129] Port m00_axi_rdata[6] in module SAMPA_TRG_EN_v1_0 is either unconnected or has no load
WARNING: [Synth 8-7129] Port m00_axi_rdata[5] in module SAMPA_TRG_EN_v1_0 is either unconnected or has no load
WARNING: [Synth 8-7129] Port m00_axi_rdata[4] in module SAMPA_TRG_EN_v1_0 is either unconnected or has no load
INFO: [Common 17-14] Message 'Synth 8-7129' appears 100 times and further instances of the messages will be disabled. Use the Tcl command set_msg_config to change the current settings.
---------------------------------------------------------------------------------
Finished Cross Boundary and Area Optimization : Time (s): cpu = 00:00:05 ; elapsed = 00:00:06 . Memory (MB): peak = 2384.023 ; gain = 600.219 ; free physical = 48122 ; free virtual = 61304
Synthesis current peak Physical Memory [PSS] (MB): peak = 1583.704; parent = 1373.751; children = 209.953
Synthesis current peak Virtual Memory [VSS] (MB): peak = 3320.410; parent = 2352.012; children = 968.398
---------------------------------------------------------------------------------
---------------------------------------------------------------------------------
Start Applying XDC Timing Constraints
---------------------------------------------------------------------------------
---------------------------------------------------------------------------------
Finished Applying XDC Timing Constraints : Time (s): cpu = 00:00:06 ; elapsed = 00:00:07 . Memory (MB): peak = 2430.766 ; gain = 646.961 ; free physical = 47901 ; free virtual = 61082
Synthesis current peak Physical Memory [PSS] (MB): peak = 1785.771; parent = 1576.397; children = 209.953
Synthesis current peak Virtual Memory [VSS] (MB): peak = 3399.168; parent = 2430.770; children = 968.398
---------------------------------------------------------------------------------
---------------------------------------------------------------------------------
Start Timing Optimization
---------------------------------------------------------------------------------
---------------------------------------------------------------------------------
Finished Timing Optimization : Time (s): cpu = 00:00:06 ; elapsed = 00:00:07 . Memory (MB): peak = 2430.766 ; gain = 646.961 ; free physical = 47901 ; free virtual = 61082
Synthesis current peak Physical Memory [PSS] (MB): peak = 1785.825; parent = 1576.452; children = 209.953
Synthesis current peak Virtual Memory [VSS] (MB): peak = 3399.168; parent = 2430.770; children = 968.398
---------------------------------------------------------------------------------
---------------------------------------------------------------------------------
Start Technology Mapping
---------------------------------------------------------------------------------
---------------------------------------------------------------------------------
Finished Technology Mapping : Time (s): cpu = 00:00:06 ; elapsed = 00:00:07 . Memory (MB): peak = 2438.773 ; gain = 654.969 ; free physical = 47899 ; free virtual = 61080
Synthesis current peak Physical Memory [PSS] (MB): peak = 1786.251; parent = 1576.878; children = 209.953
Synthesis current peak Virtual Memory [VSS] (MB): peak = 3407.176; parent = 2438.777; children = 968.398
---------------------------------------------------------------------------------
---------------------------------------------------------------------------------
Start IO Insertion
---------------------------------------------------------------------------------
---------------------------------------------------------------------------------
Start Flattening Before IO Insertion
---------------------------------------------------------------------------------
---------------------------------------------------------------------------------
Finished Flattening Before IO Insertion
---------------------------------------------------------------------------------
---------------------------------------------------------------------------------
Start Final Netlist Cleanup
---------------------------------------------------------------------------------
---------------------------------------------------------------------------------
Finished Final Netlist Cleanup
---------------------------------------------------------------------------------
---------------------------------------------------------------------------------
Finished IO Insertion : Time (s): cpu = 00:00:08 ; elapsed = 00:00:09 . Memory (MB): peak = 2441.742 ; gain = 657.938 ; free physical = 47900 ; free virtual = 61082
Synthesis current peak Physical Memory [PSS] (MB): peak = 1786.438; parent = 1577.065; children = 209.953
Synthesis current peak Virtual Memory [VSS] (MB): peak = 3410.145; parent = 2441.746; children = 968.398
---------------------------------------------------------------------------------
---------------------------------------------------------------------------------
Start Renaming Generated Instances
---------------------------------------------------------------------------------
---------------------------------------------------------------------------------
Finished Renaming Generated Instances : Time (s): cpu = 00:00:08 ; elapsed = 00:00:09 . Memory (MB): peak = 2441.742 ; gain = 657.938 ; free physical = 47900 ; free virtual = 61082
Synthesis current peak Physical Memory [PSS] (MB): peak = 1786.438; parent = 1577.065; children = 209.953
Synthesis current peak Virtual Memory [VSS] (MB): peak = 3410.145; parent = 2441.746; children = 968.398
---------------------------------------------------------------------------------
---------------------------------------------------------------------------------
Start Rebuilding User Hierarchy
---------------------------------------------------------------------------------
---------------------------------------------------------------------------------
Finished Rebuilding User Hierarchy : Time (s): cpu = 00:00:08 ; elapsed = 00:00:09 . Memory (MB): peak = 2441.742 ; gain = 657.938 ; free physical = 47900 ; free virtual = 61082
Synthesis current peak Physical Memory [PSS] (MB): peak = 1786.454; parent = 1577.081; children = 209.953
Synthesis current peak Virtual Memory [VSS] (MB): peak = 3410.145; parent = 2441.746; children = 968.398
---------------------------------------------------------------------------------
---------------------------------------------------------------------------------
Start Renaming Generated Ports
---------------------------------------------------------------------------------
---------------------------------------------------------------------------------
Finished Renaming Generated Ports : Time (s): cpu = 00:00:08 ; elapsed = 00:00:09 . Memory (MB): peak = 2441.742 ; gain = 657.938 ; free physical = 47900 ; free virtual = 61082
Synthesis current peak Physical Memory [PSS] (MB): peak = 1786.470; parent = 1577.097; children = 209.953
Synthesis current peak Virtual Memory [VSS] (MB): peak = 3410.145; parent = 2441.746; children = 968.398
---------------------------------------------------------------------------------
---------------------------------------------------------------------------------
Start Handling Custom Attributes
---------------------------------------------------------------------------------
---------------------------------------------------------------------------------
Finished Handling Custom Attributes : Time (s): cpu = 00:00:08 ; elapsed = 00:00:09 . Memory (MB): peak = 2441.742 ; gain = 657.938 ; free physical = 47900 ; free virtual = 61082
Synthesis current peak Physical Memory [PSS] (MB): peak = 1786.470; parent = 1577.097; children = 209.953
Synthesis current peak Virtual Memory [VSS] (MB): peak = 3410.145; parent = 2441.746; children = 968.398
---------------------------------------------------------------------------------
---------------------------------------------------------------------------------
Start Renaming Generated Nets
---------------------------------------------------------------------------------
---------------------------------------------------------------------------------
Finished Renaming Generated Nets : Time (s): cpu = 00:00:08 ; elapsed = 00:00:09 . Memory (MB): peak = 2441.742 ; gain = 657.938 ; free physical = 47900 ; free virtual = 61082
Synthesis current peak Physical Memory [PSS] (MB): peak = 1786.485; parent = 1577.112; children = 209.953
Synthesis current peak Virtual Memory [VSS] (MB): peak = 3410.145; parent = 2441.746; children = 968.398
---------------------------------------------------------------------------------
---------------------------------------------------------------------------------
Start Writing Synthesis Report
---------------------------------------------------------------------------------

Report BlackBoxes: 
+-+--------------+----------+
| |BlackBox name |Instances |
+-+--------------+----------+
+-+--------------+----------+

Report Cell Usage: 
+------+-------+------+
|      |Cell   |Count |
+------+-------+------+
|1     |CARRY8 |     4|
|2     |LUT1   |     3|
|3     |LUT2   |     3|
|4     |LUT3   |     4|
|5     |LUT4   |     3|
|6     |LUT5   |     5|
|7     |LUT6   |     4|
|8     |FDRE   |    43|
+------+-------+------+
---------------------------------------------------------------------------------
Finished Writing Synthesis Report : Time (s): cpu = 00:00:08 ; elapsed = 00:00:09 . Memory (MB): peak = 2441.742 ; gain = 657.938 ; free physical = 47900 ; free virtual = 61081
Synthesis current peak Physical Memory [PSS] (MB): peak = 1786.505; parent = 1577.132; children = 209.953
Synthesis current peak Virtual Memory [VSS] (MB): peak = 3410.145; parent = 2441.746; children = 968.398
---------------------------------------------------------------------------------
Synthesis finished with 0 errors, 0 critical warnings and 70 warnings.
Synthesis Optimization Runtime : Time (s): cpu = 00:00:07 ; elapsed = 00:00:09 . Memory (MB): peak = 2441.742 ; gain = 511.188 ; free physical = 47916 ; free virtual = 61097
Synthesis Optimization Complete : Time (s): cpu = 00:00:08 ; elapsed = 00:00:09 . Memory (MB): peak = 2441.750 ; gain = 657.938 ; free physical = 47916 ; free virtual = 61097
INFO: [Project 1-571] Translating synthesized netlist
Netlist sorting complete. Time (s): cpu = 00:00:00 ; elapsed = 00:00:00 . Memory (MB): peak = 2448.680 ; gain = 0.000 ; free physical = 48021 ; free virtual = 61202
INFO: [Netlist 29-17] Analyzing 4 Unisim elements for replacement
INFO: [Netlist 29-28] Unisim Transformation completed in 0 CPU seconds
INFO: [Project 1-570] Preparing netlist for logic optimization
INFO: [Opt 31-138] Pushed 0 inverter(s) to 0 load pin(s).
Netlist sorting complete. Time (s): cpu = 00:00:00 ; elapsed = 00:00:00 . Memory (MB): peak = 2492.504 ; gain = 0.000 ; free physical = 47989 ; free virtual = 61171
INFO: [Project 1-111] Unisim Transformation Summary:
No Unisim elements were transformed.

Synth Design complete, checksum: a59acebe
INFO: [Common 17-83] Releasing license: Synthesis
40 Infos, 117 Warnings, 0 Critical Warnings and 0 Errors encountered.
synth_design completed successfully
synth_design: Time (s): cpu = 00:00:10 ; elapsed = 00:00:58 . Memory (MB): peak = 2492.504 ; gain = 1198.977 ; free physical = 48205 ; free virtual = 61386
INFO: [Common 17-1381] The checkpoint '/home/nagafusa/work/spadi/Fakernet/SAMIDARE/samidare.runs/top_block_SAMPA_TRG_EN_v1_0_0_0_synth_1/top_block_SAMPA_TRG_EN_v1_0_0_0.dcp' has been generated.
INFO: [Coretcl 2-1648] Added synthesis output to IP cache for IP top_block_SAMPA_TRG_EN_v1_0_0_0, cache-ID = b4f9263acf715c3f
INFO: [Coretcl 2-1174] Renamed 2 cell refs.
INFO: [Common 17-1381] The checkpoint '/home/nagafusa/work/spadi/Fakernet/SAMIDARE/samidare.runs/top_block_SAMPA_TRG_EN_v1_0_0_0_synth_1/top_block_SAMPA_TRG_EN_v1_0_0_0.dcp' has been generated.
INFO: [runtcl-4] Executing : report_utilization -file top_block_SAMPA_TRG_EN_v1_0_0_0_utilization_synth.rpt -pb top_block_SAMPA_TRG_EN_v1_0_0_0_utilization_synth.pb
INFO: [Common 17-206] Exiting Vivado at Wed Apr  9 22:21:55 2025...
