
*** Running vivado
    with args -log top_block_data_processor_0_0.vds -m64 -product Vivado -mode batch -messageDb vivado.pb -notrace -source top_block_data_processor_0_0.tcl


****** Vivado v2022.2 (64-bit)
  **** SW Build 3671981 on Fri Oct 14 04:59:54 MDT 2022
  **** IP Build 3669848 on Fri Oct 14 08:30:02 MDT 2022
    ** Copyright 1986-2022 Xilinx, Inc. All Rights Reserved.

source top_block_data_processor_0_0.tcl -notrace
INFO: [IP_Flow 19-234] Refreshing IP repositories
INFO: [IP_Flow 19-1700] Loaded user IP repository '/home/nagafusa/work/spadi/Fakernet/ip_repo/data_receiver_1_0'.
INFO: [IP_Flow 19-1700] Loaded user IP repository '/home/nagafusa/work/spadi/Fakernet/ip_repo/data_sender_1_0'.
INFO: [IP_Flow 19-1700] Loaded user IP repository '/home/nagafusa/work/spadi/Fakernet/ip_repo/SAMPA_PON_2_0'.
INFO: [IP_Flow 19-1700] Loaded user IP repository '/home/nagafusa/work/spadi/Fakernet/ip_repo/I2C_Controller_1_0'.
INFO: [IP_Flow 19-1700] Loaded user IP repository '/home/nagafusa/work/spadi/Fakernet/ip_repo/start_i2c_write_1_0'.
WARNING: [IP_Flow 19-2248] Failed to load user IP repository '/home/nagafusa/work/spadi/Fakernet/ip_repo/I2C_controller_1_0'; Can't find the specified path.
If this directory should no longer be in your list of user repositories, go to the IP Settings dialog and remove it.
WARNING: [IP_Flow 19-2207] Repository '/home/nagafusa/work/spadi/Fakernet/ip_repo/I2C_controller_1_0' already exists; ignoring attempt to add it again.
WARNING: [IP_Flow 19-2248] Failed to load user IP repository '/home/nagafusa/work/spadi/Fakernet/ip_repo/I2C_controller_1_0'; Can't find the specified path.
If this directory should no longer be in your list of user repositories, go to the IP Settings dialog and remove it.
INFO: [IP_Flow 19-2313] Loaded Vivado IP repository '/opt/Xilinx/Vivado/2022.2/data/ip'.
INFO: [IP_Flow 19-6924] IPCACHE: Running cache check for IP inst: top_block_data_processor_0_0
Command: synth_design -top top_block_data_processor_0_0 -part xcau15p-sbvb484-1-i -incremental_mode off -mode out_of_context
Starting synth_design
Attempting to get a license for feature 'Synthesis' and/or device 'xcau15p'
INFO: [Common 17-349] Got license for feature 'Synthesis' and/or device 'xcau15p'
INFO: [Device 21-403] Loading part xcau15p-sbvb484-1-i
INFO: [Synth 8-7079] Multithreading enabled for synth_design using a maximum of 4 processes.
INFO: [Synth 8-7078] Launching helper process for spawning children vivado processes
INFO: [Synth 8-7075] Helper process launched with PID 914838
INFO: [Synth 8-11241] undeclared symbol 'REGCCE', assumed default net type 'wire' [/opt/Xilinx/Vivado/2022.2/data/verilog/src/unimacro/BRAM_SINGLE_MACRO.v:2170]
---------------------------------------------------------------------------------
Starting RTL Elaboration : Time (s): cpu = 00:00:02 ; elapsed = 00:00:02 . Memory (MB): peak = 2147.219 ; gain = 363.727 ; free physical = 34013 ; free virtual = 54037
Synthesis current peak Physical Memory [PSS] (MB): peak = 1372.619; parent = 1239.701; children = 132.918
Synthesis current peak Virtual Memory [VSS] (MB): peak = 3121.668; parent = 2153.160; children = 968.508
---------------------------------------------------------------------------------
INFO: [Synth 8-6157] synthesizing module 'top_block_data_processor_0_0' [/home/nagafusa/work/spadi/Fakernet/SAMIDARE/samidare.gen/sources_1/bd/top_block/ip/top_block_data_processor_0_0/synth/top_block_data_processor_0_0.v:53]
INFO: [Synth 8-6157] synthesizing module 'data_processor' [/home/nagafusa/work/spadi/Fakernet/SAMIDARE/samidare.srcs/sources_1/new/data_processor.v:42]
INFO: [Synth 8-6155] done synthesizing module 'data_processor' (0#1) [/home/nagafusa/work/spadi/Fakernet/SAMIDARE/samidare.srcs/sources_1/new/data_processor.v:42]
INFO: [Synth 8-6155] done synthesizing module 'top_block_data_processor_0_0' (0#1) [/home/nagafusa/work/spadi/Fakernet/SAMIDARE/samidare.gen/sources_1/bd/top_block/ip/top_block_data_processor_0_0/synth/top_block_data_processor_0_0.v:53]
WARNING: [Synth 8-7137] Register req_reg in module data_processor has both Set and reset with same priority. This may cause simulation mismatches. Consider rewriting code  [/home/nagafusa/work/spadi/Fakernet/SAMIDARE/samidare.srcs/sources_1/new/data_processor.v:104]
---------------------------------------------------------------------------------
Finished RTL Elaboration : Time (s): cpu = 00:00:02 ; elapsed = 00:00:03 . Memory (MB): peak = 2222.125 ; gain = 438.633 ; free physical = 34655 ; free virtual = 54684
Synthesis current peak Physical Memory [PSS] (MB): peak = 1372.619; parent = 1239.701; children = 132.918
Synthesis current peak Virtual Memory [VSS] (MB): peak = 3190.637; parent = 2222.129; children = 968.508
---------------------------------------------------------------------------------
---------------------------------------------------------------------------------
Start Handling Custom Attributes
---------------------------------------------------------------------------------
---------------------------------------------------------------------------------
Finished Handling Custom Attributes : Time (s): cpu = 00:00:02 ; elapsed = 00:00:03 . Memory (MB): peak = 2239.938 ; gain = 456.445 ; free physical = 34627 ; free virtual = 54656
Synthesis current peak Physical Memory [PSS] (MB): peak = 1372.619; parent = 1239.701; children = 132.918
Synthesis current peak Virtual Memory [VSS] (MB): peak = 3208.449; parent = 2239.941; children = 968.508
---------------------------------------------------------------------------------
---------------------------------------------------------------------------------
Finished RTL Optimization Phase 1 : Time (s): cpu = 00:00:02 ; elapsed = 00:00:03 . Memory (MB): peak = 2239.938 ; gain = 456.445 ; free physical = 34610 ; free virtual = 54639
Synthesis current peak Physical Memory [PSS] (MB): peak = 1372.619; parent = 1239.701; children = 132.918
Synthesis current peak Virtual Memory [VSS] (MB): peak = 3208.449; parent = 2239.941; children = 968.508
---------------------------------------------------------------------------------
Netlist sorting complete. Time (s): cpu = 00:00:00 ; elapsed = 00:00:00 . Memory (MB): peak = 2239.938 ; gain = 0.000 ; free physical = 34565 ; free virtual = 54594
INFO: [Project 1-570] Preparing netlist for logic optimization

Processing XDC Constraints
Initializing timing engine
Completed Processing XDC Constraints

Netlist sorting complete. Time (s): cpu = 00:00:00 ; elapsed = 00:00:00 . Memory (MB): peak = 2338.875 ; gain = 0.000 ; free physical = 34522 ; free virtual = 54551
INFO: [Project 1-111] Unisim Transformation Summary:
No Unisim elements were transformed.

Constraint Validation Runtime : Time (s): cpu = 00:00:00.03 ; elapsed = 00:00:00.01 . Memory (MB): peak = 2362.688 ; gain = 23.812 ; free physical = 34540 ; free virtual = 54568
INFO: [Designutils 20-5008] Incremental synthesis strategy off
INFO: [Synth 8-11241] undeclared symbol 'REGCCE', assumed default net type 'wire' [/opt/Xilinx/Vivado/2022.2/data/verilog/src/unimacro/BRAM_SINGLE_MACRO.v:2170]
---------------------------------------------------------------------------------
Finished Constraint Validation : Time (s): cpu = 00:00:05 ; elapsed = 00:00:05 . Memory (MB): peak = 2362.688 ; gain = 579.195 ; free physical = 34550 ; free virtual = 54583
Synthesis current peak Physical Memory [PSS] (MB): peak = 1372.619; parent = 1239.701; children = 132.918
Synthesis current peak Virtual Memory [VSS] (MB): peak = 3299.184; parent = 2330.676; children = 968.508
---------------------------------------------------------------------------------
---------------------------------------------------------------------------------
Start Loading Part and Timing Information
---------------------------------------------------------------------------------
Loading part: xcau15p-sbvb484-1-i
INFO: [Synth 8-6742] Reading net delay rules and data
---------------------------------------------------------------------------------
Finished Loading Part and Timing Information : Time (s): cpu = 00:00:05 ; elapsed = 00:00:05 . Memory (MB): peak = 2362.688 ; gain = 579.195 ; free physical = 34547 ; free virtual = 54581
Synthesis current peak Physical Memory [PSS] (MB): peak = 1372.619; parent = 1239.701; children = 132.918
Synthesis current peak Virtual Memory [VSS] (MB): peak = 3299.184; parent = 2330.676; children = 968.508
---------------------------------------------------------------------------------
---------------------------------------------------------------------------------
Start Applying 'set_property' XDC Constraints
---------------------------------------------------------------------------------
---------------------------------------------------------------------------------
Finished applying 'set_property' XDC Constraints : Time (s): cpu = 00:00:05 ; elapsed = 00:00:05 . Memory (MB): peak = 2362.688 ; gain = 579.195 ; free physical = 34542 ; free virtual = 54578
Synthesis current peak Physical Memory [PSS] (MB): peak = 1372.619; parent = 1239.701; children = 132.918
Synthesis current peak Virtual Memory [VSS] (MB): peak = 3299.184; parent = 2330.676; children = 968.508
---------------------------------------------------------------------------------
INFO: [Synth 8-802] inferred FSM for state register 'state_reg' in module 'data_processor'
---------------------------------------------------------------------------------------------------
                   State |                     New Encoding |                Previous Encoding 
---------------------------------------------------------------------------------------------------
                    WAIT |                             0001 |                              000
                    LOAD |                             0010 |                              001
                    SEND |                             0100 |                              010
                ACK_WAIT |                             1000 |                              011
---------------------------------------------------------------------------------------------------
INFO: [Synth 8-3354] encoded FSM with state register 'state_reg' using encoding 'one-hot' in module 'data_processor'
---------------------------------------------------------------------------------
Finished RTL Optimization Phase 2 : Time (s): cpu = 00:00:05 ; elapsed = 00:00:06 . Memory (MB): peak = 2362.688 ; gain = 579.195 ; free physical = 34480 ; free virtual = 54523
Synthesis current peak Physical Memory [PSS] (MB): peak = 1372.619; parent = 1239.701; children = 132.918
Synthesis current peak Virtual Memory [VSS] (MB): peak = 3299.184; parent = 2330.676; children = 968.508
---------------------------------------------------------------------------------
---------------------------------------------------------------------------------
Start RTL Component Statistics 
---------------------------------------------------------------------------------
Detailed RTL Component Info : 
+---Adders : 
	   2 Input    8 Bit       Adders := 1     
	   2 Input    2 Bit       Adders := 1     
+---Registers : 
	              320 Bit    Registers := 1     
	                8 Bit    Registers := 1     
	                4 Bit    Registers := 1     
	                2 Bit    Registers := 2     
	                1 Bit    Registers := 3     
+---Muxes : 
	   4 Input  320 Bit        Muxes := 1     
	   4 Input    8 Bit        Muxes := 1     
	   4 Input    4 Bit        Muxes := 2     
	   2 Input    4 Bit        Muxes := 3     
	   4 Input    2 Bit        Muxes := 1     
	   4 Input    1 Bit        Muxes := 6     
---------------------------------------------------------------------------------
Finished RTL Component Statistics 
---------------------------------------------------------------------------------
---------------------------------------------------------------------------------
Start Part Resource Summary
---------------------------------------------------------------------------------
Part Resources:
DSPs: 576 (col length:72)
BRAMs: 288 (col length: RAMB18 72 RAMB36 36)
---------------------------------------------------------------------------------
Finished Part Resource Summary
---------------------------------------------------------------------------------
---------------------------------------------------------------------------------
Start Cross Boundary and Area Optimization
---------------------------------------------------------------------------------
WARNING: [Synth 8-7080] Parallel synthesis criteria is not met
---------------------------------------------------------------------------------
Finished Cross Boundary and Area Optimization : Time (s): cpu = 00:00:06 ; elapsed = 00:00:07 . Memory (MB): peak = 2362.688 ; gain = 579.195 ; free physical = 34149 ; free virtual = 54200
Synthesis current peak Physical Memory [PSS] (MB): peak = 1372.619; parent = 1239.701; children = 132.918
Synthesis current peak Virtual Memory [VSS] (MB): peak = 3299.184; parent = 2330.676; children = 968.508
---------------------------------------------------------------------------------
---------------------------------------------------------------------------------
Start Applying XDC Timing Constraints
---------------------------------------------------------------------------------
---------------------------------------------------------------------------------
Finished Applying XDC Timing Constraints : Time (s): cpu = 00:00:08 ; elapsed = 00:00:09 . Memory (MB): peak = 2420.398 ; gain = 636.906 ; free physical = 33652 ; free virtual = 53709
Synthesis current peak Physical Memory [PSS] (MB): peak = 1563.645; parent = 1429.604; children = 134.040
Synthesis current peak Virtual Memory [VSS] (MB): peak = 3388.910; parent = 2420.402; children = 968.508
---------------------------------------------------------------------------------
---------------------------------------------------------------------------------
Start Timing Optimization
---------------------------------------------------------------------------------
---------------------------------------------------------------------------------
Finished Timing Optimization : Time (s): cpu = 00:00:08 ; elapsed = 00:00:09 . Memory (MB): peak = 2420.398 ; gain = 636.906 ; free physical = 33651 ; free virtual = 53708
Synthesis current peak Physical Memory [PSS] (MB): peak = 1564.359; parent = 1430.319; children = 134.040
Synthesis current peak Virtual Memory [VSS] (MB): peak = 3388.910; parent = 2420.402; children = 968.508
---------------------------------------------------------------------------------
---------------------------------------------------------------------------------
Start Technology Mapping
---------------------------------------------------------------------------------
---------------------------------------------------------------------------------
Finished Technology Mapping : Time (s): cpu = 00:00:08 ; elapsed = 00:00:09 . Memory (MB): peak = 2439.430 ; gain = 655.938 ; free physical = 33650 ; free virtual = 53707
Synthesis current peak Physical Memory [PSS] (MB): peak = 1564.359; parent = 1430.319; children = 134.040
Synthesis current peak Virtual Memory [VSS] (MB): peak = 3407.941; parent = 2439.434; children = 968.508
---------------------------------------------------------------------------------
---------------------------------------------------------------------------------
Start IO Insertion
---------------------------------------------------------------------------------
---------------------------------------------------------------------------------
Start Flattening Before IO Insertion
---------------------------------------------------------------------------------
---------------------------------------------------------------------------------
Finished Flattening Before IO Insertion
---------------------------------------------------------------------------------
---------------------------------------------------------------------------------
Start Final Netlist Cleanup
---------------------------------------------------------------------------------
---------------------------------------------------------------------------------
Finished Final Netlist Cleanup
---------------------------------------------------------------------------------
---------------------------------------------------------------------------------
Finished IO Insertion : Time (s): cpu = 00:00:09 ; elapsed = 00:00:11 . Memory (MB): peak = 2445.367 ; gain = 661.875 ; free physical = 34668 ; free virtual = 54726
Synthesis current peak Physical Memory [PSS] (MB): peak = 1580.786; parent = 1436.305; children = 144.481
Synthesis current peak Virtual Memory [VSS] (MB): peak = 3413.879; parent = 2445.371; children = 968.508
---------------------------------------------------------------------------------
---------------------------------------------------------------------------------
Start Renaming Generated Instances
---------------------------------------------------------------------------------
---------------------------------------------------------------------------------
Finished Renaming Generated Instances : Time (s): cpu = 00:00:09 ; elapsed = 00:00:11 . Memory (MB): peak = 2445.367 ; gain = 661.875 ; free physical = 34658 ; free virtual = 54717
Synthesis current peak Physical Memory [PSS] (MB): peak = 1580.849; parent = 1436.367; children = 144.481
Synthesis current peak Virtual Memory [VSS] (MB): peak = 3413.879; parent = 2445.371; children = 968.508
---------------------------------------------------------------------------------
---------------------------------------------------------------------------------
Start Rebuilding User Hierarchy
---------------------------------------------------------------------------------
---------------------------------------------------------------------------------
Finished Rebuilding User Hierarchy : Time (s): cpu = 00:00:09 ; elapsed = 00:00:11 . Memory (MB): peak = 2445.367 ; gain = 661.875 ; free physical = 34641 ; free virtual = 54694
Synthesis current peak Physical Memory [PSS] (MB): peak = 1580.890; parent = 1436.454; children = 144.481
Synthesis current peak Virtual Memory [VSS] (MB): peak = 3413.879; parent = 2445.371; children = 968.508
---------------------------------------------------------------------------------
---------------------------------------------------------------------------------
Start Renaming Generated Ports
---------------------------------------------------------------------------------
---------------------------------------------------------------------------------
Finished Renaming Generated Ports : Time (s): cpu = 00:00:09 ; elapsed = 00:00:11 . Memory (MB): peak = 2445.367 ; gain = 661.875 ; free physical = 34645 ; free virtual = 54698
Synthesis current peak Physical Memory [PSS] (MB): peak = 1580.891; parent = 1436.454; children = 144.481
Synthesis current peak Virtual Memory [VSS] (MB): peak = 3413.879; parent = 2445.371; children = 968.508
---------------------------------------------------------------------------------
---------------------------------------------------------------------------------
Start Handling Custom Attributes
---------------------------------------------------------------------------------
---------------------------------------------------------------------------------
Finished Handling Custom Attributes : Time (s): cpu = 00:00:09 ; elapsed = 00:00:11 . Memory (MB): peak = 2445.367 ; gain = 661.875 ; free physical = 34607 ; free virtual = 54660
Synthesis current peak Physical Memory [PSS] (MB): peak = 1580.952; parent = 1436.472; children = 144.481
Synthesis current peak Virtual Memory [VSS] (MB): peak = 3413.879; parent = 2445.371; children = 968.508
---------------------------------------------------------------------------------
---------------------------------------------------------------------------------
Start Renaming Generated Nets
---------------------------------------------------------------------------------
---------------------------------------------------------------------------------
Finished Renaming Generated Nets : Time (s): cpu = 00:00:09 ; elapsed = 00:00:11 . Memory (MB): peak = 2445.367 ; gain = 661.875 ; free physical = 34613 ; free virtual = 54662
Synthesis current peak Physical Memory [PSS] (MB): peak = 1580.961; parent = 1436.520; children = 144.481
Synthesis current peak Virtual Memory [VSS] (MB): peak = 3413.879; parent = 2445.371; children = 968.508
---------------------------------------------------------------------------------
---------------------------------------------------------------------------------
Start Writing Synthesis Report
---------------------------------------------------------------------------------

Report BlackBoxes: 
+-+--------------+----------+
| |BlackBox name |Instances |
+-+--------------+----------+
+-+--------------+----------+

Report Cell Usage: 
+------+-----+------+
|      |Cell |Count |
+------+-----+------+
|1     |LUT2 |     4|
|2     |LUT3 |     5|
|3     |LUT4 |     8|
|4     |LUT5 |     5|
|5     |LUT6 |   333|
|6     |FDCE |   340|
|7     |FDPE |     1|
|8     |FDRE |     4|
+------+-----+------+
---------------------------------------------------------------------------------
Finished Writing Synthesis Report : Time (s): cpu = 00:00:09 ; elapsed = 00:00:11 . Memory (MB): peak = 2445.367 ; gain = 661.875 ; free physical = 34618 ; free virtual = 54666
Synthesis current peak Physical Memory [PSS] (MB): peak = 1580.961; parent = 1436.520; children = 144.481
Synthesis current peak Virtual Memory [VSS] (MB): peak = 3413.879; parent = 2445.371; children = 968.508
---------------------------------------------------------------------------------
Synthesis finished with 0 errors, 0 critical warnings and 1 warnings.
Synthesis Optimization Runtime : Time (s): cpu = 00:00:09 ; elapsed = 00:00:11 . Memory (MB): peak = 2445.367 ; gain = 539.125 ; free physical = 34632 ; free virtual = 54676
Synthesis Optimization Complete : Time (s): cpu = 00:00:09 ; elapsed = 00:00:11 . Memory (MB): peak = 2445.375 ; gain = 661.875 ; free physical = 34626 ; free virtual = 54664
INFO: [Project 1-571] Translating synthesized netlist
Netlist sorting complete. Time (s): cpu = 00:00:00.01 ; elapsed = 00:00:00 . Memory (MB): peak = 2453.305 ; gain = 0.000 ; free physical = 34718 ; free virtual = 54756
INFO: [Project 1-570] Preparing netlist for logic optimization
INFO: [Opt 31-138] Pushed 0 inverter(s) to 0 load pin(s).
Netlist sorting complete. Time (s): cpu = 00:00:00 ; elapsed = 00:00:00 . Memory (MB): peak = 2501.098 ; gain = 0.000 ; free physical = 34657 ; free virtual = 54695
INFO: [Project 1-111] Unisim Transformation Summary:
No Unisim elements were transformed.

Synth Design complete, checksum: 5893fcd5
INFO: [Common 17-83] Releasing license: Synthesis
30 Infos, 5 Warnings, 0 Critical Warnings and 0 Errors encountered.
synth_design completed successfully
synth_design: Time (s): cpu = 00:00:12 ; elapsed = 00:00:13 . Memory (MB): peak = 2501.098 ; gain = 1207.531 ; free physical = 34882 ; free virtual = 54920
INFO: [Common 17-1381] The checkpoint '/home/nagafusa/work/spadi/Fakernet/SAMIDARE/samidare.runs/top_block_data_processor_0_0_synth_1/top_block_data_processor_0_0.dcp' has been generated.
INFO: [Coretcl 2-1648] Added synthesis output to IP cache for IP top_block_data_processor_0_0, cache-ID = 3b3d338b23ba384d
INFO: [Common 17-1381] The checkpoint '/home/nagafusa/work/spadi/Fakernet/SAMIDARE/samidare.runs/top_block_data_processor_0_0_synth_1/top_block_data_processor_0_0.dcp' has been generated.
INFO: [runtcl-4] Executing : report_utilization -file top_block_data_processor_0_0_utilization_synth.rpt -pb top_block_data_processor_0_0_utilization_synth.pb
INFO: [Common 17-206] Exiting Vivado at Mon Jan 13 19:57:24 2025...
