Copyright 1986-2022 Xilinx, Inc. All Rights Reserved.
-----------------------------------------------------------------------------------------------------------------------------
| Tool Version : Vivado v.2022.2 (lin64) Build 3671981 Fri Oct 14 04:59:54 MDT 2022
| Date         : Sat Apr 19 16:27:14 2025
| Host         : e16fpga01 running 64-bit Ubuntu 24.04.2 LTS
| Command      : report_utilization -file top_block_wrapper_utilization_synth.rpt -pb top_block_wrapper_utilization_synth.pb
| Design       : top_block_wrapper
| Device       : xcau15p-sbvb484-1-i
| Speed File   : -1
| Design State : Synthesized
-----------------------------------------------------------------------------------------------------------------------------

Utilization Design Information

Table of Contents
-----------------
1. CLB Logic
1.1 Summary of Registers by Type
2. BLOCKRAM
3. ARITHMETIC
4. I/O
5. CLOCK
6. ADVANCED
7. CONFIGURATION
8. Primitives
9. Black Boxes
10. Instantiated Netlists

1. CLB Logic
------------

+----------------------------+-------+-------+------------+-----------+-------+
|          Site Type         |  Used | Fixed | Prohibited | Available | Util% |
+----------------------------+-------+-------+------------+-----------+-------+
| CLB LUTs*                  | 20963 |     0 |          0 |     77760 | 26.96 |
|   LUT as Logic             | 20139 |     0 |          0 |     77760 | 25.90 |
|   LUT as Memory            |   824 |     0 |          0 |     40320 |  2.04 |
|     LUT as Distributed RAM |   780 |     0 |            |           |       |
|     LUT as Shift Register  |    44 |     0 |            |           |       |
| CLB Registers              | 23268 |     0 |          0 |    155520 | 14.96 |
|   Register as Flip Flop    | 21200 |     0 |          0 |    155520 | 13.63 |
|   Register as Latch        |  2068 |     0 |          0 |    155520 |  1.33 |
| CARRY8                     |   186 |     0 |          0 |      9720 |  1.91 |
| F7 Muxes                   |    66 |     0 |          0 |     38880 |  0.17 |
| F8 Muxes                   |    21 |     0 |          0 |     19440 |  0.11 |
| F9 Muxes                   |     0 |     0 |          0 |      9720 |  0.00 |
+----------------------------+-------+-------+------------+-----------+-------+
* Warning! The Final LUT count, after physical optimizations and full implementation, is typically lower. Run opt_design after synthesis, if not already completed, for a more realistic count.
Warning! LUT value is adjusted to account for LUT combining.


1.1 Summary of Registers by Type
--------------------------------

+-------+--------------+-------------+--------------+
| Total | Clock Enable | Synchronous | Asynchronous |
+-------+--------------+-------------+--------------+
| 6204  |            _ |           - |            - |
| 0     |            _ |           - |          Set |
| 0     |            _ |           - |        Reset |
| 0     |            _ |         Set |            - |
| 0     |            _ |       Reset |            - |
| 0     |          Yes |           - |            - |
| 109   |          Yes |           - |          Set |
| 3371  |          Yes |           - |        Reset |
| 217   |          Yes |         Set |            - |
| 13367 |          Yes |       Reset |            - |
+-------+--------------+-------------+--------------+


2. BLOCKRAM
-----------

+-------------------+------+-------+------------+-----------+-------+
|     Site Type     | Used | Fixed | Prohibited | Available | Util% |
+-------------------+------+-------+------------+-----------+-------+
| Block RAM Tile    |   30 |     0 |          0 |       144 | 20.83 |
|   RAMB36/FIFO*    |   24 |     0 |          0 |       144 | 16.67 |
|     RAMB36E2 only |   24 |       |            |           |       |
|   RAMB18          |   12 |     0 |          0 |       288 |  4.17 |
|     RAMB18E2 only |   12 |       |            |           |       |
+-------------------+------+-------+------------+-----------+-------+
* Note: Each Block RAM Tile only has one FIFO logic available and therefore can accommodate only one FIFO36E2 or one FIFO18E2. However, if a FIFO18E2 occupies a Block RAM Tile, that tile can still accommodate a RAMB18E2


3. ARITHMETIC
-------------

+-----------+------+-------+------------+-----------+-------+
| Site Type | Used | Fixed | Prohibited | Available | Util% |
+-----------+------+-------+------------+-----------+-------+
| DSPs      |    0 |     0 |          0 |       576 |  0.00 |
+-----------+------+-------+------------+-----------+-------+


4. I/O
------

+------------+------+-------+------------+-----------+-------+
|  Site Type | Used | Fixed | Prohibited | Available | Util% |
+------------+------+-------+------------+-----------+-------+
| Bonded IOB |  138 |     0 |          0 |       204 | 67.65 |
+------------+------+-------+------------+-----------+-------+


5. CLOCK
--------

+----------------------+------+-------+------------+-----------+--------+
|       Site Type      | Used | Fixed | Prohibited | Available |  Util% |
+----------------------+------+-------+------------+-----------+--------+
| GLOBAL CLOCK BUFFERs |   14 |     0 |          0 |       192 |   7.29 |
|   BUFGCE             |   10 |     0 |          0 |        84 |  11.90 |
|   BUFGCE_DIV         |    0 |     0 |          0 |        12 |   0.00 |
|   BUFG_GT            |    4 |     0 |          0 |        72 |   5.56 |
|   BUFGCTRL*          |    0 |     0 |          0 |        24 |   0.00 |
| PLL                  |    0 |     0 |          0 |         6 |   0.00 |
| MMCM                 |    3 |     0 |          0 |         3 | 100.00 |
+----------------------+------+-------+------------+-----------+--------+
* Note: Each used BUFGCTRL counts as two GLOBAL CLOCK BUFFERs. This table does not include global clocking resources, only buffer cell usage. See the Clock Utilization Report (report_clock_utilization) for detailed accounting of global clocking resource availability.


6. ADVANCED
-----------

+-----------------+------+-------+------------+-----------+-------+
|    Site Type    | Used | Fixed | Prohibited | Available | Util% |
+-----------------+------+-------+------------+-----------+-------+
| GTHE4_CHANNEL   |    1 |     0 |          0 |        12 |  8.33 |
| GTHE4_COMMON    |    0 |     0 |          0 |         3 |  0.00 |
| OBUFDS_GTE4     |    0 |     0 |          0 |         6 |  0.00 |
| OBUFDS_GTE4_ADV |    0 |     0 |          0 |         6 |  0.00 |
| PCIE4CE4        |    0 |     0 |          0 |         1 |  0.00 |
| SYSMONE4        |    0 |     0 |          0 |         1 |  0.00 |
+-----------------+------+-------+------------+-----------+-------+


7. CONFIGURATION
----------------

+-------------+------+-------+------------+-----------+--------+
|  Site Type  | Used | Fixed | Prohibited | Available |  Util% |
+-------------+------+-------+------------+-----------+--------+
| BSCANE2     |    0 |     0 |          0 |         4 |   0.00 |
| DNA_PORTE2  |    1 |     0 |          0 |         1 | 100.00 |
| EFUSE_USR   |    0 |     0 |          0 |         1 |   0.00 |
| FRAME_ECCE4 |    0 |     0 |          0 |         1 |   0.00 |
| ICAPE3      |    0 |     0 |          0 |         2 |   0.00 |
| MASTER_JTAG |    0 |     0 |          0 |         1 |   0.00 |
| STARTUPE3   |    0 |     0 |          0 |         1 |   0.00 |
+-------------+------+-------+------------+-----------+--------+


8. Primitives
-------------

+---------------+-------+---------------------+
|    Ref Name   |  Used | Functional Category |
+---------------+-------+---------------------+
| FDRE          | 13367 |            Register |
| LUT6          |  5580 |                 CLB |
| FDCE          |  5439 |            Register |
| LUT2          |  5397 |                 CLB |
| LUT3          |  3709 |                 CLB |
| LUT5          |  3523 |                 CLB |
| LUT4          |  2609 |                 CLB |
| FDPE          |  2177 |            Register |
| LDCE          |  2068 |            Register |
| RAMD32        |  1348 |                 CLB |
| LUT1          |   690 |                 CLB |
| FDSE          |   217 |            Register |
| RAMS32        |   192 |                 CLB |
| CARRY8        |   186 |                 CLB |
| MUXF7         |    66 |                 CLB |
| IBUFCTRL      |    49 |              Others |
| IDELAYE3      |    48 |                 I/O |
| OBUF          |    45 |                 I/O |
| SRL16E        |    44 |                 CLB |
| ODELAYE3      |    44 |                 I/O |
| DIFFINBUF     |    44 |                 I/O |
| RAMB36E2      |    24 |            BLOCKRAM |
| MUXF8         |    21 |                 CLB |
| INV           |    14 |                 CLB |
| RAMB18E2      |    12 |            BLOCKRAM |
| BUFGCE        |    10 |               Clock |
| INBUF         |     5 |                 I/O |
| BUFG_GT       |     4 |               Clock |
| MMCME4_ADV    |     3 |               Clock |
| OBUFT         |     2 |                 I/O |
| BUFG_GT_SYNC  |     2 |               Clock |
| OSERDESE3     |     1 |                 I/O |
| IBUFDS_GTE4   |     1 |                 I/O |
| GTHE4_CHANNEL |     1 |            Advanced |
| DNA_PORTE2    |     1 |       Configuration |
+---------------+-------+---------------------+


9. Black Boxes
--------------

+------------------------+------+
|        Ref Name        | Used |
+------------------------+------+
| gig_ethernet_pcs_pma_0 |    1 |
| dbg_hub_CV             |    1 |
+------------------------+------+


10. Instantiated Netlists
-------------------------

+----------+------+
| Ref Name | Used |
+----------+------+


