
*** Running vivado
    with args -log top_block_das_rx_0_0.vds -m64 -product Vivado -mode batch -messageDb vivado.pb -notrace -source top_block_das_rx_0_0.tcl


****** Vivado v2022.2 (64-bit)
  **** SW Build 3671981 on Fri Oct 14 04:59:54 MDT 2022
  **** IP Build 3669848 on Fri Oct 14 08:30:02 MDT 2022
    ** Copyright 1986-2022 Xilinx, Inc. All Rights Reserved.

source top_block_das_rx_0_0.tcl -notrace
INFO: [IP_Flow 19-234] Refreshing IP repositories
INFO: [IP_Flow 19-1700] Loaded user IP repository '/home/nagafusa/work/spadi/Fakernet/ip_repo/I2C_Controller_1_0'.
INFO: [IP_Flow 19-1700] Loaded user IP repository '/home/nagafusa/work/spadi/Fakernet/ip_repo/start_i2c_write_1_0'.
WARNING: [IP_Flow 19-2248] Failed to load user IP repository '/home/nagafusa/work/spadi/Fakernet/ip_repo/I2C_controller_1_0'; Can't find the specified path.
If this directory should no longer be in your list of user repositories, go to the IP Settings dialog and remove it.
WARNING: [IP_Flow 19-2207] Repository '/home/nagafusa/work/spadi/Fakernet/ip_repo/I2C_controller_1_0' already exists; ignoring attempt to add it again.
WARNING: [IP_Flow 19-2248] Failed to load user IP repository '/home/nagafusa/work/spadi/Fakernet/ip_repo/I2C_controller_1_0'; Can't find the specified path.
If this directory should no longer be in your list of user repositories, go to the IP Settings dialog and remove it.
INFO: [IP_Flow 19-2313] Loaded Vivado IP repository '/opt/Xilinx/Vivado/2022.2/data/ip'.
INFO: [IP_Flow 19-6924] IPCACHE: Running cache check for IP inst: top_block_das_rx_0_0
Command: synth_design -top top_block_das_rx_0_0 -part xcau15p-sbvb484-1-i -incremental_mode off -mode out_of_context
Starting synth_design
Attempting to get a license for feature 'Synthesis' and/or device 'xcau15p'
INFO: [Common 17-349] Got license for feature 'Synthesis' and/or device 'xcau15p'
INFO: [Device 21-403] Loading part xcau15p-sbvb484-1-i
INFO: [Synth 8-7079] Multithreading enabled for synth_design using a maximum of 4 processes.
INFO: [Synth 8-7078] Launching helper process for spawning children vivado processes
INFO: [Synth 8-7075] Helper process launched with PID 1145071
INFO: [Synth 8-11241] undeclared symbol 'REGCCE', assumed default net type 'wire' [/opt/Xilinx/Vivado/2022.2/data/verilog/src/unimacro/BRAM_SINGLE_MACRO.v:2170]
---------------------------------------------------------------------------------
Starting RTL Elaboration : Time (s): cpu = 00:00:02 ; elapsed = 00:00:02 . Memory (MB): peak = 2147.297 ; gain = 363.758 ; free physical = 40576 ; free virtual = 55579
Synthesis current peak Physical Memory [PSS] (MB): peak = 1435.598; parent = 1281.731; children = 153.866
Synthesis current peak Virtual Memory [VSS] (MB): peak = 3127.711; parent = 2153.238; children = 974.473
---------------------------------------------------------------------------------
INFO: [Synth 8-6157] synthesizing module 'top_block_das_rx_0_0' [/home/nagafusa/work/spadi/Fakernet/SAMIDARE/samidare.gen/sources_1/bd/top_block/ip/top_block_das_rx_0_0/synth/top_block_das_rx_0_0.v:53]
INFO: [Synth 8-6157] synthesizing module 'das_rx' [/home/nagafusa/work/spadi/Fakernet/SAMIDARE/samidare.srcs/sources_1/new/das_rx.v:21]
INFO: [Synth 8-6155] done synthesizing module 'das_rx' (0#1) [/home/nagafusa/work/spadi/Fakernet/SAMIDARE/samidare.srcs/sources_1/new/das_rx.v:21]
INFO: [Synth 8-6155] done synthesizing module 'top_block_das_rx_0_0' (0#1) [/home/nagafusa/work/spadi/Fakernet/SAMIDARE/samidare.gen/sources_1/bd/top_block/ip/top_block_das_rx_0_0/synth/top_block_das_rx_0_0.v:53]
INFO: [Synth 8-6071] Mark debug on the nets applies keep_hierarchy on instance 'inst'. This will prevent further optimization [/home/nagafusa/work/spadi/Fakernet/SAMIDARE/samidare.gen/sources_1/bd/top_block/ip/top_block_das_rx_0_0/synth/top_block_das_rx_0_0.v:100]
WARNING: [Synth 8-7129] Port user_clk in module das_rx is either unconnected or has no load
---------------------------------------------------------------------------------
Finished RTL Elaboration : Time (s): cpu = 00:00:02 ; elapsed = 00:00:03 . Memory (MB): peak = 2224.203 ; gain = 440.664 ; free physical = 40846 ; free virtual = 55851
Synthesis current peak Physical Memory [PSS] (MB): peak = 1435.598; parent = 1281.731; children = 153.866
Synthesis current peak Virtual Memory [VSS] (MB): peak = 3198.680; parent = 2224.207; children = 974.473
---------------------------------------------------------------------------------
---------------------------------------------------------------------------------
Start Handling Custom Attributes
---------------------------------------------------------------------------------
---------------------------------------------------------------------------------
Finished Handling Custom Attributes : Time (s): cpu = 00:00:03 ; elapsed = 00:00:03 . Memory (MB): peak = 2242.016 ; gain = 458.477 ; free physical = 40839 ; free virtual = 55844
Synthesis current peak Physical Memory [PSS] (MB): peak = 1435.598; parent = 1281.731; children = 153.866
Synthesis current peak Virtual Memory [VSS] (MB): peak = 3216.492; parent = 2242.020; children = 974.473
---------------------------------------------------------------------------------
---------------------------------------------------------------------------------
Finished RTL Optimization Phase 1 : Time (s): cpu = 00:00:03 ; elapsed = 00:00:03 . Memory (MB): peak = 2242.016 ; gain = 458.477 ; free physical = 40834 ; free virtual = 55838
Synthesis current peak Physical Memory [PSS] (MB): peak = 1435.598; parent = 1281.731; children = 153.866
Synthesis current peak Virtual Memory [VSS] (MB): peak = 3216.492; parent = 2242.020; children = 974.473
---------------------------------------------------------------------------------
Netlist sorting complete. Time (s): cpu = 00:00:00.01 ; elapsed = 00:00:00.01 . Memory (MB): peak = 2242.016 ; gain = 0.000 ; free physical = 40812 ; free virtual = 55816
INFO: [Project 1-570] Preparing netlist for logic optimization

Processing XDC Constraints
Initializing timing engine
Completed Processing XDC Constraints

Netlist sorting complete. Time (s): cpu = 00:00:00 ; elapsed = 00:00:00 . Memory (MB): peak = 2368.953 ; gain = 0.000 ; free physical = 40813 ; free virtual = 55818
INFO: [Project 1-111] Unisim Transformation Summary:
No Unisim elements were transformed.

Constraint Validation Runtime : Time (s): cpu = 00:00:00.05 ; elapsed = 00:00:00.02 . Memory (MB): peak = 2392.766 ; gain = 23.812 ; free physical = 40812 ; free virtual = 55817
INFO: [Designutils 20-5008] Incremental synthesis strategy off
INFO: [Synth 8-11241] undeclared symbol 'REGCCE', assumed default net type 'wire' [/opt/Xilinx/Vivado/2022.2/data/verilog/src/unimacro/BRAM_SINGLE_MACRO.v:2170]
---------------------------------------------------------------------------------
Finished Constraint Validation : Time (s): cpu = 00:00:05 ; elapsed = 00:00:05 . Memory (MB): peak = 2392.766 ; gain = 609.227 ; free physical = 40792 ; free virtual = 55797
Synthesis current peak Physical Memory [PSS] (MB): peak = 1435.598; parent = 1281.731; children = 153.866
Synthesis current peak Virtual Memory [VSS] (MB): peak = 3335.227; parent = 2360.754; children = 974.473
---------------------------------------------------------------------------------
---------------------------------------------------------------------------------
Start Loading Part and Timing Information
---------------------------------------------------------------------------------
Loading part: xcau15p-sbvb484-1-i
INFO: [Synth 8-6742] Reading net delay rules and data
---------------------------------------------------------------------------------
Finished Loading Part and Timing Information : Time (s): cpu = 00:00:05 ; elapsed = 00:00:05 . Memory (MB): peak = 2392.766 ; gain = 609.227 ; free physical = 40790 ; free virtual = 55798
Synthesis current peak Physical Memory [PSS] (MB): peak = 1435.598; parent = 1281.731; children = 153.866
Synthesis current peak Virtual Memory [VSS] (MB): peak = 3335.227; parent = 2360.754; children = 974.473
---------------------------------------------------------------------------------
---------------------------------------------------------------------------------
Start Applying 'set_property' XDC Constraints
---------------------------------------------------------------------------------
---------------------------------------------------------------------------------
Finished applying 'set_property' XDC Constraints : Time (s): cpu = 00:00:05 ; elapsed = 00:00:05 . Memory (MB): peak = 2392.766 ; gain = 609.227 ; free physical = 40791 ; free virtual = 55798
Synthesis current peak Physical Memory [PSS] (MB): peak = 1435.598; parent = 1281.731; children = 153.866
Synthesis current peak Virtual Memory [VSS] (MB): peak = 3335.227; parent = 2360.754; children = 974.473
---------------------------------------------------------------------------------
INFO: [Synth 8-802] inferred FSM for state register 'genblk1[0].state_reg[0]' in module 'das_rx'
INFO: [Synth 8-802] inferred FSM for state register 'genblk1[1].state_reg[1]' in module 'das_rx'
INFO: [Synth 8-802] inferred FSM for state register 'genblk1[2].state_reg[2]' in module 'das_rx'
INFO: [Synth 8-802] inferred FSM for state register 'genblk1[3].state_reg[3]' in module 'das_rx'
---------------------------------------------------------------------------------------------------
                   State |                     New Encoding |                Previous Encoding 
---------------------------------------------------------------------------------------------------
                    IDLE |                              001 |                               00
             WAIT_FOR_SO |                              010 |                               01
              UPDATE_BUS |                              100 |                               10
---------------------------------------------------------------------------------------------------
INFO: [Synth 8-3354] encoded FSM with state register 'genblk1[0].state_reg[0]' using encoding 'one-hot' in module 'das_rx'
---------------------------------------------------------------------------------------------------
                   State |                     New Encoding |                Previous Encoding 
---------------------------------------------------------------------------------------------------
                    IDLE |                              001 |                               00
             WAIT_FOR_SO |                              010 |                               01
              UPDATE_BUS |                              100 |                               10
---------------------------------------------------------------------------------------------------
INFO: [Synth 8-3354] encoded FSM with state register 'genblk1[1].state_reg[1]' using encoding 'one-hot' in module 'das_rx'
---------------------------------------------------------------------------------------------------
                   State |                     New Encoding |                Previous Encoding 
---------------------------------------------------------------------------------------------------
                    IDLE |                              001 |                               00
             WAIT_FOR_SO |                              010 |                               01
              UPDATE_BUS |                              100 |                               10
---------------------------------------------------------------------------------------------------
INFO: [Synth 8-3354] encoded FSM with state register 'genblk1[2].state_reg[2]' using encoding 'one-hot' in module 'das_rx'
---------------------------------------------------------------------------------------------------
                   State |                     New Encoding |                Previous Encoding 
---------------------------------------------------------------------------------------------------
                    IDLE |                              001 |                               00
             WAIT_FOR_SO |                              010 |                               01
              UPDATE_BUS |                              100 |                               10
---------------------------------------------------------------------------------------------------
INFO: [Synth 8-3354] encoded FSM with state register 'genblk1[3].state_reg[3]' using encoding 'one-hot' in module 'das_rx'
---------------------------------------------------------------------------------
Finished RTL Optimization Phase 2 : Time (s): cpu = 00:00:05 ; elapsed = 00:00:06 . Memory (MB): peak = 2392.766 ; gain = 609.227 ; free physical = 40760 ; free virtual = 55775
Synthesis current peak Physical Memory [PSS] (MB): peak = 1435.598; parent = 1281.731; children = 153.866
Synthesis current peak Virtual Memory [VSS] (MB): peak = 3335.227; parent = 2360.754; children = 974.473
---------------------------------------------------------------------------------
---------------------------------------------------------------------------------
Start RTL Component Statistics 
---------------------------------------------------------------------------------
Detailed RTL Component Info : 
+---Adders : 
	   2 Input   32 Bit       Adders := 4     
	   2 Input    5 Bit       Adders := 4     
+---Registers : 
	              320 Bit    Registers := 8     
	                5 Bit    Registers := 8     
	                1 Bit    Registers := 4     
+---Muxes : 
	   3 Input    1 Bit        Muxes := 12    
---------------------------------------------------------------------------------
Finished RTL Component Statistics 
---------------------------------------------------------------------------------
---------------------------------------------------------------------------------
Start Part Resource Summary
---------------------------------------------------------------------------------
Part Resources:
DSPs: 576 (col length:72)
BRAMs: 288 (col length: RAMB18 72 RAMB36 36)
---------------------------------------------------------------------------------
Finished Part Resource Summary
---------------------------------------------------------------------------------
---------------------------------------------------------------------------------
Start Cross Boundary and Area Optimization
---------------------------------------------------------------------------------
WARNING: [Synth 8-7080] Parallel synthesis criteria is not met
WARNING: [Synth 8-7129] Port user_clk in module das_rx is either unconnected or has no load
---------------------------------------------------------------------------------
Finished Cross Boundary and Area Optimization : Time (s): cpu = 00:00:06 ; elapsed = 00:00:06 . Memory (MB): peak = 2392.766 ; gain = 609.227 ; free physical = 40653 ; free virtual = 55672
Synthesis current peak Physical Memory [PSS] (MB): peak = 1435.598; parent = 1281.731; children = 153.866
Synthesis current peak Virtual Memory [VSS] (MB): peak = 3335.227; parent = 2360.754; children = 974.473
---------------------------------------------------------------------------------
---------------------------------------------------------------------------------
Start Applying XDC Timing Constraints
---------------------------------------------------------------------------------
---------------------------------------------------------------------------------
Finished Applying XDC Timing Constraints : Time (s): cpu = 00:00:07 ; elapsed = 00:00:08 . Memory (MB): peak = 2439.508 ; gain = 655.969 ; free physical = 40196 ; free virtual = 55217
Synthesis current peak Physical Memory [PSS] (MB): peak = 1623.704; parent = 1470.080; children = 153.866
Synthesis current peak Virtual Memory [VSS] (MB): peak = 3413.984; parent = 2439.512; children = 974.473
---------------------------------------------------------------------------------
---------------------------------------------------------------------------------
Start Timing Optimization
---------------------------------------------------------------------------------
---------------------------------------------------------------------------------
Finished Timing Optimization : Time (s): cpu = 00:00:07 ; elapsed = 00:00:08 . Memory (MB): peak = 2439.508 ; gain = 655.969 ; free physical = 40155 ; free virtual = 55175
Synthesis current peak Physical Memory [PSS] (MB): peak = 1624.857; parent = 1471.233; children = 153.866
Synthesis current peak Virtual Memory [VSS] (MB): peak = 3413.984; parent = 2439.512; children = 974.473
---------------------------------------------------------------------------------
---------------------------------------------------------------------------------
Start Technology Mapping
---------------------------------------------------------------------------------
---------------------------------------------------------------------------------
Finished Technology Mapping : Time (s): cpu = 00:00:07 ; elapsed = 00:00:09 . Memory (MB): peak = 2439.508 ; gain = 655.969 ; free physical = 40074 ; free virtual = 55094
Synthesis current peak Physical Memory [PSS] (MB): peak = 1628.275; parent = 1474.652; children = 153.866
Synthesis current peak Virtual Memory [VSS] (MB): peak = 3413.984; parent = 2439.512; children = 974.473
---------------------------------------------------------------------------------
---------------------------------------------------------------------------------
Start IO Insertion
---------------------------------------------------------------------------------
---------------------------------------------------------------------------------
Start Flattening Before IO Insertion
---------------------------------------------------------------------------------
---------------------------------------------------------------------------------
Finished Flattening Before IO Insertion
---------------------------------------------------------------------------------
---------------------------------------------------------------------------------
Start Final Netlist Cleanup
---------------------------------------------------------------------------------
---------------------------------------------------------------------------------
Finished Final Netlist Cleanup
---------------------------------------------------------------------------------
---------------------------------------------------------------------------------
Finished IO Insertion : Time (s): cpu = 00:00:09 ; elapsed = 00:00:10 . Memory (MB): peak = 2446.445 ; gain = 662.906 ; free physical = 40025 ; free virtual = 55045
Synthesis current peak Physical Memory [PSS] (MB): peak = 1629.072; parent = 1475.449; children = 153.866
Synthesis current peak Virtual Memory [VSS] (MB): peak = 3420.922; parent = 2446.449; children = 974.473
---------------------------------------------------------------------------------
---------------------------------------------------------------------------------
Start Renaming Generated Instances
---------------------------------------------------------------------------------
---------------------------------------------------------------------------------
Finished Renaming Generated Instances : Time (s): cpu = 00:00:09 ; elapsed = 00:00:10 . Memory (MB): peak = 2446.445 ; gain = 662.906 ; free physical = 40025 ; free virtual = 55045
Synthesis current peak Physical Memory [PSS] (MB): peak = 1629.072; parent = 1475.449; children = 153.866
Synthesis current peak Virtual Memory [VSS] (MB): peak = 3420.922; parent = 2446.449; children = 974.473
---------------------------------------------------------------------------------
---------------------------------------------------------------------------------
Start Rebuilding User Hierarchy
---------------------------------------------------------------------------------
---------------------------------------------------------------------------------
Finished Rebuilding User Hierarchy : Time (s): cpu = 00:00:09 ; elapsed = 00:00:10 . Memory (MB): peak = 2446.445 ; gain = 662.906 ; free physical = 40024 ; free virtual = 55045
Synthesis current peak Physical Memory [PSS] (MB): peak = 1629.416; parent = 1475.793; children = 153.866
Synthesis current peak Virtual Memory [VSS] (MB): peak = 3420.922; parent = 2446.449; children = 974.473
---------------------------------------------------------------------------------
---------------------------------------------------------------------------------
Start Renaming Generated Ports
---------------------------------------------------------------------------------
---------------------------------------------------------------------------------
Finished Renaming Generated Ports : Time (s): cpu = 00:00:09 ; elapsed = 00:00:10 . Memory (MB): peak = 2446.445 ; gain = 662.906 ; free physical = 40024 ; free virtual = 55045
Synthesis current peak Physical Memory [PSS] (MB): peak = 1629.416; parent = 1475.793; children = 153.866
Synthesis current peak Virtual Memory [VSS] (MB): peak = 3420.922; parent = 2446.449; children = 974.473
---------------------------------------------------------------------------------
---------------------------------------------------------------------------------
Start Handling Custom Attributes
---------------------------------------------------------------------------------
---------------------------------------------------------------------------------
Finished Handling Custom Attributes : Time (s): cpu = 00:00:09 ; elapsed = 00:00:10 . Memory (MB): peak = 2446.445 ; gain = 662.906 ; free physical = 40029 ; free virtual = 55049
Synthesis current peak Physical Memory [PSS] (MB): peak = 1629.416; parent = 1475.793; children = 153.866
Synthesis current peak Virtual Memory [VSS] (MB): peak = 3420.922; parent = 2446.449; children = 974.473
---------------------------------------------------------------------------------
---------------------------------------------------------------------------------
Start Renaming Generated Nets
---------------------------------------------------------------------------------
---------------------------------------------------------------------------------
Finished Renaming Generated Nets : Time (s): cpu = 00:00:09 ; elapsed = 00:00:10 . Memory (MB): peak = 2446.445 ; gain = 662.906 ; free physical = 40036 ; free virtual = 55056
Synthesis current peak Physical Memory [PSS] (MB): peak = 1629.416; parent = 1475.793; children = 153.866
Synthesis current peak Virtual Memory [VSS] (MB): peak = 3420.922; parent = 2446.449; children = 974.473
---------------------------------------------------------------------------------
---------------------------------------------------------------------------------
Start Writing Synthesis Report
---------------------------------------------------------------------------------

Report BlackBoxes: 
+-+--------------+----------+
| |BlackBox name |Instances |
+-+--------------+----------+
+-+--------------+----------+

Report Cell Usage: 
+------+-------+------+
|      |Cell   |Count |
+------+-------+------+
|1     |CARRY8 |     8|
|2     |LUT1   |     4|
|3     |LUT2   |     8|
|4     |LUT3   |    12|
|5     |LUT4   |    12|
|6     |LUT5   |    48|
|7     |LUT6   |    20|
|8     |FDRE   |  2612|
|9     |FDSE   |     4|
+------+-------+------+
---------------------------------------------------------------------------------
Finished Writing Synthesis Report : Time (s): cpu = 00:00:09 ; elapsed = 00:00:11 . Memory (MB): peak = 2446.445 ; gain = 662.906 ; free physical = 40108 ; free virtual = 55128
Synthesis current peak Physical Memory [PSS] (MB): peak = 1642.029; parent = 1480.749; children = 161.280
Synthesis current peak Virtual Memory [VSS] (MB): peak = 3420.922; parent = 2446.449; children = 974.473
---------------------------------------------------------------------------------
Synthesis finished with 0 errors, 0 critical warnings and 2 warnings.
Synthesis Optimization Runtime : Time (s): cpu = 00:00:09 ; elapsed = 00:00:10 . Memory (MB): peak = 2446.445 ; gain = 512.156 ; free physical = 40153 ; free virtual = 55174
Synthesis Optimization Complete : Time (s): cpu = 00:00:09 ; elapsed = 00:00:11 . Memory (MB): peak = 2446.453 ; gain = 662.906 ; free physical = 40154 ; free virtual = 55174
INFO: [Project 1-571] Translating synthesized netlist
Netlist sorting complete. Time (s): cpu = 00:00:00.01 ; elapsed = 00:00:00.01 . Memory (MB): peak = 2456.352 ; gain = 0.000 ; free physical = 40226 ; free virtual = 55246
INFO: [Netlist 29-17] Analyzing 8 Unisim elements for replacement
INFO: [Netlist 29-28] Unisim Transformation completed in 0 CPU seconds
WARNING: [Netlist 29-101] Netlist 'top_block_das_rx_0_0' is not ideal for floorplanning, since the cellview 'das_rx' contains a large number of primitives.  Please consider enabling hierarchy in synthesis if you want to do floorplanning.
INFO: [Project 1-570] Preparing netlist for logic optimization
INFO: [Opt 31-138] Pushed 0 inverter(s) to 0 load pin(s).
Netlist sorting complete. Time (s): cpu = 00:00:00 ; elapsed = 00:00:00 . Memory (MB): peak = 2500.176 ; gain = 0.000 ; free physical = 40410 ; free virtual = 55430
INFO: [Project 1-111] Unisim Transformation Summary:
No Unisim elements were transformed.

Synth Design complete, checksum: 5e48bf9a
INFO: [Common 17-83] Releasing license: Synthesis
36 Infos, 7 Warnings, 0 Critical Warnings and 0 Errors encountered.
synth_design completed successfully
synth_design: Time (s): cpu = 00:00:12 ; elapsed = 00:00:24 . Memory (MB): peak = 2500.176 ; gain = 1205.516 ; free physical = 40721 ; free virtual = 55741
INFO: [Common 17-1381] The checkpoint '/home/nagafusa/work/spadi/Fakernet/SAMIDARE/samidare.runs/top_block_das_rx_0_0_synth_1/top_block_das_rx_0_0.dcp' has been generated.
INFO: [Coretcl 2-1648] Added synthesis output to IP cache for IP top_block_das_rx_0_0, cache-ID = 4c669e8367c9be7f
INFO: [Common 17-1381] The checkpoint '/home/nagafusa/work/spadi/Fakernet/SAMIDARE/samidare.runs/top_block_das_rx_0_0_synth_1/top_block_das_rx_0_0.dcp' has been generated.
INFO: [runtcl-4] Executing : report_utilization -file top_block_das_rx_0_0_utilization_synth.rpt -pb top_block_das_rx_0_0_utilization_synth.pb
INFO: [Common 17-206] Exiting Vivado at Fri Sep 13 15:51:45 2024...
