#-----------------------------------------------------------
# Vivado v2022.2 (64-bit)
# SW Build 3671981 on Fri Oct 14 04:59:54 MDT 2022
# IP Build 3669848 on Fri Oct 14 08:30:02 MDT 2022
# Start of session at: Fri Jul  5 11:52:06 2024
# Process ID: 935720
# Current directory: /home/nagafusa/work/spadi/Fakernet/SAMIDARE/samidare.runs/top_block_axi_bram_ctrl_1_0_synth_1
# Command line: vivado -log top_block_axi_bram_ctrl_1_0.vds -product Vivado -mode batch -messageDb vivado.pb -notrace -source top_block_axi_bram_ctrl_1_0.tcl
# Log file: /home/nagafusa/work/spadi/Fakernet/SAMIDARE/samidare.runs/top_block_axi_bram_ctrl_1_0_synth_1/top_block_axi_bram_ctrl_1_0.vds
# Journal file: /home/nagafusa/work/spadi/Fakernet/SAMIDARE/samidare.runs/top_block_axi_bram_ctrl_1_0_synth_1/vivado.jou
# Running On: e16fpga01, OS: Linux, CPU Frequency: 4500.000 MHz, CPU Physical cores: 32, Host memory: 66513 MB
#-----------------------------------------------------------
source top_block_axi_bram_ctrl_1_0.tcl -notrace
