
*** Running vivado
    with args -log top_block_event_builder_v0_1_0_1.vds -m64 -product Vivado -mode batch -messageDb vivado.pb -notrace -source top_block_event_builder_v0_1_0_1.tcl


****** Vivado v2022.2 (64-bit)
  **** SW Build 3671981 on Fri Oct 14 04:59:54 MDT 2022
  **** IP Build 3669848 on Fri Oct 14 08:30:02 MDT 2022
    ** Copyright 1986-2022 Xilinx, Inc. All Rights Reserved.

source top_block_event_builder_v0_1_0_1.tcl -notrace
INFO: [IP_Flow 19-234] Refreshing IP repositories
INFO: [IP_Flow 19-1700] Loaded user IP repository '/home/nagafusa/work/spadi/Fakernet/ip_repo/data_receiver_1_0'.
INFO: [IP_Flow 19-1700] Loaded user IP repository '/home/nagafusa/work/spadi/Fakernet/ip_repo/data_sender_1_0'.
INFO: [IP_Flow 19-1700] Loaded user IP repository '/home/nagafusa/work/spadi/Fakernet/ip_repo/SAMPA_PON_2_0'.
INFO: [IP_Flow 19-1700] Loaded user IP repository '/home/nagafusa/work/spadi/Fakernet/ip_repo/I2C_Controller_1_0'.
INFO: [IP_Flow 19-1700] Loaded user IP repository '/home/nagafusa/work/spadi/Fakernet/ip_repo/start_i2c_write_1_0'.
WARNING: [IP_Flow 19-2248] Failed to load user IP repository '/home/nagafusa/work/spadi/Fakernet/ip_repo/I2C_controller_1_0'; Can't find the specified path.
If this directory should no longer be in your list of user repositories, go to the IP Settings dialog and remove it.
WARNING: [IP_Flow 19-2207] Repository '/home/nagafusa/work/spadi/Fakernet/ip_repo/I2C_controller_1_0' already exists; ignoring attempt to add it again.
WARNING: [IP_Flow 19-2248] Failed to load user IP repository '/home/nagafusa/work/spadi/Fakernet/ip_repo/I2C_controller_1_0'; Can't find the specified path.
If this directory should no longer be in your list of user repositories, go to the IP Settings dialog and remove it.
INFO: [IP_Flow 19-2313] Loaded Vivado IP repository '/opt/Xilinx/Vivado/2022.2/data/ip'.
INFO: [IP_Flow 19-6924] IPCACHE: Running cache check for IP inst: top_block_event_builder_v0_1_0_1
Command: synth_design -top top_block_event_builder_v0_1_0_1 -part xcau15p-sbvb484-1-i -incremental_mode off -mode out_of_context
Starting synth_design
Attempting to get a license for feature 'Synthesis' and/or device 'xcau15p'
INFO: [Common 17-349] Got license for feature 'Synthesis' and/or device 'xcau15p'
INFO: [Device 21-403] Loading part xcau15p-sbvb484-1-i
INFO: [Synth 8-7079] Multithreading enabled for synth_design using a maximum of 4 processes.
INFO: [Synth 8-7078] Launching helper process for spawning children vivado processes
INFO: [Synth 8-7075] Helper process launched with PID 914661
INFO: [Synth 8-11241] undeclared symbol 'REGCCE', assumed default net type 'wire' [/opt/Xilinx/Vivado/2022.2/data/verilog/src/unimacro/BRAM_SINGLE_MACRO.v:2170]
INFO: [Synth 8-11241] undeclared symbol 'last_ack', assumed default net type 'wire' [/home/nagafusa/work/spadi/Fakernet/SAMIDARE/samidare.srcs/sources_1/new/event_builder_v0_1.v:66]
INFO: [Synth 8-11241] undeclared symbol 'rd_en', assumed default net type 'wire' [/home/nagafusa/work/spadi/Fakernet/SAMIDARE/samidare.srcs/sources_1/new/event_builder_v0_1.v:70]
---------------------------------------------------------------------------------
Starting RTL Elaboration : Time (s): cpu = 00:00:02 ; elapsed = 00:00:02 . Memory (MB): peak = 2148.980 ; gain = 365.695 ; free physical = 34436 ; free virtual = 54461
Synthesis current peak Physical Memory [PSS] (MB): peak = 1372.495; parent = 1239.560; children = 132.936
Synthesis current peak Virtual Memory [VSS] (MB): peak = 3121.457; parent = 2152.953; children = 968.504
---------------------------------------------------------------------------------
INFO: [Synth 8-6157] synthesizing module 'top_block_event_builder_v0_1_0_1' [/home/nagafusa/work/spadi/Fakernet/SAMIDARE/samidare.gen/sources_1/bd/top_block/ip/top_block_event_builder_v0_1_0_1/synth/top_block_event_builder_v0_1_0_1.v:53]
INFO: [Synth 8-6157] synthesizing module 'event_builder_v0_1' [/home/nagafusa/work/spadi/Fakernet/SAMIDARE/samidare.srcs/sources_1/new/event_builder_v0_1.v:23]
INFO: [Synth 8-6155] done synthesizing module 'event_builder_v0_1' (0#1) [/home/nagafusa/work/spadi/Fakernet/SAMIDARE/samidare.srcs/sources_1/new/event_builder_v0_1.v:23]
INFO: [Synth 8-6155] done synthesizing module 'top_block_event_builder_v0_1_0_1' (0#1) [/home/nagafusa/work/spadi/Fakernet/SAMIDARE/samidare.gen/sources_1/bd/top_block/ip/top_block_event_builder_v0_1_0_1/synth/top_block_event_builder_v0_1_0_1.v:53]
WARNING: [Synth 8-6014] Unused sequential element data_length_reg was removed.  [/home/nagafusa/work/spadi/Fakernet/SAMIDARE/samidare.srcs/sources_1/new/event_builder_v0_1.v:87]
WARNING: [Synth 8-6014] Unused sequential element last_ack_r_reg was removed.  [/home/nagafusa/work/spadi/Fakernet/SAMIDARE/samidare.srcs/sources_1/new/event_builder_v0_1.v:66]
WARNING: [Synth 8-7129] Port empty[3] in module event_builder_v0_1 is either unconnected or has no load
WARNING: [Synth 8-7129] Port empty[2] in module event_builder_v0_1 is either unconnected or has no load
WARNING: [Synth 8-7129] Port empty[1] in module event_builder_v0_1 is either unconnected or has no load
WARNING: [Synth 8-7129] Port empty[0] in module event_builder_v0_1 is either unconnected or has no load
---------------------------------------------------------------------------------
Finished RTL Elaboration : Time (s): cpu = 00:00:02 ; elapsed = 00:00:03 . Memory (MB): peak = 2221.918 ; gain = 438.633 ; free physical = 34133 ; free virtual = 54159
Synthesis current peak Physical Memory [PSS] (MB): peak = 1372.495; parent = 1239.560; children = 132.936
Synthesis current peak Virtual Memory [VSS] (MB): peak = 3190.426; parent = 2221.922; children = 968.504
---------------------------------------------------------------------------------
---------------------------------------------------------------------------------
Start Handling Custom Attributes
---------------------------------------------------------------------------------
---------------------------------------------------------------------------------
Finished Handling Custom Attributes : Time (s): cpu = 00:00:02 ; elapsed = 00:00:03 . Memory (MB): peak = 2239.730 ; gain = 456.445 ; free physical = 34067 ; free virtual = 54092
Synthesis current peak Physical Memory [PSS] (MB): peak = 1372.495; parent = 1239.560; children = 132.936
Synthesis current peak Virtual Memory [VSS] (MB): peak = 3208.238; parent = 2239.734; children = 968.504
---------------------------------------------------------------------------------
---------------------------------------------------------------------------------
Finished RTL Optimization Phase 1 : Time (s): cpu = 00:00:02 ; elapsed = 00:00:03 . Memory (MB): peak = 2239.730 ; gain = 456.445 ; free physical = 34035 ; free virtual = 54060
Synthesis current peak Physical Memory [PSS] (MB): peak = 1372.495; parent = 1239.560; children = 132.936
Synthesis current peak Virtual Memory [VSS] (MB): peak = 3208.238; parent = 2239.734; children = 968.504
---------------------------------------------------------------------------------
Netlist sorting complete. Time (s): cpu = 00:00:00 ; elapsed = 00:00:00 . Memory (MB): peak = 2239.730 ; gain = 0.000 ; free physical = 33973 ; free virtual = 53998
INFO: [Project 1-570] Preparing netlist for logic optimization

Processing XDC Constraints
Initializing timing engine
Completed Processing XDC Constraints

Netlist sorting complete. Time (s): cpu = 00:00:00 ; elapsed = 00:00:00 . Memory (MB): peak = 2364.668 ; gain = 0.000 ; free physical = 33986 ; free virtual = 54012
INFO: [Project 1-111] Unisim Transformation Summary:
No Unisim elements were transformed.

Constraint Validation Runtime : Time (s): cpu = 00:00:00.02 ; elapsed = 00:00:00.03 . Memory (MB): peak = 2386.480 ; gain = 21.812 ; free physical = 33975 ; free virtual = 54001
INFO: [Designutils 20-5008] Incremental synthesis strategy off
INFO: [Synth 8-11241] undeclared symbol 'REGCCE', assumed default net type 'wire' [/opt/Xilinx/Vivado/2022.2/data/verilog/src/unimacro/BRAM_SINGLE_MACRO.v:2170]
---------------------------------------------------------------------------------
Finished Constraint Validation : Time (s): cpu = 00:00:05 ; elapsed = 00:00:05 . Memory (MB): peak = 2386.480 ; gain = 603.195 ; free physical = 34421 ; free virtual = 54449
Synthesis current peak Physical Memory [PSS] (MB): peak = 1372.495; parent = 1239.560; children = 132.936
Synthesis current peak Virtual Memory [VSS] (MB): peak = 3322.973; parent = 2354.469; children = 968.504
---------------------------------------------------------------------------------
---------------------------------------------------------------------------------
Start Loading Part and Timing Information
---------------------------------------------------------------------------------
Loading part: xcau15p-sbvb484-1-i
INFO: [Synth 8-6742] Reading net delay rules and data
---------------------------------------------------------------------------------
Finished Loading Part and Timing Information : Time (s): cpu = 00:00:05 ; elapsed = 00:00:05 . Memory (MB): peak = 2386.480 ; gain = 603.195 ; free physical = 34395 ; free virtual = 54423
Synthesis current peak Physical Memory [PSS] (MB): peak = 1372.495; parent = 1239.560; children = 132.936
Synthesis current peak Virtual Memory [VSS] (MB): peak = 3322.973; parent = 2354.469; children = 968.504
---------------------------------------------------------------------------------
---------------------------------------------------------------------------------
Start Applying 'set_property' XDC Constraints
---------------------------------------------------------------------------------
---------------------------------------------------------------------------------
Finished applying 'set_property' XDC Constraints : Time (s): cpu = 00:00:05 ; elapsed = 00:00:05 . Memory (MB): peak = 2386.480 ; gain = 603.195 ; free physical = 34366 ; free virtual = 54395
Synthesis current peak Physical Memory [PSS] (MB): peak = 1372.495; parent = 1239.560; children = 132.936
Synthesis current peak Virtual Memory [VSS] (MB): peak = 3322.973; parent = 2354.469; children = 968.504
---------------------------------------------------------------------------------
INFO: [Synth 8-802] inferred FSM for state register 'state_reg' in module 'event_builder_v0_1'
---------------------------------------------------------------------------------------------------
                   State |                     New Encoding |                Previous Encoding 
---------------------------------------------------------------------------------------------------
                    IDLE |                              000 |                              000
             SEND_HEADER |                              001 |                              001
           SENDING_EVENT |                              010 |                              010
             SEND_FOOTER |                              011 |                              011
               END_EVENT |                              100 |                              100
                    REST |                              101 |                              101
                    WAIT |                              110 |                              111
---------------------------------------------------------------------------------------------------
INFO: [Synth 8-3354] encoded FSM with state register 'state_reg' using encoding 'sequential' in module 'event_builder_v0_1'
---------------------------------------------------------------------------------
Finished RTL Optimization Phase 2 : Time (s): cpu = 00:00:05 ; elapsed = 00:00:06 . Memory (MB): peak = 2386.480 ; gain = 603.195 ; free physical = 34318 ; free virtual = 54347
Synthesis current peak Physical Memory [PSS] (MB): peak = 1372.495; parent = 1239.560; children = 132.936
Synthesis current peak Virtual Memory [VSS] (MB): peak = 3322.973; parent = 2354.469; children = 968.504
---------------------------------------------------------------------------------
---------------------------------------------------------------------------------
Start RTL Component Statistics 
---------------------------------------------------------------------------------
Detailed RTL Component Info : 
+---Adders : 
	   2 Input   10 Bit       Adders := 1     
	   2 Input    5 Bit       Adders := 1     
+---Registers : 
	              320 Bit    Registers := 1     
	               32 Bit    Registers := 1     
	               10 Bit    Registers := 1     
	                5 Bit    Registers := 1     
	                4 Bit    Registers := 1     
	                2 Bit    Registers := 1     
	                1 Bit    Registers := 4     
+---Muxes : 
	   7 Input   32 Bit        Muxes := 1     
	   2 Input   10 Bit        Muxes := 2     
	   7 Input   10 Bit        Muxes := 1     
	   7 Input    5 Bit        Muxes := 1     
	   7 Input    3 Bit        Muxes := 1     
	   2 Input    3 Bit        Muxes := 1     
	   7 Input    2 Bit        Muxes := 1     
	   2 Input    1 Bit        Muxes := 2     
	   7 Input    1 Bit        Muxes := 10    
	   9 Input    1 Bit        Muxes := 1     
---------------------------------------------------------------------------------
Finished RTL Component Statistics 
---------------------------------------------------------------------------------
---------------------------------------------------------------------------------
Start Part Resource Summary
---------------------------------------------------------------------------------
Part Resources:
DSPs: 576 (col length:72)
BRAMs: 288 (col length: RAMB18 72 RAMB36 36)
---------------------------------------------------------------------------------
Finished Part Resource Summary
---------------------------------------------------------------------------------
---------------------------------------------------------------------------------
Start Cross Boundary and Area Optimization
---------------------------------------------------------------------------------
WARNING: [Synth 8-7080] Parallel synthesis criteria is not met
WARNING: [Synth 8-7129] Port empty[3] in module top_block_event_builder_v0_1_0_1 is either unconnected or has no load
WARNING: [Synth 8-7129] Port empty[2] in module top_block_event_builder_v0_1_0_1 is either unconnected or has no load
WARNING: [Synth 8-7129] Port empty[1] in module top_block_event_builder_v0_1_0_1 is either unconnected or has no load
WARNING: [Synth 8-7129] Port empty[0] in module top_block_event_builder_v0_1_0_1 is either unconnected or has no load
---------------------------------------------------------------------------------
Finished Cross Boundary and Area Optimization : Time (s): cpu = 00:00:06 ; elapsed = 00:00:07 . Memory (MB): peak = 2386.480 ; gain = 603.195 ; free physical = 34505 ; free virtual = 54555
Synthesis current peak Physical Memory [PSS] (MB): peak = 1372.495; parent = 1239.560; children = 132.936
Synthesis current peak Virtual Memory [VSS] (MB): peak = 3322.973; parent = 2354.469; children = 968.504
---------------------------------------------------------------------------------
---------------------------------------------------------------------------------
Start Applying XDC Timing Constraints
---------------------------------------------------------------------------------
---------------------------------------------------------------------------------
Finished Applying XDC Timing Constraints : Time (s): cpu = 00:00:07 ; elapsed = 00:00:09 . Memory (MB): peak = 2433.223 ; gain = 649.938 ; free physical = 33508 ; free virtual = 53560
Synthesis current peak Physical Memory [PSS] (MB): peak = 1559.343; parent = 1426.557; children = 132.936
Synthesis current peak Virtual Memory [VSS] (MB): peak = 3401.730; parent = 2433.227; children = 968.504
---------------------------------------------------------------------------------
---------------------------------------------------------------------------------
Start Timing Optimization
---------------------------------------------------------------------------------
---------------------------------------------------------------------------------
Finished Timing Optimization : Time (s): cpu = 00:00:07 ; elapsed = 00:00:09 . Memory (MB): peak = 2433.223 ; gain = 649.938 ; free physical = 33538 ; free virtual = 53589
Synthesis current peak Physical Memory [PSS] (MB): peak = 1559.549; parent = 1426.763; children = 132.936
Synthesis current peak Virtual Memory [VSS] (MB): peak = 3401.730; parent = 2433.227; children = 968.504
---------------------------------------------------------------------------------
---------------------------------------------------------------------------------
Start Technology Mapping
---------------------------------------------------------------------------------
---------------------------------------------------------------------------------
Finished Technology Mapping : Time (s): cpu = 00:00:07 ; elapsed = 00:00:09 . Memory (MB): peak = 2441.230 ; gain = 657.945 ; free physical = 33502 ; free virtual = 53553
Synthesis current peak Physical Memory [PSS] (MB): peak = 1561.519; parent = 1428.732; children = 132.936
Synthesis current peak Virtual Memory [VSS] (MB): peak = 3409.738; parent = 2441.234; children = 968.504
---------------------------------------------------------------------------------
---------------------------------------------------------------------------------
Start IO Insertion
---------------------------------------------------------------------------------
---------------------------------------------------------------------------------
Start Flattening Before IO Insertion
---------------------------------------------------------------------------------
---------------------------------------------------------------------------------
Finished Flattening Before IO Insertion
---------------------------------------------------------------------------------
---------------------------------------------------------------------------------
Start Final Netlist Cleanup
---------------------------------------------------------------------------------
---------------------------------------------------------------------------------
Finished Final Netlist Cleanup
---------------------------------------------------------------------------------
---------------------------------------------------------------------------------
Finished IO Insertion : Time (s): cpu = 00:00:09 ; elapsed = 00:00:10 . Memory (MB): peak = 2447.168 ; gain = 663.883 ; free physical = 33601 ; free virtual = 53658
Synthesis current peak Physical Memory [PSS] (MB): peak = 1565.159; parent = 1431.114; children = 134.045
Synthesis current peak Virtual Memory [VSS] (MB): peak = 3415.676; parent = 2447.172; children = 968.504
---------------------------------------------------------------------------------
---------------------------------------------------------------------------------
Start Renaming Generated Instances
---------------------------------------------------------------------------------
---------------------------------------------------------------------------------
Finished Renaming Generated Instances : Time (s): cpu = 00:00:09 ; elapsed = 00:00:10 . Memory (MB): peak = 2447.168 ; gain = 663.883 ; free physical = 33597 ; free virtual = 53654
Synthesis current peak Physical Memory [PSS] (MB): peak = 1565.175; parent = 1431.130; children = 134.045
Synthesis current peak Virtual Memory [VSS] (MB): peak = 3415.676; parent = 2447.172; children = 968.504
---------------------------------------------------------------------------------
---------------------------------------------------------------------------------
Start Rebuilding User Hierarchy
---------------------------------------------------------------------------------
---------------------------------------------------------------------------------
Finished Rebuilding User Hierarchy : Time (s): cpu = 00:00:09 ; elapsed = 00:00:10 . Memory (MB): peak = 2447.168 ; gain = 663.883 ; free physical = 33592 ; free virtual = 53649
Synthesis current peak Physical Memory [PSS] (MB): peak = 1565.305; parent = 1431.263; children = 134.045
Synthesis current peak Virtual Memory [VSS] (MB): peak = 3415.676; parent = 2447.172; children = 968.504
---------------------------------------------------------------------------------
---------------------------------------------------------------------------------
Start Renaming Generated Ports
---------------------------------------------------------------------------------
---------------------------------------------------------------------------------
Finished Renaming Generated Ports : Time (s): cpu = 00:00:09 ; elapsed = 00:00:11 . Memory (MB): peak = 2447.168 ; gain = 663.883 ; free physical = 33602 ; free virtual = 53659
Synthesis current peak Physical Memory [PSS] (MB): peak = 1565.305; parent = 1431.263; children = 134.045
Synthesis current peak Virtual Memory [VSS] (MB): peak = 3415.676; parent = 2447.172; children = 968.504
---------------------------------------------------------------------------------
---------------------------------------------------------------------------------
Start Handling Custom Attributes
---------------------------------------------------------------------------------
---------------------------------------------------------------------------------
Finished Handling Custom Attributes : Time (s): cpu = 00:00:09 ; elapsed = 00:00:11 . Memory (MB): peak = 2447.168 ; gain = 663.883 ; free physical = 33624 ; free virtual = 53681
Synthesis current peak Physical Memory [PSS] (MB): peak = 1568.454; parent = 1432.673; children = 135.781
Synthesis current peak Virtual Memory [VSS] (MB): peak = 3415.676; parent = 2447.172; children = 968.504
---------------------------------------------------------------------------------
---------------------------------------------------------------------------------
Start Renaming Generated Nets
---------------------------------------------------------------------------------
---------------------------------------------------------------------------------
Finished Renaming Generated Nets : Time (s): cpu = 00:00:09 ; elapsed = 00:00:11 . Memory (MB): peak = 2447.168 ; gain = 663.883 ; free physical = 33689 ; free virtual = 53746
Synthesis current peak Physical Memory [PSS] (MB): peak = 1568.454; parent = 1432.673; children = 135.781
Synthesis current peak Virtual Memory [VSS] (MB): peak = 3415.676; parent = 2447.172; children = 968.504
---------------------------------------------------------------------------------
---------------------------------------------------------------------------------
Start Writing Synthesis Report
---------------------------------------------------------------------------------

Report BlackBoxes: 
+-+--------------+----------+
| |BlackBox name |Instances |
+-+--------------+----------+
+-+--------------+----------+

Report Cell Usage: 
+------+-------+------+
|      |Cell   |Count |
+------+-------+------+
|1     |CARRY8 |     4|
|2     |LUT1   |     1|
|3     |LUT2   |     7|
|4     |LUT3   |     8|
|5     |LUT4   |    43|
|6     |LUT5   |   110|
|7     |LUT6   |    68|
|8     |MUXF7  |    20|
|9     |MUXF8  |    10|
|10    |FDRE   |   379|
+------+-------+------+
---------------------------------------------------------------------------------
Finished Writing Synthesis Report : Time (s): cpu = 00:00:09 ; elapsed = 00:00:11 . Memory (MB): peak = 2447.168 ; gain = 663.883 ; free physical = 33694 ; free virtual = 53751
Synthesis current peak Physical Memory [PSS] (MB): peak = 1568.482; parent = 1432.704; children = 135.781
Synthesis current peak Virtual Memory [VSS] (MB): peak = 3415.676; parent = 2447.172; children = 968.504
---------------------------------------------------------------------------------
Synthesis finished with 0 errors, 0 critical warnings and 5 warnings.
Synthesis Optimization Runtime : Time (s): cpu = 00:00:09 ; elapsed = 00:00:10 . Memory (MB): peak = 2447.168 ; gain = 517.133 ; free physical = 33688 ; free virtual = 53745
Synthesis Optimization Complete : Time (s): cpu = 00:00:09 ; elapsed = 00:00:11 . Memory (MB): peak = 2447.176 ; gain = 663.883 ; free physical = 33774 ; free virtual = 53831
INFO: [Project 1-571] Translating synthesized netlist
Netlist sorting complete. Time (s): cpu = 00:00:00.01 ; elapsed = 00:00:00 . Memory (MB): peak = 2455.105 ; gain = 0.000 ; free physical = 34070 ; free virtual = 54127
INFO: [Netlist 29-17] Analyzing 34 Unisim elements for replacement
INFO: [Netlist 29-28] Unisim Transformation completed in 0 CPU seconds
INFO: [Project 1-570] Preparing netlist for logic optimization
INFO: [Opt 31-138] Pushed 0 inverter(s) to 0 load pin(s).
Netlist sorting complete. Time (s): cpu = 00:00:00 ; elapsed = 00:00:00 . Memory (MB): peak = 2495.961 ; gain = 0.000 ; free physical = 34355 ; free virtual = 54412
INFO: [Project 1-111] Unisim Transformation Summary:
No Unisim elements were transformed.

Synth Design complete, checksum: f9da6210
INFO: [Common 17-83] Releasing license: Synthesis
34 Infos, 14 Warnings, 0 Critical Warnings and 0 Errors encountered.
synth_design completed successfully
synth_design: Time (s): cpu = 00:00:12 ; elapsed = 00:00:13 . Memory (MB): peak = 2495.961 ; gain = 1202.570 ; free physical = 34536 ; free virtual = 54593
INFO: [Common 17-1381] The checkpoint '/home/nagafusa/work/spadi/Fakernet/SAMIDARE/samidare.runs/top_block_event_builder_v0_1_0_1_synth_1/top_block_event_builder_v0_1_0_1.dcp' has been generated.
INFO: [Coretcl 2-1648] Added synthesis output to IP cache for IP top_block_event_builder_v0_1_0_1, cache-ID = ed584615176d8f39
INFO: [Common 17-1381] The checkpoint '/home/nagafusa/work/spadi/Fakernet/SAMIDARE/samidare.runs/top_block_event_builder_v0_1_0_1_synth_1/top_block_event_builder_v0_1_0_1.dcp' has been generated.
INFO: [runtcl-4] Executing : report_utilization -file top_block_event_builder_v0_1_0_1_utilization_synth.rpt -pb top_block_event_builder_v0_1_0_1_utilization_synth.pb
INFO: [Common 17-206] Exiting Vivado at Mon Jan 13 19:57:23 2025...
