
*** Running vivado
    with args -log top_block_event_builder_v0_0_0.vds -m64 -product Vivado -mode batch -messageDb vivado.pb -notrace -source top_block_event_builder_v0_0_0.tcl


****** Vivado v2022.2 (64-bit)
  **** SW Build 3671981 on Fri Oct 14 04:59:54 MDT 2022
  **** IP Build 3669848 on Fri Oct 14 08:30:02 MDT 2022
    ** Copyright 1986-2022 Xilinx, Inc. All Rights Reserved.

source top_block_event_builder_v0_0_0.tcl -notrace
INFO: [IP_Flow 19-234] Refreshing IP repositories
INFO: [IP_Flow 19-1700] Loaded user IP repository '/home/nagafusa/work/spadi/Fakernet/ip_repo/I2C_Controller_1_0'.
INFO: [IP_Flow 19-1700] Loaded user IP repository '/home/nagafusa/work/spadi/Fakernet/ip_repo/start_i2c_write_1_0'.
WARNING: [IP_Flow 19-2248] Failed to load user IP repository '/home/nagafusa/work/spadi/Fakernet/ip_repo/I2C_controller_1_0'; Can't find the specified path.
If this directory should no longer be in your list of user repositories, go to the IP Settings dialog and remove it.
WARNING: [IP_Flow 19-2207] Repository '/home/nagafusa/work/spadi/Fakernet/ip_repo/I2C_controller_1_0' already exists; ignoring attempt to add it again.
WARNING: [IP_Flow 19-2248] Failed to load user IP repository '/home/nagafusa/work/spadi/Fakernet/ip_repo/I2C_controller_1_0'; Can't find the specified path.
If this directory should no longer be in your list of user repositories, go to the IP Settings dialog and remove it.
INFO: [IP_Flow 19-2313] Loaded Vivado IP repository '/opt/Xilinx/Vivado/2022.2/data/ip'.
INFO: [IP_Flow 19-6924] IPCACHE: Running cache check for IP inst: top_block_event_builder_v0_0_0
Command: synth_design -top top_block_event_builder_v0_0_0 -part xcau15p-sbvb484-1-i -incremental_mode off -mode out_of_context
Starting synth_design
Attempting to get a license for feature 'Synthesis' and/or device 'xcau15p'
INFO: [Common 17-349] Got license for feature 'Synthesis' and/or device 'xcau15p'
INFO: [Device 21-403] Loading part xcau15p-sbvb484-1-i
INFO: [Synth 8-7079] Multithreading enabled for synth_design using a maximum of 4 processes.
INFO: [Synth 8-7078] Launching helper process for spawning children vivado processes
INFO: [Synth 8-7075] Helper process launched with PID 741147
INFO: [Synth 8-11241] undeclared symbol 'REGCCE', assumed default net type 'wire' [/opt/Xilinx/Vivado/2022.2/data/verilog/src/unimacro/BRAM_SINGLE_MACRO.v:2170]
---------------------------------------------------------------------------------
Starting RTL Elaboration : Time (s): cpu = 00:00:02 ; elapsed = 00:00:02 . Memory (MB): peak = 2147.219 ; gain = 363.727 ; free physical = 34811 ; free virtual = 56735
Synthesis current peak Physical Memory [PSS] (MB): peak = 1476.082; parent = 1301.221; children = 174.861
Synthesis current peak Virtual Memory [VSS] (MB): peak = 3121.668; parent = 2153.160; children = 968.508
---------------------------------------------------------------------------------
INFO: [Synth 8-6157] synthesizing module 'top_block_event_builder_v0_0_0' [/home/nagafusa/work/spadi/Fakernet/SAMIDARE/samidare.gen/sources_1/bd/top_block/ip/top_block_event_builder_v0_0_0/synth/top_block_event_builder_v0_0_0.v:53]
INFO: [Synth 8-6157] synthesizing module 'event_builder_v0' [/home/nagafusa/work/spadi/Fakernet/SAMIDARE/samidare.srcs/sources_1/new/event_builder_v0.v:23]
INFO: [Synth 8-6155] done synthesizing module 'event_builder_v0' (0#1) [/home/nagafusa/work/spadi/Fakernet/SAMIDARE/samidare.srcs/sources_1/new/event_builder_v0.v:23]
INFO: [Synth 8-6155] done synthesizing module 'top_block_event_builder_v0_0_0' (0#1) [/home/nagafusa/work/spadi/Fakernet/SAMIDARE/samidare.gen/sources_1/bd/top_block/ip/top_block_event_builder_v0_0_0/synth/top_block_event_builder_v0_0_0.v:53]
WARNING: [Synth 8-7129] Port empty[3] in module event_builder_v0 is either unconnected or has no load
WARNING: [Synth 8-7129] Port empty[2] in module event_builder_v0 is either unconnected or has no load
WARNING: [Synth 8-7129] Port empty[1] in module event_builder_v0 is either unconnected or has no load
WARNING: [Synth 8-7129] Port empty[0] in module event_builder_v0 is either unconnected or has no load
---------------------------------------------------------------------------------
Finished RTL Elaboration : Time (s): cpu = 00:00:02 ; elapsed = 00:00:03 . Memory (MB): peak = 2222.125 ; gain = 438.633 ; free physical = 34897 ; free virtual = 56823
Synthesis current peak Physical Memory [PSS] (MB): peak = 1476.082; parent = 1301.221; children = 174.861
Synthesis current peak Virtual Memory [VSS] (MB): peak = 3190.637; parent = 2222.129; children = 968.508
---------------------------------------------------------------------------------
---------------------------------------------------------------------------------
Start Handling Custom Attributes
---------------------------------------------------------------------------------
---------------------------------------------------------------------------------
Finished Handling Custom Attributes : Time (s): cpu = 00:00:02 ; elapsed = 00:00:03 . Memory (MB): peak = 2236.969 ; gain = 453.477 ; free physical = 34897 ; free virtual = 56823
Synthesis current peak Physical Memory [PSS] (MB): peak = 1476.082; parent = 1301.221; children = 174.861
Synthesis current peak Virtual Memory [VSS] (MB): peak = 3205.480; parent = 2236.973; children = 968.508
---------------------------------------------------------------------------------
---------------------------------------------------------------------------------
Finished RTL Optimization Phase 1 : Time (s): cpu = 00:00:02 ; elapsed = 00:00:03 . Memory (MB): peak = 2236.969 ; gain = 453.477 ; free physical = 34897 ; free virtual = 56823
Synthesis current peak Physical Memory [PSS] (MB): peak = 1476.082; parent = 1301.221; children = 174.861
Synthesis current peak Virtual Memory [VSS] (MB): peak = 3205.480; parent = 2236.973; children = 968.508
---------------------------------------------------------------------------------
Netlist sorting complete. Time (s): cpu = 00:00:00 ; elapsed = 00:00:00 . Memory (MB): peak = 2236.969 ; gain = 0.000 ; free physical = 34892 ; free virtual = 56818
INFO: [Project 1-570] Preparing netlist for logic optimization

Processing XDC Constraints
Initializing timing engine
Completed Processing XDC Constraints

Netlist sorting complete. Time (s): cpu = 00:00:00 ; elapsed = 00:00:00 . Memory (MB): peak = 2368.906 ; gain = 0.000 ; free physical = 34862 ; free virtual = 56787
INFO: [Project 1-111] Unisim Transformation Summary:
No Unisim elements were transformed.

Constraint Validation Runtime : Time (s): cpu = 00:00:00.02 ; elapsed = 00:00:00.01 . Memory (MB): peak = 2392.719 ; gain = 23.812 ; free physical = 34862 ; free virtual = 56787
INFO: [Designutils 20-5008] Incremental synthesis strategy off
INFO: [Synth 8-11241] undeclared symbol 'REGCCE', assumed default net type 'wire' [/opt/Xilinx/Vivado/2022.2/data/verilog/src/unimacro/BRAM_SINGLE_MACRO.v:2170]
---------------------------------------------------------------------------------
Finished Constraint Validation : Time (s): cpu = 00:00:04 ; elapsed = 00:00:05 . Memory (MB): peak = 2392.719 ; gain = 609.227 ; free physical = 34874 ; free virtual = 56790
Synthesis current peak Physical Memory [PSS] (MB): peak = 1476.082; parent = 1301.221; children = 174.861
Synthesis current peak Virtual Memory [VSS] (MB): peak = 3329.215; parent = 2360.707; children = 968.508
---------------------------------------------------------------------------------
---------------------------------------------------------------------------------
Start Loading Part and Timing Information
---------------------------------------------------------------------------------
Loading part: xcau15p-sbvb484-1-i
INFO: [Synth 8-6742] Reading net delay rules and data
---------------------------------------------------------------------------------
Finished Loading Part and Timing Information : Time (s): cpu = 00:00:04 ; elapsed = 00:00:05 . Memory (MB): peak = 2392.719 ; gain = 609.227 ; free physical = 34874 ; free virtual = 56790
Synthesis current peak Physical Memory [PSS] (MB): peak = 1476.082; parent = 1301.221; children = 174.861
Synthesis current peak Virtual Memory [VSS] (MB): peak = 3329.215; parent = 2360.707; children = 968.508
---------------------------------------------------------------------------------
---------------------------------------------------------------------------------
Start Applying 'set_property' XDC Constraints
---------------------------------------------------------------------------------
---------------------------------------------------------------------------------
Finished applying 'set_property' XDC Constraints : Time (s): cpu = 00:00:04 ; elapsed = 00:00:05 . Memory (MB): peak = 2392.719 ; gain = 609.227 ; free physical = 34874 ; free virtual = 56790
Synthesis current peak Physical Memory [PSS] (MB): peak = 1476.082; parent = 1301.221; children = 174.861
Synthesis current peak Virtual Memory [VSS] (MB): peak = 3329.215; parent = 2360.707; children = 968.508
---------------------------------------------------------------------------------
INFO: [Synth 8-802] inferred FSM for state register 'state_reg' in module 'event_builder_v0'
---------------------------------------------------------------------------------------------------
                   State |                     New Encoding |                Previous Encoding 
---------------------------------------------------------------------------------------------------
                    IDLE |                              000 |                              000
             SEND_HEADER |                              001 |                              001
           SENDING_EVENT |                              010 |                              010
             SEND_FOOTER |                              011 |                              011
               END_EVENT |                              100 |                              100
                    REST |                              101 |                              101
                    WAIT |                              110 |                              111
---------------------------------------------------------------------------------------------------
INFO: [Synth 8-3354] encoded FSM with state register 'state_reg' using encoding 'sequential' in module 'event_builder_v0'
---------------------------------------------------------------------------------
Finished RTL Optimization Phase 2 : Time (s): cpu = 00:00:05 ; elapsed = 00:00:05 . Memory (MB): peak = 2392.719 ; gain = 609.227 ; free physical = 34866 ; free virtual = 56784
Synthesis current peak Physical Memory [PSS] (MB): peak = 1476.082; parent = 1301.221; children = 174.861
Synthesis current peak Virtual Memory [VSS] (MB): peak = 3329.215; parent = 2360.707; children = 968.508
---------------------------------------------------------------------------------
---------------------------------------------------------------------------------
Start RTL Component Statistics 
---------------------------------------------------------------------------------
Detailed RTL Component Info : 
+---Adders : 
	   2 Input   11 Bit       Adders := 2     
	   2 Input   10 Bit       Adders := 2     
	   2 Input    5 Bit       Adders := 1     
+---Registers : 
	              320 Bit    Registers := 1     
	               32 Bit    Registers := 1     
	               11 Bit    Registers := 2     
	               10 Bit    Registers := 2     
	                5 Bit    Registers := 1     
	                4 Bit    Registers := 1     
	                2 Bit    Registers := 1     
	                1 Bit    Registers := 6     
+---Muxes : 
	   7 Input   32 Bit        Muxes := 1     
	   7 Input   11 Bit        Muxes := 1     
	   2 Input   10 Bit        Muxes := 2     
	   7 Input   10 Bit        Muxes := 2     
	   7 Input    5 Bit        Muxes := 1     
	   7 Input    3 Bit        Muxes := 1     
	   2 Input    3 Bit        Muxes := 1     
	   7 Input    2 Bit        Muxes := 1     
	   2 Input    1 Bit        Muxes := 2     
	   7 Input    1 Bit        Muxes := 13    
	   9 Input    1 Bit        Muxes := 1     
---------------------------------------------------------------------------------
Finished RTL Component Statistics 
---------------------------------------------------------------------------------
---------------------------------------------------------------------------------
Start Part Resource Summary
---------------------------------------------------------------------------------
Part Resources:
DSPs: 576 (col length:72)
BRAMs: 288 (col length: RAMB18 72 RAMB36 36)
---------------------------------------------------------------------------------
Finished Part Resource Summary
---------------------------------------------------------------------------------
---------------------------------------------------------------------------------
Start Cross Boundary and Area Optimization
---------------------------------------------------------------------------------
WARNING: [Synth 8-7080] Parallel synthesis criteria is not met
INFO: [Synth 8-3917] design top_block_event_builder_v0_0_0 has port rd_en driven by constant 0
WARNING: [Synth 8-7129] Port empty[3] in module top_block_event_builder_v0_0_0 is either unconnected or has no load
WARNING: [Synth 8-7129] Port empty[2] in module top_block_event_builder_v0_0_0 is either unconnected or has no load
WARNING: [Synth 8-7129] Port empty[1] in module top_block_event_builder_v0_0_0 is either unconnected or has no load
WARNING: [Synth 8-7129] Port empty[0] in module top_block_event_builder_v0_0_0 is either unconnected or has no load
---------------------------------------------------------------------------------
Finished Cross Boundary and Area Optimization : Time (s): cpu = 00:00:06 ; elapsed = 00:00:06 . Memory (MB): peak = 2392.719 ; gain = 609.227 ; free physical = 34843 ; free virtual = 56764
Synthesis current peak Physical Memory [PSS] (MB): peak = 1476.082; parent = 1301.221; children = 174.861
Synthesis current peak Virtual Memory [VSS] (MB): peak = 3329.215; parent = 2360.707; children = 968.508
---------------------------------------------------------------------------------
---------------------------------------------------------------------------------
Start Applying XDC Timing Constraints
---------------------------------------------------------------------------------
---------------------------------------------------------------------------------
Finished Applying XDC Timing Constraints : Time (s): cpu = 00:00:07 ; elapsed = 00:00:08 . Memory (MB): peak = 2439.461 ; gain = 655.969 ; free physical = 34638 ; free virtual = 56559
Synthesis current peak Physical Memory [PSS] (MB): peak = 1681.397; parent = 1506.957; children = 174.861
Synthesis current peak Virtual Memory [VSS] (MB): peak = 3407.973; parent = 2439.465; children = 968.508
---------------------------------------------------------------------------------
---------------------------------------------------------------------------------
Start Timing Optimization
---------------------------------------------------------------------------------
---------------------------------------------------------------------------------
Finished Timing Optimization : Time (s): cpu = 00:00:07 ; elapsed = 00:00:08 . Memory (MB): peak = 2439.461 ; gain = 655.969 ; free physical = 34637 ; free virtual = 56559
Synthesis current peak Physical Memory [PSS] (MB): peak = 1681.698; parent = 1507.258; children = 174.861
Synthesis current peak Virtual Memory [VSS] (MB): peak = 3407.973; parent = 2439.465; children = 968.508
---------------------------------------------------------------------------------
---------------------------------------------------------------------------------
Start Technology Mapping
---------------------------------------------------------------------------------
---------------------------------------------------------------------------------
Finished Technology Mapping : Time (s): cpu = 00:00:07 ; elapsed = 00:00:08 . Memory (MB): peak = 2439.461 ; gain = 655.969 ; free physical = 34635 ; free virtual = 56556
Synthesis current peak Physical Memory [PSS] (MB): peak = 1683.597; parent = 1509.156; children = 174.861
Synthesis current peak Virtual Memory [VSS] (MB): peak = 3407.973; parent = 2439.465; children = 968.508
---------------------------------------------------------------------------------
---------------------------------------------------------------------------------
Start IO Insertion
---------------------------------------------------------------------------------
---------------------------------------------------------------------------------
Start Flattening Before IO Insertion
---------------------------------------------------------------------------------
---------------------------------------------------------------------------------
Finished Flattening Before IO Insertion
---------------------------------------------------------------------------------
---------------------------------------------------------------------------------
Start Final Netlist Cleanup
---------------------------------------------------------------------------------
---------------------------------------------------------------------------------
Finished Final Netlist Cleanup
---------------------------------------------------------------------------------
---------------------------------------------------------------------------------
Finished IO Insertion : Time (s): cpu = 00:00:09 ; elapsed = 00:00:10 . Memory (MB): peak = 2445.398 ; gain = 661.906 ; free physical = 34639 ; free virtual = 56560
Synthesis current peak Physical Memory [PSS] (MB): peak = 1684.206; parent = 1509.766; children = 174.861
Synthesis current peak Virtual Memory [VSS] (MB): peak = 3413.910; parent = 2445.402; children = 968.508
---------------------------------------------------------------------------------
---------------------------------------------------------------------------------
Start Renaming Generated Instances
---------------------------------------------------------------------------------
---------------------------------------------------------------------------------
Finished Renaming Generated Instances : Time (s): cpu = 00:00:09 ; elapsed = 00:00:10 . Memory (MB): peak = 2445.398 ; gain = 661.906 ; free physical = 34639 ; free virtual = 56560
Synthesis current peak Physical Memory [PSS] (MB): peak = 1684.222; parent = 1509.781; children = 174.861
Synthesis current peak Virtual Memory [VSS] (MB): peak = 3413.910; parent = 2445.402; children = 968.508
---------------------------------------------------------------------------------
---------------------------------------------------------------------------------
Start Rebuilding User Hierarchy
---------------------------------------------------------------------------------
---------------------------------------------------------------------------------
Finished Rebuilding User Hierarchy : Time (s): cpu = 00:00:09 ; elapsed = 00:00:10 . Memory (MB): peak = 2445.398 ; gain = 661.906 ; free physical = 34639 ; free virtual = 56560
Synthesis current peak Physical Memory [PSS] (MB): peak = 1684.351; parent = 1509.910; children = 174.861
Synthesis current peak Virtual Memory [VSS] (MB): peak = 3413.910; parent = 2445.402; children = 968.508
---------------------------------------------------------------------------------
---------------------------------------------------------------------------------
Start Renaming Generated Ports
---------------------------------------------------------------------------------
---------------------------------------------------------------------------------
Finished Renaming Generated Ports : Time (s): cpu = 00:00:09 ; elapsed = 00:00:10 . Memory (MB): peak = 2445.398 ; gain = 661.906 ; free physical = 34639 ; free virtual = 56560
Synthesis current peak Physical Memory [PSS] (MB): peak = 1684.351; parent = 1509.910; children = 174.861
Synthesis current peak Virtual Memory [VSS] (MB): peak = 3413.910; parent = 2445.402; children = 968.508
---------------------------------------------------------------------------------
---------------------------------------------------------------------------------
Start Handling Custom Attributes
---------------------------------------------------------------------------------
---------------------------------------------------------------------------------
Finished Handling Custom Attributes : Time (s): cpu = 00:00:09 ; elapsed = 00:00:10 . Memory (MB): peak = 2445.398 ; gain = 661.906 ; free physical = 34638 ; free virtual = 56560
Synthesis current peak Physical Memory [PSS] (MB): peak = 1684.351; parent = 1509.910; children = 174.861
Synthesis current peak Virtual Memory [VSS] (MB): peak = 3413.910; parent = 2445.402; children = 968.508
---------------------------------------------------------------------------------
---------------------------------------------------------------------------------
Start Renaming Generated Nets
---------------------------------------------------------------------------------
---------------------------------------------------------------------------------
Finished Renaming Generated Nets : Time (s): cpu = 00:00:09 ; elapsed = 00:00:10 . Memory (MB): peak = 2445.398 ; gain = 661.906 ; free physical = 34638 ; free virtual = 56560
Synthesis current peak Physical Memory [PSS] (MB): peak = 1684.354; parent = 1509.914; children = 174.861
Synthesis current peak Virtual Memory [VSS] (MB): peak = 3413.910; parent = 2445.402; children = 968.508
---------------------------------------------------------------------------------
---------------------------------------------------------------------------------
Start Writing Synthesis Report
---------------------------------------------------------------------------------

Report BlackBoxes: 
+-+--------------+----------+
| |BlackBox name |Instances |
+-+--------------+----------+
+-+--------------+----------+

Report Cell Usage: 
+------+-------+------+
|      |Cell   |Count |
+------+-------+------+
|1     |CARRY8 |     4|
|2     |LUT1   |     2|
|3     |LUT2   |     9|
|4     |LUT3   |    13|
|5     |LUT4   |    53|
|6     |LUT5   |   115|
|7     |LUT6   |    74|
|8     |MUXF7  |    20|
|9     |MUXF8  |    10|
|10    |FDRE   |   414|
+------+-------+------+
---------------------------------------------------------------------------------
Finished Writing Synthesis Report : Time (s): cpu = 00:00:09 ; elapsed = 00:00:10 . Memory (MB): peak = 2445.398 ; gain = 661.906 ; free physical = 34638 ; free virtual = 56560
Synthesis current peak Physical Memory [PSS] (MB): peak = 1684.386; parent = 1509.945; children = 174.861
Synthesis current peak Virtual Memory [VSS] (MB): peak = 3413.910; parent = 2445.402; children = 968.508
---------------------------------------------------------------------------------
Synthesis finished with 0 errors, 0 critical warnings and 5 warnings.
Synthesis Optimization Runtime : Time (s): cpu = 00:00:08 ; elapsed = 00:00:10 . Memory (MB): peak = 2445.398 ; gain = 506.156 ; free physical = 34650 ; free virtual = 56572
Synthesis Optimization Complete : Time (s): cpu = 00:00:09 ; elapsed = 00:00:10 . Memory (MB): peak = 2445.406 ; gain = 661.906 ; free physical = 34650 ; free virtual = 56572
INFO: [Project 1-571] Translating synthesized netlist
Netlist sorting complete. Time (s): cpu = 00:00:00.01 ; elapsed = 00:00:00.01 . Memory (MB): peak = 2455.305 ; gain = 0.000 ; free physical = 34756 ; free virtual = 56677
INFO: [Netlist 29-17] Analyzing 34 Unisim elements for replacement
INFO: [Netlist 29-28] Unisim Transformation completed in 0 CPU seconds
INFO: [Project 1-570] Preparing netlist for logic optimization
INFO: [Opt 31-138] Pushed 0 inverter(s) to 0 load pin(s).
Netlist sorting complete. Time (s): cpu = 00:00:00 ; elapsed = 00:00:00 . Memory (MB): peak = 2496.160 ; gain = 0.000 ; free physical = 34726 ; free virtual = 56647
INFO: [Project 1-111] Unisim Transformation Summary:
No Unisim elements were transformed.

Synth Design complete, checksum: fa691a4b
INFO: [Common 17-83] Releasing license: Synthesis
30 Infos, 12 Warnings, 0 Critical Warnings and 0 Errors encountered.
synth_design completed successfully
synth_design: Time (s): cpu = 00:00:11 ; elapsed = 00:00:12 . Memory (MB): peak = 2496.160 ; gain = 1202.594 ; free physical = 34940 ; free virtual = 56862
INFO: [Common 17-1381] The checkpoint '/home/nagafusa/work/spadi/Fakernet/SAMIDARE/samidare.runs/top_block_event_builder_v0_0_0_synth_1/top_block_event_builder_v0_0_0.dcp' has been generated.
INFO: [Coretcl 2-1648] Added synthesis output to IP cache for IP top_block_event_builder_v0_0_0, cache-ID = 90bdc0215c4b214c
INFO: [Common 17-1381] The checkpoint '/home/nagafusa/work/spadi/Fakernet/SAMIDARE/samidare.runs/top_block_event_builder_v0_0_0_synth_1/top_block_event_builder_v0_0_0.dcp' has been generated.
INFO: [runtcl-4] Executing : report_utilization -file top_block_event_builder_v0_0_0_utilization_synth.rpt -pb top_block_event_builder_v0_0_0_utilization_synth.pb
INFO: [Common 17-206] Exiting Vivado at Wed Aug 21 14:54:02 2024...
