
*** Running vivado
    with args -log clk_wiz_0.vds -m64 -product Vivado -mode batch -messageDb vivado.pb -notrace -source clk_wiz_0.tcl


****** Vivado v2022.2 (64-bit)
  **** SW Build 3671981 on Fri Oct 14 04:59:54 MDT 2022
  **** IP Build 3669848 on Fri Oct 14 08:30:02 MDT 2022
    ** Copyright 1986-2022 Xilinx, Inc. All Rights Reserved.

source clk_wiz_0.tcl -notrace
INFO: [IP_Flow 19-234] Refreshing IP repositories
INFO: [IP_Flow 19-1700] Loaded user IP repository '/home/nagafusa/work/spadi/Fakernet/ip_repo/SAMPA_PON_1_0'.
INFO: [IP_Flow 19-1700] Loaded user IP repository '/home/nagafusa/work/spadi/Fakernet/ip_repo/I2C_Controller_1_0'.
INFO: [IP_Flow 19-1700] Loaded user IP repository '/home/nagafusa/work/spadi/Fakernet/ip_repo/start_i2c_write_1_0'.
WARNING: [IP_Flow 19-2248] Failed to load user IP repository '/home/nagafusa/work/spadi/Fakernet/ip_repo/I2C_controller_1_0'; Can't find the specified path.
If this directory should no longer be in your list of user repositories, go to the IP Settings dialog and remove it.
WARNING: [IP_Flow 19-2207] Repository '/home/nagafusa/work/spadi/Fakernet/ip_repo/I2C_controller_1_0' already exists; ignoring attempt to add it again.
WARNING: [IP_Flow 19-2248] Failed to load user IP repository '/home/nagafusa/work/spadi/Fakernet/ip_repo/I2C_controller_1_0'; Can't find the specified path.
If this directory should no longer be in your list of user repositories, go to the IP Settings dialog and remove it.
INFO: [IP_Flow 19-2313] Loaded Vivado IP repository '/opt/Xilinx/Vivado/2022.2/data/ip'.
INFO: [IP_Flow 19-6924] IPCACHE: Running cache check for IP inst: clk_wiz_0
Command: synth_design -top clk_wiz_0 -part xcau15p-sbvb484-1-i -incremental_mode off -mode out_of_context
Starting synth_design
Attempting to get a license for feature 'Synthesis' and/or device 'xcau15p'
INFO: [Common 17-349] Got license for feature 'Synthesis' and/or device 'xcau15p'
INFO: [Device 21-403] Loading part xcau15p-sbvb484-1-i
INFO: [Synth 8-7079] Multithreading enabled for synth_design using a maximum of 4 processes.
INFO: [Synth 8-7078] Launching helper process for spawning children vivado processes
INFO: [Synth 8-7075] Helper process launched with PID 4053008
INFO: [Synth 8-11241] undeclared symbol 'REGCCE', assumed default net type 'wire' [/opt/Xilinx/Vivado/2022.2/data/verilog/src/unimacro/BRAM_SINGLE_MACRO.v:2170]
---------------------------------------------------------------------------------
Starting RTL Elaboration : Time (s): cpu = 00:00:02 ; elapsed = 00:00:02 . Memory (MB): peak = 2148.309 ; gain = 363.727 ; free physical = 30780 ; free virtual = 49011
Synthesis current peak Physical Memory [PSS] (MB): peak = 1395.903; parent = 1252.773; children = 143.130
Synthesis current peak Virtual Memory [VSS] (MB): peak = 3119.789; parent = 2151.281; children = 968.508
---------------------------------------------------------------------------------
INFO: [Synth 8-6157] synthesizing module 'clk_wiz_0' [/home/nagafusa/work/spadi/Fakernet/axi_iic_0_ex/axi_iic_0_ex.gen/sources_1/ip/clk_wiz_0/clk_wiz_0.v:68]
INFO: [Synth 8-6157] synthesizing module 'clk_wiz_0_clk_wiz' [/home/nagafusa/work/spadi/Fakernet/axi_iic_0_ex/axi_iic_0_ex.gen/sources_1/ip/clk_wiz_0/clk_wiz_0_clk_wiz.v:68]
INFO: [Synth 8-6157] synthesizing module 'IBUFDS' [/opt/Xilinx/Vivado/2022.2/scripts/rt/data/unisim_comp.v:71342]
INFO: [Synth 8-6155] done synthesizing module 'IBUFDS' (0#1) [/opt/Xilinx/Vivado/2022.2/scripts/rt/data/unisim_comp.v:71342]
INFO: [Synth 8-6157] synthesizing module 'MMCME4_ADV' [/opt/Xilinx/Vivado/2022.2/scripts/rt/data/unisim_comp.v:80245]
	Parameter BANDWIDTH bound to: OPTIMIZED - type: string 
	Parameter CLKFBOUT_MULT_F bound to: 6.000000 - type: double 
	Parameter CLKFBOUT_PHASE bound to: 0.000000 - type: double 
	Parameter CLKFBOUT_USE_FINE_PS bound to: FALSE - type: string 
	Parameter CLKIN1_PERIOD bound to: 5.000000 - type: double 
	Parameter CLKOUT0_DIVIDE_F bound to: 30.000000 - type: double 
	Parameter CLKOUT0_DUTY_CYCLE bound to: 0.500000 - type: double 
	Parameter CLKOUT0_PHASE bound to: 0.000000 - type: double 
	Parameter CLKOUT0_USE_FINE_PS bound to: FALSE - type: string 
	Parameter CLKOUT4_CASCADE bound to: FALSE - type: string 
	Parameter COMPENSATION bound to: AUTO - type: string 
	Parameter DIVCLK_DIVIDE bound to: 1 - type: integer 
	Parameter STARTUP_WAIT bound to: FALSE - type: string 
INFO: [Synth 8-6155] done synthesizing module 'MMCME4_ADV' (0#1) [/opt/Xilinx/Vivado/2022.2/scripts/rt/data/unisim_comp.v:80245]
INFO: [Synth 8-6157] synthesizing module 'BUFG' [/opt/Xilinx/Vivado/2022.2/scripts/rt/data/unisim_comp.v:1082]
INFO: [Synth 8-6155] done synthesizing module 'BUFG' (0#1) [/opt/Xilinx/Vivado/2022.2/scripts/rt/data/unisim_comp.v:1082]
INFO: [Synth 8-6155] done synthesizing module 'clk_wiz_0_clk_wiz' (0#1) [/home/nagafusa/work/spadi/Fakernet/axi_iic_0_ex/axi_iic_0_ex.gen/sources_1/ip/clk_wiz_0/clk_wiz_0_clk_wiz.v:68]
INFO: [Synth 8-6155] done synthesizing module 'clk_wiz_0' (0#1) [/home/nagafusa/work/spadi/Fakernet/axi_iic_0_ex/axi_iic_0_ex.gen/sources_1/ip/clk_wiz_0/clk_wiz_0.v:68]
---------------------------------------------------------------------------------
Finished RTL Elaboration : Time (s): cpu = 00:00:02 ; elapsed = 00:00:03 . Memory (MB): peak = 2219.246 ; gain = 434.664 ; free physical = 30726 ; free virtual = 48958
Synthesis current peak Physical Memory [PSS] (MB): peak = 1395.903; parent = 1252.773; children = 143.130
Synthesis current peak Virtual Memory [VSS] (MB): peak = 3187.758; parent = 2219.250; children = 968.508
---------------------------------------------------------------------------------
---------------------------------------------------------------------------------
Start Handling Custom Attributes
---------------------------------------------------------------------------------
---------------------------------------------------------------------------------
Finished Handling Custom Attributes : Time (s): cpu = 00:00:02 ; elapsed = 00:00:03 . Memory (MB): peak = 2237.059 ; gain = 452.477 ; free physical = 30717 ; free virtual = 48950
Synthesis current peak Physical Memory [PSS] (MB): peak = 1395.903; parent = 1252.773; children = 143.130
Synthesis current peak Virtual Memory [VSS] (MB): peak = 3205.570; parent = 2237.062; children = 968.508
---------------------------------------------------------------------------------
---------------------------------------------------------------------------------
Finished RTL Optimization Phase 1 : Time (s): cpu = 00:00:02 ; elapsed = 00:00:03 . Memory (MB): peak = 2237.059 ; gain = 452.477 ; free physical = 30714 ; free virtual = 48947
Synthesis current peak Physical Memory [PSS] (MB): peak = 1395.903; parent = 1252.773; children = 143.130
Synthesis current peak Virtual Memory [VSS] (MB): peak = 3205.570; parent = 2237.062; children = 968.508
---------------------------------------------------------------------------------
Netlist sorting complete. Time (s): cpu = 00:00:00 ; elapsed = 00:00:00 . Memory (MB): peak = 2242.996 ; gain = 0.000 ; free physical = 30891 ; free virtual = 49123
INFO: [Netlist 29-17] Analyzing 3 Unisim elements for replacement
INFO: [Netlist 29-28] Unisim Transformation completed in 0 CPU seconds
INFO: [Project 1-570] Preparing netlist for logic optimization

Processing XDC Constraints
Initializing timing engine
Parsing XDC File [/home/nagafusa/work/spadi/Fakernet/axi_iic_0_ex/axi_iic_0_ex.gen/sources_1/ip/clk_wiz_0/clk_wiz_0_ooc.xdc] for cell 'inst'
Finished Parsing XDC File [/home/nagafusa/work/spadi/Fakernet/axi_iic_0_ex/axi_iic_0_ex.gen/sources_1/ip/clk_wiz_0/clk_wiz_0_ooc.xdc] for cell 'inst'
Parsing XDC File [/home/nagafusa/work/spadi/Fakernet/axi_iic_0_ex/axi_iic_0_ex.gen/sources_1/ip/clk_wiz_0/clk_wiz_0_board.xdc] for cell 'inst'
Finished Parsing XDC File [/home/nagafusa/work/spadi/Fakernet/axi_iic_0_ex/axi_iic_0_ex.gen/sources_1/ip/clk_wiz_0/clk_wiz_0_board.xdc] for cell 'inst'
Parsing XDC File [/home/nagafusa/work/spadi/Fakernet/axi_iic_0_ex/axi_iic_0_ex.gen/sources_1/ip/clk_wiz_0/clk_wiz_0.xdc] for cell 'inst'
Finished Parsing XDC File [/home/nagafusa/work/spadi/Fakernet/axi_iic_0_ex/axi_iic_0_ex.gen/sources_1/ip/clk_wiz_0/clk_wiz_0.xdc] for cell 'inst'
INFO: [Project 1-236] Implementation specific constraints were found while reading constraint file [/home/nagafusa/work/spadi/Fakernet/axi_iic_0_ex/axi_iic_0_ex.gen/sources_1/ip/clk_wiz_0/clk_wiz_0.xdc]. These constraints will be ignored for synthesis but will be used in implementation. Impacted constraints are listed in the file [.Xil/clk_wiz_0_propImpl.xdc].
Resolution: To avoid this warning, move constraints listed in [.Xil/clk_wiz_0_propImpl.xdc] to another XDC file and exclude this new file from synthesis with the used_in_synthesis property (File Properties dialog in GUI) and re-run elaboration/synthesis.
INFO: [Timing 38-2] Deriving generated clocks
Parsing XDC File [/home/nagafusa/work/spadi/Fakernet/axi_iic_0_ex/axi_iic_0_ex.runs/clk_wiz_0_synth_1/dont_touch.xdc]
Finished Parsing XDC File [/home/nagafusa/work/spadi/Fakernet/axi_iic_0_ex/axi_iic_0_ex.runs/clk_wiz_0_synth_1/dont_touch.xdc]
Completed Processing XDC Constraints

Netlist sorting complete. Time (s): cpu = 00:00:00 ; elapsed = 00:00:00 . Memory (MB): peak = 2312.965 ; gain = 0.000 ; free physical = 30848 ; free virtual = 49081
INFO: [Project 1-111] Unisim Transformation Summary:
  A total of 2 instances were transformed.
  BUFG => BUFGCE: 1 instance 
  IBUFDS => IBUFDS (DIFFINBUF, IBUFCTRL): 1 instance 

Constraint Validation Runtime : Time (s): cpu = 00:00:00 ; elapsed = 00:00:00.01 . Memory (MB): peak = 2312.965 ; gain = 0.000 ; free physical = 30848 ; free virtual = 49081
INFO: [Designutils 20-5008] Incremental synthesis strategy off
INFO: [Synth 8-11241] undeclared symbol 'REGCCE', assumed default net type 'wire' [/opt/Xilinx/Vivado/2022.2/data/verilog/src/unimacro/BRAM_SINGLE_MACRO.v:2170]
---------------------------------------------------------------------------------
Finished Constraint Validation : Time (s): cpu = 00:00:08 ; elapsed = 00:00:08 . Memory (MB): peak = 2312.965 ; gain = 528.383 ; free physical = 30836 ; free virtual = 49070
Synthesis current peak Physical Memory [PSS] (MB): peak = 1395.903; parent = 1252.773; children = 143.130
Synthesis current peak Virtual Memory [VSS] (MB): peak = 3249.461; parent = 2280.953; children = 968.508
---------------------------------------------------------------------------------
---------------------------------------------------------------------------------
Start Loading Part and Timing Information
---------------------------------------------------------------------------------
Loading part: xcau15p-sbvb484-1-i
INFO: [Synth 8-6742] Reading net delay rules and data
---------------------------------------------------------------------------------
Finished Loading Part and Timing Information : Time (s): cpu = 00:00:08 ; elapsed = 00:00:08 . Memory (MB): peak = 2312.965 ; gain = 528.383 ; free physical = 30832 ; free virtual = 49066
Synthesis current peak Physical Memory [PSS] (MB): peak = 1395.903; parent = 1252.773; children = 143.130
Synthesis current peak Virtual Memory [VSS] (MB): peak = 3249.461; parent = 2280.953; children = 968.508
---------------------------------------------------------------------------------
---------------------------------------------------------------------------------
Start Applying 'set_property' XDC Constraints
---------------------------------------------------------------------------------
Applied set_property KEEP_HIERARCHY = SOFT for inst. (constraint file  /home/nagafusa/work/spadi/Fakernet/axi_iic_0_ex/axi_iic_0_ex.runs/clk_wiz_0_synth_1/dont_touch.xdc, line 9).
---------------------------------------------------------------------------------
Finished applying 'set_property' XDC Constraints : Time (s): cpu = 00:00:08 ; elapsed = 00:00:08 . Memory (MB): peak = 2312.965 ; gain = 528.383 ; free physical = 30832 ; free virtual = 49066
Synthesis current peak Physical Memory [PSS] (MB): peak = 1395.903; parent = 1252.773; children = 143.130
Synthesis current peak Virtual Memory [VSS] (MB): peak = 3249.461; parent = 2280.953; children = 968.508
---------------------------------------------------------------------------------
---------------------------------------------------------------------------------
Finished RTL Optimization Phase 2 : Time (s): cpu = 00:00:08 ; elapsed = 00:00:09 . Memory (MB): peak = 2312.965 ; gain = 528.383 ; free physical = 30920 ; free virtual = 49155
Synthesis current peak Physical Memory [PSS] (MB): peak = 1395.903; parent = 1252.773; children = 143.130
Synthesis current peak Virtual Memory [VSS] (MB): peak = 3249.461; parent = 2280.953; children = 968.508
---------------------------------------------------------------------------------
---------------------------------------------------------------------------------
Start RTL Component Statistics 
---------------------------------------------------------------------------------
Detailed RTL Component Info : 
---------------------------------------------------------------------------------
Finished RTL Component Statistics 
---------------------------------------------------------------------------------
---------------------------------------------------------------------------------
Start Part Resource Summary
---------------------------------------------------------------------------------
Part Resources:
DSPs: 576 (col length:72)
BRAMs: 288 (col length: RAMB18 72 RAMB36 36)
---------------------------------------------------------------------------------
Finished Part Resource Summary
---------------------------------------------------------------------------------
---------------------------------------------------------------------------------
Start Cross Boundary and Area Optimization
---------------------------------------------------------------------------------
WARNING: [Synth 8-7080] Parallel synthesis criteria is not met
---------------------------------------------------------------------------------
Finished Cross Boundary and Area Optimization : Time (s): cpu = 00:00:08 ; elapsed = 00:00:09 . Memory (MB): peak = 2312.965 ; gain = 528.383 ; free physical = 30957 ; free virtual = 49197
Synthesis current peak Physical Memory [PSS] (MB): peak = 1395.903; parent = 1252.773; children = 143.130
Synthesis current peak Virtual Memory [VSS] (MB): peak = 3249.461; parent = 2280.953; children = 968.508
---------------------------------------------------------------------------------
---------------------------------------------------------------------------------
Start Applying XDC Timing Constraints
---------------------------------------------------------------------------------
---------------------------------------------------------------------------------
Finished Applying XDC Timing Constraints : Time (s): cpu = 00:00:10 ; elapsed = 00:00:11 . Memory (MB): peak = 2388.582 ; gain = 604.000 ; free physical = 30651 ; free virtual = 48895
Synthesis current peak Physical Memory [PSS] (MB): peak = 1562.644; parent = 1419.704; children = 143.130
Synthesis current peak Virtual Memory [VSS] (MB): peak = 3357.094; parent = 2388.586; children = 968.508
---------------------------------------------------------------------------------
---------------------------------------------------------------------------------
Start Timing Optimization
---------------------------------------------------------------------------------
---------------------------------------------------------------------------------
Finished Timing Optimization : Time (s): cpu = 00:00:10 ; elapsed = 00:00:11 . Memory (MB): peak = 2388.582 ; gain = 604.000 ; free physical = 30651 ; free virtual = 48895
Synthesis current peak Physical Memory [PSS] (MB): peak = 1562.753; parent = 1419.817; children = 143.130
Synthesis current peak Virtual Memory [VSS] (MB): peak = 3357.094; parent = 2388.586; children = 968.508
---------------------------------------------------------------------------------
---------------------------------------------------------------------------------
Start Technology Mapping
---------------------------------------------------------------------------------
---------------------------------------------------------------------------------
Finished Technology Mapping : Time (s): cpu = 00:00:10 ; elapsed = 00:00:11 . Memory (MB): peak = 2407.613 ; gain = 623.031 ; free physical = 30648 ; free virtual = 48893
Synthesis current peak Physical Memory [PSS] (MB): peak = 1563.319; parent = 1420.384; children = 143.130
Synthesis current peak Virtual Memory [VSS] (MB): peak = 3376.125; parent = 2407.617; children = 968.508
---------------------------------------------------------------------------------
---------------------------------------------------------------------------------
Start IO Insertion
---------------------------------------------------------------------------------
---------------------------------------------------------------------------------
Start Flattening Before IO Insertion
---------------------------------------------------------------------------------
---------------------------------------------------------------------------------
Finished Flattening Before IO Insertion
---------------------------------------------------------------------------------
---------------------------------------------------------------------------------
Start Final Netlist Cleanup
---------------------------------------------------------------------------------
---------------------------------------------------------------------------------
Finished Final Netlist Cleanup
---------------------------------------------------------------------------------
---------------------------------------------------------------------------------
Finished IO Insertion : Time (s): cpu = 00:00:11 ; elapsed = 00:00:13 . Memory (MB): peak = 2413.551 ; gain = 628.969 ; free physical = 30535 ; free virtual = 48785
Synthesis current peak Physical Memory [PSS] (MB): peak = 1563.319; parent = 1420.384; children = 143.130
Synthesis current peak Virtual Memory [VSS] (MB): peak = 3382.062; parent = 2413.555; children = 968.508
---------------------------------------------------------------------------------
---------------------------------------------------------------------------------
Start Renaming Generated Instances
---------------------------------------------------------------------------------
---------------------------------------------------------------------------------
Finished Renaming Generated Instances : Time (s): cpu = 00:00:11 ; elapsed = 00:00:13 . Memory (MB): peak = 2413.551 ; gain = 628.969 ; free physical = 30524 ; free virtual = 48774
Synthesis current peak Physical Memory [PSS] (MB): peak = 1563.319; parent = 1420.384; children = 143.130
Synthesis current peak Virtual Memory [VSS] (MB): peak = 3382.062; parent = 2413.555; children = 968.508
---------------------------------------------------------------------------------
---------------------------------------------------------------------------------
Start Rebuilding User Hierarchy
---------------------------------------------------------------------------------
---------------------------------------------------------------------------------
Finished Rebuilding User Hierarchy : Time (s): cpu = 00:00:11 ; elapsed = 00:00:13 . Memory (MB): peak = 2413.551 ; gain = 628.969 ; free physical = 30507 ; free virtual = 48757
Synthesis current peak Physical Memory [PSS] (MB): peak = 1563.319; parent = 1420.384; children = 143.130
Synthesis current peak Virtual Memory [VSS] (MB): peak = 3382.062; parent = 2413.555; children = 968.508
---------------------------------------------------------------------------------
---------------------------------------------------------------------------------
Start Renaming Generated Ports
---------------------------------------------------------------------------------
---------------------------------------------------------------------------------
Finished Renaming Generated Ports : Time (s): cpu = 00:00:11 ; elapsed = 00:00:13 . Memory (MB): peak = 2413.551 ; gain = 628.969 ; free physical = 30494 ; free virtual = 48744
Synthesis current peak Physical Memory [PSS] (MB): peak = 1563.319; parent = 1420.384; children = 143.130
Synthesis current peak Virtual Memory [VSS] (MB): peak = 3382.062; parent = 2413.555; children = 968.508
---------------------------------------------------------------------------------
---------------------------------------------------------------------------------
Start Handling Custom Attributes
---------------------------------------------------------------------------------
---------------------------------------------------------------------------------
Finished Handling Custom Attributes : Time (s): cpu = 00:00:11 ; elapsed = 00:00:13 . Memory (MB): peak = 2413.551 ; gain = 628.969 ; free physical = 30489 ; free virtual = 48739
Synthesis current peak Physical Memory [PSS] (MB): peak = 1563.319; parent = 1420.384; children = 143.130
Synthesis current peak Virtual Memory [VSS] (MB): peak = 3382.062; parent = 2413.555; children = 968.508
---------------------------------------------------------------------------------
---------------------------------------------------------------------------------
Start Renaming Generated Nets
---------------------------------------------------------------------------------
---------------------------------------------------------------------------------
Finished Renaming Generated Nets : Time (s): cpu = 00:00:11 ; elapsed = 00:00:13 . Memory (MB): peak = 2413.551 ; gain = 628.969 ; free physical = 30475 ; free virtual = 48725
Synthesis current peak Physical Memory [PSS] (MB): peak = 1563.319; parent = 1420.384; children = 143.130
Synthesis current peak Virtual Memory [VSS] (MB): peak = 3382.062; parent = 2413.555; children = 968.508
---------------------------------------------------------------------------------
---------------------------------------------------------------------------------
Start Writing Synthesis Report
---------------------------------------------------------------------------------

Report BlackBoxes: 
+-+--------------+----------+
| |BlackBox name |Instances |
+-+--------------+----------+
+-+--------------+----------+

Report Cell Usage: 
+------+-----------+------+
|      |Cell       |Count |
+------+-----------+------+
|1     |BUFG       |     1|
|2     |MMCME4_ADV |     1|
|3     |IBUFDS     |     1|
+------+-----------+------+
---------------------------------------------------------------------------------
Finished Writing Synthesis Report : Time (s): cpu = 00:00:11 ; elapsed = 00:00:13 . Memory (MB): peak = 2413.551 ; gain = 628.969 ; free physical = 30462 ; free virtual = 48712
Synthesis current peak Physical Memory [PSS] (MB): peak = 1563.319; parent = 1420.384; children = 143.130
Synthesis current peak Virtual Memory [VSS] (MB): peak = 3382.062; parent = 2413.555; children = 968.508
---------------------------------------------------------------------------------
Synthesis finished with 0 errors, 0 critical warnings and 1 warnings.
Synthesis Optimization Runtime : Time (s): cpu = 00:00:08 ; elapsed = 00:00:09 . Memory (MB): peak = 2413.551 ; gain = 553.062 ; free physical = 30446 ; free virtual = 48696
Synthesis Optimization Complete : Time (s): cpu = 00:00:11 ; elapsed = 00:00:13 . Memory (MB): peak = 2413.559 ; gain = 628.969 ; free physical = 30449 ; free virtual = 48699
INFO: [Project 1-571] Translating synthesized netlist
Netlist sorting complete. Time (s): cpu = 00:00:00 ; elapsed = 00:00:00 . Memory (MB): peak = 2413.559 ; gain = 0.000 ; free physical = 30443 ; free virtual = 48693
INFO: [Netlist 29-17] Analyzing 3 Unisim elements for replacement
INFO: [Netlist 29-28] Unisim Transformation completed in 0 CPU seconds
INFO: [Project 1-570] Preparing netlist for logic optimization
INFO: [Opt 31-138] Pushed 0 inverter(s) to 0 load pin(s).
INFO: [Opt 31-326] The CLKFBOUT to CLKFBIN net for instance inst/mmcme4_adv_inst with COMPENSATION=INTERNAL is optimized away to aid design routability
Netlist sorting complete. Time (s): cpu = 00:00:00 ; elapsed = 00:00:00 . Memory (MB): peak = 2445.270 ; gain = 0.000 ; free physical = 30470 ; free virtual = 48720
INFO: [Project 1-111] Unisim Transformation Summary:
  A total of 2 instances were transformed.
  BUFG => BUFGCE: 1 instance 
  IBUFDS => IBUFDS (DIFFINBUF, IBUFCTRL): 1 instance 

Synth Design complete, checksum: 1b22a195
INFO: [Common 17-83] Releasing license: Synthesis
39 Infos, 4 Warnings, 0 Critical Warnings and 0 Errors encountered.
synth_design completed successfully
synth_design: Time (s): cpu = 00:00:14 ; elapsed = 00:00:15 . Memory (MB): peak = 2445.270 ; gain = 1120.160 ; free physical = 30673 ; free virtual = 48923
INFO: [Common 17-600] The following parameters have non-default value.
tcl.collectionResultDisplayLimit
INFO: [Common 17-1381] The checkpoint '/home/nagafusa/work/spadi/Fakernet/axi_iic_0_ex/axi_iic_0_ex.runs/clk_wiz_0_synth_1/clk_wiz_0.dcp' has been generated.
INFO: [Coretcl 2-1648] Added synthesis output to IP cache for IP clk_wiz_0, cache-ID = d835212cbd23f797
INFO: [Common 17-1381] The checkpoint '/home/nagafusa/work/spadi/Fakernet/axi_iic_0_ex/axi_iic_0_ex.runs/clk_wiz_0_synth_1/clk_wiz_0.dcp' has been generated.
INFO: [runtcl-4] Executing : report_utilization -file clk_wiz_0_utilization_synth.rpt -pb clk_wiz_0_utilization_synth.pb
INFO: [Common 17-206] Exiting Vivado at Wed Aug  7 15:56:21 2024...
