
*** Running vivado
    with args -log top_block_data_receiver_v1_0_0_0.vds -m64 -product Vivado -mode batch -messageDb vivado.pb -notrace -source top_block_data_receiver_v1_0_0_0.tcl


****** Vivado v2022.2 (64-bit)
  **** SW Build 3671981 on Fri Oct 14 04:59:54 MDT 2022
  **** IP Build 3669848 on Fri Oct 14 08:30:02 MDT 2022
    ** Copyright 1986-2022 Xilinx, Inc. All Rights Reserved.

source top_block_data_receiver_v1_0_0_0.tcl -notrace
INFO: [IP_Flow 19-234] Refreshing IP repositories
INFO: [IP_Flow 19-1700] Loaded user IP repository '/home/nagafusa/work/spadi/Fakernet/ip_repo/data_receiver_1_0'.
INFO: [IP_Flow 19-1700] Loaded user IP repository '/home/nagafusa/work/spadi/Fakernet/ip_repo/data_sender_1_0'.
INFO: [IP_Flow 19-1700] Loaded user IP repository '/home/nagafusa/work/spadi/Fakernet/ip_repo/SAMPA_PON_2_0'.
INFO: [IP_Flow 19-1700] Loaded user IP repository '/home/nagafusa/work/spadi/Fakernet/ip_repo/I2C_Controller_1_0'.
INFO: [IP_Flow 19-1700] Loaded user IP repository '/home/nagafusa/work/spadi/Fakernet/ip_repo/start_i2c_write_1_0'.
WARNING: [IP_Flow 19-2248] Failed to load user IP repository '/home/nagafusa/work/spadi/Fakernet/ip_repo/I2C_controller_1_0'; Can't find the specified path.
If this directory should no longer be in your list of user repositories, go to the IP Settings dialog and remove it.
WARNING: [IP_Flow 19-2207] Repository '/home/nagafusa/work/spadi/Fakernet/ip_repo/I2C_controller_1_0' already exists; ignoring attempt to add it again.
WARNING: [IP_Flow 19-2248] Failed to load user IP repository '/home/nagafusa/work/spadi/Fakernet/ip_repo/I2C_controller_1_0'; Can't find the specified path.
If this directory should no longer be in your list of user repositories, go to the IP Settings dialog and remove it.
INFO: [IP_Flow 19-2313] Loaded Vivado IP repository '/opt/Xilinx/Vivado/2022.2/data/ip'.
INFO: [IP_Flow 19-6924] IPCACHE: Running cache check for IP inst: top_block_data_receiver_v1_0_0_0
Command: synth_design -top top_block_data_receiver_v1_0_0_0 -part xcau15p-sbvb484-1-i -incremental_mode off -mode out_of_context
Starting synth_design
Attempting to get a license for feature 'Synthesis' and/or device 'xcau15p'
INFO: [Common 17-349] Got license for feature 'Synthesis' and/or device 'xcau15p'
INFO: [Device 21-403] Loading part xcau15p-sbvb484-1-i
INFO: [Synth 8-7079] Multithreading enabled for synth_design using a maximum of 4 processes.
INFO: [Synth 8-7078] Launching helper process for spawning children vivado processes
INFO: [Synth 8-7075] Helper process launched with PID 914812
INFO: [Synth 8-11241] undeclared symbol 'REGCCE', assumed default net type 'wire' [/opt/Xilinx/Vivado/2022.2/data/verilog/src/unimacro/BRAM_SINGLE_MACRO.v:2170]
INFO: [Synth 8-11241] undeclared symbol 'data_ack', assumed default net type 'wire' [/home/nagafusa/work/spadi/Fakernet/ip_repo/data_receiver_1_0/hdl/data_receiver_v1_0_S00_AXIS.v:199]
INFO: [Synth 8-11241] undeclared symbol 'last_ack', assumed default net type 'wire' [/home/nagafusa/work/spadi/Fakernet/ip_repo/data_receiver_1_0/hdl/data_receiver_v1_0_S00_AXIS.v:200]
INFO: [Synth 8-11241] undeclared symbol 'busy', assumed default net type 'wire' [/home/nagafusa/work/spadi/Fakernet/ip_repo/data_receiver_1_0/hdl/data_receiver_v1_0_S00_AXIS.v:201]
INFO: [Synth 8-11241] undeclared symbol 'rd_en', assumed default net type 'wire' [/home/nagafusa/work/spadi/Fakernet/ip_repo/data_receiver_1_0/hdl/data_receiver_v1_0_S00_AXIS.v:204]
INFO: [Synth 8-11241] undeclared symbol 'data_o', assumed default net type 'wire' [/home/nagafusa/work/spadi/Fakernet/ip_repo/data_receiver_1_0/hdl/data_receiver_v1_0_S00_AXIS.v:269]
WARNING: [Synth 8-11065] parameter 'IDLE' becomes localparam in 'data_receiver_v1_0_S00_AXIS' with formal parameter declaration list [/home/nagafusa/work/spadi/Fakernet/ip_repo/data_receiver_1_0/hdl/data_receiver_v1_0_S00_AXIS.v:58]
WARNING: [Synth 8-11065] parameter 'WRITE' becomes localparam in 'data_receiver_v1_0_S00_AXIS' with formal parameter declaration list [/home/nagafusa/work/spadi/Fakernet/ip_repo/data_receiver_1_0/hdl/data_receiver_v1_0_S00_AXIS.v:60]
WARNING: [Synth 8-11065] parameter 'SEND' becomes localparam in 'data_receiver_v1_0_S00_AXIS' with formal parameter declaration list [/home/nagafusa/work/spadi/Fakernet/ip_repo/data_receiver_1_0/hdl/data_receiver_v1_0_S00_AXIS.v:176]
---------------------------------------------------------------------------------
Starting RTL Elaboration : Time (s): cpu = 00:00:02 ; elapsed = 00:00:02 . Memory (MB): peak = 2147.449 ; gain = 363.727 ; free physical = 34025 ; free virtual = 54049
Synthesis current peak Physical Memory [PSS] (MB): peak = 1372.889; parent = 1239.950; children = 132.938
Synthesis current peak Virtual Memory [VSS] (MB): peak = 3121.898; parent = 2153.391; children = 968.508
---------------------------------------------------------------------------------
INFO: [Synth 8-6157] synthesizing module 'top_block_data_receiver_v1_0_0_0' [/home/nagafusa/work/spadi/Fakernet/SAMIDARE/samidare.gen/sources_1/bd/top_block/ip/top_block_data_receiver_v1_0_0_0/synth/top_block_data_receiver_v1_0_0_0.v:53]
INFO: [Synth 8-6157] synthesizing module 'data_receiver_v1_0' [/home/nagafusa/work/spadi/Fakernet/ip_repo/data_receiver_1_0/hdl/data_receiver_v1_0.v:4]
INFO: [Synth 8-6157] synthesizing module 'data_receiver_v1_0_S00_AXIS' [/home/nagafusa/work/spadi/Fakernet/ip_repo/data_receiver_1_0/hdl/data_receiver_v1_0_S00_AXIS.v:4]
INFO: [Synth 8-6155] done synthesizing module 'data_receiver_v1_0_S00_AXIS' (0#1) [/home/nagafusa/work/spadi/Fakernet/ip_repo/data_receiver_1_0/hdl/data_receiver_v1_0_S00_AXIS.v:4]
INFO: [Synth 8-6155] done synthesizing module 'data_receiver_v1_0' (0#1) [/home/nagafusa/work/spadi/Fakernet/ip_repo/data_receiver_1_0/hdl/data_receiver_v1_0.v:4]
INFO: [Synth 8-6155] done synthesizing module 'top_block_data_receiver_v1_0_0_0' (0#1) [/home/nagafusa/work/spadi/Fakernet/SAMIDARE/samidare.gen/sources_1/bd/top_block/ip/top_block_data_receiver_v1_0_0_0/synth/top_block_data_receiver_v1_0_0_0.v:53]
WARNING: [Synth 8-7129] Port S_AXIS_TSTRB[3] in module data_receiver_v1_0_S00_AXIS is either unconnected or has no load
WARNING: [Synth 8-7129] Port S_AXIS_TSTRB[2] in module data_receiver_v1_0_S00_AXIS is either unconnected or has no load
WARNING: [Synth 8-7129] Port S_AXIS_TSTRB[1] in module data_receiver_v1_0_S00_AXIS is either unconnected or has no load
WARNING: [Synth 8-7129] Port S_AXIS_TSTRB[0] in module data_receiver_v1_0_S00_AXIS is either unconnected or has no load
---------------------------------------------------------------------------------
Finished RTL Elaboration : Time (s): cpu = 00:00:02 ; elapsed = 00:00:03 . Memory (MB): peak = 2221.355 ; gain = 437.633 ; free physical = 34607 ; free virtual = 54635
Synthesis current peak Physical Memory [PSS] (MB): peak = 1372.889; parent = 1239.950; children = 132.938
Synthesis current peak Virtual Memory [VSS] (MB): peak = 3189.867; parent = 2221.359; children = 968.508
---------------------------------------------------------------------------------
---------------------------------------------------------------------------------
Start Handling Custom Attributes
---------------------------------------------------------------------------------
---------------------------------------------------------------------------------
Finished Handling Custom Attributes : Time (s): cpu = 00:00:02 ; elapsed = 00:00:03 . Memory (MB): peak = 2239.168 ; gain = 455.445 ; free physical = 34642 ; free virtual = 54671
Synthesis current peak Physical Memory [PSS] (MB): peak = 1372.889; parent = 1239.950; children = 132.938
Synthesis current peak Virtual Memory [VSS] (MB): peak = 3207.680; parent = 2239.172; children = 968.508
---------------------------------------------------------------------------------
---------------------------------------------------------------------------------
Finished RTL Optimization Phase 1 : Time (s): cpu = 00:00:02 ; elapsed = 00:00:03 . Memory (MB): peak = 2239.168 ; gain = 455.445 ; free physical = 34625 ; free virtual = 54654
Synthesis current peak Physical Memory [PSS] (MB): peak = 1372.889; parent = 1239.950; children = 132.938
Synthesis current peak Virtual Memory [VSS] (MB): peak = 3207.680; parent = 2239.172; children = 968.508
---------------------------------------------------------------------------------
Netlist sorting complete. Time (s): cpu = 00:00:00 ; elapsed = 00:00:00 . Memory (MB): peak = 2239.168 ; gain = 0.000 ; free physical = 34596 ; free virtual = 54625
INFO: [Project 1-570] Preparing netlist for logic optimization

Processing XDC Constraints
Initializing timing engine
Completed Processing XDC Constraints

Netlist sorting complete. Time (s): cpu = 00:00:00 ; elapsed = 00:00:00 . Memory (MB): peak = 2365.105 ; gain = 0.000 ; free physical = 34501 ; free virtual = 54529
INFO: [Project 1-111] Unisim Transformation Summary:
No Unisim elements were transformed.

Constraint Validation Runtime : Time (s): cpu = 00:00:00.01 ; elapsed = 00:00:00.01 . Memory (MB): peak = 2387.918 ; gain = 22.812 ; free physical = 34498 ; free virtual = 54526
INFO: [Designutils 20-5008] Incremental synthesis strategy off
INFO: [Synth 8-11241] undeclared symbol 'REGCCE', assumed default net type 'wire' [/opt/Xilinx/Vivado/2022.2/data/verilog/src/unimacro/BRAM_SINGLE_MACRO.v:2170]
---------------------------------------------------------------------------------
Finished Constraint Validation : Time (s): cpu = 00:00:05 ; elapsed = 00:00:05 . Memory (MB): peak = 2387.918 ; gain = 604.195 ; free physical = 34553 ; free virtual = 54586
Synthesis current peak Physical Memory [PSS] (MB): peak = 1372.889; parent = 1239.950; children = 132.938
Synthesis current peak Virtual Memory [VSS] (MB): peak = 3324.414; parent = 2355.906; children = 968.508
---------------------------------------------------------------------------------
---------------------------------------------------------------------------------
Start Loading Part and Timing Information
---------------------------------------------------------------------------------
Loading part: xcau15p-sbvb484-1-i
INFO: [Synth 8-6742] Reading net delay rules and data
---------------------------------------------------------------------------------
Finished Loading Part and Timing Information : Time (s): cpu = 00:00:05 ; elapsed = 00:00:05 . Memory (MB): peak = 2387.918 ; gain = 604.195 ; free physical = 34550 ; free virtual = 54585
Synthesis current peak Physical Memory [PSS] (MB): peak = 1372.889; parent = 1239.950; children = 132.938
Synthesis current peak Virtual Memory [VSS] (MB): peak = 3324.414; parent = 2355.906; children = 968.508
---------------------------------------------------------------------------------
---------------------------------------------------------------------------------
Start Applying 'set_property' XDC Constraints
---------------------------------------------------------------------------------
---------------------------------------------------------------------------------
Finished applying 'set_property' XDC Constraints : Time (s): cpu = 00:00:05 ; elapsed = 00:00:05 . Memory (MB): peak = 2387.918 ; gain = 604.195 ; free physical = 34549 ; free virtual = 54582
Synthesis current peak Physical Memory [PSS] (MB): peak = 1372.889; parent = 1239.950; children = 132.938
Synthesis current peak Virtual Memory [VSS] (MB): peak = 3324.414; parent = 2355.906; children = 968.508
---------------------------------------------------------------------------------
INFO: [Synth 8-802] inferred FSM for state register 'state_reg' in module 'data_receiver_v1_0_S00_AXIS'
---------------------------------------------------------------------------------------------------
                   State |                     New Encoding |                Previous Encoding 
---------------------------------------------------------------------------------------------------
                    IDLE |                                0 |                              000
                    SEND |                                1 |                              001
---------------------------------------------------------------------------------------------------
INFO: [Synth 8-3354] encoded FSM with state register 'state_reg' using encoding 'sequential' in module 'data_receiver_v1_0_S00_AXIS'
---------------------------------------------------------------------------------
Finished RTL Optimization Phase 2 : Time (s): cpu = 00:00:05 ; elapsed = 00:00:06 . Memory (MB): peak = 2387.918 ; gain = 604.195 ; free physical = 34505 ; free virtual = 54546
Synthesis current peak Physical Memory [PSS] (MB): peak = 1372.889; parent = 1239.950; children = 132.938
Synthesis current peak Virtual Memory [VSS] (MB): peak = 3324.414; parent = 2355.906; children = 968.508
---------------------------------------------------------------------------------
---------------------------------------------------------------------------------
Start RTL Component Statistics 
---------------------------------------------------------------------------------
Detailed RTL Component Info : 
+---Adders : 
	   2 Input   11 Bit       Adders := 1     
	   2 Input   10 Bit       Adders := 1     
	   2 Input    5 Bit       Adders := 1     
+---Registers : 
	               32 Bit    Registers := 1     
	               11 Bit    Registers := 2     
	               10 Bit    Registers := 1     
	                5 Bit    Registers := 1     
	                1 Bit    Registers := 4     
+---Muxes : 
	   2 Input   11 Bit        Muxes := 4     
	   2 Input   10 Bit        Muxes := 2     
	   2 Input    1 Bit        Muxes := 9     
---------------------------------------------------------------------------------
Finished RTL Component Statistics 
---------------------------------------------------------------------------------
---------------------------------------------------------------------------------
Start Part Resource Summary
---------------------------------------------------------------------------------
Part Resources:
DSPs: 576 (col length:72)
BRAMs: 288 (col length: RAMB18 72 RAMB36 36)
---------------------------------------------------------------------------------
Finished Part Resource Summary
---------------------------------------------------------------------------------
---------------------------------------------------------------------------------
Start Cross Boundary and Area Optimization
---------------------------------------------------------------------------------
WARNING: [Synth 8-7080] Parallel synthesis criteria is not met
WARNING: [Synth 8-7129] Port s00_axis_tstrb[3] in module top_block_data_receiver_v1_0_0_0 is either unconnected or has no load
WARNING: [Synth 8-7129] Port s00_axis_tstrb[2] in module top_block_data_receiver_v1_0_0_0 is either unconnected or has no load
WARNING: [Synth 8-7129] Port s00_axis_tstrb[1] in module top_block_data_receiver_v1_0_0_0 is either unconnected or has no load
WARNING: [Synth 8-7129] Port s00_axis_tstrb[0] in module top_block_data_receiver_v1_0_0_0 is either unconnected or has no load
---------------------------------------------------------------------------------
Finished Cross Boundary and Area Optimization : Time (s): cpu = 00:00:05 ; elapsed = 00:00:06 . Memory (MB): peak = 2387.918 ; gain = 604.195 ; free physical = 34475 ; free virtual = 54525
Synthesis current peak Physical Memory [PSS] (MB): peak = 1372.889; parent = 1239.950; children = 132.938
Synthesis current peak Virtual Memory [VSS] (MB): peak = 3324.414; parent = 2355.906; children = 968.508
---------------------------------------------------------------------------------
---------------------------------------------------------------------------------
Start Applying XDC Timing Constraints
---------------------------------------------------------------------------------
---------------------------------------------------------------------------------
Finished Applying XDC Timing Constraints : Time (s): cpu = 00:00:07 ; elapsed = 00:00:08 . Memory (MB): peak = 2434.660 ; gain = 650.938 ; free physical = 33544 ; free virtual = 53595
Synthesis current peak Physical Memory [PSS] (MB): peak = 1553.260; parent = 1420.462; children = 132.938
Synthesis current peak Virtual Memory [VSS] (MB): peak = 3403.172; parent = 2434.664; children = 968.508
---------------------------------------------------------------------------------
---------------------------------------------------------------------------------
Start Timing Optimization
---------------------------------------------------------------------------------
---------------------------------------------------------------------------------
Finished Timing Optimization : Time (s): cpu = 00:00:07 ; elapsed = 00:00:08 . Memory (MB): peak = 2434.660 ; gain = 650.938 ; free physical = 33548 ; free virtual = 53600
Synthesis current peak Physical Memory [PSS] (MB): peak = 1553.309; parent = 1420.511; children = 132.938
Synthesis current peak Virtual Memory [VSS] (MB): peak = 3403.172; parent = 2434.664; children = 968.508
---------------------------------------------------------------------------------
---------------------------------------------------------------------------------
Start Technology Mapping
---------------------------------------------------------------------------------
---------------------------------------------------------------------------------
Finished Technology Mapping : Time (s): cpu = 00:00:07 ; elapsed = 00:00:08 . Memory (MB): peak = 2434.660 ; gain = 650.938 ; free physical = 33505 ; free virtual = 53556
Synthesis current peak Physical Memory [PSS] (MB): peak = 1553.521; parent = 1420.724; children = 132.938
Synthesis current peak Virtual Memory [VSS] (MB): peak = 3403.172; parent = 2434.664; children = 968.508
---------------------------------------------------------------------------------
---------------------------------------------------------------------------------
Start IO Insertion
---------------------------------------------------------------------------------
---------------------------------------------------------------------------------
Start Flattening Before IO Insertion
---------------------------------------------------------------------------------
---------------------------------------------------------------------------------
Finished Flattening Before IO Insertion
---------------------------------------------------------------------------------
---------------------------------------------------------------------------------
Start Final Netlist Cleanup
---------------------------------------------------------------------------------
---------------------------------------------------------------------------------
Finished Final Netlist Cleanup
---------------------------------------------------------------------------------
INFO: [Synth 8-3295] tying undriven pin inst/data_receiver_v1_0_S00_AXIS_inst/rest_count_inferred:in0[9] to constant 0
INFO: [Synth 8-3295] tying undriven pin inst/data_receiver_v1_0_S00_AXIS_inst/rest_count_inferred:in0[8] to constant 0
INFO: [Synth 8-3295] tying undriven pin inst/data_receiver_v1_0_S00_AXIS_inst/rest_count_inferred:in0[7] to constant 0
INFO: [Synth 8-3295] tying undriven pin inst/data_receiver_v1_0_S00_AXIS_inst/rest_count_inferred:in0[6] to constant 0
INFO: [Synth 8-3295] tying undriven pin inst/data_receiver_v1_0_S00_AXIS_inst/rest_count_inferred:in0[5] to constant 0
INFO: [Synth 8-3295] tying undriven pin inst/data_receiver_v1_0_S00_AXIS_inst/rest_count_inferred:in0[4] to constant 0
INFO: [Synth 8-3295] tying undriven pin inst/data_receiver_v1_0_S00_AXIS_inst/rest_count_inferred:in0[3] to constant 0
INFO: [Synth 8-3295] tying undriven pin inst/data_receiver_v1_0_S00_AXIS_inst/rest_count_inferred:in0[2] to constant 0
INFO: [Synth 8-3295] tying undriven pin inst/data_receiver_v1_0_S00_AXIS_inst/rest_count_inferred:in0[1] to constant 0
INFO: [Synth 8-3295] tying undriven pin inst/data_receiver_v1_0_S00_AXIS_inst/rest_count_inferred:in0[0] to constant 0
---------------------------------------------------------------------------------
Finished IO Insertion : Time (s): cpu = 00:00:08 ; elapsed = 00:00:10 . Memory (MB): peak = 2437.629 ; gain = 653.906 ; free physical = 33603 ; free virtual = 53660
Synthesis current peak Physical Memory [PSS] (MB): peak = 1557.021; parent = 1422.965; children = 134.057
Synthesis current peak Virtual Memory [VSS] (MB): peak = 3406.141; parent = 2437.633; children = 968.508
---------------------------------------------------------------------------------
---------------------------------------------------------------------------------
Start Renaming Generated Instances
---------------------------------------------------------------------------------
---------------------------------------------------------------------------------
Finished Renaming Generated Instances : Time (s): cpu = 00:00:08 ; elapsed = 00:00:10 . Memory (MB): peak = 2437.629 ; gain = 653.906 ; free physical = 33599 ; free virtual = 53656
Synthesis current peak Physical Memory [PSS] (MB): peak = 1557.037; parent = 1422.980; children = 134.057
Synthesis current peak Virtual Memory [VSS] (MB): peak = 3406.141; parent = 2437.633; children = 968.508
---------------------------------------------------------------------------------
---------------------------------------------------------------------------------
Start Rebuilding User Hierarchy
---------------------------------------------------------------------------------
---------------------------------------------------------------------------------
Finished Rebuilding User Hierarchy : Time (s): cpu = 00:00:08 ; elapsed = 00:00:10 . Memory (MB): peak = 2437.629 ; gain = 653.906 ; free physical = 33595 ; free virtual = 53652
Synthesis current peak Physical Memory [PSS] (MB): peak = 1557.074; parent = 1423.020; children = 134.057
Synthesis current peak Virtual Memory [VSS] (MB): peak = 3406.141; parent = 2437.633; children = 968.508
---------------------------------------------------------------------------------
---------------------------------------------------------------------------------
Start Renaming Generated Ports
---------------------------------------------------------------------------------
---------------------------------------------------------------------------------
Finished Renaming Generated Ports : Time (s): cpu = 00:00:08 ; elapsed = 00:00:10 . Memory (MB): peak = 2437.629 ; gain = 653.906 ; free physical = 33593 ; free virtual = 53650
Synthesis current peak Physical Memory [PSS] (MB): peak = 1557.089; parent = 1423.035; children = 134.057
Synthesis current peak Virtual Memory [VSS] (MB): peak = 3406.141; parent = 2437.633; children = 968.508
---------------------------------------------------------------------------------
---------------------------------------------------------------------------------
Start Handling Custom Attributes
---------------------------------------------------------------------------------
---------------------------------------------------------------------------------
Finished Handling Custom Attributes : Time (s): cpu = 00:00:08 ; elapsed = 00:00:10 . Memory (MB): peak = 2437.629 ; gain = 653.906 ; free physical = 33601 ; free virtual = 53658
Synthesis current peak Physical Memory [PSS] (MB): peak = 1557.089; parent = 1423.035; children = 134.057
Synthesis current peak Virtual Memory [VSS] (MB): peak = 3406.141; parent = 2437.633; children = 968.508
---------------------------------------------------------------------------------
---------------------------------------------------------------------------------
Start Renaming Generated Nets
---------------------------------------------------------------------------------
---------------------------------------------------------------------------------
Finished Renaming Generated Nets : Time (s): cpu = 00:00:08 ; elapsed = 00:00:10 . Memory (MB): peak = 2437.629 ; gain = 653.906 ; free physical = 33651 ; free virtual = 53708
Synthesis current peak Physical Memory [PSS] (MB): peak = 1560.266; parent = 1424.473; children = 135.793
Synthesis current peak Virtual Memory [VSS] (MB): peak = 3406.141; parent = 2437.633; children = 968.508
---------------------------------------------------------------------------------
---------------------------------------------------------------------------------
Start Writing Synthesis Report
---------------------------------------------------------------------------------

Report BlackBoxes: 
+-+--------------+----------+
| |BlackBox name |Instances |
+-+--------------+----------+
+-+--------------+----------+

Report Cell Usage: 
+------+-----+------+
|      |Cell |Count |
+------+-----+------+
|1     |LUT1 |    12|
|2     |LUT2 |     3|
|3     |LUT3 |     6|
|4     |LUT4 |     6|
|5     |LUT5 |    13|
|6     |LUT6 |    10|
|7     |FDRE |    74|
+------+-----+------+
---------------------------------------------------------------------------------
Finished Writing Synthesis Report : Time (s): cpu = 00:00:08 ; elapsed = 00:00:10 . Memory (MB): peak = 2437.629 ; gain = 653.906 ; free physical = 33691 ; free virtual = 53748
Synthesis current peak Physical Memory [PSS] (MB): peak = 1560.383; parent = 1424.590; children = 135.793
Synthesis current peak Virtual Memory [VSS] (MB): peak = 3406.141; parent = 2437.633; children = 968.508
---------------------------------------------------------------------------------
Synthesis finished with 0 errors, 0 critical warnings and 5 warnings.
Synthesis Optimization Runtime : Time (s): cpu = 00:00:08 ; elapsed = 00:00:10 . Memory (MB): peak = 2437.629 ; gain = 505.156 ; free physical = 33700 ; free virtual = 53757
Synthesis Optimization Complete : Time (s): cpu = 00:00:08 ; elapsed = 00:00:10 . Memory (MB): peak = 2437.637 ; gain = 653.906 ; free physical = 33693 ; free virtual = 53750
INFO: [Project 1-571] Translating synthesized netlist
Netlist sorting complete. Time (s): cpu = 00:00:00 ; elapsed = 00:00:00 . Memory (MB): peak = 2446.535 ; gain = 0.000 ; free physical = 33917 ; free virtual = 53974
INFO: [Project 1-570] Preparing netlist for logic optimization
INFO: [Opt 31-138] Pushed 0 inverter(s) to 0 load pin(s).
Netlist sorting complete. Time (s): cpu = 00:00:00 ; elapsed = 00:00:00 . Memory (MB): peak = 2495.328 ; gain = 0.000 ; free physical = 34152 ; free virtual = 54209
INFO: [Project 1-111] Unisim Transformation Summary:
No Unisim elements were transformed.

Synth Design complete, checksum: 998305a
INFO: [Common 17-83] Releasing license: Synthesis
47 Infos, 15 Warnings, 0 Critical Warnings and 0 Errors encountered.
synth_design completed successfully
synth_design: Time (s): cpu = 00:00:11 ; elapsed = 00:00:12 . Memory (MB): peak = 2495.328 ; gain = 1171.078 ; free physical = 34357 ; free virtual = 54414
INFO: [Common 17-1381] The checkpoint '/home/nagafusa/work/spadi/Fakernet/SAMIDARE/samidare.runs/top_block_data_receiver_v1_0_0_0_synth_1/top_block_data_receiver_v1_0_0_0.dcp' has been generated.
INFO: [Coretcl 2-1648] Added synthesis output to IP cache for IP top_block_data_receiver_v1_0_0_0, cache-ID = e7f064e61ee25cd5
INFO: [Coretcl 2-1174] Renamed 2 cell refs.
INFO: [Common 17-1381] The checkpoint '/home/nagafusa/work/spadi/Fakernet/SAMIDARE/samidare.runs/top_block_data_receiver_v1_0_0_0_synth_1/top_block_data_receiver_v1_0_0_0.dcp' has been generated.
INFO: [runtcl-4] Executing : report_utilization -file top_block_data_receiver_v1_0_0_0_utilization_synth.rpt -pb top_block_data_receiver_v1_0_0_0_utilization_synth.pb
INFO: [Common 17-206] Exiting Vivado at Mon Jan 13 19:57:22 2025...
