
*** Running vivado
    with args -log top_block_TRG_MODULE_0_0.vds -m64 -product Vivado -mode batch -messageDb vivado.pb -notrace -source top_block_TRG_MODULE_0_0.tcl


****** Vivado v2022.2 (64-bit)
  **** SW Build 3671981 on Fri Oct 14 04:59:54 MDT 2022
  **** IP Build 3669848 on Fri Oct 14 08:30:02 MDT 2022
    ** Copyright 1986-2022 Xilinx, Inc. All Rights Reserved.

source top_block_TRG_MODULE_0_0.tcl -notrace
INFO: [IP_Flow 19-234] Refreshing IP repositories
INFO: [IP_Flow 19-1700] Loaded user IP repository '/home/nagafusa/work/spadi/Fakernet/ip_repo/I2C_Controller_1_0'.
INFO: [IP_Flow 19-1700] Loaded user IP repository '/home/nagafusa/work/spadi/Fakernet/ip_repo/start_i2c_write_1_0'.
WARNING: [IP_Flow 19-2248] Failed to load user IP repository '/home/nagafusa/work/spadi/Fakernet/ip_repo/I2C_controller_1_0'; Can't find the specified path.
If this directory should no longer be in your list of user repositories, go to the IP Settings dialog and remove it.
WARNING: [IP_Flow 19-2207] Repository '/home/nagafusa/work/spadi/Fakernet/ip_repo/I2C_controller_1_0' already exists; ignoring attempt to add it again.
WARNING: [IP_Flow 19-2248] Failed to load user IP repository '/home/nagafusa/work/spadi/Fakernet/ip_repo/I2C_controller_1_0'; Can't find the specified path.
If this directory should no longer be in your list of user repositories, go to the IP Settings dialog and remove it.
INFO: [IP_Flow 19-2313] Loaded Vivado IP repository '/opt/Xilinx/Vivado/2022.2/data/ip'.
INFO: [IP_Flow 19-6924] IPCACHE: Running cache check for IP inst: top_block_TRG_MODULE_0_0
Command: synth_design -top top_block_TRG_MODULE_0_0 -part xcau15p-sbvb484-1-i -incremental_mode off -mode out_of_context
Starting synth_design
Attempting to get a license for feature 'Synthesis' and/or device 'xcau15p'
INFO: [Common 17-349] Got license for feature 'Synthesis' and/or device 'xcau15p'
INFO: [Device 21-403] Loading part xcau15p-sbvb484-1-i
INFO: [Synth 8-7079] Multithreading enabled for synth_design using a maximum of 4 processes.
INFO: [Synth 8-7078] Launching helper process for spawning children vivado processes
INFO: [Synth 8-7075] Helper process launched with PID 439087
INFO: [Synth 8-11241] undeclared symbol 'REGCCE', assumed default net type 'wire' [/opt/Xilinx/Vivado/2022.2/data/verilog/src/unimacro/BRAM_SINGLE_MACRO.v:2170]
---------------------------------------------------------------------------------
Starting RTL Elaboration : Time (s): cpu = 00:00:02 ; elapsed = 00:00:02 . Memory (MB): peak = 2149.570 ; gain = 365.656 ; free physical = 44404 ; free virtual = 58387
Synthesis current peak Physical Memory [PSS] (MB): peak = 1481.050; parent = 1310.797; children = 170.253
Synthesis current peak Virtual Memory [VSS] (MB): peak = 3121.047; parent = 2152.543; children = 968.504
---------------------------------------------------------------------------------
INFO: [Synth 8-6157] synthesizing module 'top_block_TRG_MODULE_0_0' [/home/nagafusa/work/spadi/Fakernet/SAMIDARE/samidare.gen/sources_1/bd/top_block/ip/top_block_TRG_MODULE_0_0/synth/top_block_TRG_MODULE_0_0.v:53]
INFO: [Synth 8-6157] synthesizing module 'TRG_MODULE' [/home/nagafusa/work/spadi/Fakernet/SAMIDARE/samidare.srcs/sources_1/new/TRG_MODULE.v:23]
INFO: [Synth 8-6155] done synthesizing module 'TRG_MODULE' (0#1) [/home/nagafusa/work/spadi/Fakernet/SAMIDARE/samidare.srcs/sources_1/new/TRG_MODULE.v:23]
INFO: [Synth 8-6155] done synthesizing module 'top_block_TRG_MODULE_0_0' (0#1) [/home/nagafusa/work/spadi/Fakernet/SAMIDARE/samidare.gen/sources_1/bd/top_block/ip/top_block_TRG_MODULE_0_0/synth/top_block_TRG_MODULE_0_0.v:53]
WARNING: [Synth 8-7129] Port clk in module TRG_MODULE is either unconnected or has no load
WARNING: [Synth 8-7129] Port rst in module TRG_MODULE is either unconnected or has no load
---------------------------------------------------------------------------------
Finished RTL Elaboration : Time (s): cpu = 00:00:02 ; elapsed = 00:00:03 . Memory (MB): peak = 2220.508 ; gain = 436.594 ; free physical = 44544 ; free virtual = 58529
Synthesis current peak Physical Memory [PSS] (MB): peak = 1481.050; parent = 1310.797; children = 170.253
Synthesis current peak Virtual Memory [VSS] (MB): peak = 3189.016; parent = 2220.512; children = 968.504
---------------------------------------------------------------------------------
---------------------------------------------------------------------------------
Start Handling Custom Attributes
---------------------------------------------------------------------------------
---------------------------------------------------------------------------------
Finished Handling Custom Attributes : Time (s): cpu = 00:00:02 ; elapsed = 00:00:03 . Memory (MB): peak = 2238.320 ; gain = 454.406 ; free physical = 44581 ; free virtual = 58567
Synthesis current peak Physical Memory [PSS] (MB): peak = 1481.050; parent = 1310.797; children = 170.253
Synthesis current peak Virtual Memory [VSS] (MB): peak = 3206.828; parent = 2238.324; children = 968.504
---------------------------------------------------------------------------------
---------------------------------------------------------------------------------
Finished RTL Optimization Phase 1 : Time (s): cpu = 00:00:02 ; elapsed = 00:00:03 . Memory (MB): peak = 2238.320 ; gain = 454.406 ; free physical = 44581 ; free virtual = 58567
Synthesis current peak Physical Memory [PSS] (MB): peak = 1481.050; parent = 1310.797; children = 170.253
Synthesis current peak Virtual Memory [VSS] (MB): peak = 3206.828; parent = 2238.324; children = 968.504
---------------------------------------------------------------------------------
Netlist sorting complete. Time (s): cpu = 00:00:00 ; elapsed = 00:00:00 . Memory (MB): peak = 2238.320 ; gain = 0.000 ; free physical = 44576 ; free virtual = 58561
INFO: [Project 1-570] Preparing netlist for logic optimization

Processing XDC Constraints
Initializing timing engine
Completed Processing XDC Constraints

Netlist sorting complete. Time (s): cpu = 00:00:00 ; elapsed = 00:00:00 . Memory (MB): peak = 2311.258 ; gain = 0.000 ; free physical = 44526 ; free virtual = 58512
INFO: [Project 1-111] Unisim Transformation Summary:
No Unisim elements were transformed.

Constraint Validation Runtime : Time (s): cpu = 00:00:00.01 ; elapsed = 00:00:00 . Memory (MB): peak = 2311.258 ; gain = 0.000 ; free physical = 44525 ; free virtual = 58510
INFO: [Designutils 20-5008] Incremental synthesis strategy off
INFO: [Synth 8-11241] undeclared symbol 'REGCCE', assumed default net type 'wire' [/opt/Xilinx/Vivado/2022.2/data/verilog/src/unimacro/BRAM_SINGLE_MACRO.v:2170]
---------------------------------------------------------------------------------
Finished Constraint Validation : Time (s): cpu = 00:00:04 ; elapsed = 00:00:05 . Memory (MB): peak = 2311.258 ; gain = 527.344 ; free physical = 44553 ; free virtual = 58538
Synthesis current peak Physical Memory [PSS] (MB): peak = 1481.050; parent = 1310.797; children = 170.253
Synthesis current peak Virtual Memory [VSS] (MB): peak = 3247.750; parent = 2279.246; children = 968.504
---------------------------------------------------------------------------------
---------------------------------------------------------------------------------
Start Loading Part and Timing Information
---------------------------------------------------------------------------------
Loading part: xcau15p-sbvb484-1-i
INFO: [Synth 8-6742] Reading net delay rules and data
---------------------------------------------------------------------------------
Finished Loading Part and Timing Information : Time (s): cpu = 00:00:04 ; elapsed = 00:00:05 . Memory (MB): peak = 2311.258 ; gain = 527.344 ; free physical = 44553 ; free virtual = 58538
Synthesis current peak Physical Memory [PSS] (MB): peak = 1481.050; parent = 1310.797; children = 170.253
Synthesis current peak Virtual Memory [VSS] (MB): peak = 3247.750; parent = 2279.246; children = 968.504
---------------------------------------------------------------------------------
---------------------------------------------------------------------------------
Start Applying 'set_property' XDC Constraints
---------------------------------------------------------------------------------
---------------------------------------------------------------------------------
Finished applying 'set_property' XDC Constraints : Time (s): cpu = 00:00:04 ; elapsed = 00:00:05 . Memory (MB): peak = 2311.258 ; gain = 527.344 ; free physical = 44553 ; free virtual = 58538
Synthesis current peak Physical Memory [PSS] (MB): peak = 1481.050; parent = 1310.797; children = 170.253
Synthesis current peak Virtual Memory [VSS] (MB): peak = 3247.750; parent = 2279.246; children = 968.504
---------------------------------------------------------------------------------
---------------------------------------------------------------------------------
Finished RTL Optimization Phase 2 : Time (s): cpu = 00:00:04 ; elapsed = 00:00:05 . Memory (MB): peak = 2311.258 ; gain = 527.344 ; free physical = 44546 ; free virtual = 58532
Synthesis current peak Physical Memory [PSS] (MB): peak = 1481.050; parent = 1310.797; children = 170.253
Synthesis current peak Virtual Memory [VSS] (MB): peak = 3247.750; parent = 2279.246; children = 968.504
---------------------------------------------------------------------------------
---------------------------------------------------------------------------------
Start RTL Component Statistics 
---------------------------------------------------------------------------------
Detailed RTL Component Info : 
---------------------------------------------------------------------------------
Finished RTL Component Statistics 
---------------------------------------------------------------------------------
---------------------------------------------------------------------------------
Start Part Resource Summary
---------------------------------------------------------------------------------
Part Resources:
DSPs: 576 (col length:72)
BRAMs: 288 (col length: RAMB18 72 RAMB36 36)
---------------------------------------------------------------------------------
Finished Part Resource Summary
---------------------------------------------------------------------------------
---------------------------------------------------------------------------------
Start Cross Boundary and Area Optimization
---------------------------------------------------------------------------------
WARNING: [Synth 8-7080] Parallel synthesis criteria is not met
WARNING: [Synth 8-7129] Port clk in module top_block_TRG_MODULE_0_0 is either unconnected or has no load
WARNING: [Synth 8-7129] Port rst in module top_block_TRG_MODULE_0_0 is either unconnected or has no load
---------------------------------------------------------------------------------
Finished Cross Boundary and Area Optimization : Time (s): cpu = 00:00:05 ; elapsed = 00:00:06 . Memory (MB): peak = 2311.258 ; gain = 527.344 ; free physical = 44522 ; free virtual = 58516
Synthesis current peak Physical Memory [PSS] (MB): peak = 1481.050; parent = 1310.797; children = 170.253
Synthesis current peak Virtual Memory [VSS] (MB): peak = 3247.750; parent = 2279.246; children = 968.504
---------------------------------------------------------------------------------
---------------------------------------------------------------------------------
Start Applying XDC Timing Constraints
---------------------------------------------------------------------------------
---------------------------------------------------------------------------------
Finished Applying XDC Timing Constraints : Time (s): cpu = 00:00:06 ; elapsed = 00:00:07 . Memory (MB): peak = 2404.812 ; gain = 620.898 ; free physical = 44128 ; free virtual = 58122
Synthesis current peak Physical Memory [PSS] (MB): peak = 1660.330; parent = 1490.425; children = 170.253
Synthesis current peak Virtual Memory [VSS] (MB): peak = 3373.320; parent = 2404.816; children = 968.504
---------------------------------------------------------------------------------
---------------------------------------------------------------------------------
Start Timing Optimization
---------------------------------------------------------------------------------
---------------------------------------------------------------------------------
Finished Timing Optimization : Time (s): cpu = 00:00:06 ; elapsed = 00:00:07 . Memory (MB): peak = 2404.812 ; gain = 620.898 ; free physical = 44124 ; free virtual = 58118
Synthesis current peak Physical Memory [PSS] (MB): peak = 1660.338; parent = 1490.433; children = 170.253
Synthesis current peak Virtual Memory [VSS] (MB): peak = 3373.320; parent = 2404.816; children = 968.504
---------------------------------------------------------------------------------
---------------------------------------------------------------------------------
Start Technology Mapping
---------------------------------------------------------------------------------
---------------------------------------------------------------------------------
Finished Technology Mapping : Time (s): cpu = 00:00:06 ; elapsed = 00:00:07 . Memory (MB): peak = 2423.844 ; gain = 639.930 ; free physical = 44110 ; free virtual = 58104
Synthesis current peak Physical Memory [PSS] (MB): peak = 1660.821; parent = 1490.921; children = 170.253
Synthesis current peak Virtual Memory [VSS] (MB): peak = 3392.352; parent = 2423.848; children = 968.504
---------------------------------------------------------------------------------
---------------------------------------------------------------------------------
Start IO Insertion
---------------------------------------------------------------------------------
---------------------------------------------------------------------------------
Start Flattening Before IO Insertion
---------------------------------------------------------------------------------
---------------------------------------------------------------------------------
Finished Flattening Before IO Insertion
---------------------------------------------------------------------------------
---------------------------------------------------------------------------------
Start Final Netlist Cleanup
---------------------------------------------------------------------------------
---------------------------------------------------------------------------------
Finished Final Netlist Cleanup
---------------------------------------------------------------------------------
---------------------------------------------------------------------------------
Finished IO Insertion : Time (s): cpu = 00:00:08 ; elapsed = 00:00:09 . Memory (MB): peak = 2427.812 ; gain = 643.898 ; free physical = 44057 ; free virtual = 58051
Synthesis current peak Physical Memory [PSS] (MB): peak = 1660.821; parent = 1490.921; children = 170.253
Synthesis current peak Virtual Memory [VSS] (MB): peak = 3396.320; parent = 2427.816; children = 968.504
---------------------------------------------------------------------------------
---------------------------------------------------------------------------------
Start Renaming Generated Instances
---------------------------------------------------------------------------------
---------------------------------------------------------------------------------
Finished Renaming Generated Instances : Time (s): cpu = 00:00:08 ; elapsed = 00:00:09 . Memory (MB): peak = 2427.812 ; gain = 643.898 ; free physical = 44057 ; free virtual = 58051
Synthesis current peak Physical Memory [PSS] (MB): peak = 1660.821; parent = 1490.921; children = 170.253
Synthesis current peak Virtual Memory [VSS] (MB): peak = 3396.320; parent = 2427.816; children = 968.504
---------------------------------------------------------------------------------
---------------------------------------------------------------------------------
Start Rebuilding User Hierarchy
---------------------------------------------------------------------------------
---------------------------------------------------------------------------------
Finished Rebuilding User Hierarchy : Time (s): cpu = 00:00:08 ; elapsed = 00:00:09 . Memory (MB): peak = 2427.812 ; gain = 643.898 ; free physical = 44057 ; free virtual = 58051
Synthesis current peak Physical Memory [PSS] (MB): peak = 1660.821; parent = 1490.921; children = 170.253
Synthesis current peak Virtual Memory [VSS] (MB): peak = 3396.320; parent = 2427.816; children = 968.504
---------------------------------------------------------------------------------
---------------------------------------------------------------------------------
Start Renaming Generated Ports
---------------------------------------------------------------------------------
---------------------------------------------------------------------------------
Finished Renaming Generated Ports : Time (s): cpu = 00:00:08 ; elapsed = 00:00:09 . Memory (MB): peak = 2427.812 ; gain = 643.898 ; free physical = 44057 ; free virtual = 58051
Synthesis current peak Physical Memory [PSS] (MB): peak = 1660.821; parent = 1490.921; children = 170.253
Synthesis current peak Virtual Memory [VSS] (MB): peak = 3396.320; parent = 2427.816; children = 968.504
---------------------------------------------------------------------------------
---------------------------------------------------------------------------------
Start Handling Custom Attributes
---------------------------------------------------------------------------------
---------------------------------------------------------------------------------
Finished Handling Custom Attributes : Time (s): cpu = 00:00:08 ; elapsed = 00:00:09 . Memory (MB): peak = 2427.812 ; gain = 643.898 ; free physical = 44057 ; free virtual = 58051
Synthesis current peak Physical Memory [PSS] (MB): peak = 1660.821; parent = 1490.921; children = 170.253
Synthesis current peak Virtual Memory [VSS] (MB): peak = 3396.320; parent = 2427.816; children = 968.504
---------------------------------------------------------------------------------
---------------------------------------------------------------------------------
Start Renaming Generated Nets
---------------------------------------------------------------------------------
---------------------------------------------------------------------------------
Finished Renaming Generated Nets : Time (s): cpu = 00:00:08 ; elapsed = 00:00:09 . Memory (MB): peak = 2427.812 ; gain = 643.898 ; free physical = 44057 ; free virtual = 58051
Synthesis current peak Physical Memory [PSS] (MB): peak = 1660.825; parent = 1490.927; children = 170.253
Synthesis current peak Virtual Memory [VSS] (MB): peak = 3396.320; parent = 2427.816; children = 968.504
---------------------------------------------------------------------------------
---------------------------------------------------------------------------------
Start Writing Synthesis Report
---------------------------------------------------------------------------------

Report BlackBoxes: 
+-+--------------+----------+
| |BlackBox name |Instances |
+-+--------------+----------+
+-+--------------+----------+

Report Cell Usage: 
+------+-----+------+
|      |Cell |Count |
+------+-----+------+
|1     |LUT1 |     1|
+------+-----+------+
---------------------------------------------------------------------------------
Finished Writing Synthesis Report : Time (s): cpu = 00:00:08 ; elapsed = 00:00:09 . Memory (MB): peak = 2427.812 ; gain = 643.898 ; free physical = 44057 ; free virtual = 58051
Synthesis current peak Physical Memory [PSS] (MB): peak = 1660.856; parent = 1490.958; children = 170.253
Synthesis current peak Virtual Memory [VSS] (MB): peak = 3396.320; parent = 2427.816; children = 968.504
---------------------------------------------------------------------------------
Synthesis finished with 0 errors, 0 critical warnings and 3 warnings.
Synthesis Optimization Runtime : Time (s): cpu = 00:00:08 ; elapsed = 00:00:09 . Memory (MB): peak = 2427.812 ; gain = 570.961 ; free physical = 44071 ; free virtual = 58065
Synthesis Optimization Complete : Time (s): cpu = 00:00:08 ; elapsed = 00:00:09 . Memory (MB): peak = 2427.820 ; gain = 643.898 ; free physical = 44071 ; free virtual = 58065
INFO: [Project 1-571] Translating synthesized netlist
Netlist sorting complete. Time (s): cpu = 00:00:00 ; elapsed = 00:00:00 . Memory (MB): peak = 2439.719 ; gain = 0.000 ; free physical = 44175 ; free virtual = 58168
INFO: [Project 1-570] Preparing netlist for logic optimization
INFO: [Opt 31-138] Pushed 0 inverter(s) to 0 load pin(s).
Netlist sorting complete. Time (s): cpu = 00:00:00 ; elapsed = 00:00:00 . Memory (MB): peak = 2460.531 ; gain = 0.000 ; free physical = 44138 ; free virtual = 58132
INFO: [Project 1-111] Unisim Transformation Summary:
No Unisim elements were transformed.

Synth Design complete, checksum: b101cd02
INFO: [Common 17-83] Releasing license: Synthesis
25 Infos, 8 Warnings, 0 Critical Warnings and 0 Errors encountered.
synth_design completed successfully
synth_design: Time (s): cpu = 00:00:11 ; elapsed = 00:00:23 . Memory (MB): peak = 2460.531 ; gain = 1166.543 ; free physical = 44342 ; free virtual = 58336
INFO: [Common 17-1381] The checkpoint '/home/nagafusa/work/spadi/Fakernet/SAMIDARE/samidare.runs/top_block_TRG_MODULE_0_0_synth_1/top_block_TRG_MODULE_0_0.dcp' has been generated.
INFO: [Coretcl 2-1648] Added synthesis output to IP cache for IP top_block_TRG_MODULE_0_0, cache-ID = a4e531bf75b6c625
INFO: [Common 17-1381] The checkpoint '/home/nagafusa/work/spadi/Fakernet/SAMIDARE/samidare.runs/top_block_TRG_MODULE_0_0_synth_1/top_block_TRG_MODULE_0_0.dcp' has been generated.
INFO: [runtcl-4] Executing : report_utilization -file top_block_TRG_MODULE_0_0_utilization_synth.rpt -pb top_block_TRG_MODULE_0_0_utilization_synth.pb
INFO: [Common 17-206] Exiting Vivado at Thu Sep 12 19:03:27 2024...
