Copyright 1986-2022 Xilinx, Inc. All Rights Reserved.
-------------------------------------------------------------------------------------------------------------------------------
| Tool Version : Vivado v.2022.2 (lin64) Build 3671981 Fri Oct 14 04:59:54 MDT 2022
| Date         : Sat Apr 19 17:11:57 2025
| Host         : e16fpga01 running 64-bit Ubuntu 24.04.2 LTS
| Command      : report_utilization -file top_block_wrapper_utilization_placed.rpt -pb top_block_wrapper_utilization_placed.pb
| Design       : top_block_wrapper
| Device       : xcau15p-sbvb484-1-i
| Speed File   : -1
| Design State : Fully Placed
-------------------------------------------------------------------------------------------------------------------------------

Utilization Design Information

Table of Contents
-----------------
1. CLB Logic
1.1 Summary of Registers by Type
2. CLB Logic Distribution
3. BLOCKRAM
4. ARITHMETIC
5. I/O
6. CLOCK
7. ADVANCED
8. CONFIGURATION
9. Primitives
10. Black Boxes
11. Instantiated Netlists

1. CLB Logic
------------

+----------------------------+-------+-------+------------+-----------+-------+
|          Site Type         |  Used | Fixed | Prohibited | Available | Util% |
+----------------------------+-------+-------+------------+-----------+-------+
| CLB LUTs                   | 22569 |     0 |          0 |     77760 | 29.02 |
|   LUT as Logic             | 20687 |     0 |          0 |     77760 | 26.60 |
|   LUT as Memory            |  1882 |     0 |          0 |     40320 |  4.67 |
|     LUT as Distributed RAM |   790 |     0 |            |           |       |
|     LUT as Shift Register  |  1092 |     0 |            |           |       |
| CLB Registers              | 31052 |     0 |          0 |    155520 | 19.97 |
|   Register as Flip Flop    | 28984 |     0 |          0 |    155520 | 18.64 |
|   Register as Latch        |  2068 |     0 |          0 |    155520 |  1.33 |
| CARRY8                     |   296 |     0 |          0 |      9720 |  3.05 |
| F7 Muxes                   |   246 |     0 |          0 |     38880 |  0.63 |
| F8 Muxes                   |    58 |     0 |          0 |     19440 |  0.30 |
| F9 Muxes                   |     0 |     0 |          0 |      9720 |  0.00 |
+----------------------------+-------+-------+------------+-----------+-------+
* Warning! LUT value is adjusted to account for LUT combining.


1.1 Summary of Registers by Type
--------------------------------

+-------+--------------+-------------+--------------+
| Total | Clock Enable | Synchronous | Asynchronous |
+-------+--------------+-------------+--------------+
| 6204  |            _ |           - |            - |
| 0     |            _ |           - |          Set |
| 0     |            _ |           - |        Reset |
| 0     |            _ |         Set |            - |
| 0     |            _ |       Reset |            - |
| 0     |          Yes |           - |            - |
| 160   |          Yes |           - |          Set |
| 3551  |          Yes |           - |        Reset |
| 273   |          Yes |         Set |            - |
| 20864 |          Yes |       Reset |            - |
+-------+--------------+-------------+--------------+


2. CLB Logic Distribution
-------------------------

+--------------------------------------------+-------+-------+------------+-----------+-------+
|                  Site Type                 |  Used | Fixed | Prohibited | Available | Util% |
+--------------------------------------------+-------+-------+------------+-----------+-------+
| CLB                                        |  7677 |     0 |          0 |      9720 | 78.98 |
|   CLBL                                     |  3697 |     0 |            |           |       |
|   CLBM                                     |  3980 |     0 |            |           |       |
| LUT as Logic                               | 20687 |     0 |          0 |     77760 | 26.60 |
|   using O5 output only                     |   640 |       |            |           |       |
|   using O6 output only                     | 14948 |       |            |           |       |
|   using O5 and O6                          |  5099 |       |            |           |       |
| LUT as Memory                              |  1882 |     0 |          0 |     40320 |  4.67 |
|   LUT as Distributed RAM                   |   790 |     0 |            |           |       |
|     using O5 output only                   |     0 |       |            |           |       |
|     using O6 output only                   |     0 |       |            |           |       |
|     using O5 and O6                        |   790 |       |            |           |       |
|   LUT as Shift Register                    |  1092 |     0 |            |           |       |
|     using O5 output only                   |     0 |       |            |           |       |
|     using O6 output only                   |   150 |       |            |           |       |
|     using O5 and O6                        |   942 |       |            |           |       |
| CLB Registers                              | 31052 |     0 |          0 |    155520 | 19.97 |
|   Register driven from within the CLB      | 11174 |       |            |           |       |
|   Register driven from outside the CLB     | 19878 |       |            |           |       |
|     LUT in front of the register is unused | 17302 |       |            |           |       |
|     LUT in front of the register is used   |  2576 |       |            |           |       |
| Unique Control Sets                        |  7346 |       |          0 |     19440 | 37.79 |
+--------------------------------------------+-------+-------+------------+-----------+-------+
* * Note: Available Control Sets calculated as Slices * 2, Review the Control Sets Report for more information regarding control sets.


3. BLOCKRAM
-----------

+-------------------+------+-------+------------+-----------+-------+
|     Site Type     | Used | Fixed | Prohibited | Available | Util% |
+-------------------+------+-------+------------+-----------+-------+
| Block RAM Tile    | 52.5 |     0 |          0 |       144 | 36.46 |
|   RAMB36/FIFO*    |   24 |     0 |          0 |       144 | 16.67 |
|     RAMB36E2 only |   24 |       |            |           |       |
|   RAMB18          |   57 |     0 |          0 |       288 | 19.79 |
|     RAMB18E2 only |   57 |       |            |           |       |
+-------------------+------+-------+------------+-----------+-------+
* Note: Each Block RAM Tile only has one FIFO logic available and therefore can accommodate only one FIFO36E2 or one FIFO18E2. However, if a FIFO18E2 occupies a Block RAM Tile, that tile can still accommodate a RAMB18E2


4. ARITHMETIC
-------------

+-----------+------+-------+------------+-----------+-------+
| Site Type | Used | Fixed | Prohibited | Available | Util% |
+-----------+------+-------+------------+-----------+-------+
| DSPs      |    0 |     0 |          0 |       576 |  0.00 |
+-----------+------+-------+------------+-----------+-------+


5. I/O
------

+------------------+------+-------+------------+-----------+-------+
|     Site Type    | Used | Fixed | Prohibited | Available | Util% |
+------------------+------+-------+------------+-----------+-------+
| Bonded IOB       |  138 |   138 |          0 |       204 | 67.65 |
| HPIOB_M          |   59 |    59 |          0 |        72 | 81.94 |
|   INPUT          |   45 |       |            |           |       |
|   OUTPUT         |   14 |       |            |           |       |
|   BIDIR          |    0 |       |            |           |       |
| HPIOB_S          |   58 |    58 |          0 |        72 | 80.56 |
|   INPUT          |   44 |       |            |           |       |
|   OUTPUT         |   14 |       |            |           |       |
|   BIDIR          |    0 |       |            |           |       |
| HDIOB_M          |    8 |     8 |          0 |        24 | 33.33 |
|   INPUT          |    0 |       |            |           |       |
|   OUTPUT         |    8 |       |            |           |       |
|   BIDIR          |    0 |       |            |           |       |
| HDIOB_S          |   13 |    13 |          0 |        24 | 54.17 |
|   INPUT          |    2 |       |            |           |       |
|   OUTPUT         |    9 |       |            |           |       |
|   BIDIR          |    2 |       |            |           |       |
| HPIOB_SNGL       |    0 |     0 |          0 |        12 |  0.00 |
| HPIOBDIFFINBUF   |   44 |    44 |          0 |        72 | 61.11 |
|   DIFFINBUF      |   44 |    44 |            |           |       |
| HPIOBDIFFOUTBUF  |    0 |     0 |          0 |        72 |  0.00 |
| HDIOBDIFFINBUF   |    0 |     0 |          0 |        36 |  0.00 |
| BITSLICE_CONTROL |    0 |     0 |          0 |        24 |  0.00 |
| BITSLICE_RX_TX   |   92 |    92 |          0 |       936 |  9.83 |
|   IDELAY         |   48 |    48 |            |           |       |
|   ODELAY         |   44 |    44 |            |           |       |
| BITSLICE_TX      |    0 |     0 |          0 |        24 |  0.00 |
| RIU_OR           |    0 |     0 |          0 |        12 |  0.00 |
+------------------+------+-------+------------+-----------+-------+


6. CLOCK
--------

+----------------------+------+-------+------------+-----------+--------+
|       Site Type      | Used | Fixed | Prohibited | Available |  Util% |
+----------------------+------+-------+------------+-----------+--------+
| GLOBAL CLOCK BUFFERs |   11 |     0 |          0 |       192 |   5.73 |
|   BUFGCE             |    8 |     0 |          0 |        84 |   9.52 |
|   BUFGCE_DIV         |    0 |     0 |          0 |        12 |   0.00 |
|   BUFG_GT            |    3 |     0 |          0 |        72 |   4.17 |
|   BUFGCTRL*          |    0 |     0 |          0 |        24 |   0.00 |
| PLL                  |    0 |     0 |          0 |         6 |   0.00 |
| MMCM                 |    3 |     0 |          0 |         3 | 100.00 |
+----------------------+------+-------+------------+-----------+--------+
* Note: Each used BUFGCTRL counts as two GLOBAL CLOCK BUFFERs. This table does not include global clocking resources, only buffer cell usage. See the Clock Utilization Report (report_clock_utilization) for detailed accounting of global clocking resource availability.


7. ADVANCED
-----------

+-----------------+------+-------+------------+-----------+-------+
|    Site Type    | Used | Fixed | Prohibited | Available | Util% |
+-----------------+------+-------+------------+-----------+-------+
| GTHE4_CHANNEL   |    1 |     1 |          0 |        12 |  8.33 |
| GTHE4_COMMON    |    0 |     0 |          0 |         3 |  0.00 |
| OBUFDS_GTE4     |    0 |     0 |          0 |         6 |  0.00 |
| OBUFDS_GTE4_ADV |    0 |     0 |          0 |         6 |  0.00 |
| PCIE4CE4        |    0 |     0 |          0 |         1 |  0.00 |
| SYSMONE4        |    0 |     0 |          0 |         1 |  0.00 |
+-----------------+------+-------+------------+-----------+-------+


8. CONFIGURATION
----------------

+-------------+------+-------+------------+-----------+--------+
|  Site Type  | Used | Fixed | Prohibited | Available |  Util% |
+-------------+------+-------+------------+-----------+--------+
| BSCANE2     |    1 |     0 |          0 |         4 |  25.00 |
| DNA_PORTE2  |    1 |     0 |          0 |         1 | 100.00 |
| EFUSE_USR   |    0 |     0 |          0 |         1 |   0.00 |
| FRAME_ECCE4 |    0 |     0 |          0 |         1 |   0.00 |
| ICAPE3      |    0 |     0 |          0 |         2 |   0.00 |
| MASTER_JTAG |    0 |     0 |          0 |         1 |   0.00 |
| STARTUPE3   |    0 |     0 |          0 |         1 |   0.00 |
+-------------+------+-------+------------+-----------+--------+


9. Primitives
-------------

+---------------+-------+---------------------+
|    Ref Name   |  Used | Functional Category |
+---------------+-------+---------------------+
| FDRE          | 20864 |            Register |
| LUT6          |  7422 |                 CLB |
| LUT2          |  6351 |                 CLB |
| FDCE          |  5619 |            Register |
| LUT3          |  4163 |                 CLB |
| LUT5          |  3954 |                 CLB |
| LUT4          |  3224 |                 CLB |
| FDPE          |  2228 |            Register |
| LDCE          |  2068 |            Register |
| SRL16E        |  1393 |                 CLB |
| RAMD32        |  1384 |                 CLB |
| LUT1          |   672 |                 CLB |
| SRLC32E       |   637 |                 CLB |
| CARRY8        |   296 |                 CLB |
| FDSE          |   273 |            Register |
| MUXF7         |   246 |                 CLB |
| RAMS32        |   196 |                 CLB |
| MUXF8         |    58 |                 CLB |
| RAMB18E2      |    57 |            BLOCKRAM |
| IBUFCTRL      |    49 |              Others |
| IDELAYE3      |    48 |                 I/O |
| OBUF          |    45 |                 I/O |
| ODELAYE3      |    44 |                 I/O |
| DIFFINBUF     |    44 |                 I/O |
| RAMB36E2      |    24 |            BLOCKRAM |
| INV           |    14 |                 CLB |
| BUFGCE        |     8 |               Clock |
| INBUF         |     5 |                 I/O |
| SRLC16E       |     4 |                 CLB |
| MMCME4_ADV    |     3 |               Clock |
| BUFG_GT       |     3 |               Clock |
| OBUFT         |     2 |                 I/O |
| IBUFDS_GTE4   |     1 |                 I/O |
| GTHE4_CHANNEL |     1 |            Advanced |
| DNA_PORTE2    |     1 |       Configuration |
| BUFG_GT_SYNC  |     1 |               Clock |
| BSCANE2       |     1 |       Configuration |
+---------------+-------+---------------------+


10. Black Boxes
---------------

+----------+------+
| Ref Name | Used |
+----------+------+


11. Instantiated Netlists
-------------------------

+------------------------+------+
|        Ref Name        | Used |
+------------------------+------+
| u_ila_2                |    1 |
| u_ila_0                |    1 |
| gig_ethernet_pcs_pma_0 |    1 |
| dbg_hub                |    1 |
+------------------------+------+


