Copyright 1986-2022 Xilinx, Inc. All Rights Reserved.
-------------------------------------------------------------------------------------------------------------------------------
| Tool Version : Vivado v.2022.2 (lin64) Build 3671981 Fri Oct 14 04:59:54 MDT 2022
| Date         : Mon Dec  9 11:57:52 2024
| Host         : e16fpga01 running 64-bit Ubuntu 22.04.4 LTS
| Command      : report_utilization -file top_block_wrapper_utilization_placed.rpt -pb top_block_wrapper_utilization_placed.pb
| Design       : top_block_wrapper
| Device       : xcau15p-sbvb484-1-i
| Speed File   : -1
| Design State : Fully Placed
-------------------------------------------------------------------------------------------------------------------------------

Utilization Design Information

Table of Contents
-----------------
1. CLB Logic
1.1 Summary of Registers by Type
2. CLB Logic Distribution
3. BLOCKRAM
4. ARITHMETIC
5. I/O
6. CLOCK
7. ADVANCED
8. CONFIGURATION
9. Primitives
10. Black Boxes
11. Instantiated Netlists

1. CLB Logic
------------

+----------------------------+-------+-------+------------+-----------+-------+
|          Site Type         |  Used | Fixed | Prohibited | Available | Util% |
+----------------------------+-------+-------+------------+-----------+-------+
| CLB LUTs                   |  6407 |     0 |          0 |     77760 |  8.24 |
|   LUT as Logic             |  6301 |     0 |          0 |     77760 |  8.10 |
|   LUT as Memory            |   106 |     0 |          0 |     40320 |  0.26 |
|     LUT as Distributed RAM |    54 |     0 |            |           |       |
|     LUT as Shift Register  |    52 |     0 |            |           |       |
| CLB Registers              | 11298 |     0 |          0 |    155520 |  7.26 |
|   Register as Flip Flop    | 11293 |     0 |          0 |    155520 |  7.26 |
|   Register as Latch        |     5 |     0 |          0 |    155520 | <0.01 |
| CARRY8                     |   173 |     0 |          0 |      9720 |  1.78 |
| F7 Muxes                   |    86 |     0 |          0 |     38880 |  0.22 |
| F8 Muxes                   |    29 |     0 |          0 |     19440 |  0.15 |
| F9 Muxes                   |     0 |     0 |          0 |      9720 |  0.00 |
+----------------------------+-------+-------+------------+-----------+-------+
* Warning! LUT value is adjusted to account for LUT combining.


1.1 Summary of Registers by Type
--------------------------------

+-------+--------------+-------------+--------------+
| Total | Clock Enable | Synchronous | Asynchronous |
+-------+--------------+-------------+--------------+
| 15    |            _ |           - |            - |
| 0     |            _ |           - |          Set |
| 0     |            _ |           - |        Reset |
| 0     |            _ |         Set |            - |
| 0     |            _ |       Reset |            - |
| 0     |          Yes |           - |            - |
| 131   |          Yes |           - |          Set |
| 679   |          Yes |           - |        Reset |
| 258   |          Yes |         Set |            - |
| 10215 |          Yes |       Reset |            - |
+-------+--------------+-------------+--------------+


2. CLB Logic Distribution
-------------------------

+--------------------------------------------+-------+-------+------------+-----------+-------+
|                  Site Type                 |  Used | Fixed | Prohibited | Available | Util% |
+--------------------------------------------+-------+-------+------------+-----------+-------+
| CLB                                        |  1863 |     0 |          0 |      9720 | 19.17 |
|   CLBL                                     |   924 |     0 |            |           |       |
|   CLBM                                     |   939 |     0 |            |           |       |
| LUT as Logic                               |  6301 |     0 |          0 |     77760 |  8.10 |
|   using O5 output only                     |   201 |       |            |           |       |
|   using O6 output only                     |  4629 |       |            |           |       |
|   using O5 and O6                          |  1471 |       |            |           |       |
| LUT as Memory                              |   106 |     0 |          0 |     40320 |  0.26 |
|   LUT as Distributed RAM                   |    54 |     0 |            |           |       |
|     using O5 output only                   |     0 |       |            |           |       |
|     using O6 output only                   |     0 |       |            |           |       |
|     using O5 and O6                        |    54 |       |            |           |       |
|   LUT as Shift Register                    |    52 |     0 |            |           |       |
|     using O5 output only                   |     0 |       |            |           |       |
|     using O6 output only                   |    50 |       |            |           |       |
|     using O5 and O6                        |     2 |       |            |           |       |
| CLB Registers                              | 11298 |     0 |          0 |    155520 |  7.26 |
|   Register driven from within the CLB      |  4310 |       |            |           |       |
|   Register driven from outside the CLB     |  6988 |       |            |           |       |
|     LUT in front of the register is unused |  5730 |       |            |           |       |
|     LUT in front of the register is used   |  1258 |       |            |           |       |
| Unique Control Sets                        |   484 |       |          0 |     19440 |  2.49 |
+--------------------------------------------+-------+-------+------------+-----------+-------+
* * Note: Available Control Sets calculated as Slices * 2, Review the Control Sets Report for more information regarding control sets.


3. BLOCKRAM
-----------

+-------------------+------+-------+------------+-----------+-------+
|     Site Type     | Used | Fixed | Prohibited | Available | Util% |
+-------------------+------+-------+------------+-----------+-------+
| Block RAM Tile    |   47 |     0 |          0 |       144 | 32.64 |
|   RAMB36/FIFO*    |   39 |     0 |          0 |       144 | 27.08 |
|     RAMB36E2 only |   39 |       |            |           |       |
|   RAMB18          |   16 |     0 |          0 |       288 |  5.56 |
|     RAMB18E2 only |   16 |       |            |           |       |
+-------------------+------+-------+------------+-----------+-------+
* Note: Each Block RAM Tile only has one FIFO logic available and therefore can accommodate only one FIFO36E2 or one FIFO18E2. However, if a FIFO18E2 occupies a Block RAM Tile, that tile can still accommodate a RAMB18E2


4. ARITHMETIC
-------------

+-----------+------+-------+------------+-----------+-------+
| Site Type | Used | Fixed | Prohibited | Available | Util% |
+-----------+------+-------+------------+-----------+-------+
| DSPs      |    0 |     0 |          0 |       576 |  0.00 |
+-----------+------+-------+------------+-----------+-------+


5. I/O
------

+------------------+------+-------+------------+-----------+-------+
|     Site Type    | Used | Fixed | Prohibited | Available | Util% |
+------------------+------+-------+------------+-----------+-------+
| Bonded IOB       |  143 |   143 |          0 |       204 | 70.10 |
| HPIOB_M          |   62 |    62 |          0 |        72 | 86.11 |
|   INPUT          |   40 |       |            |           |       |
|   OUTPUT         |   14 |       |            |           |       |
|   BIDIR          |    8 |       |            |           |       |
| HPIOB_S          |   61 |    61 |          0 |        72 | 84.72 |
|   INPUT          |   39 |       |            |           |       |
|   OUTPUT         |   14 |       |            |           |       |
|   BIDIR          |    8 |       |            |           |       |
| HDIOB_M          |    8 |     8 |          0 |        24 | 33.33 |
|   INPUT          |    0 |       |            |           |       |
|   OUTPUT         |    8 |       |            |           |       |
|   BIDIR          |    0 |       |            |           |       |
| HDIOB_S          |   12 |    12 |          0 |        24 | 50.00 |
|   INPUT          |    1 |       |            |           |       |
|   OUTPUT         |    9 |       |            |           |       |
|   BIDIR          |    2 |       |            |           |       |
| HPIOB_SNGL       |    0 |     0 |          0 |        12 |  0.00 |
| HPIOBDIFFINBUF   |   47 |    47 |          0 |        72 | 65.28 |
|   DIFFINBUF      |   47 |    47 |            |           |       |
| HPIOBDIFFOUTBUF  |    8 |     8 |          0 |        72 | 11.11 |
|   OBUFTDS        |    8 |     8 |            |           |       |
| HDIOBDIFFINBUF   |    0 |     0 |          0 |        36 |  0.00 |
| BITSLICE_CONTROL |    0 |     0 |          0 |        24 |  0.00 |
| BITSLICE_RX_TX   |    0 |     0 |          0 |       936 |  0.00 |
| BITSLICE_TX      |    0 |     0 |          0 |        24 |  0.00 |
| RIU_OR           |    0 |     0 |          0 |        12 |  0.00 |
+------------------+------+-------+------------+-----------+-------+


6. CLOCK
--------

+----------------------+------+-------+------------+-----------+--------+
|       Site Type      | Used | Fixed | Prohibited | Available |  Util% |
+----------------------+------+-------+------------+-----------+--------+
| GLOBAL CLOCK BUFFERs |   11 |     0 |          0 |       192 |   5.73 |
|   BUFGCE             |    8 |     0 |          0 |        84 |   9.52 |
|   BUFGCE_DIV         |    0 |     0 |          0 |        12 |   0.00 |
|   BUFG_GT            |    3 |     0 |          0 |        72 |   4.17 |
|   BUFGCTRL*          |    0 |     0 |          0 |        24 |   0.00 |
| PLL                  |    0 |     0 |          0 |         6 |   0.00 |
| MMCM                 |    3 |     0 |          0 |         3 | 100.00 |
+----------------------+------+-------+------------+-----------+--------+
* Note: Each used BUFGCTRL counts as two GLOBAL CLOCK BUFFERs. This table does not include global clocking resources, only buffer cell usage. See the Clock Utilization Report (report_clock_utilization) for detailed accounting of global clocking resource availability.


7. ADVANCED
-----------

+-----------------+------+-------+------------+-----------+-------+
|    Site Type    | Used | Fixed | Prohibited | Available | Util% |
+-----------------+------+-------+------------+-----------+-------+
| GTHE4_CHANNEL   |    1 |     1 |          0 |        12 |  8.33 |
| GTHE4_COMMON    |    0 |     0 |          0 |         3 |  0.00 |
| OBUFDS_GTE4     |    0 |     0 |          0 |         6 |  0.00 |
| OBUFDS_GTE4_ADV |    0 |     0 |          0 |         6 |  0.00 |
| PCIE4CE4        |    0 |     0 |          0 |         1 |  0.00 |
| SYSMONE4        |    0 |     0 |          0 |         1 |  0.00 |
+-----------------+------+-------+------------+-----------+-------+


8. CONFIGURATION
----------------

+-------------+------+-------+------------+-----------+--------+
|  Site Type  | Used | Fixed | Prohibited | Available |  Util% |
+-------------+------+-------+------------+-----------+--------+
| BSCANE2     |    1 |     0 |          0 |         4 |  25.00 |
| DNA_PORTE2  |    1 |     0 |          0 |         1 | 100.00 |
| EFUSE_USR   |    0 |     0 |          0 |         1 |   0.00 |
| FRAME_ECCE4 |    0 |     0 |          0 |         1 |   0.00 |
| ICAPE3      |    0 |     0 |          0 |         2 |   0.00 |
| MASTER_JTAG |    0 |     0 |          0 |         1 |   0.00 |
| STARTUPE3   |    0 |     0 |          0 |         1 |   0.00 |
+-------------+------+-------+------------+-----------+--------+


9. Primitives
-------------

+---------------+-------+---------------------+
|    Ref Name   |  Used | Functional Category |
+---------------+-------+---------------------+
| FDRE          | 10215 |            Register |
| LUT6          |  2847 |                 CLB |
| LUT4          |  1342 |                 CLB |
| LUT5          |  1223 |                 CLB |
| LUT2          |  1156 |                 CLB |
| LUT3          |   964 |                 CLB |
| FDCE          |   684 |            Register |
| FDSE          |   258 |            Register |
| LUT1          |   240 |                 CLB |
| CARRY8        |   173 |                 CLB |
| FDPE          |   136 |            Register |
| RAMD32        |    96 |                 CLB |
| MUXF7         |    86 |                 CLB |
| SRL16E        |    54 |                 CLB |
| IBUFCTRL      |    51 |              Others |
| DIFFINBUF     |    47 |                 I/O |
| OBUF          |    45 |                 I/O |
| RAMB36E2      |    39 |            BLOCKRAM |
| MUXF8         |    29 |                 CLB |
| RAMB18E2      |    16 |            BLOCKRAM |
| INV           |    14 |                 CLB |
| RAMS32        |    12 |                 CLB |
| OBUFTDS       |     8 |                 I/O |
| BUFGCE        |     8 |               Clock |
| LDCE          |     5 |            Register |
| INBUF         |     4 |                 I/O |
| MMCME4_ADV    |     3 |               Clock |
| BUFG_GT       |     3 |               Clock |
| OBUFT         |     2 |                 I/O |
| IBUFDS_GTE4   |     1 |                 I/O |
| GTHE4_CHANNEL |     1 |            Advanced |
| DNA_PORTE2    |     1 |       Configuration |
| BUFG_GT_SYNC  |     1 |               Clock |
| BSCANE2       |     1 |       Configuration |
+---------------+-------+---------------------+


10. Black Boxes
---------------

+----------+------+
| Ref Name | Used |
+----------+------+


11. Instantiated Netlists
-------------------------

+------------------------------------+------+
|              Ref Name              | Used |
+------------------------------------+------+
| top_block_xpm_cdc_gen_0_1          |    1 |
| top_block_xpm_cdc_gen_0_0          |    1 |
| top_block_xbar_1                   |    1 |
| top_block_vio_0_0                  |    1 |
| top_block_util_vector_logic_3_9    |    1 |
| top_block_util_vector_logic_3_8    |    1 |
| top_block_util_vector_logic_3_7    |    1 |
| top_block_util_vector_logic_3_4    |    1 |
| top_block_util_vector_logic_3_3    |    1 |
| top_block_util_vector_logic_3_0    |    1 |
| top_block_util_vector_logic_2_5    |    1 |
| top_block_util_vector_logic_2_2    |    1 |
| top_block_util_vector_logic_2_1    |    1 |
| top_block_util_vector_logic_2_0    |    1 |
| top_block_util_vector_logic_1_9    |    1 |
| top_block_util_vector_logic_1_6    |    1 |
| top_block_util_vector_logic_1_5    |    1 |
| top_block_util_vector_logic_1_4    |    1 |
| top_block_util_vector_logic_1_3    |    1 |
| top_block_util_vector_logic_1_1    |    1 |
| top_block_util_vector_logic_0_9    |    1 |
| top_block_util_vector_logic_0_8    |    1 |
| top_block_util_vector_logic_0_7    |    1 |
| top_block_util_vector_logic_0_3    |    1 |
| top_block_util_vector_logic_0_17   |    1 |
| top_block_util_vector_logic_0_15   |    1 |
| top_block_util_vector_logic_0_14   |    1 |
| top_block_util_vector_logic_0_13   |    1 |
| top_block_util_vector_logic_0_12   |    1 |
| top_block_util_vector_logic_0_10   |    1 |
| top_block_util_vector_logic_0_1    |    1 |
| top_block_util_vector_logic_0_0    |    1 |
| top_block_util_ds_buf_7_0          |    1 |
| top_block_util_ds_buf_6_1          |    1 |
| top_block_util_ds_buf_6_0          |    1 |
| top_block_util_ds_buf_5_0          |    1 |
| top_block_util_ds_buf_4_1          |    1 |
| top_block_util_ds_buf_3_2          |    1 |
| top_block_util_ds_buf_2_0          |    1 |
| top_block_util_ds_buf_1_1          |    1 |
| top_block_util_ds_buf_0_2          |    1 |
| top_block_util_ds_buf_0_1          |    1 |
| top_block_u_led_inst_0_0           |    1 |
| top_block_trigger_manager_0_0      |    1 |
| top_block_rst_clk_wiz_0_125M_0     |    1 |
| top_block_reg_switch_0_0           |    1 |
| top_block_native_to_axi_lite_v_0_0 |    1 |
| top_block_mii_initializer_0_0      |    1 |
| top_block_iobuf_vhdl_1_0           |    1 |
| top_block_iobuf_vhdl_0_0           |    1 |
| top_block_gig_ethernet_pcs_pma_0_0 |    1 |
| top_block_fifo_generator_0_4       |    1 |
| top_block_fifo_generator_0_3       |    1 |
| top_block_fifo_generator_0_2       |    1 |
| top_block_fifo_generator_0_1       |    1 |
| top_block_fakernet_top_0_0         |    1 |
| top_block_event_builder_v0_0_0     |    1 |
| top_block_data_processor_0_0       |    1 |
| top_block_das_rx_0_0               |    1 |
| top_block_clk_wiz_2_0              |    1 |
| top_block_clk_wiz_1_0              |    1 |
| top_block_clk_wiz_0_0              |    1 |
| top_block_blk_mem_gen_0_0          |    1 |
| top_block_axi_iic_0_0              |    1 |
| top_block_axi_bram_ctrl_1_0        |    1 |
| top_block_axi_bram_ctrl_0_0        |    1 |
| top_block_TRG_MODULE_0_0           |    1 |
| top_block_SAMPA_PON_v1_0_0_0       |    1 |
| top_block_RESET_INST_0_0           |    1 |
| top_block_LED_REG_READ_SEPARAT_1_0 |    1 |
| top_block_LED_REG_READ_SEPARAT_0_0 |    1 |
| top_block_I2C_Controller_v1_0_0_1  |    1 |
| top_block_GPIO_Controller_0_0      |    1 |
| gig_ethernet_pcs_pma_0             |    1 |
| dbg_hub                            |    1 |
+------------------------------------+------+


