
*** Running vivado
    with args -log top_block_fifo_generator_0_2.vds -m64 -product Vivado -mode batch -messageDb vivado.pb -notrace -source top_block_fifo_generator_0_2.tcl


****** Vivado v2022.2 (64-bit)
  **** SW Build 3671981 on Fri Oct 14 04:59:54 MDT 2022
  **** IP Build 3669848 on Fri Oct 14 08:30:02 MDT 2022
    ** Copyright 1986-2022 Xilinx, Inc. All Rights Reserved.

source top_block_fifo_generator_0_2.tcl -notrace
INFO: [IP_Flow 19-234] Refreshing IP repositories
INFO: [IP_Flow 19-1700] Loaded user IP repository '/home/nagafusa/work/spadi/Fakernet/ip_repo/I2C_Controller_1_0'.
INFO: [IP_Flow 19-1700] Loaded user IP repository '/home/nagafusa/work/spadi/Fakernet/ip_repo/start_i2c_write_1_0'.
WARNING: [IP_Flow 19-2248] Failed to load user IP repository '/home/nagafusa/work/spadi/Fakernet/ip_repo/I2C_controller_1_0'; Can't find the specified path.
If this directory should no longer be in your list of user repositories, go to the IP Settings dialog and remove it.
WARNING: [IP_Flow 19-2207] Repository '/home/nagafusa/work/spadi/Fakernet/ip_repo/I2C_controller_1_0' already exists; ignoring attempt to add it again.
WARNING: [IP_Flow 19-2248] Failed to load user IP repository '/home/nagafusa/work/spadi/Fakernet/ip_repo/I2C_controller_1_0'; Can't find the specified path.
If this directory should no longer be in your list of user repositories, go to the IP Settings dialog and remove it.
INFO: [IP_Flow 19-2313] Loaded Vivado IP repository '/opt/Xilinx/Vivado/2022.2/data/ip'.
INFO: [IP_Flow 19-6924] IPCACHE: Running cache check for IP inst: top_block_fifo_generator_0_2
INFO: [IP_Flow 19-6922] IPCACHE: Exporting cached entry f4098373b51f8de6 to dir: /home/nagafusa/work/spadi/Fakernet/SAMIDARE/samidare.runs/top_block_fifo_generator_0_2_synth_1
INFO: [IP_Flow 19-6928] IPCACHE: copied cached file /home/nagafusa/work/spadi/Fakernet/SAMIDARE/samidare.cache/ip/2022.2/f/4/f4098373b51f8de6/top_block_fifo_generator_0_4.dcp to /home/nagafusa/work/spadi/Fakernet/SAMIDARE/samidare.runs/top_block_fifo_generator_0_2_synth_1/top_block_fifo_generator_0_2.dcp.
INFO: [IP_Flow 19-6928] IPCACHE: copied cached file /home/nagafusa/work/spadi/Fakernet/SAMIDARE/samidare.cache/ip/2022.2/f/4/f4098373b51f8de6/top_block_fifo_generator_0_4_sim_netlist.vhdl to /home/nagafusa/work/spadi/Fakernet/SAMIDARE/samidare.runs/top_block_fifo_generator_0_2_synth_1/top_block_fifo_generator_0_2_sim_netlist.vhdl.
INFO: [IP_Flow 19-6928] IPCACHE: copied cached file /home/nagafusa/work/spadi/Fakernet/SAMIDARE/samidare.cache/ip/2022.2/f/4/f4098373b51f8de6/top_block_fifo_generator_0_4_stub.v to /home/nagafusa/work/spadi/Fakernet/SAMIDARE/samidare.runs/top_block_fifo_generator_0_2_synth_1/top_block_fifo_generator_0_2_stub.v.
INFO: [IP_Flow 19-6928] IPCACHE: copied cached file /home/nagafusa/work/spadi/Fakernet/SAMIDARE/samidare.cache/ip/2022.2/f/4/f4098373b51f8de6/top_block_fifo_generator_0_4_sim_netlist.v to /home/nagafusa/work/spadi/Fakernet/SAMIDARE/samidare.runs/top_block_fifo_generator_0_2_synth_1/top_block_fifo_generator_0_2_sim_netlist.v.
INFO: [IP_Flow 19-6928] IPCACHE: copied cached file /home/nagafusa/work/spadi/Fakernet/SAMIDARE/samidare.cache/ip/2022.2/f/4/f4098373b51f8de6/top_block_fifo_generator_0_4_stub.vhdl to /home/nagafusa/work/spadi/Fakernet/SAMIDARE/samidare.runs/top_block_fifo_generator_0_2_synth_1/top_block_fifo_generator_0_2_stub.vhdl.
INFO: [IP_Flow 19-4838] Using cached IP synthesis design for IP top_block_fifo_generator_0_2, cache-ID = f4098373b51f8de6.
INFO: [Common 17-206] Exiting Vivado at Sun Aug 18 21:27:09 2024...
